[INFO] [launch]: All log files can be found below /home/raghav/.ros/log/2026-09-15-03-27-37-546456-Raze-310762
[INFO] [launch]: Default logging verbosity is set to INFO
[INFO] [launch.user]: [FLEET] Spawning 10 robots into world "warehouse_m9_v2" (headless=True)
[INFO] [launch.user]: [M8B Fleet Bringup] Starting 10 CBBA nodes (bundle cap: 8, profile: NORMAL, compute_mode: ADAPTIVE)
[INFO] [launch.user]: [M8B Fleet Bringup] Starting 10 M8B RH nodes (compute_mode: ADAPTIVE, adaptive: True, h=10, w=4, replan_rate=2.0Hz)
[INFO] [gazebo-1]: process started with pid [310792]
[INFO] [parameter_bridge-2]: process started with pid [310793]
[INFO] [warehouse_visualizer-3]: process started with pid [310795]
[INFO] [task_manager-4]: process started with pid [310796]
[INFO] [cbba_node-5]: process started with pid [310797]
[INFO] [cbba_node-6]: process started with pid [310798]
[INFO] [cbba_node-7]: process started with pid [310799]
[INFO] [cbba_node-8]: process started with pid [310800]
[INFO] [cbba_node-9]: process started with pid [310801]
[INFO] [cbba_node-10]: process started with pid [310802]
[INFO] [cbba_node-11]: process started with pid [310803]
[INFO] [cbba_node-12]: process started with pid [310804]
[INFO] [cbba_node-13]: process started with pid [310805]
[INFO] [cbba_node-14]: process started with pid [310806]
[INFO] [rh_node-15]: process started with pid [310807]
[INFO] [rh_node-16]: process started with pid [310808]
[INFO] [rh_node-17]: process started with pid [310809]
[INFO] [rh_node-18]: process started with pid [310810]
[INFO] [rh_node-19]: process started with pid [310811]
[INFO] [rh_node-20]: process started with pid [310812]
[INFO] [rh_node-21]: process started with pid [310813]
[INFO] [rh_node-22]: process started with pid [310814]
[INFO] [rh_node-23]: process started with pid [310815]
[INFO] [rh_node-24]: process started with pid [310818]
[parameter_bridge-2] [INFO] [1789423057.881541042] [clock_bridge]: Creating GZ->ROS Bridge: [/clock (gz.msgs.Clock) -> /clock (rosgraph_msgs/msg/Clock)] (Lazy 0)
[cbba_node-9] [INFO] [1789423058.508565258] [amr_4.cbba_node]: CBBA Node initialized for amr_4 (bundle cap: 8)
[warehouse_visualizer-3] [INFO] [1789423058.614373272] [warehouse_visualizer]: WarehouseVisualizerNode started with config: /home/raghav/SIH26123AMR/config/maps/warehouse_m9_v2.yaml. Publishing to /warehouse_markers.
[rh_node-15] [INFO] [1789423058.634425730] [amr_0.rh_node]: [amr_0] Loaded custom grid from /home/raghav/SIH26123AMR/config/maps/warehouse_m9_v2.yaml (64x64)
[rh_node-16] [INFO] [1789423058.664125988] [amr_1.rh_node]: [amr_1] Loaded custom grid from /home/raghav/SIH26123AMR/config/maps/warehouse_m9_v2.yaml (64x64)
[rh_node-24] [INFO] [1789423058.700679675] [amr_9.rh_node]: [amr_9] Loaded custom grid from /home/raghav/SIH26123AMR/config/maps/warehouse_m9_v2.yaml (64x64)
[rh_node-15] [INFO] [1789423058.716279587] [amr_0.rh_node]: Rolling-Horizon Planner initialized for amr_0 (h=10, w=4, heuristic=PRIORITY_FIRST)
[cbba_node-10] [INFO] [1789423058.719313572] [amr_5.cbba_node]: CBBA Node initialized for amr_5 (bundle cap: 8)
[cbba_node-7] [INFO] [1789423058.750385571] [amr_2.cbba_node]: CBBA Node initialized for amr_2 (bundle cap: 8)
[rh_node-18] [INFO] [1789423058.763957197] [amr_3.rh_node]: [amr_3] Loaded custom grid from /home/raghav/SIH26123AMR/config/maps/warehouse_m9_v2.yaml (64x64)
[rh_node-18] [INFO] [1789423058.853482780] [amr_3.rh_node]: Rolling-Horizon Planner initialized for amr_3 (h=10, w=4, heuristic=PRIORITY_FIRST)
[rh_node-16] [INFO] [1789423058.856258915] [amr_1.rh_node]: Rolling-Horizon Planner initialized for amr_1 (h=10, w=4, heuristic=PRIORITY_FIRST)
[rh_node-24] [INFO] [1789423058.868554719] [amr_9.rh_node]: Rolling-Horizon Planner initialized for amr_9 (h=10, w=4, heuristic=PRIORITY_FIRST)
[task_manager-4] [INFO] [1789423058.897100839] [amr_task_manager]: Loaded 30 tasks from workload: /home/raghav/SIH26123AMR/config/workloads/workload_30_tasks_m9_v3_d.yaml
[rh_node-23] [INFO] [1789423058.909907632] [amr_8.rh_node]: [amr_8] Loaded custom grid from /home/raghav/SIH26123AMR/config/maps/warehouse_m9_v2.yaml (64x64)
[rh_node-22] [INFO] [1789423058.932205172] [amr_7.rh_node]: [amr_7] Loaded custom grid from /home/raghav/SIH26123AMR/config/maps/warehouse_m9_v2.yaml (64x64)
[rh_node-17] [INFO] [1789423058.937855795] [amr_2.rh_node]: [amr_2] Loaded custom grid from /home/raghav/SIH26123AMR/config/maps/warehouse_m9_v2.yaml (64x64)
[cbba_node-14] [INFO] [1789423058.953261941] [amr_9.cbba_node]: CBBA Node initialized for amr_9 (bundle cap: 8)
[task_manager-4] [INFO] [1789423058.980854685] [amr_task_manager]: Task Manager Node initialized.
[cbba_node-5] [INFO] [1789423059.001785800] [amr_0.cbba_node]: CBBA Node initialized for amr_0 (bundle cap: 8)
[rh_node-21] [INFO] [1789423059.011701805] [amr_6.rh_node]: [amr_6] Loaded custom grid from /home/raghav/SIH26123AMR/config/maps/warehouse_m9_v2.yaml (64x64)
[rh_node-19] [INFO] [1789423059.021341835] [amr_4.rh_node]: [amr_4] Loaded custom grid from /home/raghav/SIH26123AMR/config/maps/warehouse_m9_v2.yaml (64x64)
[rh_node-20] [INFO] [1789423059.023327937] [amr_5.rh_node]: [amr_5] Loaded custom grid from /home/raghav/SIH26123AMR/config/maps/warehouse_m9_v2.yaml (64x64)
[rh_node-23] [INFO] [1789423059.023968601] [amr_8.rh_node]: Rolling-Horizon Planner initialized for amr_8 (h=10, w=4, heuristic=PRIORITY_FIRST)
[cbba_node-6] [INFO] [1789423059.024428376] [amr_1.cbba_node]: CBBA Node initialized for amr_1 (bundle cap: 8)
[rh_node-17] [INFO] [1789423059.043965628] [amr_2.rh_node]: Rolling-Horizon Planner initialized for amr_2 (h=10, w=4, heuristic=PRIORITY_FIRST)
[rh_node-22] [INFO] [1789423059.049730398] [amr_7.rh_node]: Rolling-Horizon Planner initialized for amr_7 (h=10, w=4, heuristic=PRIORITY_FIRST)
[cbba_node-8] [INFO] [1789423059.053536757] [amr_3.cbba_node]: CBBA Node initialized for amr_3 (bundle cap: 8)
[cbba_node-13] [INFO] [1789423059.061939046] [amr_8.cbba_node]: CBBA Node initialized for amr_8 (bundle cap: 8)
[cbba_node-11] [INFO] [1789423059.082608200] [amr_6.cbba_node]: CBBA Node initialized for amr_6 (bundle cap: 8)
[cbba_node-12] [INFO] [1789423059.083503742] [amr_7.cbba_node]: CBBA Node initialized for amr_7 (bundle cap: 8)
[rh_node-21] [INFO] [1789423059.093282200] [amr_6.rh_node]: Rolling-Horizon Planner initialized for amr_6 (h=10, w=4, heuristic=PRIORITY_FIRST)
[rh_node-19] [INFO] [1789423059.095856612] [amr_4.rh_node]: Rolling-Horizon Planner initialized for amr_4 (h=10, w=4, heuristic=PRIORITY_FIRST)
[rh_node-20] [INFO] [1789423059.099507694] [amr_5.rh_node]: Rolling-Horizon Planner initialized for amr_5 (h=10, w=4, heuristic=PRIORITY_FIRST)
[INFO] [robot_state_publisher-25]: process started with pid [311164]
[INFO] [create-26]: process started with pid [311165]
[INFO] [parameter_bridge-27]: process started with pid [311166]
[INFO] [static_transform_publisher-28]: process started with pid [311167]
[INFO] [robot_state_publisher-29]: process started with pid [311168]
[INFO] [create-30]: process started with pid [311169]
[INFO] [parameter_bridge-31]: process started with pid [311170]
[INFO] [static_transform_publisher-32]: process started with pid [311171]
[INFO] [robot_state_publisher-33]: process started with pid [311172]
[INFO] [create-34]: process started with pid [311173]
[INFO] [parameter_bridge-35]: process started with pid [311174]
[INFO] [static_transform_publisher-36]: process started with pid [311175]
[INFO] [robot_state_publisher-37]: process started with pid [311176]
[INFO] [create-38]: process started with pid [311177]
[INFO] [parameter_bridge-39]: process started with pid [311178]
[INFO] [static_transform_publisher-40]: process started with pid [311179]
[INFO] [robot_state_publisher-41]: process started with pid [311184]
[INFO] [create-42]: process started with pid [311185]
[INFO] [parameter_bridge-43]: process started with pid [311191]
[INFO] [static_transform_publisher-44]: process started with pid [311199]
[INFO] [robot_state_publisher-45]: process started with pid [311200]
[INFO] [create-46]: process started with pid [311226]
[INFO] [parameter_bridge-47]: process started with pid [311230]
[INFO] [static_transform_publisher-48]: process started with pid [311249]
[INFO] [robot_state_publisher-49]: process started with pid [311272]
[INFO] [create-50]: process started with pid [311275]
[INFO] [parameter_bridge-51]: process started with pid [311276]
[INFO] [static_transform_publisher-52]: process started with pid [311286]
[INFO] [robot_state_publisher-53]: process started with pid [311287]
[INFO] [create-54]: process started with pid [311288]
[INFO] [parameter_bridge-55]: process started with pid [311289]
[INFO] [static_transform_publisher-56]: process started with pid [311290]
[INFO] [robot_state_publisher-57]: process started with pid [311401]
[INFO] [create-58]: process started with pid [311404]
[INFO] [parameter_bridge-59]: process started with pid [311405]
[INFO] [static_transform_publisher-60]: process started with pid [311406]
[INFO] [robot_state_publisher-61]: process started with pid [311407]
[INFO] [create-62]: process started with pid [311463]
[INFO] [parameter_bridge-63]: process started with pid [311476]
[INFO] [static_transform_publisher-64]: process started with pid [311481]
[static_transform_publisher-28] [INFO] [1789423060.892927614] [amr_0_map_to_odom]: Spinning until stopped - publishing transform
[static_transform_publisher-28] translation: ('1.500000', '4.500000', '0.000000')
[static_transform_publisher-28] rotation: ('0.000000', '0.000000', '0.000000', '1.000000')
[static_transform_publisher-28] from 'map' to 'amr_0/odom'
[static_transform_publisher-36] [INFO] [1789423060.917730389] [amr_2_map_to_odom]: Spinning until stopped - publishing transform
[static_transform_publisher-36] translation: ('1.500000', '16.000000', '0.000000')
[static_transform_publisher-36] rotation: ('0.000000', '0.000000', '0.000000', '1.000000')
[static_transform_publisher-36] from 'map' to 'amr_2/odom'
[robot_state_publisher-29] [INFO] [1789423061.235748357] [amr_1.robot_state_publisher]: Robot initialized
[static_transform_publisher-56] [INFO] [1789423061.457205417] [amr_7_map_to_odom]: Spinning until stopped - publishing transform
[static_transform_publisher-56] translation: ('30.500000', '16.000000', '0.000000')
[static_transform_publisher-56] rotation: ('0.000000', '0.000000', '1.000000', '0.000001')
[static_transform_publisher-56] from 'map' to 'amr_7/odom'
[create-58] [INFO] [1789423061.498899418] [amr_8_spawner]: Waiting messages on topic [amr_8/robot_description].
[create-38] [INFO] [1789423061.538729393] [amr_3_spawner]: Waiting messages on topic [amr_3/robot_description].
[robot_state_publisher-33] [INFO] [1789423061.540163181] [amr_2.robot_state_publisher]: Robot initialized
[create-46] [INFO] [1789423061.565793555] [amr_5_spawner]: Waiting messages on topic [amr_5/robot_description].
[robot_state_publisher-53] [INFO] [1789423061.570540502] [amr_7.robot_state_publisher]: Robot initialized
[create-34] [INFO] [1789423061.578048111] [amr_2_spawner]: Waiting messages on topic [amr_2/robot_description].
[robot_state_publisher-37] [INFO] [1789423061.605235712] [amr_3.robot_state_publisher]: Robot initialized
[parameter_bridge-43] [INFO] [1789423061.623183619] [amr_4_bridge]: Creating ROS->GZ Bridge: [/amr_4/cmd_vel (geometry_msgs/msg/Twist) -> /amr_4/cmd_vel (gz.msgs.Twist)] (Lazy 0)
[parameter_bridge-43] [INFO] [1789423061.626444421] [amr_4_bridge]: Creating GZ->ROS Bridge: [/amr_4/odom (gz.msgs.Odometry) -> /amr_4/odom (nav_msgs/msg/Odometry)] (Lazy 0)
[parameter_bridge-43] [INFO] [1789423061.629894100] [amr_4_bridge]: Creating GZ->ROS Bridge: [/amr_4/scan (gz.msgs.LaserScan) -> /amr_4/scan (sensor_msgs/msg/LaserScan)] (Lazy 0)
[parameter_bridge-43] [INFO] [1789423061.633022481] [amr_4_bridge]: Creating GZ->ROS Bridge: [/amr_4/tf (gz.msgs.Pose_V) -> /amr_4/tf (tf2_msgs/msg/TFMessage)] (Lazy 0)
[static_transform_publisher-32] [INFO] [1789423061.636662907] [amr_1_map_to_odom]: Spinning until stopped - publishing transform
[static_transform_publisher-32] translation: ('1.500000', '10.000000', '0.000000')
[static_transform_publisher-32] rotation: ('0.000000', '0.000000', '0.000000', '1.000000')
[static_transform_publisher-32] from 'map' to 'amr_1/odom'
[create-42] [INFO] [1789423061.669120385] [amr_4_spawner]: Waiting messages on topic [amr_4/robot_description].
[static_transform_publisher-60] [INFO] [1789423061.677939138] [amr_8_map_to_odom]: Spinning until stopped - publishing transform
[static_transform_publisher-60] translation: ('30.500000', '22.000000', '0.000000')
[static_transform_publisher-60] rotation: ('0.000000', '0.000000', '1.000000', '0.000001')
[static_transform_publisher-60] from 'map' to 'amr_8/odom'
[robot_state_publisher-49] [INFO] [1789423061.681663268] [amr_6.robot_state_publisher]: Robot initialized
[parameter_bridge-43] [INFO] [1789423061.683975084] [amr_4_bridge]: Creating GZ->ROS Bridge: [/amr_4/joint_states (gz.msgs.Model) -> /amr_4/joint_states (sensor_msgs/msg/JointState)] (Lazy 0)
[parameter_bridge-27] [INFO] [1789423061.734613907] [amr_0_bridge]: Creating ROS->GZ Bridge: [/amr_0/cmd_vel (geometry_msgs/msg/Twist) -> /amr_0/cmd_vel (gz.msgs.Twist)] (Lazy 0)
[parameter_bridge-63] [INFO] [1789423061.747348780] [amr_9_bridge]: Creating ROS->GZ Bridge: [/amr_9/cmd_vel (geometry_msgs/msg/Twist) -> /amr_9/cmd_vel (gz.msgs.Twist)] (Lazy 0)
[parameter_bridge-27] [INFO] [1789423061.754110409] [amr_0_bridge]: Creating GZ->ROS Bridge: [/amr_0/odom (gz.msgs.Odometry) -> /amr_0/odom (nav_msgs/msg/Odometry)] (Lazy 0)
[parameter_bridge-35] [INFO] [1789423061.761885688] [amr_2_bridge]: Creating ROS->GZ Bridge: [/amr_2/cmd_vel (geometry_msgs/msg/Twist) -> /amr_2/cmd_vel (gz.msgs.Twist)] (Lazy 0)
[parameter_bridge-39] [INFO] [1789423061.774008731] [amr_3_bridge]: Creating ROS->GZ Bridge: [/amr_3/cmd_vel (geometry_msgs/msg/Twist) -> /amr_3/cmd_vel (gz.msgs.Twist)] (Lazy 0)
[parameter_bridge-27] [INFO] [1789423061.774514791] [amr_0_bridge]: Creating GZ->ROS Bridge: [/amr_0/scan (gz.msgs.LaserScan) -> /amr_0/scan (sensor_msgs/msg/LaserScan)] (Lazy 0)
[parameter_bridge-35] [INFO] [1789423061.776663540] [amr_2_bridge]: Creating GZ->ROS Bridge: [/amr_2/odom (gz.msgs.Odometry) -> /amr_2/odom (nav_msgs/msg/Odometry)] (Lazy 0)
[parameter_bridge-35] [INFO] [1789423061.779625765] [amr_2_bridge]: Creating GZ->ROS Bridge: [/amr_2/scan (gz.msgs.LaserScan) -> /amr_2/scan (sensor_msgs/msg/LaserScan)] (Lazy 0)
[parameter_bridge-35] [INFO] [1789423061.784446248] [amr_2_bridge]: Creating GZ->ROS Bridge: [/amr_2/tf (gz.msgs.Pose_V) -> /amr_2/tf (tf2_msgs/msg/TFMessage)] (Lazy 0)
[parameter_bridge-35] [INFO] [1789423061.786498961] [amr_2_bridge]: Creating GZ->ROS Bridge: [/amr_2/joint_states (gz.msgs.Model) -> /amr_2/joint_states (sensor_msgs/msg/JointState)] (Lazy 0)
[parameter_bridge-27] [INFO] [1789423061.790275980] [amr_0_bridge]: Creating GZ->ROS Bridge: [/amr_0/tf (gz.msgs.Pose_V) -> /amr_0/tf (tf2_msgs/msg/TFMessage)] (Lazy 0)
[robot_state_publisher-45] [INFO] [1789423061.796943812] [amr_5.robot_state_publisher]: Robot initialized
[parameter_bridge-27] [INFO] [1789423061.800256186] [amr_0_bridge]: Creating GZ->ROS Bridge: [/amr_0/joint_states (gz.msgs.Model) -> /amr_0/joint_states (sensor_msgs/msg/JointState)] (Lazy 0)
[parameter_bridge-63] [INFO] [1789423061.800569943] [amr_9_bridge]: Creating GZ->ROS Bridge: [/amr_9/odom (gz.msgs.Odometry) -> /amr_9/odom (nav_msgs/msg/Odometry)] (Lazy 0)
[create-26] [INFO] [1789423061.824409164] [amr_0_spawner]: Waiting messages on topic [amr_0/robot_description].
[parameter_bridge-55] [INFO] [1789423061.825572729] [amr_7_bridge]: Creating ROS->GZ Bridge: [/amr_7/cmd_vel (geometry_msgs/msg/Twist) -> /amr_7/cmd_vel (gz.msgs.Twist)] (Lazy 0)
[static_transform_publisher-48] [INFO] [1789423061.826713164] [amr_5_map_to_odom]: Spinning until stopped - publishing transform
[static_transform_publisher-48] translation: ('30.500000', '4.500000', '0.000000')
[static_transform_publisher-48] rotation: ('0.000000', '0.000000', '1.000000', '0.000001')
[static_transform_publisher-48] from 'map' to 'amr_5/odom'
[parameter_bridge-55] [INFO] [1789423061.828250325] [amr_7_bridge]: Creating GZ->ROS Bridge: [/amr_7/odom (gz.msgs.Odometry) -> /amr_7/odom (nav_msgs/msg/Odometry)] (Lazy 0)
[robot_state_publisher-57] [INFO] [1789423061.828753544] [amr_8.robot_state_publisher]: Robot initialized
[create-30] [INFO] [1789423061.829591283] [amr_1_spawner]: Waiting messages on topic [amr_1/robot_description].
[parameter_bridge-63] [INFO] [1789423061.830757828] [amr_9_bridge]: Creating GZ->ROS Bridge: [/amr_9/scan (gz.msgs.LaserScan) -> /amr_9/scan (sensor_msgs/msg/LaserScan)] (Lazy 0)
[parameter_bridge-63] [INFO] [1789423061.836221796] [amr_9_bridge]: Creating GZ->ROS Bridge: [/amr_9/tf (gz.msgs.Pose_V) -> /amr_9/tf (tf2_msgs/msg/TFMessage)] (Lazy 0)
[parameter_bridge-63] [INFO] [1789423061.840174184] [amr_9_bridge]: Creating GZ->ROS Bridge: [/amr_9/joint_states (gz.msgs.Model) -> /amr_9/joint_states (sensor_msgs/msg/JointState)] (Lazy 0)
[parameter_bridge-55] [INFO] [1789423061.845023855] [amr_7_bridge]: Creating GZ->ROS Bridge: [/amr_7/scan (gz.msgs.LaserScan) -> /amr_7/scan (sensor_msgs/msg/LaserScan)] (Lazy 0)
[parameter_bridge-55] [INFO] [1789423061.847444963] [amr_7_bridge]: Creating GZ->ROS Bridge: [/amr_7/tf (gz.msgs.Pose_V) -> /amr_7/tf (tf2_msgs/msg/TFMessage)] (Lazy 0)
[create-50] [INFO] [1789423061.852368500] [amr_6_spawner]: Waiting messages on topic [amr_6/robot_description].
[parameter_bridge-55] [INFO] [1789423061.854236499] [amr_7_bridge]: Creating GZ->ROS Bridge: [/amr_7/joint_states (gz.msgs.Model) -> /amr_7/joint_states (sensor_msgs/msg/JointState)] (Lazy 0)
[parameter_bridge-39] [INFO] [1789423061.855072087] [amr_3_bridge]: Creating GZ->ROS Bridge: [/amr_3/odom (gz.msgs.Odometry) -> /amr_3/odom (nav_msgs/msg/Odometry)] (Lazy 0)
[parameter_bridge-39] [INFO] [1789423061.865922379] [amr_3_bridge]: Creating GZ->ROS Bridge: [/amr_3/scan (gz.msgs.LaserScan) -> /amr_3/scan (sensor_msgs/msg/LaserScan)] (Lazy 0)
[parameter_bridge-39] [INFO] [1789423061.875447542] [amr_3_bridge]: Creating GZ->ROS Bridge: [/amr_3/tf (gz.msgs.Pose_V) -> /amr_3/tf (tf2_msgs/msg/TFMessage)] (Lazy 0)
[robot_state_publisher-41] [INFO] [1789423061.881460116] [amr_4.robot_state_publisher]: Robot initialized
[parameter_bridge-39] [INFO] [1789423061.886821598] [amr_3_bridge]: Creating GZ->ROS Bridge: [/amr_3/joint_states (gz.msgs.Model) -> /amr_3/joint_states (sensor_msgs/msg/JointState)] (Lazy 0)
[cbba_node-10] [INFO] [1789423061.902342179] [amr_5.cbba_node]: Committed task task_m9_v3_w30_0006 assignment to amr_5
[task_manager-4] [INFO] [1789423061.904623485] [amr_task_manager]: Task 'task_m9_v3_w30_0006' transitioned to ASSIGNED
[create-54] [INFO] [1789423061.915762618] [amr_7_spawner]: Waiting messages on topic [amr_7/robot_description].
[cbba_node-14] [INFO] [1789423061.935691449] [amr_9.cbba_node]: Committed task task_m9_v3_w30_0010 assignment to amr_9
[task_manager-4] [INFO] [1789423061.936314842] [amr_task_manager]: Task 'task_m9_v3_w30_0010' transitioned to ASSIGNED
[parameter_bridge-47] [INFO] [1789423061.968265454] [amr_5_bridge]: Creating ROS->GZ Bridge: [/amr_5/cmd_vel (geometry_msgs/msg/Twist) -> /amr_5/cmd_vel (gz.msgs.Twist)] (Lazy 0)
[parameter_bridge-47] [INFO] [1789423061.982630505] [amr_5_bridge]: Creating GZ->ROS Bridge: [/amr_5/odom (gz.msgs.Odometry) -> /amr_5/odom (nav_msgs/msg/Odometry)] (Lazy 0)
[parameter_bridge-51] [INFO] [1789423061.990248758] [amr_6_bridge]: Creating ROS->GZ Bridge: [/amr_6/cmd_vel (geometry_msgs/msg/Twist) -> /amr_6/cmd_vel (gz.msgs.Twist)] (Lazy 0)
[cbba_node-5] [INFO] [1789423061.996738498] [amr_0.cbba_node]: Committed task task_m9_v3_w30_0001 assignment to amr_0
[cbba_node-5] [INFO] [1789423061.997616921] [amr_0.cbba_node]: Committed task task_m9_v3_w30_0011 assignment to amr_0
[cbba_node-6] [INFO] [1789423062.007330602] [amr_1.cbba_node]: Committed task task_m9_v3_w30_0002 assignment to amr_1
[cbba_node-6] [INFO] [1789423062.008564307] [amr_1.cbba_node]: Committed task task_m9_v3_w30_0012 assignment to amr_1
[task_manager-4] [INFO] [1789423062.013836298] [amr_task_manager]: Task 'task_m9_v3_w30_0001' transitioned to ASSIGNED
[cbba_node-8] [INFO] [1789423062.021236627] [amr_3.cbba_node]: Committed task task_m9_v3_w30_0004 assignment to amr_3
[cbba_node-8] [INFO] [1789423062.022091438] [amr_3.cbba_node]: Committed task task_m9_v3_w30_0014 assignment to amr_3
[static_transform_publisher-64] [INFO] [1789423062.023803470] [amr_9_map_to_odom]: Spinning until stopped - publishing transform
[static_transform_publisher-64] translation: ('30.500000', '27.500000', '0.000000')
[static_transform_publisher-64] rotation: ('0.000000', '0.000000', '1.000000', '0.000001')
[static_transform_publisher-64] from 'map' to 'amr_9/odom'
[task_manager-4] [INFO] [1789423062.028903118] [amr_task_manager]: Task 'task_m9_v3_w30_0011' transitioned to ASSIGNED
[task_manager-4] [INFO] [1789423062.030245283] [amr_task_manager]: Task 'task_m9_v3_w30_0002' transitioned to ASSIGNED
[parameter_bridge-59] [INFO] [1789423062.029163401] [amr_8_bridge]: Creating ROS->GZ Bridge: [/amr_8/cmd_vel (geometry_msgs/msg/Twist) -> /amr_8/cmd_vel (gz.msgs.Twist)] (Lazy 0)
[task_manager-4] [INFO] [1789423062.032711828] [amr_task_manager]: Task 'task_m9_v3_w30_0012' transitioned to ASSIGNED
[parameter_bridge-59] [INFO] [1789423062.033618341] [amr_8_bridge]: Creating GZ->ROS Bridge: [/amr_8/odom (gz.msgs.Odometry) -> /amr_8/odom (nav_msgs/msg/Odometry)] (Lazy 0)
[task_manager-4] [INFO] [1789423062.034334728] [amr_task_manager]: Task 'task_m9_v3_w30_0004' transitioned to ASSIGNED
[parameter_bridge-59] [INFO] [1789423062.037505224] [amr_8_bridge]: Creating GZ->ROS Bridge: [/amr_8/scan (gz.msgs.LaserScan) -> /amr_8/scan (sensor_msgs/msg/LaserScan)] (Lazy 0)
[task_manager-4] [INFO] [1789423062.037760382] [amr_task_manager]: Task 'task_m9_v3_w30_0014' transitioned to ASSIGNED
[parameter_bridge-59] [INFO] [1789423062.040119572] [amr_8_bridge]: Creating GZ->ROS Bridge: [/amr_8/tf (gz.msgs.Pose_V) -> /amr_8/tf (tf2_msgs/msg/TFMessage)] (Lazy 0)
[parameter_bridge-59] [INFO] [1789423062.042527661] [amr_8_bridge]: Creating GZ->ROS Bridge: [/amr_8/joint_states (gz.msgs.Model) -> /amr_8/joint_states (sensor_msgs/msg/JointState)] (Lazy 0)
[parameter_bridge-31] [INFO] [1789423062.047056388] [amr_1_bridge]: Creating ROS->GZ Bridge: [/amr_1/cmd_vel (geometry_msgs/msg/Twist) -> /amr_1/cmd_vel (gz.msgs.Twist)] (Lazy 0)
[parameter_bridge-31] [INFO] [1789423062.049605473] [amr_1_bridge]: Creating GZ->ROS Bridge: [/amr_1/odom (gz.msgs.Odometry) -> /amr_1/odom (nav_msgs/msg/Odometry)] (Lazy 0)
[parameter_bridge-31] [INFO] [1789423062.052047835] [amr_1_bridge]: Creating GZ->ROS Bridge: [/amr_1/scan (gz.msgs.LaserScan) -> /amr_1/scan (sensor_msgs/msg/LaserScan)] (Lazy 0)
[task_manager-4] [INFO] [1789423062.054367400] [amr_task_manager]: Task 'task_m9_v3_w30_0009' transitioned to ASSIGNED
[parameter_bridge-31] [INFO] [1789423062.054393702] [amr_1_bridge]: Creating GZ->ROS Bridge: [/amr_1/tf (gz.msgs.Pose_V) -> /amr_1/tf (tf2_msgs/msg/TFMessage)] (Lazy 0)
[parameter_bridge-31] [INFO] [1789423062.056751002] [amr_1_bridge]: Creating GZ->ROS Bridge: [/amr_1/joint_states (gz.msgs.Model) -> /amr_1/joint_states (sensor_msgs/msg/JointState)] (Lazy 0)
[cbba_node-13] [INFO] [1789423062.063689913] [amr_8.cbba_node]: Committed task task_m9_v3_w30_0009 assignment to amr_8
[cbba_node-7] [INFO] [1789423062.070770954] [amr_2.cbba_node]: Committed task task_m9_v3_w30_0003 assignment to amr_2
[cbba_node-7] [INFO] [1789423062.071689345] [amr_2.cbba_node]: Committed task task_m9_v3_w30_0013 assignment to amr_2
[cbba_node-11] [INFO] [1789423062.078719001] [amr_6.cbba_node]: Committed task task_m9_v3_w30_0007 assignment to amr_6
[cbba_node-12] [INFO] [1789423062.081062173] [amr_7.cbba_node]: Committed task task_m9_v3_w30_0008 assignment to amr_7
[task_manager-4] [INFO] [1789423062.082997038] [amr_task_manager]: Task 'task_m9_v3_w30_0003' transitioned to ASSIGNED
[cbba_node-9] [INFO] [1789423062.088607567] [amr_4.cbba_node]: Committed task task_m9_v3_w30_0005 assignment to amr_4
[cbba_node-9] [INFO] [1789423062.090075870] [amr_4.cbba_node]: Committed task task_m9_v3_w30_0015 assignment to amr_4
[parameter_bridge-47] [INFO] [1789423062.091758365] [amr_5_bridge]: Creating GZ->ROS Bridge: [/amr_5/scan (gz.msgs.LaserScan) -> /amr_5/scan (sensor_msgs/msg/LaserScan)] (Lazy 0)
[static_transform_publisher-40] [INFO] [1789423062.093395668] [amr_3_map_to_odom]: Spinning until stopped - publishing transform
[static_transform_publisher-40] translation: ('1.500000', '22.000000', '0.000000')
[static_transform_publisher-40] rotation: ('0.000000', '0.000000', '0.000000', '1.000000')
[static_transform_publisher-40] from 'map' to 'amr_3/odom'
[task_manager-4] [INFO] [1789423062.108459889] [amr_task_manager]: Task 'task_m9_v3_w30_0005' transitioned to ASSIGNED
[task_manager-4] [INFO] [1789423062.113454552] [amr_task_manager]: Task 'task_m9_v3_w30_0013' transitioned to ASSIGNED
[parameter_bridge-51] [INFO] [1789423062.118706391] [amr_6_bridge]: Creating GZ->ROS Bridge: [/amr_6/odom (gz.msgs.Odometry) -> /amr_6/odom (nav_msgs/msg/Odometry)] (Lazy 0)
[task_manager-4] [INFO] [1789423062.122411129] [amr_task_manager]: Task 'task_m9_v3_w30_0008' transitioned to ASSIGNED
[task_manager-4] [INFO] [1789423062.123742983] [amr_task_manager]: Task 'task_m9_v3_w30_0007' transitioned to ASSIGNED
[task_manager-4] [INFO] [1789423062.124924175] [amr_task_manager]: Task 'task_m9_v3_w30_0015' transitioned to ASSIGNED
[parameter_bridge-47] [INFO] [1789423062.123079599] [amr_5_bridge]: Creating GZ->ROS Bridge: [/amr_5/tf (gz.msgs.Pose_V) -> /amr_5/tf (tf2_msgs/msg/TFMessage)] (Lazy 0)
[static_transform_publisher-44] [INFO] [1789423062.126537808] [amr_4_map_to_odom]: Spinning until stopped - publishing transform
[static_transform_publisher-44] translation: ('1.500000', '27.500000', '0.000000')
[static_transform_publisher-44] rotation: ('0.000000', '0.000000', '0.000000', '1.000000')
[static_transform_publisher-44] from 'map' to 'amr_4/odom'
[parameter_bridge-59] [INFO] [1789423062.131053226] [amr_8_bridge]: Passing message from ROS geometry_msgs/msg/Twist to Gazebo gz.msgs.Twist (showing msg only once per type)
[parameter_bridge-51] [INFO] [1789423062.152629262] [amr_6_bridge]: Creating GZ->ROS Bridge: [/amr_6/scan (gz.msgs.LaserScan) -> /amr_6/scan (sensor_msgs/msg/LaserScan)] (Lazy 0)
[create-62] [INFO] [1789423062.161022112] [amr_9_spawner]: Waiting messages on topic [amr_9/robot_description].
[parameter_bridge-51] [INFO] [1789423062.174991023] [amr_6_bridge]: Creating GZ->ROS Bridge: [/amr_6/tf (gz.msgs.Pose_V) -> /amr_6/tf (tf2_msgs/msg/TFMessage)] (Lazy 0)
[parameter_bridge-51] [INFO] [1789423062.191089502] [amr_6_bridge]: Creating GZ->ROS Bridge: [/amr_6/joint_states (gz.msgs.Model) -> /amr_6/joint_states (sensor_msgs/msg/JointState)] (Lazy 0)
[parameter_bridge-43] [INFO] [1789423062.200482426] [amr_4_bridge]: Passing message from ROS geometry_msgs/msg/Twist to Gazebo gz.msgs.Twist (showing msg only once per type)
[static_transform_publisher-52] [INFO] [1789423062.260046214] [amr_6_map_to_odom]: Spinning until stopped - publishing transform
[static_transform_publisher-52] translation: ('30.500000', '10.000000', '0.000000')
[static_transform_publisher-52] rotation: ('0.000000', '0.000000', '1.000000', '0.000001')
[static_transform_publisher-52] from 'map' to 'amr_6/odom'
[parameter_bridge-47] [INFO] [1789423062.271687885] [amr_5_bridge]: Creating GZ->ROS Bridge: [/amr_5/joint_states (gz.msgs.Model) -> /amr_5/joint_states (sensor_msgs/msg/JointState)] (Lazy 0)
[parameter_bridge-63] [INFO] [1789423062.293944373] [amr_9_bridge]: Passing message from ROS geometry_msgs/msg/Twist to Gazebo gz.msgs.Twist (showing msg only once per type)
[parameter_bridge-47] [INFO] [1789423062.294161486] [amr_5_bridge]: Passing message from ROS geometry_msgs/msg/Twist to Gazebo gz.msgs.Twist (showing msg only once per type)
[parameter_bridge-55] [INFO] [1789423062.350326006] [amr_7_bridge]: Passing message from ROS geometry_msgs/msg/Twist to Gazebo gz.msgs.Twist (showing msg only once per type)
[create-46] [INFO] [1789423062.353733607] [amr_5_spawner]: Entity creation successful.
[rh_node-18] [INFO] [1789423062.353806516] [amr_3.rh_node]: [amr_3] Reached pickup for task 'task_m9_v3_w30_0004'. Moving to dropoff.
[task_manager-4] [INFO] [1789423062.355568905] [amr_task_manager]: Task 'task_m9_v3_w30_0004' transitioned to IN_PROGRESS
[robot_state_publisher-61] [INFO] [1789423062.361451705] [amr_9.robot_state_publisher]: Robot initialized
[robot_state_publisher-25] [INFO] [1789423062.372228404] [amr_0.robot_state_publisher]: Robot initialized
[parameter_bridge-51] [INFO] [1789423062.406074701] [amr_6_bridge]: Passing message from ROS geometry_msgs/msg/Twist to Gazebo gz.msgs.Twist (showing msg only once per type)
[create-38] [INFO] [1789423062.456071046] [amr_3_spawner]: Entity creation successful.
[INFO] [create-46]: process has finished cleanly [pid 311226]
[create-58] [INFO] [1789423062.555376028] [amr_8_spawner]: Entity creation successful.
[gazebo-1] [1;33mWarning [Utils.cc:132][0m [/sdf/model[@name="amr"]/link[@name="amr_5/base_footprint"]/sensor[@name="amr_5_lidar"]/gz_frame_id:<urdf-string>:L0]: XML Element[gz_frame_id], child of element[sensor], not defined in SDF. Copying[gz_frame_id] as children of [sensor].
[parameter_bridge-35] [INFO] [1789423062.610343328] [amr_2_bridge]: Passing message from ROS geometry_msgs/msg/Twist to Gazebo gz.msgs.Twist (showing msg only once per type)
[parameter_bridge-27] [INFO] [1789423062.615872973] [amr_0_bridge]: Passing message from ROS geometry_msgs/msg/Twist to Gazebo gz.msgs.Twist (showing msg only once per type)
[INFO] [create-38]: process has finished cleanly [pid 311177]
[create-50] [INFO] [1789423062.655431532] [amr_6_spawner]: Entity creation successful.
[create-42] [INFO] [1789423062.669288872] [amr_4_spawner]: Waiting messages on topic [amr_4/robot_description].
[create-34] [INFO] [1789423062.758117078] [amr_2_spawner]: Entity creation successful.
[INFO] [create-50]: process has finished cleanly [pid 311275]
[parameter_bridge-31] [INFO] [1789423062.806858183] [amr_1_bridge]: Passing message from ROS geometry_msgs/msg/Twist to Gazebo gz.msgs.Twist (showing msg only once per type)
[create-26] [INFO] [1789423062.824829797] [amr_0_spawner]: Waiting messages on topic [amr_0/robot_description].
[create-30] [INFO] [1789423062.831159404] [amr_1_spawner]: Waiting messages on topic [amr_1/robot_description].
[gazebo-1] [1;33mWarning [Utils.cc:132][0m [/sdf/model[@name="amr"]/link[@name="amr_3/base_footprint"]/sensor[@name="amr_3_lidar"]/gz_frame_id:<urdf-string>:L0]: XML Element[gz_frame_id], child of element[sensor], not defined in SDF. Copying[gz_frame_id] as children of [sensor].
[create-42] [INFO] [1789423062.904889952] [amr_4_spawner]: Entity creation successful.
[create-54] [INFO] [1789423062.915943096] [amr_7_spawner]: Waiting messages on topic [amr_7/robot_description].
[INFO] [create-34]: process has finished cleanly [pid 311173]
[INFO] [create-58]: process has finished cleanly [pid 311404]
[gazebo-1] [1;33mWarning [Utils.cc:132][0m [/sdf/model[@name="amr"]/link[@name="amr_8/base_footprint"]/sensor[@name="amr_8_lidar"]/gz_frame_id:<urdf-string>:L0]: XML Element[gz_frame_id], child of element[sensor], not defined in SDF. Copying[gz_frame_id] as children of [sensor].
[gazebo-1] [1;33mWarning [Utils.cc:132][0m [/sdf/model[@name="amr"]/link[@name="amr_6/base_footprint"]/sensor[@name="amr_6_lidar"]/gz_frame_id:<urdf-string>:L0]: XML Element[gz_frame_id], child of element[sensor], not defined in SDF. Copying[gz_frame_id] as children of [sensor].
[INFO] [create-42]: process has finished cleanly [pid 311185]
[parameter_bridge-39] [INFO] [1789423063.053238210] [amr_3_bridge]: Passing message from ROS geometry_msgs/msg/Twist to Gazebo gz.msgs.Twist (showing msg only once per type)
[gazebo-1] [1;33mWarning [Utils.cc:132][0m [/sdf/model[@name="amr"]/link[@name="amr_2/base_footprint"]/sensor[@name="amr_2_lidar"]/gz_frame_id:<urdf-string>:L0]: XML Element[gz_frame_id], child of element[sensor], not defined in SDF. Copying[gz_frame_id] as children of [sensor].
[create-30] [INFO] [1789423063.131236523] [amr_1_spawner]: Entity creation successful.
[create-62] [INFO] [1789423063.161243050] [amr_9_spawner]: Waiting messages on topic [amr_9/robot_description].
[gazebo-1] [1;33mWarning [Utils.cc:132][0m [/sdf/model[@name="amr"]/link[@name="amr_4/base_footprint"]/sensor[@name="amr_4_lidar"]/gz_frame_id:<urdf-string>:L0]: XML Element[gz_frame_id], child of element[sensor], not defined in SDF. Copying[gz_frame_id] as children of [sensor].
[INFO] [create-30]: process has finished cleanly [pid 311169]
[create-26] [INFO] [1789423063.275099614] [amr_0_spawner]: Entity creation successful.
[gazebo-1] [1;33mWarning [Utils.cc:132][0m [/sdf/model[@name="amr"]/link[@name="amr_1/base_footprint"]/sensor[@name="amr_1_lidar"]/gz_frame_id:<urdf-string>:L0]: XML Element[gz_frame_id], child of element[sensor], not defined in SDF. Copying[gz_frame_id] as children of [sensor].
[INFO] [create-26]: process has finished cleanly [pid 311165]
[create-54] [INFO] [1789423063.401916206] [amr_7_spawner]: Entity creation successful.
[gazebo-1] [1;33mWarning [Utils.cc:132][0m [/sdf/model[@name="amr"]/link[@name="amr_0/base_footprint"]/sensor[@name="amr_0_lidar"]/gz_frame_id:<urdf-string>:L0]: XML Element[gz_frame_id], child of element[sensor], not defined in SDF. Copying[gz_frame_id] as children of [sensor].
[gazebo-1] [1;33mWarning [Utils.cc:132][0m [/sdf/model[@name="amr"]/link[@name="amr_7/base_footprint"]/sensor[@name="amr_7_lidar"]/gz_frame_id:<urdf-string>:L0]: XML Element[gz_frame_id], child of element[sensor], not defined in SDF. Copying[gz_frame_id] as children of [sensor].
[INFO] [create-54]: process has finished cleanly [pid 311288]
[create-62] [INFO] [1789423063.643696839] [amr_9_spawner]: Entity creation successful.
[gazebo-1] [1;33mWarning [Utils.cc:132][0m [/sdf/model[@name="amr"]/link[@name="amr_9/base_footprint"]/sensor[@name="amr_9_lidar"]/gz_frame_id:<urdf-string>:L0]: XML Element[gz_frame_id], child of element[sensor], not defined in SDF. Copying[gz_frame_id] as children of [sensor].
[INFO] [create-62]: process has finished cleanly [pid 311463]
[task_manager-4] [INFO] [1789423066.161079798] [amr_task_manager]: Mission clock anchored at t=1789423066.16s
[task_manager-4] [INFO] [1789423066.161580842] [amr_task_manager]: Mission clock anchored at t=1789423066.16s
[task_manager-4] [INFO] [1789423111.478612041] [amr_task_manager]: Dynamically released 15 tasks at t=45.3s: ['task_m9_v3_w30_0016', 'task_m9_v3_w30_0017', 'task_m9_v3_w30_0018', 'task_m9_v3_w30_0019', 'task_m9_v3_w30_0020', 'task_m9_v3_w30_0021', 'task_m9_v3_w30_0022', 'task_m9_v3_w30_0023', 'task_m9_v3_w30_0024', 'task_m9_v3_w30_0025', 'task_m9_v3_w30_0026', 'task_m9_v3_w30_0027', 'task_m9_v3_w30_0028', 'task_m9_v3_w30_0029', 'task_m9_v3_w30_0030']
[rh_node-16] [INFO] [1789423111.552059409] [amr_1.rh_node]: [amr_1] Aisle blockage 'blockage_aisle_1_south' applied: 12 cells added as obstacles.
[rh_node-21] [INFO] [1789423111.552171660] [amr_6.rh_node]: [amr_6] Aisle blockage 'blockage_aisle_1_south' applied: 12 cells added as obstacles.
[rh_node-17] [INFO] [1789423111.552246262] [amr_2.rh_node]: [amr_2] Aisle blockage 'blockage_aisle_1_south' applied: 12 cells added as obstacles.
[rh_node-23] [INFO] [1789423111.552276304] [amr_8.rh_node]: [amr_8] Aisle blockage 'blockage_aisle_1_south' applied: 12 cells added as obstacles.
[rh_node-15] [INFO] [1789423111.552474671] [amr_0.rh_node]: [amr_0] Aisle blockage 'blockage_aisle_1_south' applied: 12 cells added as obstacles.
[rh_node-20] [INFO] [1789423111.552578808] [amr_5.rh_node]: [amr_5] Aisle blockage 'blockage_aisle_1_south' applied: 12 cells added as obstacles.
[rh_node-18] [INFO] [1789423111.552579553] [amr_3.rh_node]: [amr_3] Aisle blockage 'blockage_aisle_1_south' applied: 12 cells added as obstacles.
[rh_node-22] [INFO] [1789423111.552647068] [amr_7.rh_node]: [amr_7] Aisle blockage 'blockage_aisle_1_south' applied: 12 cells added as obstacles.
[rh_node-19] [INFO] [1789423111.553135867] [amr_4.rh_node]: [amr_4] Aisle blockage 'blockage_aisle_1_south' applied: 12 cells added as obstacles.
[rh_node-24] [INFO] [1789423111.553436361] [amr_9.rh_node]: [amr_9] Aisle blockage 'blockage_aisle_1_south' applied: 12 cells added as obstacles.
[cbba_node-5] [INFO] [1789423113.988971120] [amr_0.cbba_node]: Committed task task_m9_v3_w30_0021 assignment to amr_0
[task_manager-4] [INFO] [1789423113.990711801] [amr_task_manager]: Task 'task_m9_v3_w30_0021' transitioned to ASSIGNED
[cbba_node-6] [INFO] [1789423114.002396085] [amr_1.cbba_node]: Committed task task_m9_v3_w30_0022 assignment to amr_1
[task_manager-4] [INFO] [1789423114.003558593] [amr_task_manager]: Task 'task_m9_v3_w30_0022' transitioned to ASSIGNED
[cbba_node-8] [INFO] [1789423114.020417845] [amr_3.cbba_node]: Committed task task_m9_v3_w30_0024 assignment to amr_3
[task_manager-4] [INFO] [1789423114.020536467] [amr_task_manager]: Task 'task_m9_v3_w30_0024' transitioned to ASSIGNED
[task_manager-4] [INFO] [1789423114.047366035] [amr_task_manager]: Task 'task_m9_v3_w30_0019' transitioned to ASSIGNED
[cbba_node-13] [INFO] [1789423114.047383565] [amr_8.cbba_node]: Committed task task_m9_v3_w30_0019 assignment to amr_8
[cbba_node-13] [INFO] [1789423114.048627822] [amr_8.cbba_node]: Committed task task_m9_v3_w30_0029 assignment to amr_8
[task_manager-4] [INFO] [1789423114.048662566] [amr_task_manager]: Task 'task_m9_v3_w30_0029' transitioned to ASSIGNED
[cbba_node-7] [INFO] [1789423114.059321570] [amr_2.cbba_node]: Committed task task_m9_v3_w30_0023 assignment to amr_2
[task_manager-4] [INFO] [1789423114.059457252] [amr_task_manager]: Task 'task_m9_v3_w30_0023' transitioned to ASSIGNED
[cbba_node-12] [INFO] [1789423114.069293083] [amr_7.cbba_node]: Committed task task_m9_v3_w30_0018 assignment to amr_7
[task_manager-4] [INFO] [1789423114.069622598] [amr_task_manager]: Task 'task_m9_v3_w30_0018' transitioned to ASSIGNED
[cbba_node-11] [INFO] [1789423114.070321488] [amr_6.cbba_node]: Committed task task_m9_v3_w30_0017 assignment to amr_6
[cbba_node-11] [INFO] [1789423114.073498680] [amr_6.cbba_node]: Committed task task_m9_v3_w30_0027 assignment to amr_6
[task_manager-4] [INFO] [1789423114.070814366] [amr_task_manager]: Task 'task_m9_v3_w30_0017' transitioned to ASSIGNED
[task_manager-4] [INFO] [1789423114.072032535] [amr_task_manager]: Task 'task_m9_v3_w30_0028' transitioned to ASSIGNED
[task_manager-4] [INFO] [1789423114.073226765] [amr_task_manager]: Task 'task_m9_v3_w30_0027' transitioned to ASSIGNED
[cbba_node-12] [INFO] [1789423114.071353438] [amr_7.cbba_node]: Committed task task_m9_v3_w30_0028 assignment to amr_7
[cbba_node-9] [INFO] [1789423114.073003702] [amr_4.cbba_node]: Committed task task_m9_v3_w30_0025 assignment to amr_4
[task_manager-4] [INFO] [1789423114.074162473] [amr_task_manager]: Task 'task_m9_v3_w30_0025' transitioned to ASSIGNED
[cbba_node-10] [INFO] [1789423114.102691586] [amr_5.cbba_node]: Committed task task_m9_v3_w30_0016 assignment to amr_5
[task_manager-4] [INFO] [1789423114.102868281] [amr_task_manager]: Task 'task_m9_v3_w30_0016' transitioned to ASSIGNED
[cbba_node-10] [INFO] [1789423114.103782463] [amr_5.cbba_node]: Committed task task_m9_v3_w30_0026 assignment to amr_5
[task_manager-4] [INFO] [1789423114.104508370] [amr_task_manager]: Task 'task_m9_v3_w30_0026' transitioned to ASSIGNED
[cbba_node-14] [INFO] [1789423114.135227054] [amr_9.cbba_node]: Committed task task_m9_v3_w30_0020 assignment to amr_9
[task_manager-4] [INFO] [1789423114.135620338] [amr_task_manager]: Task 'task_m9_v3_w30_0020' transitioned to ASSIGNED
[cbba_node-14] [INFO] [1789423114.136469187] [amr_9.cbba_node]: Committed task task_m9_v3_w30_0030 assignment to amr_9
[task_manager-4] [INFO] [1789423114.136735876] [amr_task_manager]: Task 'task_m9_v3_w30_0030' transitioned to ASSIGNED
[cbba_node-14] [INFO] [1789423141.171093022] [amr_9.cbba_node]: [amr_9] Received comm profile update in CBBA: LOSS_HIGH (enabled=True)
[cbba_node-9] [INFO] [1789423141.171099695] [amr_4.cbba_node]: [amr_4] Received comm profile update in CBBA: LOSS_HIGH (enabled=True)
[cbba_node-5] [INFO] [1789423141.171099716] [amr_0.cbba_node]: [amr_0] Received comm profile update in CBBA: LOSS_HIGH (enabled=True)
[rh_node-23] [INFO] [1789423141.171194535] [amr_8.rh_node]: [amr_8] Received comm profile update: LOSS_HIGH (enabled=True)
[rh_node-22] [INFO] [1789423141.171203807] [amr_7.rh_node]: [amr_7] Received comm profile update: LOSS_HIGH (enabled=True)
[rh_node-19] [INFO] [1789423141.171270790] [amr_4.rh_node]: [amr_4] Received comm profile update: LOSS_HIGH (enabled=True)
[cbba_node-6] [INFO] [1789423141.171287035] [amr_1.cbba_node]: [amr_1] Received comm profile update in CBBA: LOSS_HIGH (enabled=True)
[rh_node-21] [INFO] [1789423141.171420762] [amr_6.rh_node]: [amr_6] Received comm profile update: LOSS_HIGH (enabled=True)
[rh_node-17] [INFO] [1789423141.171484277] [amr_2.rh_node]: [amr_2] Received comm profile update: LOSS_HIGH (enabled=True)
[cbba_node-11] [INFO] [1789423141.172226671] [amr_6.cbba_node]: [amr_6] Received comm profile update in CBBA: LOSS_HIGH (enabled=True)
[rh_node-15] [INFO] [1789423141.172553789] [amr_0.rh_node]: [amr_0] Received comm profile update: LOSS_HIGH (enabled=True)
[cbba_node-8] [INFO] [1789423141.172665463] [amr_3.cbba_node]: [amr_3] Received comm profile update in CBBA: LOSS_HIGH (enabled=True)
[rh_node-24] [INFO] [1789423141.173186036] [amr_9.rh_node]: [amr_9] Received comm profile update: LOSS_HIGH (enabled=True)
[rh_node-16] [INFO] [1789423141.173200051] [amr_1.rh_node]: [amr_1] Received comm profile update: LOSS_HIGH (enabled=True)
[cbba_node-7] [INFO] [1789423141.173238610] [amr_2.cbba_node]: [amr_2] Received comm profile update in CBBA: LOSS_HIGH (enabled=True)
[cbba_node-12] [INFO] [1789423141.173332933] [amr_7.cbba_node]: [amr_7] Received comm profile update in CBBA: LOSS_HIGH (enabled=True)
[rh_node-20] [INFO] [1789423141.173682623] [amr_5.rh_node]: [amr_5] Received comm profile update: LOSS_HIGH (enabled=True)
[cbba_node-13] [INFO] [1789423141.173720111] [amr_8.cbba_node]: [amr_8] Received comm profile update in CBBA: LOSS_HIGH (enabled=True)
[rh_node-18] [INFO] [1789423141.174628627] [amr_3.rh_node]: [amr_3] Received comm profile update: LOSS_HIGH (enabled=True)
[cbba_node-10] [INFO] [1789423141.174639643] [amr_5.cbba_node]: [amr_5] Received comm profile update in CBBA: LOSS_HIGH (enabled=True)
[rh_node-23] [INFO] [1789423156.491210450] [amr_8.rh_node]: [amr_8] Aisle blockage 'blockage_aisle_1_south' cleared: 12 cells restored to traversable.
[rh_node-19] [INFO] [1789423156.491440591] [amr_4.rh_node]: [amr_4] Aisle blockage 'blockage_aisle_1_south' cleared: 12 cells restored to traversable.
[rh_node-15] [INFO] [1789423156.491526994] [amr_0.rh_node]: [amr_0] Aisle blockage 'blockage_aisle_1_south' cleared: 12 cells restored to traversable.
[rh_node-20] [INFO] [1789423156.491589682] [amr_5.rh_node]: [amr_5] Aisle blockage 'blockage_aisle_1_south' cleared: 12 cells restored to traversable.
[rh_node-17] [INFO] [1789423156.491649042] [amr_2.rh_node]: [amr_2] Aisle blockage 'blockage_aisle_1_south' cleared: 12 cells restored to traversable.
[rh_node-21] [INFO] [1789423156.491685565] [amr_6.rh_node]: [amr_6] Aisle blockage 'blockage_aisle_1_south' cleared: 12 cells restored to traversable.
[rh_node-16] [INFO] [1789423156.491691522] [amr_1.rh_node]: [amr_1] Aisle blockage 'blockage_aisle_1_south' cleared: 12 cells restored to traversable.
[rh_node-22] [INFO] [1789423156.492189677] [amr_7.rh_node]: [amr_7] Aisle blockage 'blockage_aisle_1_south' cleared: 12 cells restored to traversable.
[rh_node-18] [INFO] [1789423156.492442674] [amr_3.rh_node]: [amr_3] Aisle blockage 'blockage_aisle_1_south' cleared: 12 cells restored to traversable.
[rh_node-24] [INFO] [1789423156.493322999] [amr_9.rh_node]: [amr_9] Aisle blockage 'blockage_aisle_1_south' cleared: 12 cells restored to traversable.
[rh_node-17] [INFO] [1789423158.544451242] [amr_2.rh_node]: [amr_2] Reached pickup for task 'task_m9_v3_w30_0013'. Moving to dropoff.
[task_manager-4] [INFO] [1789423158.546175992] [amr_task_manager]: Task 'task_m9_v3_w30_0013' transitioned to IN_PROGRESS
[rh_node-21] [INFO] [1789423182.596311909] [amr_6.rh_node]: [amr_6] Pruned expired reservations for peers: ['amr_2']
[rh_node-19] [INFO] [1789423182.598417255] [amr_4.rh_node]: [amr_4] Pruned expired reservations for peers: ['amr_7']
[rh_node-20] [INFO] [1789423182.602094274] [amr_5.rh_node]: [amr_5] Pruned expired reservations for peers: ['amr_2']
[rh_node-15] [INFO] [1789423182.718543912] [amr_0.rh_node]: [amr_0] Pruned expired reservations for peers: ['amr_7']
[rh_node-18] [INFO] [1789423182.854793600] [amr_3.rh_node]: [amr_3] Pruned expired reservations for peers: ['amr_7']
[rh_node-16] [INFO] [1789423182.861233233] [amr_1.rh_node]: [amr_1] Pruned expired reservations for peers: ['amr_7']
[rh_node-24] [INFO] [1789423182.872179080] [amr_9.rh_node]: [amr_9] Pruned expired reservations for peers: ['amr_7']
[rh_node-17] [INFO] [1789423186.161771697] [amr_2.rh_node]: [amr_2] Received comm profile update: NORMAL (enabled=False)
[cbba_node-11] [INFO] [1789423186.161844527] [amr_6.cbba_node]: [amr_6] Received comm profile update in CBBA: NORMAL (enabled=False)
[cbba_node-10] [INFO] [1789423186.161862419] [amr_5.cbba_node]: [amr_5] Received comm profile update in CBBA: NORMAL (enabled=False)
[cbba_node-7] [INFO] [1789423186.161898328] [amr_2.cbba_node]: [amr_2] Received comm profile update in CBBA: NORMAL (enabled=False)
[rh_node-21] [INFO] [1789423186.161911272] [amr_6.rh_node]: [amr_6] Received comm profile update: NORMAL (enabled=False)
[cbba_node-9] [INFO] [1789423186.161957350] [amr_4.cbba_node]: [amr_4] Received comm profile update in CBBA: NORMAL (enabled=False)
[cbba_node-14] [INFO] [1789423186.161957008] [amr_9.cbba_node]: [amr_9] Received comm profile update in CBBA: NORMAL (enabled=False)
[rh_node-22] [INFO] [1789423186.161982400] [amr_7.rh_node]: [amr_7] Received comm profile update: NORMAL (enabled=False)
[rh_node-16] [INFO] [1789423186.162141962] [amr_1.rh_node]: [amr_1] Received comm profile update: NORMAL (enabled=False)
[rh_node-15] [INFO] [1789423186.162207746] [amr_0.rh_node]: [amr_0] Received comm profile update: NORMAL (enabled=False)
[rh_node-24] [INFO] [1789423186.162439282] [amr_9.rh_node]: [amr_9] Received comm profile update: NORMAL (enabled=False)
[rh_node-23] [INFO] [1789423186.162867630] [amr_8.rh_node]: [amr_8] Received comm profile update: NORMAL (enabled=False)
[rh_node-18] [INFO] [1789423186.163397154] [amr_3.rh_node]: [amr_3] Received comm profile update: NORMAL (enabled=False)
[cbba_node-6] [INFO] [1789423186.163564264] [amr_1.cbba_node]: [amr_1] Received comm profile update in CBBA: NORMAL (enabled=False)
[rh_node-19] [INFO] [1789423186.163625543] [amr_4.rh_node]: [amr_4] Received comm profile update: NORMAL (enabled=False)
[cbba_node-8] [INFO] [1789423186.163922672] [amr_3.cbba_node]: [amr_3] Received comm profile update in CBBA: NORMAL (enabled=False)
[cbba_node-12] [INFO] [1789423186.164014139] [amr_7.cbba_node]: [amr_7] Received comm profile update in CBBA: NORMAL (enabled=False)
[cbba_node-5] [INFO] [1789423186.164023609] [amr_0.cbba_node]: [amr_0] Received comm profile update in CBBA: NORMAL (enabled=False)
[cbba_node-13] [INFO] [1789423186.164857010] [amr_8.cbba_node]: [amr_8] Received comm profile update in CBBA: NORMAL (enabled=False)
[rh_node-20] [INFO] [1789423186.165321757] [amr_5.rh_node]: [amr_5] Received comm profile update: NORMAL (enabled=False)
