[INFO] [launch]: All log files can be found below /home/raghav/.ros/log/2026-09-13-04-40-15-173862-Raze-76917
[INFO] [launch]: Default logging verbosity is set to INFO
[INFO] [launch.user]: [FLEET] Spawning 5 robots into world "warehouse_small" (headless=True)
[INFO] [gazebo-1]: process started with pid [76962]
[INFO] [parameter_bridge-2]: process started with pid [76963]
[INFO] [robot_state_publisher-3]: process started with pid [76964]
[INFO] [create-4]: process started with pid [76966]
[INFO] [parameter_bridge-5]: process started with pid [76967]
[INFO] [robot_state_publisher-6]: process started with pid [76968]
[INFO] [create-7]: process started with pid [76969]
[INFO] [parameter_bridge-8]: process started with pid [76970]
[INFO] [robot_state_publisher-9]: process started with pid [76971]
[INFO] [create-10]: process started with pid [76972]
[INFO] [parameter_bridge-11]: process started with pid [76973]
[INFO] [robot_state_publisher-12]: process started with pid [76974]
[INFO] [create-13]: process started with pid [76975]
[INFO] [parameter_bridge-14]: process started with pid [76976]
[INFO] [robot_state_publisher-15]: process started with pid [76977]
[INFO] [create-16]: process started with pid [76978]
[INFO] [parameter_bridge-17]: process started with pid [76979]
[robot_state_publisher-3] [INFO] [1789254615.903811720] [amr_0.robot_state_publisher]: Robot initialized
[create-7] [INFO] [1789254615.905565199] [amr_1_spawner]: Requesting list of world names.
[create-10] [INFO] [1789254615.907731256] [amr_2_spawner]: Requesting list of world names.
[robot_state_publisher-15] [INFO] [1789254615.908941815] [amr_4.robot_state_publisher]: Robot initialized
[robot_state_publisher-9] [INFO] [1789254615.914636279] [amr_2.robot_state_publisher]: Robot initialized
[robot_state_publisher-6] [INFO] [1789254615.916020844] [amr_1.robot_state_publisher]: Robot initialized
[parameter_bridge-2] [INFO] [1789254615.918787063] [clock_bridge]: Creating GZ->ROS Bridge: [/clock (gz.msgs.Clock) -> /clock (rosgraph_msgs/msg/Clock)] (Lazy 0)
[robot_state_publisher-12] [INFO] [1789254615.918882338] [amr_3.robot_state_publisher]: Robot initialized
[parameter_bridge-5] [INFO] [1789254615.921296185] [amr_0_bridge]: Creating ROS->GZ Bridge: [/amr_0/cmd_vel (geometry_msgs/msg/Twist) -> /amr_0/cmd_vel (gz.msgs.Twist)] (Lazy 0)
[parameter_bridge-14] [INFO] [1789254615.922345787] [amr_3_bridge]: Creating ROS->GZ Bridge: [/amr_3/cmd_vel (geometry_msgs/msg/Twist) -> /amr_3/cmd_vel (gz.msgs.Twist)] (Lazy 0)
[parameter_bridge-5] [INFO] [1789254615.922849551] [amr_0_bridge]: Creating GZ->ROS Bridge: [/amr_0/odom (gz.msgs.Odometry) -> /amr_0/odom (nav_msgs/msg/Odometry)] (Lazy 0)
[parameter_bridge-8] [INFO] [1789254615.922840218] [amr_1_bridge]: Creating ROS->GZ Bridge: [/amr_1/cmd_vel (geometry_msgs/msg/Twist) -> /amr_1/cmd_vel (gz.msgs.Twist)] (Lazy 0)
[parameter_bridge-14] [INFO] [1789254615.923899042] [amr_3_bridge]: Creating GZ->ROS Bridge: [/amr_3/odom (gz.msgs.Odometry) -> /amr_3/odom (nav_msgs/msg/Odometry)] (Lazy 0)
[parameter_bridge-5] [INFO] [1789254615.923968969] [amr_0_bridge]: Creating GZ->ROS Bridge: [/amr_0/scan (gz.msgs.LaserScan) -> /amr_0/scan (sensor_msgs/msg/LaserScan)] (Lazy 0)
[parameter_bridge-8] [INFO] [1789254615.924293565] [amr_1_bridge]: Creating GZ->ROS Bridge: [/amr_1/odom (gz.msgs.Odometry) -> /amr_1/odom (nav_msgs/msg/Odometry)] (Lazy 0)
[parameter_bridge-14] [INFO] [1789254615.925388833] [amr_3_bridge]: Creating GZ->ROS Bridge: [/amr_3/scan (gz.msgs.LaserScan) -> /amr_3/scan (sensor_msgs/msg/LaserScan)] (Lazy 0)
[parameter_bridge-8] [INFO] [1789254615.925563434] [amr_1_bridge]: Creating GZ->ROS Bridge: [/amr_1/scan (gz.msgs.LaserScan) -> /amr_1/scan (sensor_msgs/msg/LaserScan)] (Lazy 0)
[parameter_bridge-14] [INFO] [1789254615.926657182] [amr_3_bridge]: Creating GZ->ROS Bridge: [/amr_3/tf (gz.msgs.Pose_V) -> /amr_3/tf (tf2_msgs/msg/TFMessage)] (Lazy 0)
[parameter_bridge-8] [INFO] [1789254615.926876397] [amr_1_bridge]: Creating GZ->ROS Bridge: [/amr_1/tf (gz.msgs.Pose_V) -> /amr_1/tf (tf2_msgs/msg/TFMessage)] (Lazy 0)
[parameter_bridge-5] [INFO] [1789254615.927075595] [amr_0_bridge]: Creating GZ->ROS Bridge: [/amr_0/tf (gz.msgs.Pose_V) -> /amr_0/tf (tf2_msgs/msg/TFMessage)] (Lazy 0)
[create-13] [INFO] [1789254615.930685876] [amr_3_spawner]: Requesting list of world names.
[parameter_bridge-11] [INFO] [1789254615.931430960] [amr_2_bridge]: Creating ROS->GZ Bridge: [/amr_2/cmd_vel (geometry_msgs/msg/Twist) -> /amr_2/cmd_vel (gz.msgs.Twist)] (Lazy 0)
[parameter_bridge-11] [INFO] [1789254615.933452580] [amr_2_bridge]: Creating GZ->ROS Bridge: [/amr_2/odom (gz.msgs.Odometry) -> /amr_2/odom (nav_msgs/msg/Odometry)] (Lazy 0)
[parameter_bridge-11] [INFO] [1789254615.935769660] [amr_2_bridge]: Creating GZ->ROS Bridge: [/amr_2/scan (gz.msgs.LaserScan) -> /amr_2/scan (sensor_msgs/msg/LaserScan)] (Lazy 0)
[parameter_bridge-11] [INFO] [1789254615.937948807] [amr_2_bridge]: Creating GZ->ROS Bridge: [/amr_2/tf (gz.msgs.Pose_V) -> /amr_2/tf (tf2_msgs/msg/TFMessage)] (Lazy 0)
[create-16] [INFO] [1789254615.946654736] [amr_4_spawner]: Requesting list of world names.
[create-4] [INFO] [1789254615.948994344] [amr_0_spawner]: Requesting list of world names.
[parameter_bridge-17] [INFO] [1789254615.954179593] [amr_4_bridge]: Creating ROS->GZ Bridge: [/amr_4/cmd_vel (geometry_msgs/msg/Twist) -> /amr_4/cmd_vel (gz.msgs.Twist)] (Lazy 0)
[parameter_bridge-17] [INFO] [1789254615.957394603] [amr_4_bridge]: Creating GZ->ROS Bridge: [/amr_4/odom (gz.msgs.Odometry) -> /amr_4/odom (nav_msgs/msg/Odometry)] (Lazy 0)
[parameter_bridge-17] [INFO] [1789254615.959820912] [amr_4_bridge]: Creating GZ->ROS Bridge: [/amr_4/scan (gz.msgs.LaserScan) -> /amr_4/scan (sensor_msgs/msg/LaserScan)] (Lazy 0)
[parameter_bridge-17] [INFO] [1789254615.961430581] [amr_4_bridge]: Creating GZ->ROS Bridge: [/amr_4/tf (gz.msgs.Pose_V) -> /amr_4/tf (tf2_msgs/msg/TFMessage)] (Lazy 0)
[create-7] [INFO] [1789254616.364153452] [amr_1_spawner]: Waiting messages on topic [amr_1/robot_description].
[create-13] [INFO] [1789254616.464667214] [amr_3_spawner]: Waiting messages on topic [amr_3/robot_description].
[create-16] [INFO] [1789254616.564424421] [amr_4_spawner]: Waiting messages on topic [amr_4/robot_description].
[create-10] [INFO] [1789254616.664556901] [amr_2_spawner]: Waiting messages on topic [amr_2/robot_description].
[create-13] [INFO] [1789254616.863892707] [amr_3_spawner]: Entity creation successful.
[create-7] [INFO] [1789254616.863939857] [amr_1_spawner]: Entity creation successful.
[create-10] [INFO] [1789254616.863979574] [amr_2_spawner]: Entity creation successful.
[create-16] [INFO] [1789254616.864102878] [amr_4_spawner]: Entity creation successful.
[create-4] [INFO] [1789254616.865355820] [amr_0_spawner]: Waiting messages on topic [amr_0/robot_description].
[create-4] [INFO] [1789254616.876723806] [amr_0_spawner]: Entity creation successful.
[INFO] [create-7]: process has finished cleanly [pid 76969]
[INFO] [create-10]: process has finished cleanly [pid 76972]
[INFO] [create-16]: process has finished cleanly [pid 76978]
[INFO] [create-13]: process has finished cleanly [pid 76975]
[INFO] [create-4]: process has finished cleanly [pid 76966]
[gazebo-1] [1;33mWarning [Utils.cc:132][0m [/sdf/model[@name="amr"]/link[@name="amr_1/base_footprint"]/sensor[@name="amr_1_lidar"]/gz_frame_id:<urdf-string>:L0]: XML Element[gz_frame_id], child of element[sensor], not defined in SDF. Copying[gz_frame_id] as children of [sensor].
[gazebo-1] [1;33mWarning [Utils.cc:132][0m [/sdf/model[@name="amr"]/link[@name="amr_3/base_footprint"]/sensor[@name="amr_3_lidar"]/gz_frame_id:<urdf-string>:L0]: XML Element[gz_frame_id], child of element[sensor], not defined in SDF. Copying[gz_frame_id] as children of [sensor].
[gazebo-1] [1;33mWarning [Utils.cc:132][0m [/sdf/model[@name="amr"]/link[@name="amr_4/base_footprint"]/sensor[@name="amr_4_lidar"]/gz_frame_id:<urdf-string>:L0]: XML Element[gz_frame_id], child of element[sensor], not defined in SDF. Copying[gz_frame_id] as children of [sensor].
[gazebo-1] [1;33mWarning [Utils.cc:132][0m [/sdf/model[@name="amr"]/link[@name="amr_2/base_footprint"]/sensor[@name="amr_2_lidar"]/gz_frame_id:<urdf-string>:L0]: XML Element[gz_frame_id], child of element[sensor], not defined in SDF. Copying[gz_frame_id] as children of [sensor].
[gazebo-1] [1;33mWarning [Utils.cc:132][0m [/sdf/model[@name="amr"]/link[@name="amr_0/base_footprint"]/sensor[@name="amr_0_lidar"]/gz_frame_id:<urdf-string>:L0]: XML Element[gz_frame_id], child of element[sensor], not defined in SDF. Copying[gz_frame_id] as children of [sensor].
[parameter_bridge-5] [INFO] [1789254634.236625637] [amr_0_bridge]: Passing message from ROS geometry_msgs/msg/Twist to Gazebo gz.msgs.Twist (showing msg only once per type)
[parameter_bridge-8] [INFO] [1789254643.679628720] [amr_1_bridge]: Passing message from ROS geometry_msgs/msg/Twist to Gazebo gz.msgs.Twist (showing msg only once per type)
[WARNING] [launch]: user interrupted with ctrl-c (SIGINT)
[parameter_bridge-8] [INFO] [1789254653.870604151] [rclcpp]: signal_handler(SIGINT/SIGTERM)
[parameter_bridge-11] [INFO] [1789254653.870603209] [rclcpp]: signal_handler(SIGINT/SIGTERM)
[parameter_bridge-17] [INFO] [1789254653.870607785] [rclcpp]: signal_handler(SIGINT/SIGTERM)
[robot_state_publisher-6] [INFO] [1789254653.870609904] [rclcpp]: signal_handler(SIGINT/SIGTERM)
[parameter_bridge-5] [INFO] [1789254653.870617641] [rclcpp]: signal_handler(SIGINT/SIGTERM)
[robot_state_publisher-12] [INFO] [1789254653.870658656] [rclcpp]: signal_handler(SIGINT/SIGTERM)
[robot_state_publisher-15] [INFO] [1789254653.870725427] [rclcpp]: signal_handler(SIGINT/SIGTERM)
[robot_state_publisher-9] [INFO] [1789254653.870736484] [rclcpp]: signal_handler(SIGINT/SIGTERM)
[parameter_bridge-14] [INFO] [1789254653.870677628] [rclcpp]: signal_handler(SIGINT/SIGTERM)
[parameter_bridge-2] [INFO] [1789254653.871417827] [rclcpp]: signal_handler(SIGINT/SIGTERM)
[robot_state_publisher-3] [INFO] [1789254653.871577724] [rclcpp]: signal_handler(SIGINT/SIGTERM)
[ERROR] [gazebo-1]: process has died [pid 76962, exit code -2, cmd 'ruby /opt/ros/jazzy/opt/gz_tools_vendor/bin/gz sim -r -s /home/raghav/Downloads/NRDAS_Antigravity_Project_Starter/antigravity_amr_project/install/amr_fleet_bringup/share/amr_fleet_bringup/worlds/warehouse_small.sdf --force-version 8'].
[INFO] [parameter_bridge-17]: process has finished cleanly [pid 76979]
[INFO] [robot_state_publisher-12]: process has finished cleanly [pid 76974]
[INFO] [parameter_bridge-2]: process has finished cleanly [pid 76963]
[INFO] [parameter_bridge-11]: process has finished cleanly [pid 76973]
[INFO] [parameter_bridge-8]: process has finished cleanly [pid 76970]
[INFO] [parameter_bridge-14]: process has finished cleanly [pid 76976]
[INFO] [robot_state_publisher-9]: process has finished cleanly [pid 76971]
[INFO] [robot_state_publisher-15]: process has finished cleanly [pid 76977]
[INFO] [robot_state_publisher-3]: process has finished cleanly [pid 76964]
[INFO] [robot_state_publisher-6]: process has finished cleanly [pid 76968]
[INFO] [parameter_bridge-5]: process has finished cleanly [pid 76967]
