[INFO] [launch]: All log files can be found below /home/raghav/.ros/log/2026-09-14-12-16-32-092798-Raze-219002
[INFO] [launch]: Default logging verbosity is set to INFO
[INFO] [launch.user]: [FLEET] Spawning 5 robots into world "warehouse_small" (headless=True)
[INFO] [launch.user]: [M8B Fleet Bringup] Starting 5 CBBA nodes (bundle cap: 4, profile: NORMAL, compute_mode: NORMAL)
[INFO] [launch.user]: [M8B Fleet Bringup] Starting 5 M8B RH nodes (compute_mode: NORMAL, adaptive: False, h=10, w=4, replan_rate=2.0Hz)
[INFO] [gazebo-1]: process started with pid [219049]
[INFO] [parameter_bridge-2]: process started with pid [219050]
[INFO] [warehouse_visualizer-3]: process started with pid [219052]
[INFO] [robot_state_publisher-4]: process started with pid [219053]
[INFO] [create-5]: process started with pid [219054]
[INFO] [parameter_bridge-6]: process started with pid [219055]
[INFO] [static_transform_publisher-7]: process started with pid [219056]
[INFO] [robot_state_publisher-8]: process started with pid [219057]
[INFO] [create-9]: process started with pid [219058]
[INFO] [parameter_bridge-10]: process started with pid [219059]
[INFO] [static_transform_publisher-11]: process started with pid [219060]
[INFO] [robot_state_publisher-12]: process started with pid [219061]
[INFO] [create-13]: process started with pid [219062]
[INFO] [parameter_bridge-14]: process started with pid [219063]
[INFO] [static_transform_publisher-15]: process started with pid [219064]
[INFO] [robot_state_publisher-16]: process started with pid [219065]
[INFO] [create-17]: process started with pid [219068]
[INFO] [parameter_bridge-18]: process started with pid [219071]
[INFO] [static_transform_publisher-19]: process started with pid [219074]
[INFO] [robot_state_publisher-20]: process started with pid [219075]
[INFO] [create-21]: process started with pid [219076]
[INFO] [parameter_bridge-22]: process started with pid [219079]
[INFO] [static_transform_publisher-23]: process started with pid [219082]
[INFO] [task_manager-24]: process started with pid [219085]
[INFO] [cbba_node-25]: process started with pid [219090]
[INFO] [cbba_node-26]: process started with pid [219095]
[INFO] [cbba_node-27]: process started with pid [219100]
[INFO] [cbba_node-28]: process started with pid [219104]
[INFO] [cbba_node-29]: process started with pid [219107]
[INFO] [rh_node-30]: process started with pid [219114]
[INFO] [rh_node-31]: process started with pid [219117]
[INFO] [rh_node-32]: process started with pid [219120]
[INFO] [rh_node-33]: process started with pid [219123]
[INFO] [rh_node-34]: process started with pid [219126]
[robot_state_publisher-4] [INFO] [1789368400.126441076] [amr_0.robot_state_publisher]: Robot initialized
[parameter_bridge-6] [INFO] [1789368403.416718006] [amr_0_bridge]: Creating ROS->GZ Bridge: [/amr_0/cmd_vel (geometry_msgs/msg/Twist) -> /amr_0/cmd_vel (gz.msgs.Twist)] (Lazy 0)
[parameter_bridge-6] [INFO] [1789368403.696152392] [amr_0_bridge]: Creating GZ->ROS Bridge: [/amr_0/odom (gz.msgs.Odometry) -> /amr_0/odom (nav_msgs/msg/Odometry)] (Lazy 0)
[parameter_bridge-6] [INFO] [1789368404.013825680] [amr_0_bridge]: Creating GZ->ROS Bridge: [/amr_0/scan (gz.msgs.LaserScan) -> /amr_0/scan (sensor_msgs/msg/LaserScan)] (Lazy 0)
[create-5] [INFO] [1789368404.281481397] [amr_0_spawner]: Requesting list of world names.
[parameter_bridge-6] [INFO] [1789368404.351510542] [amr_0_bridge]: Creating GZ->ROS Bridge: [/amr_0/tf (gz.msgs.Pose_V) -> /amr_0/tf (tf2_msgs/msg/TFMessage)] (Lazy 0)
[parameter_bridge-22] [INFO] [1789368404.378715475] [amr_4_bridge]: Creating ROS->GZ Bridge: [/amr_4/cmd_vel (geometry_msgs/msg/Twist) -> /amr_4/cmd_vel (gz.msgs.Twist)] (Lazy 0)
[robot_state_publisher-16] [INFO] [1789368404.390869695] [amr_3.robot_state_publisher]: Robot initialized
[parameter_bridge-2] [INFO] [1789368404.404337537] [clock_bridge]: Creating GZ->ROS Bridge: [/clock (gz.msgs.Clock) -> /clock (rosgraph_msgs/msg/Clock)] (Lazy 0)
[static_transform_publisher-15] [INFO] [1789368404.457783616] [amr_2_map_to_odom]: Spinning until stopped - publishing transform
[static_transform_publisher-15] translation: ('2.000000', '8.000000', '0.000000')
[static_transform_publisher-15] rotation: ('0.000000', '0.000000', '0.000000', '1.000000')
[static_transform_publisher-15] from 'map' to 'amr_2/odom'
[parameter_bridge-6] [INFO] [1789368404.478338396] [amr_0_bridge]: Creating GZ->ROS Bridge: [/amr_0/joint_states (gz.msgs.Model) -> /amr_0/joint_states (sensor_msgs/msg/JointState)] (Lazy 0)
[parameter_bridge-22] [INFO] [1789368404.504995406] [amr_4_bridge]: Creating GZ->ROS Bridge: [/amr_4/odom (gz.msgs.Odometry) -> /amr_4/odom (nav_msgs/msg/Odometry)] (Lazy 0)
[create-5] [INFO] [1789368404.627606556] [amr_0_spawner]: Waiting messages on topic [amr_0/robot_description].
[robot_state_publisher-8] [INFO] [1789368404.729140592] [amr_1.robot_state_publisher]: Robot initialized
[static_transform_publisher-23] [INFO] [1789368405.016316394] [amr_4_map_to_odom]: Spinning until stopped - publishing transform
[static_transform_publisher-23] translation: ('2.000000', '14.000000', '0.000000')
[static_transform_publisher-23] rotation: ('0.000000', '0.000000', '0.000000', '1.000000')
[static_transform_publisher-23] from 'map' to 'amr_4/odom'
[parameter_bridge-22] [INFO] [1789368405.028443645] [amr_4_bridge]: Creating GZ->ROS Bridge: [/amr_4/scan (gz.msgs.LaserScan) -> /amr_4/scan (sensor_msgs/msg/LaserScan)] (Lazy 0)
[static_transform_publisher-11] [INFO] [1789368405.128220534] [amr_1_map_to_odom]: Spinning until stopped - publishing transform
[static_transform_publisher-11] translation: ('2.000000', '5.000000', '0.000000')
[static_transform_publisher-11] rotation: ('0.000000', '0.000000', '0.000000', '1.000000')
[static_transform_publisher-11] from 'map' to 'amr_1/odom'
[create-5] [INFO] [1789368405.130587069] [amr_0_spawner]: Entity creation successful.
[parameter_bridge-10] [INFO] [1789368405.663931729] [amr_1_bridge]: Creating ROS->GZ Bridge: [/amr_1/cmd_vel (geometry_msgs/msg/Twist) -> /amr_1/cmd_vel (gz.msgs.Twist)] (Lazy 0)
[create-17] [INFO] [1789368405.777416742] [amr_3_spawner]: Requesting list of world names.
[gazebo-1] [1;33mWarning [Utils.cc:132][0m [/sdf/model[@name="amr"]/link[@name="amr_0/base_footprint"]/sensor[@name="amr_0_lidar"]/gz_frame_id:<urdf-string>:L0]: XML Element[gz_frame_id], child of element[sensor], not defined in SDF. Copying[gz_frame_id] as children of [sensor].
[create-17] [INFO] [1789368406.011462337] [amr_3_spawner]: Waiting messages on topic [amr_3/robot_description].
[parameter_bridge-14] [INFO] [1789368406.058122011] [amr_2_bridge]: Creating ROS->GZ Bridge: [/amr_2/cmd_vel (geometry_msgs/msg/Twist) -> /amr_2/cmd_vel (gz.msgs.Twist)] (Lazy 0)
[INFO] [create-5]: process has finished cleanly [pid 219054]
[parameter_bridge-10] [INFO] [1789368406.171974687] [amr_1_bridge]: Creating GZ->ROS Bridge: [/amr_1/odom (gz.msgs.Odometry) -> /amr_1/odom (nav_msgs/msg/Odometry)] (Lazy 0)
[parameter_bridge-22] [INFO] [1789368406.189039509] [amr_4_bridge]: Creating GZ->ROS Bridge: [/amr_4/tf (gz.msgs.Pose_V) -> /amr_4/tf (tf2_msgs/msg/TFMessage)] (Lazy 0)
[create-9] [INFO] [1789368406.194794073] [amr_1_spawner]: Requesting list of world names.
[parameter_bridge-14] [INFO] [1789368406.319888353] [amr_2_bridge]: Creating GZ->ROS Bridge: [/amr_2/odom (gz.msgs.Odometry) -> /amr_2/odom (nav_msgs/msg/Odometry)] (Lazy 0)
[robot_state_publisher-12] [INFO] [1789368406.500712982] [amr_2.robot_state_publisher]: Robot initialized
[static_transform_publisher-19] [INFO] [1789368406.624706093] [amr_3_map_to_odom]: Spinning until stopped - publishing transform
[static_transform_publisher-19] translation: ('2.000000', '11.000000', '0.000000')
[static_transform_publisher-19] rotation: ('0.000000', '0.000000', '0.000000', '1.000000')
[static_transform_publisher-19] from 'map' to 'amr_3/odom'
[static_transform_publisher-7] [INFO] [1789368406.676566676] [amr_0_map_to_odom]: Spinning until stopped - publishing transform
[static_transform_publisher-7] translation: ('2.000000', '2.000000', '0.000000')
[static_transform_publisher-7] rotation: ('0.000000', '0.000000', '0.000000', '1.000000')
[static_transform_publisher-7] from 'map' to 'amr_0/odom'
[create-9] [INFO] [1789368406.725115456] [amr_1_spawner]: Waiting messages on topic [amr_1/robot_description].
[parameter_bridge-10] [INFO] [1789368406.778972878] [amr_1_bridge]: Creating GZ->ROS Bridge: [/amr_1/scan (gz.msgs.LaserScan) -> /amr_1/scan (sensor_msgs/msg/LaserScan)] (Lazy 0)
[parameter_bridge-14] [INFO] [1789368406.783349538] [amr_2_bridge]: Creating GZ->ROS Bridge: [/amr_2/scan (gz.msgs.LaserScan) -> /amr_2/scan (sensor_msgs/msg/LaserScan)] (Lazy 0)
[create-17] [INFO] [1789368407.029163145] [amr_3_spawner]: Waiting messages on topic [amr_3/robot_description].
[parameter_bridge-22] [INFO] [1789368407.073087850] [amr_4_bridge]: Creating GZ->ROS Bridge: [/amr_4/joint_states (gz.msgs.Model) -> /amr_4/joint_states (sensor_msgs/msg/JointState)] (Lazy 0)
[parameter_bridge-10] [INFO] [1789368407.097473974] [amr_1_bridge]: Creating GZ->ROS Bridge: [/amr_1/tf (gz.msgs.Pose_V) -> /amr_1/tf (tf2_msgs/msg/TFMessage)] (Lazy 0)
[parameter_bridge-14] [INFO] [1789368407.206244267] [amr_2_bridge]: Creating GZ->ROS Bridge: [/amr_2/tf (gz.msgs.Pose_V) -> /amr_2/tf (tf2_msgs/msg/TFMessage)] (Lazy 0)
[create-13] [INFO] [1789368407.369684577] [amr_2_spawner]: Requesting list of world names.
[create-21] [INFO] [1789368407.489624769] [amr_4_spawner]: Requesting list of world names.
[parameter_bridge-10] [INFO] [1789368407.505402374] [amr_1_bridge]: Creating GZ->ROS Bridge: [/amr_1/joint_states (gz.msgs.Model) -> /amr_1/joint_states (sensor_msgs/msg/JointState)] (Lazy 0)
[parameter_bridge-14] [INFO] [1789368407.509614795] [amr_2_bridge]: Creating GZ->ROS Bridge: [/amr_2/joint_states (gz.msgs.Model) -> /amr_2/joint_states (sensor_msgs/msg/JointState)] (Lazy 0)
[create-13] [INFO] [1789368407.680188522] [amr_2_spawner]: Waiting messages on topic [amr_2/robot_description].
[create-9] [INFO] [1789368407.735579049] [amr_1_spawner]: Waiting messages on topic [amr_1/robot_description].
[task_manager-24] [INFO] [1789368407.764407546] [amr_task_manager]: Loaded 15 tasks from workload: /home/raghav/Downloads/NRDAS_Antigravity_Project_Starter/antigravity_amr_project/config/workloads/workload_15_tasks.yaml
[create-17] [INFO] [1789368407.825242620] [amr_3_spawner]: Entity creation successful.
[parameter_bridge-18] [INFO] [1789368408.168594378] [amr_3_bridge]: Creating ROS->GZ Bridge: [/amr_3/cmd_vel (geometry_msgs/msg/Twist) -> /amr_3/cmd_vel (gz.msgs.Twist)] (Lazy 0)
[create-21] [INFO] [1789368408.179475256] [amr_4_spawner]: Waiting messages on topic [amr_4/robot_description].
[INFO] [create-17]: process has finished cleanly [pid 219068]
[task_manager-24] [INFO] [1789368408.514599697] [amr_task_manager]: Task Manager Node initialized.
[create-9] [INFO] [1789368408.554128255] [amr_1_spawner]: Entity creation successful.
[parameter_bridge-18] [INFO] [1789368408.592684565] [amr_3_bridge]: Creating GZ->ROS Bridge: [/amr_3/odom (gz.msgs.Odometry) -> /amr_3/odom (nav_msgs/msg/Odometry)] (Lazy 0)
[robot_state_publisher-20] [INFO] [1789368408.620966023] [amr_4.robot_state_publisher]: Robot initialized
[gazebo-1] [1;33mWarning [Utils.cc:132][0m [/sdf/model[@name="amr"]/link[@name="amr_3/base_footprint"]/sensor[@name="amr_3_lidar"]/gz_frame_id:<urdf-string>:L0]: XML Element[gz_frame_id], child of element[sensor], not defined in SDF. Copying[gz_frame_id] as children of [sensor].
[warehouse_visualizer-3] [INFO] [1789368408.690302500] [warehouse_visualizer]: WarehouseVisualizerNode started. Publishing to /warehouse_markers.
[create-13] [INFO] [1789368408.710341574] [amr_2_spawner]: Waiting messages on topic [amr_2/robot_description].
[parameter_bridge-18] [INFO] [1789368408.736381920] [amr_3_bridge]: Creating GZ->ROS Bridge: [/amr_3/scan (gz.msgs.LaserScan) -> /amr_3/scan (sensor_msgs/msg/LaserScan)] (Lazy 0)
[gazebo-1] [1;33mWarning [Utils.cc:132][0m [/sdf/model[@name="amr"]/link[@name="amr_1/base_footprint"]/sensor[@name="amr_1_lidar"]/gz_frame_id:<urdf-string>:L0]: XML Element[gz_frame_id], child of element[sensor], not defined in SDF. Copying[gz_frame_id] as children of [sensor].
[cbba_node-27] [INFO] [1789368408.750619253] [amr_2.cbba_node]: CBBA Node initialized for amr_2 (bundle cap: 4)
[cbba_node-28] [INFO] [1789368408.781177303] [amr_3.cbba_node]: CBBA Node initialized for amr_3 (bundle cap: 4)
[cbba_node-26] [INFO] [1789368408.795818586] [amr_1.cbba_node]: CBBA Node initialized for amr_1 (bundle cap: 4)
[parameter_bridge-18] [INFO] [1789368408.807737211] [amr_3_bridge]: Creating GZ->ROS Bridge: [/amr_3/tf (gz.msgs.Pose_V) -> /amr_3/tf (tf2_msgs/msg/TFMessage)] (Lazy 0)
[cbba_node-25] [INFO] [1789368408.813645619] [amr_0.cbba_node]: CBBA Node initialized for amr_0 (bundle cap: 4)
[cbba_node-29] [INFO] [1789368408.831491970] [amr_4.cbba_node]: CBBA Node initialized for amr_4 (bundle cap: 4)
[rh_node-33] [INFO] [1789368408.834900865] [amr_3.rh_node]: Rolling-Horizon Planner initialized for amr_3 (h=10, w=4, heuristic=PRIORITY_FIRST)
[INFO] [create-9]: process has finished cleanly [pid 219058]
[parameter_bridge-18] [INFO] [1789368408.882911858] [amr_3_bridge]: Creating GZ->ROS Bridge: [/amr_3/joint_states (gz.msgs.Model) -> /amr_3/joint_states (sensor_msgs/msg/JointState)] (Lazy 0)
[rh_node-32] [INFO] [1789368408.888183699] [amr_2.rh_node]: Rolling-Horizon Planner initialized for amr_2 (h=10, w=4, heuristic=PRIORITY_FIRST)
[rh_node-34] [INFO] [1789368408.896377617] [amr_4.rh_node]: Rolling-Horizon Planner initialized for amr_4 (h=10, w=4, heuristic=PRIORITY_FIRST)
[create-21] [INFO] [1789368408.915087214] [amr_4_spawner]: Entity creation successful.
[rh_node-30] [INFO] [1789368408.918590150] [amr_0.rh_node]: Rolling-Horizon Planner initialized for amr_0 (h=10, w=4, heuristic=PRIORITY_FIRST)
[rh_node-31] [INFO] [1789368408.955311475] [amr_1.rh_node]: Rolling-Horizon Planner initialized for amr_1 (h=10, w=4, heuristic=PRIORITY_FIRST)
[gazebo-1] [1;33mWarning [Utils.cc:132][0m [/sdf/model[@name="amr"]/link[@name="amr_4/base_footprint"]/sensor[@name="amr_4_lidar"]/gz_frame_id:<urdf-string>:L0]: XML Element[gz_frame_id], child of element[sensor], not defined in SDF. Copying[gz_frame_id] as children of [sensor].
[INFO] [create-21]: process has finished cleanly [pid 219076]
[parameter_bridge-14] [INFO] [1789368409.123064479] [amr_2_bridge]: Passing message from ROS geometry_msgs/msg/Twist to Gazebo gz.msgs.Twist (showing msg only once per type)
[create-13] [INFO] [1789368409.136201574] [amr_2_spawner]: Entity creation successful.
[gazebo-1] [1;33mWarning [Utils.cc:132][0m [/sdf/model[@name="amr"]/link[@name="amr_2/base_footprint"]/sensor[@name="amr_2_lidar"]/gz_frame_id:<urdf-string>:L0]: XML Element[gz_frame_id], child of element[sensor], not defined in SDF. Copying[gz_frame_id] as children of [sensor].
[parameter_bridge-6] [INFO] [1789368409.187555208] [amr_0_bridge]: Passing message from ROS geometry_msgs/msg/Twist to Gazebo gz.msgs.Twist (showing msg only once per type)
[parameter_bridge-18] [INFO] [1789368409.205335194] [amr_3_bridge]: Passing message from ROS geometry_msgs/msg/Twist to Gazebo gz.msgs.Twist (showing msg only once per type)
[parameter_bridge-10] [INFO] [1789368409.218393291] [amr_1_bridge]: Passing message from ROS geometry_msgs/msg/Twist to Gazebo gz.msgs.Twist (showing msg only once per type)
[INFO] [create-13]: process has finished cleanly [pid 219062]
[parameter_bridge-22] [INFO] [1789368409.265604324] [amr_4_bridge]: Passing message from ROS geometry_msgs/msg/Twist to Gazebo gz.msgs.Twist (showing msg only once per type)
[rh_node-32] [INFO] [1789368409.323832052] [amr_2.rh_node]: [amr_2] Reached pickup for task 'task_w15_0001'. Moving to dropoff.
[task_manager-24] [INFO] [1789368409.326062623] [amr_task_manager]: Task 'task_w15_0001' transitioned to IN_PROGRESS
[rh_node-34] [INFO] [1789368413.366855516] [amr_4.rh_node]: [amr_4] Pruned expired reservations for peers: ['amr_2']
[rh_node-30] [INFO] [1789368413.390028986] [amr_0.rh_node]: [amr_0] Pruned expired reservations for peers: ['amr_2']
[rh_node-31] [INFO] [1789368413.419759589] [amr_1.rh_node]: [amr_1] Pruned expired reservations for peers: ['amr_2']
[rh_node-33] [INFO] [1789368413.807009336] [amr_3.rh_node]: [amr_3] Pruned expired reservations for peers: ['amr_2']
[rh_node-34] [INFO] [1789368413.866621819] [amr_4.rh_node]: [amr_4] Pruned expired reservations for peers: ['amr_2']
[rh_node-30] [INFO] [1789368413.888907514] [amr_0.rh_node]: [amr_0] Pruned expired reservations for peers: ['amr_2']
[rh_node-31] [INFO] [1789368413.919725439] [amr_1.rh_node]: [amr_1] Pruned expired reservations for peers: ['amr_2']
[rh_node-33] [INFO] [1789368414.307829997] [amr_3.rh_node]: [amr_3] Pruned expired reservations for peers: ['amr_2']
[rh_node-34] [INFO] [1789368414.367721578] [amr_4.rh_node]: [amr_4] Pruned expired reservations for peers: ['amr_2']
[rh_node-30] [INFO] [1789368414.389115091] [amr_0.rh_node]: [amr_0] Pruned expired reservations for peers: ['amr_2']
[rh_node-31] [INFO] [1789368414.420730847] [amr_1.rh_node]: [amr_1] Pruned expired reservations for peers: ['amr_2']
[rh_node-33] [INFO] [1789368414.807064034] [amr_3.rh_node]: [amr_3] Pruned expired reservations for peers: ['amr_2']
[rh_node-34] [INFO] [1789368414.867460464] [amr_4.rh_node]: [amr_4] Pruned expired reservations for peers: ['amr_2']
[rh_node-30] [INFO] [1789368414.889374634] [amr_0.rh_node]: [amr_0] Pruned expired reservations for peers: ['amr_2']
[rh_node-31] [INFO] [1789368414.920753621] [amr_1.rh_node]: [amr_1] Pruned expired reservations for peers: ['amr_2']
[rh_node-33] [INFO] [1789368415.306702282] [amr_3.rh_node]: [amr_3] Pruned expired reservations for peers: ['amr_2']
[rh_node-34] [INFO] [1789368415.368110353] [amr_4.rh_node]: [amr_4] Pruned expired reservations for peers: ['amr_2']
[rh_node-30] [INFO] [1789368415.390120307] [amr_0.rh_node]: [amr_0] Pruned expired reservations for peers: ['amr_2']
[rh_node-31] [INFO] [1789368415.419539247] [amr_1.rh_node]: [amr_1] Pruned expired reservations for peers: ['amr_2']
[rh_node-33] [INFO] [1789368415.807054737] [amr_3.rh_node]: [amr_3] Pruned expired reservations for peers: ['amr_2']
[rh_node-34] [INFO] [1789368415.866585021] [amr_4.rh_node]: [amr_4] Pruned expired reservations for peers: ['amr_2']
[rh_node-30] [INFO] [1789368415.888865013] [amr_0.rh_node]: [amr_0] Pruned expired reservations for peers: ['amr_2']
[rh_node-31] [INFO] [1789368415.921468879] [amr_1.rh_node]: [amr_1] Pruned expired reservations for peers: ['amr_2']
[rh_node-33] [INFO] [1789368416.307109505] [amr_3.rh_node]: [amr_3] Pruned expired reservations for peers: ['amr_2']
[rh_node-34] [INFO] [1789368416.366991955] [amr_4.rh_node]: [amr_4] Pruned expired reservations for peers: ['amr_2']
[rh_node-30] [INFO] [1789368416.388897659] [amr_0.rh_node]: [amr_0] Pruned expired reservations for peers: ['amr_2']
[rh_node-31] [INFO] [1789368416.420395281] [amr_1.rh_node]: [amr_1] Pruned expired reservations for peers: ['amr_2']
[rh_node-33] [INFO] [1789368416.807009248] [amr_3.rh_node]: [amr_3] Pruned expired reservations for peers: ['amr_2']
[rh_node-34] [INFO] [1789368416.867700100] [amr_4.rh_node]: [amr_4] Pruned expired reservations for peers: ['amr_2']
[rh_node-30] [INFO] [1789368416.889459979] [amr_0.rh_node]: [amr_0] Pruned expired reservations for peers: ['amr_2']
[rh_node-31] [INFO] [1789368416.920030623] [amr_1.rh_node]: [amr_1] Pruned expired reservations for peers: ['amr_2']
[rh_node-33] [INFO] [1789368417.306123161] [amr_3.rh_node]: [amr_3] Pruned expired reservations for peers: ['amr_2']
[rh_node-34] [INFO] [1789368417.367765741] [amr_4.rh_node]: [amr_4] Pruned expired reservations for peers: ['amr_2']
[rh_node-30] [INFO] [1789368417.390639637] [amr_0.rh_node]: [amr_0] Pruned expired reservations for peers: ['amr_2']
[rh_node-31] [INFO] [1789368417.419149602] [amr_1.rh_node]: [amr_1] Pruned expired reservations for peers: ['amr_2']
[rh_node-33] [INFO] [1789368417.806948578] [amr_3.rh_node]: [amr_3] Pruned expired reservations for peers: ['amr_2']
[rh_node-34] [INFO] [1789368417.867431426] [amr_4.rh_node]: [amr_4] Pruned expired reservations for peers: ['amr_2']
[rh_node-30] [INFO] [1789368417.888938469] [amr_0.rh_node]: [amr_0] Pruned expired reservations for peers: ['amr_2']
[rh_node-31] [INFO] [1789368417.919188872] [amr_1.rh_node]: [amr_1] Pruned expired reservations for peers: ['amr_2']
[rh_node-33] [INFO] [1789368418.307072065] [amr_3.rh_node]: [amr_3] Pruned expired reservations for peers: ['amr_2']
[rh_node-34] [INFO] [1789368418.366937938] [amr_4.rh_node]: [amr_4] Pruned expired reservations for peers: ['amr_2']
[rh_node-30] [INFO] [1789368418.391666163] [amr_0.rh_node]: [amr_0] Pruned expired reservations for peers: ['amr_2']
[rh_node-31] [INFO] [1789368418.419189597] [amr_1.rh_node]: [amr_1] Pruned expired reservations for peers: ['amr_2']
[rh_node-33] [INFO] [1789368418.807080428] [amr_3.rh_node]: [amr_3] Pruned expired reservations for peers: ['amr_2']
[rh_node-34] [INFO] [1789368418.867640899] [amr_4.rh_node]: [amr_4] Pruned expired reservations for peers: ['amr_2']
[rh_node-30] [INFO] [1789368418.889934594] [amr_0.rh_node]: [amr_0] Pruned expired reservations for peers: ['amr_2']
[cbba_node-27] [INFO] [1789368418.918617853] [amr_2.cbba_node]: Committed task task_w15_0001 assignment to amr_2
[task_manager-24] [ERROR] [1789368418.919292318] [amr_task_manager]: Rejected transition for task 'task_w15_0001': Invalid task transition from IN_PROGRESS to ASSIGNED for task 'task_w15_0001'
[cbba_node-27] [INFO] [1789368418.919494222] [amr_2.cbba_node]: Committed task task_w15_0007 assignment to amr_2
[cbba_node-27] [INFO] [1789368418.920591003] [amr_2.cbba_node]: Committed task task_w15_0013 assignment to amr_2
[task_manager-24] [INFO] [1789368418.921355514] [amr_task_manager]: Task 'task_w15_0007' transitioned to ASSIGNED
[rh_node-31] [INFO] [1789368418.921747536] [amr_1.rh_node]: [amr_1] Pruned expired reservations for peers: ['amr_2']
[task_manager-24] [INFO] [1789368418.923130190] [amr_task_manager]: Task 'task_w15_0013' transitioned to ASSIGNED
[task_manager-24] [INFO] [1789368418.929391771] [amr_task_manager]: Task 'task_w15_0003' transitioned to ASSIGNED
[cbba_node-28] [INFO] [1789368418.929404465] [amr_3.cbba_node]: Committed task task_w15_0003 assignment to amr_3
[cbba_node-28] [INFO] [1789368418.930218873] [amr_3.cbba_node]: Committed task task_w15_0008 assignment to amr_3
[task_manager-24] [INFO] [1789368418.930766977] [amr_task_manager]: Task 'task_w15_0008' transitioned to ASSIGNED
[cbba_node-28] [INFO] [1789368418.931313566] [amr_3.cbba_node]: Committed task task_w15_0014 assignment to amr_3
[task_manager-24] [INFO] [1789368418.932598827] [amr_task_manager]: Task 'task_w15_0014' transitioned to ASSIGNED
[task_manager-24] [INFO] [1789368418.959854479] [amr_task_manager]: Task 'task_w15_0002' transitioned to ASSIGNED
[cbba_node-26] [INFO] [1789368418.960028746] [amr_1.cbba_node]: Committed task task_w15_0002 assignment to amr_1
[task_manager-24] [INFO] [1789368418.961050025] [amr_task_manager]: Task 'task_w15_0006' transitioned to ASSIGNED
[cbba_node-26] [INFO] [1789368418.961094964] [amr_1.cbba_node]: Committed task task_w15_0006 assignment to amr_1
[cbba_node-26] [INFO] [1789368418.962004194] [amr_1.cbba_node]: Committed task task_w15_0011 assignment to amr_1
[task_manager-24] [INFO] [1789368418.962047034] [amr_task_manager]: Task 'task_w15_0011' transitioned to ASSIGNED
[task_manager-24] [INFO] [1789368418.983533526] [amr_task_manager]: Task 'task_w15_0012' transitioned to ASSIGNED
[cbba_node-25] [INFO] [1789368418.983667803] [amr_0.cbba_node]: Committed task task_w15_0012 assignment to amr_0
[task_manager-24] [INFO] [1789368418.984889629] [amr_task_manager]: Task 'task_w15_0005' transitioned to ASSIGNED
[cbba_node-25] [INFO] [1789368418.985370609] [amr_0.cbba_node]: Committed task task_w15_0005 assignment to amr_0
[task_manager-24] [INFO] [1789368418.986577304] [amr_task_manager]: Task 'task_w15_0010' transitioned to ASSIGNED
[cbba_node-25] [INFO] [1789368418.986926248] [amr_0.cbba_node]: Committed task task_w15_0010 assignment to amr_0
[task_manager-24] [INFO] [1789368418.987912823] [amr_task_manager]: Task 'task_w15_0004' transitioned to ASSIGNED
[cbba_node-29] [INFO] [1789368418.987942504] [amr_4.cbba_node]: Committed task task_w15_0004 assignment to amr_4
[task_manager-24] [INFO] [1789368418.989052660] [amr_task_manager]: Task 'task_w15_0009' transitioned to ASSIGNED
[cbba_node-29] [INFO] [1789368418.989528086] [amr_4.cbba_node]: Committed task task_w15_0009 assignment to amr_4
[task_manager-24] [INFO] [1789368418.990722328] [amr_task_manager]: Task 'task_w15_0015' transitioned to ASSIGNED
[cbba_node-29] [INFO] [1789368418.991053795] [amr_4.cbba_node]: Committed task task_w15_0015 assignment to amr_4
[rh_node-33] [INFO] [1789368419.306529303] [amr_3.rh_node]: [amr_3] Pruned expired reservations for peers: ['amr_2']
[rh_node-34] [INFO] [1789368419.367787063] [amr_4.rh_node]: [amr_4] Pruned expired reservations for peers: ['amr_2']
[rh_node-30] [INFO] [1789368419.389962795] [amr_0.rh_node]: [amr_0] Pruned expired reservations for peers: ['amr_2']
[rh_node-31] [INFO] [1789368419.419967744] [amr_1.rh_node]: [amr_1] Pruned expired reservations for peers: ['amr_2']
[rh_node-33] [INFO] [1789368419.807117508] [amr_3.rh_node]: [amr_3] Pruned expired reservations for peers: ['amr_2']
[rh_node-34] [INFO] [1789368419.867997763] [amr_4.rh_node]: [amr_4] Pruned expired reservations for peers: ['amr_2']
[rh_node-30] [INFO] [1789368419.890629874] [amr_0.rh_node]: [amr_0] Pruned expired reservations for peers: ['amr_2']
[rh_node-31] [INFO] [1789368419.919322442] [amr_1.rh_node]: [amr_1] Pruned expired reservations for peers: ['amr_2']
[rh_node-33] [INFO] [1789368420.306948774] [amr_3.rh_node]: [amr_3] Pruned expired reservations for peers: ['amr_2']
[rh_node-34] [INFO] [1789368420.366707821] [amr_4.rh_node]: [amr_4] Pruned expired reservations for peers: ['amr_2']
[rh_node-30] [INFO] [1789368420.389281021] [amr_0.rh_node]: [amr_0] Pruned expired reservations for peers: ['amr_2']
[rh_node-31] [INFO] [1789368420.419073904] [amr_1.rh_node]: [amr_1] Pruned expired reservations for peers: ['amr_2']
[rh_node-33] [INFO] [1789368420.807700912] [amr_3.rh_node]: [amr_3] Pruned expired reservations for peers: ['amr_2']
[rh_node-34] [INFO] [1789368420.867240980] [amr_4.rh_node]: [amr_4] Pruned expired reservations for peers: ['amr_2']
[rh_node-30] [INFO] [1789368420.888842825] [amr_0.rh_node]: [amr_0] Pruned expired reservations for peers: ['amr_2']
[rh_node-31] [INFO] [1789368420.920571501] [amr_1.rh_node]: [amr_1] Pruned expired reservations for peers: ['amr_2']
[rh_node-33] [INFO] [1789368421.307003291] [amr_3.rh_node]: [amr_3] Pruned expired reservations for peers: ['amr_2']
[rh_node-34] [INFO] [1789368421.367335649] [amr_4.rh_node]: [amr_4] Pruned expired reservations for peers: ['amr_2']
[rh_node-30] [INFO] [1789368421.389633954] [amr_0.rh_node]: [amr_0] Pruned expired reservations for peers: ['amr_2']
[rh_node-31] [INFO] [1789368421.419171130] [amr_1.rh_node]: [amr_1] Pruned expired reservations for peers: ['amr_2']
[rh_node-33] [INFO] [1789368421.807373189] [amr_3.rh_node]: [amr_3] Pruned expired reservations for peers: ['amr_2']
[rh_node-34] [INFO] [1789368421.866768364] [amr_4.rh_node]: [amr_4] Pruned expired reservations for peers: ['amr_2']
[rh_node-30] [INFO] [1789368421.888887865] [amr_0.rh_node]: [amr_0] Pruned expired reservations for peers: ['amr_2']
[rh_node-31] [INFO] [1789368421.920144369] [amr_1.rh_node]: [amr_1] Pruned expired reservations for peers: ['amr_2']
[rh_node-33] [INFO] [1789368422.306038294] [amr_3.rh_node]: [amr_3] Pruned expired reservations for peers: ['amr_2']
[rh_node-34] [INFO] [1789368422.366587685] [amr_4.rh_node]: [amr_4] Pruned expired reservations for peers: ['amr_2']
[rh_node-30] [INFO] [1789368422.388771936] [amr_0.rh_node]: [amr_0] Pruned expired reservations for peers: ['amr_2']
[rh_node-31] [INFO] [1789368422.419652198] [amr_1.rh_node]: [amr_1] Pruned expired reservations for peers: ['amr_2']
[rh_node-33] [INFO] [1789368422.807026099] [amr_3.rh_node]: [amr_3] Pruned expired reservations for peers: ['amr_2']
[rh_node-34] [INFO] [1789368422.868165557] [amr_4.rh_node]: [amr_4] Pruned expired reservations for peers: ['amr_2']
[rh_node-30] [INFO] [1789368422.889779677] [amr_0.rh_node]: [amr_0] Pruned expired reservations for peers: ['amr_2']
[rh_node-31] [INFO] [1789368422.919779004] [amr_1.rh_node]: [amr_1] Pruned expired reservations for peers: ['amr_2']
[rh_node-33] [INFO] [1789368423.306146724] [amr_3.rh_node]: [amr_3] Pruned expired reservations for peers: ['amr_2']
[rh_node-34] [INFO] [1789368423.368523697] [amr_4.rh_node]: [amr_4] Pruned expired reservations for peers: ['amr_2']
[rh_node-30] [INFO] [1789368423.388849412] [amr_0.rh_node]: [amr_0] Pruned expired reservations for peers: ['amr_2']
[rh_node-31] [INFO] [1789368423.419000899] [amr_1.rh_node]: [amr_1] Pruned expired reservations for peers: ['amr_2']
[rh_node-33] [INFO] [1789368423.806152925] [amr_3.rh_node]: [amr_3] Pruned expired reservations for peers: ['amr_2']
[rh_node-34] [INFO] [1789368423.866788016] [amr_4.rh_node]: [amr_4] Pruned expired reservations for peers: ['amr_2']
[rh_node-30] [INFO] [1789368423.891128210] [amr_0.rh_node]: [amr_0] Pruned expired reservations for peers: ['amr_2']
[rh_node-31] [INFO] [1789368423.920425085] [amr_1.rh_node]: [amr_1] Pruned expired reservations for peers: ['amr_2']
[rh_node-33] [INFO] [1789368424.307898227] [amr_3.rh_node]: [amr_3] Pruned expired reservations for peers: ['amr_2']
[rh_node-34] [INFO] [1789368424.368238375] [amr_4.rh_node]: [amr_4] Pruned expired reservations for peers: ['amr_2']
[rh_node-30] [INFO] [1789368424.389458753] [amr_0.rh_node]: [amr_0] Pruned expired reservations for peers: ['amr_2']
[rh_node-31] [INFO] [1789368424.419308551] [amr_1.rh_node]: [amr_1] Pruned expired reservations for peers: ['amr_2']
[rh_node-33] [INFO] [1789368424.806133481] [amr_3.rh_node]: [amr_3] Pruned expired reservations for peers: ['amr_2']
[rh_node-34] [INFO] [1789368424.866872055] [amr_4.rh_node]: [amr_4] Pruned expired reservations for peers: ['amr_2']
[rh_node-30] [INFO] [1789368424.888937351] [amr_0.rh_node]: [amr_0] Pruned expired reservations for peers: ['amr_2']
[rh_node-31] [INFO] [1789368424.919961419] [amr_1.rh_node]: [amr_1] Pruned expired reservations for peers: ['amr_2']
[rh_node-33] [INFO] [1789368425.306635016] [amr_3.rh_node]: [amr_3] Pruned expired reservations for peers: ['amr_2']
[rh_node-34] [INFO] [1789368425.367418801] [amr_4.rh_node]: [amr_4] Pruned expired reservations for peers: ['amr_2']
[rh_node-30] [INFO] [1789368425.390345168] [amr_0.rh_node]: [amr_0] Pruned expired reservations for peers: ['amr_2']
[rh_node-31] [INFO] [1789368425.419540194] [amr_1.rh_node]: [amr_1] Pruned expired reservations for peers: ['amr_2']
[rh_node-33] [INFO] [1789368425.807600812] [amr_3.rh_node]: [amr_3] Pruned expired reservations for peers: ['amr_2']
[rh_node-34] [INFO] [1789368425.866703061] [amr_4.rh_node]: [amr_4] Pruned expired reservations for peers: ['amr_2']
[rh_node-30] [INFO] [1789368425.888790009] [amr_0.rh_node]: [amr_0] Pruned expired reservations for peers: ['amr_2']
[rh_node-31] [INFO] [1789368425.920539615] [amr_1.rh_node]: [amr_1] Pruned expired reservations for peers: ['amr_2']
[rh_node-33] [INFO] [1789368426.306326991] [amr_3.rh_node]: [amr_3] Pruned expired reservations for peers: ['amr_2']
[rh_node-34] [INFO] [1789368426.367324601] [amr_4.rh_node]: [amr_4] Pruned expired reservations for peers: ['amr_2']
[rh_node-30] [INFO] [1789368426.389012697] [amr_0.rh_node]: [amr_0] Pruned expired reservations for peers: ['amr_2']
[rh_node-31] [INFO] [1789368426.420044348] [amr_1.rh_node]: [amr_1] Pruned expired reservations for peers: ['amr_2']
[rh_node-33] [INFO] [1789368426.806859875] [amr_3.rh_node]: [amr_3] Pruned expired reservations for peers: ['amr_2']
[rh_node-34] [INFO] [1789368426.866479769] [amr_4.rh_node]: [amr_4] Pruned expired reservations for peers: ['amr_2']
[rh_node-30] [INFO] [1789368426.888816206] [amr_0.rh_node]: [amr_0] Pruned expired reservations for peers: ['amr_2']
[rh_node-31] [INFO] [1789368426.919954077] [amr_1.rh_node]: [amr_1] Pruned expired reservations for peers: ['amr_2']
[rh_node-33] [INFO] [1789368427.306233868] [amr_3.rh_node]: [amr_3] Pruned expired reservations for peers: ['amr_2']
[rh_node-34] [INFO] [1789368427.366636586] [amr_4.rh_node]: [amr_4] Pruned expired reservations for peers: ['amr_2']
[rh_node-30] [INFO] [1789368427.389585246] [amr_0.rh_node]: [amr_0] Pruned expired reservations for peers: ['amr_2']
[rh_node-31] [INFO] [1789368427.419166965] [amr_1.rh_node]: [amr_1] Pruned expired reservations for peers: ['amr_2']
[rh_node-33] [INFO] [1789368427.805973998] [amr_3.rh_node]: [amr_3] Pruned expired reservations for peers: ['amr_2']
[rh_node-34] [INFO] [1789368427.867248829] [amr_4.rh_node]: [amr_4] Pruned expired reservations for peers: ['amr_2']
[rh_node-30] [INFO] [1789368427.890138274] [amr_0.rh_node]: [amr_0] Pruned expired reservations for peers: ['amr_2']
[rh_node-31] [INFO] [1789368427.919310889] [amr_1.rh_node]: [amr_1] Pruned expired reservations for peers: ['amr_2']
[rh_node-33] [INFO] [1789368428.307831840] [amr_3.rh_node]: [amr_3] Pruned expired reservations for peers: ['amr_2']
[rh_node-34] [INFO] [1789368428.367270767] [amr_4.rh_node]: [amr_4] Pruned expired reservations for peers: ['amr_2']
[rh_node-30] [INFO] [1789368428.388770825] [amr_0.rh_node]: [amr_0] Pruned expired reservations for peers: ['amr_2']
[rh_node-31] [INFO] [1789368428.419819780] [amr_1.rh_node]: [amr_1] Pruned expired reservations for peers: ['amr_2']
[rh_node-33] [INFO] [1789368428.806302293] [amr_3.rh_node]: [amr_3] Pruned expired reservations for peers: ['amr_2']
[rh_node-34] [INFO] [1789368428.867343901] [amr_4.rh_node]: [amr_4] Pruned expired reservations for peers: ['amr_2']
[rh_node-30] [INFO] [1789368428.888900786] [amr_0.rh_node]: [amr_0] Pruned expired reservations for peers: ['amr_2']
[rh_node-31] [INFO] [1789368428.919675773] [amr_1.rh_node]: [amr_1] Pruned expired reservations for peers: ['amr_2']
[rh_node-33] [INFO] [1789368429.306669904] [amr_3.rh_node]: [amr_3] Pruned expired reservations for peers: ['amr_2']
[rh_node-34] [INFO] [1789368429.366651645] [amr_4.rh_node]: [amr_4] Pruned expired reservations for peers: ['amr_2']
[rh_node-30] [INFO] [1789368429.389782094] [amr_0.rh_node]: [amr_0] Pruned expired reservations for peers: ['amr_2']
[rh_node-31] [INFO] [1789368429.419813268] [amr_1.rh_node]: [amr_1] Pruned expired reservations for peers: ['amr_2']
[rh_node-33] [INFO] [1789368429.806766624] [amr_3.rh_node]: [amr_3] Pruned expired reservations for peers: ['amr_2']
[rh_node-34] [INFO] [1789368429.866528409] [amr_4.rh_node]: [amr_4] Pruned expired reservations for peers: ['amr_2']
[rh_node-30] [INFO] [1789368429.889953652] [amr_0.rh_node]: [amr_0] Pruned expired reservations for peers: ['amr_2']
[rh_node-31] [INFO] [1789368429.920466330] [amr_1.rh_node]: [amr_1] Pruned expired reservations for peers: ['amr_2']
[rh_node-33] [INFO] [1789368430.307597131] [amr_3.rh_node]: [amr_3] Pruned expired reservations for peers: ['amr_2']
[rh_node-34] [INFO] [1789368430.366561545] [amr_4.rh_node]: [amr_4] Pruned expired reservations for peers: ['amr_2']
[rh_node-30] [INFO] [1789368430.389063695] [amr_0.rh_node]: [amr_0] Pruned expired reservations for peers: ['amr_2']
[rh_node-31] [INFO] [1789368430.419630588] [amr_1.rh_node]: [amr_1] Pruned expired reservations for peers: ['amr_2']
[rh_node-33] [INFO] [1789368430.806157396] [amr_3.rh_node]: [amr_3] Pruned expired reservations for peers: ['amr_2']
[rh_node-34] [INFO] [1789368430.867185145] [amr_4.rh_node]: [amr_4] Pruned expired reservations for peers: ['amr_2']
[rh_node-30] [INFO] [1789368430.889647987] [amr_0.rh_node]: [amr_0] Pruned expired reservations for peers: ['amr_2']
[rh_node-31] [INFO] [1789368430.919928268] [amr_1.rh_node]: [amr_1] Pruned expired reservations for peers: ['amr_2']
[rh_node-33] [INFO] [1789368431.307621754] [amr_3.rh_node]: [amr_3] Pruned expired reservations for peers: ['amr_2']
[rh_node-34] [INFO] [1789368431.367374036] [amr_4.rh_node]: [amr_4] Pruned expired reservations for peers: ['amr_2']
[rh_node-30] [INFO] [1789368431.389136574] [amr_0.rh_node]: [amr_0] Pruned expired reservations for peers: ['amr_2']
[rh_node-31] [INFO] [1789368431.419174136] [amr_1.rh_node]: [amr_1] Pruned expired reservations for peers: ['amr_2']
[rh_node-33] [INFO] [1789368431.806864342] [amr_3.rh_node]: [amr_3] Pruned expired reservations for peers: ['amr_2']
[rh_node-34] [INFO] [1789368431.866589362] [amr_4.rh_node]: [amr_4] Pruned expired reservations for peers: ['amr_2']
[rh_node-30] [INFO] [1789368431.888732244] [amr_0.rh_node]: [amr_0] Pruned expired reservations for peers: ['amr_2']
[rh_node-31] [INFO] [1789368431.920462141] [amr_1.rh_node]: [amr_1] Pruned expired reservations for peers: ['amr_2']
[rh_node-33] [INFO] [1789368432.306140225] [amr_3.rh_node]: [amr_3] Pruned expired reservations for peers: ['amr_2']
[rh_node-34] [INFO] [1789368432.366993340] [amr_4.rh_node]: [amr_4] Pruned expired reservations for peers: ['amr_2']
[rh_node-30] [INFO] [1789368432.389314398] [amr_0.rh_node]: [amr_0] Pruned expired reservations for peers: ['amr_2']
[rh_node-31] [INFO] [1789368432.419864779] [amr_1.rh_node]: [amr_1] Pruned expired reservations for peers: ['amr_2']
[rh_node-33] [INFO] [1789368432.807445267] [amr_3.rh_node]: [amr_3] Pruned expired reservations for peers: ['amr_2']
[rh_node-34] [INFO] [1789368432.867298771] [amr_4.rh_node]: [amr_4] Pruned expired reservations for peers: ['amr_2']
[rh_node-30] [INFO] [1789368432.889759818] [amr_0.rh_node]: [amr_0] Pruned expired reservations for peers: ['amr_2']
[rh_node-31] [INFO] [1789368432.919056058] [amr_1.rh_node]: [amr_1] Pruned expired reservations for peers: ['amr_2']
[rh_node-33] [INFO] [1789368433.306677735] [amr_3.rh_node]: [amr_3] Pruned expired reservations for peers: ['amr_2']
[rh_node-34] [INFO] [1789368433.366653494] [amr_4.rh_node]: [amr_4] Pruned expired reservations for peers: ['amr_2']
[rh_node-30] [INFO] [1789368433.390466910] [amr_0.rh_node]: [amr_0] Pruned expired reservations for peers: ['amr_2']
[rh_node-31] [INFO] [1789368433.419578114] [amr_1.rh_node]: [amr_1] Pruned expired reservations for peers: ['amr_2']
[rh_node-33] [INFO] [1789368433.807026761] [amr_3.rh_node]: [amr_3] Pruned expired reservations for peers: ['amr_2']
[rh_node-34] [INFO] [1789368433.866763228] [amr_4.rh_node]: [amr_4] Pruned expired reservations for peers: ['amr_2']
[rh_node-30] [INFO] [1789368433.889106259] [amr_0.rh_node]: [amr_0] Pruned expired reservations for peers: ['amr_2']
[rh_node-31] [INFO] [1789368433.920285607] [amr_1.rh_node]: [amr_1] Pruned expired reservations for peers: ['amr_2']
[rh_node-33] [INFO] [1789368434.306786942] [amr_3.rh_node]: [amr_3] Pruned expired reservations for peers: ['amr_2']
[rh_node-34] [INFO] [1789368434.366689897] [amr_4.rh_node]: [amr_4] Pruned expired reservations for peers: ['amr_2']
[rh_node-30] [INFO] [1789368434.389940880] [amr_0.rh_node]: [amr_0] Pruned expired reservations for peers: ['amr_2']
[rh_node-31] [INFO] [1789368434.419923133] [amr_1.rh_node]: [amr_1] Pruned expired reservations for peers: ['amr_2']
[rh_node-33] [INFO] [1789368434.806088140] [amr_3.rh_node]: [amr_3] Pruned expired reservations for peers: ['amr_2']
[rh_node-34] [INFO] [1789368434.867244023] [amr_4.rh_node]: [amr_4] Pruned expired reservations for peers: ['amr_2']
[rh_node-30] [INFO] [1789368434.889684386] [amr_0.rh_node]: [amr_0] Pruned expired reservations for peers: ['amr_2']
[rh_node-31] [INFO] [1789368434.920501520] [amr_1.rh_node]: [amr_1] Pruned expired reservations for peers: ['amr_2']
[rh_node-33] [INFO] [1789368435.306568777] [amr_3.rh_node]: [amr_3] Pruned expired reservations for peers: ['amr_2']
[rh_node-34] [INFO] [1789368435.366431518] [amr_4.rh_node]: [amr_4] Pruned expired reservations for peers: ['amr_2']
[rh_node-30] [INFO] [1789368435.388654749] [amr_0.rh_node]: [amr_0] Pruned expired reservations for peers: ['amr_2']
[rh_node-31] [INFO] [1789368435.419622932] [amr_1.rh_node]: [amr_1] Pruned expired reservations for peers: ['amr_2']
[rh_node-33] [INFO] [1789368435.806975201] [amr_3.rh_node]: [amr_3] Pruned expired reservations for peers: ['amr_2']
[rh_node-34] [INFO] [1789368435.867899468] [amr_4.rh_node]: [amr_4] Pruned expired reservations for peers: ['amr_2']
[rh_node-30] [INFO] [1789368435.888963233] [amr_0.rh_node]: [amr_0] Pruned expired reservations for peers: ['amr_2']
[rh_node-31] [INFO] [1789368435.920462232] [amr_1.rh_node]: [amr_1] Pruned expired reservations for peers: ['amr_2']
[rh_node-33] [INFO] [1789368436.305985194] [amr_3.rh_node]: [amr_3] Pruned expired reservations for peers: ['amr_2']
[rh_node-34] [INFO] [1789368436.367076418] [amr_4.rh_node]: [amr_4] Pruned expired reservations for peers: ['amr_2']
[rh_node-30] [INFO] [1789368436.389680979] [amr_0.rh_node]: [amr_0] Pruned expired reservations for peers: ['amr_2']
[rh_node-31] [INFO] [1789368436.420318895] [amr_1.rh_node]: [amr_1] Pruned expired reservations for peers: ['amr_2']
[rh_node-33] [INFO] [1789368436.806783130] [amr_3.rh_node]: [amr_3] Pruned expired reservations for peers: ['amr_2']
[rh_node-34] [INFO] [1789368436.867900906] [amr_4.rh_node]: [amr_4] Pruned expired reservations for peers: ['amr_2']
[rh_node-30] [INFO] [1789368436.889537697] [amr_0.rh_node]: [amr_0] Pruned expired reservations for peers: ['amr_2']
[rh_node-31] [INFO] [1789368436.919099195] [amr_1.rh_node]: [amr_1] Pruned expired reservations for peers: ['amr_2']
[rh_node-33] [INFO] [1789368437.307109198] [amr_3.rh_node]: [amr_3] Pruned expired reservations for peers: ['amr_2']
[rh_node-34] [INFO] [1789368437.366805957] [amr_4.rh_node]: [amr_4] Pruned expired reservations for peers: ['amr_2']
[rh_node-30] [INFO] [1789368437.390360066] [amr_0.rh_node]: [amr_0] Pruned expired reservations for peers: ['amr_2']
[rh_node-31] [INFO] [1789368437.419073529] [amr_1.rh_node]: [amr_1] Pruned expired reservations for peers: ['amr_2']
[rh_node-33] [INFO] [1789368437.807460887] [amr_3.rh_node]: [amr_3] Pruned expired reservations for peers: ['amr_2']
[rh_node-34] [INFO] [1789368437.867167692] [amr_4.rh_node]: [amr_4] Pruned expired reservations for peers: ['amr_2']
[rh_node-30] [INFO] [1789368437.888720819] [amr_0.rh_node]: [amr_0] Pruned expired reservations for peers: ['amr_2']
[rh_node-31] [INFO] [1789368437.921186626] [amr_1.rh_node]: [amr_1] Pruned expired reservations for peers: ['amr_2']
[rh_node-33] [INFO] [1789368438.306738153] [amr_3.rh_node]: [amr_3] Pruned expired reservations for peers: ['amr_2']
[rh_node-34] [INFO] [1789368438.366584006] [amr_4.rh_node]: [amr_4] Pruned expired reservations for peers: ['amr_2']
[rh_node-30] [INFO] [1789368438.388746847] [amr_0.rh_node]: [amr_0] Pruned expired reservations for peers: ['amr_2']
[rh_node-31] [INFO] [1789368438.419619316] [amr_1.rh_node]: [amr_1] Pruned expired reservations for peers: ['amr_2']
[rh_node-33] [INFO] [1789368438.806888797] [amr_3.rh_node]: [amr_3] Pruned expired reservations for peers: ['amr_2']
[rh_node-34] [INFO] [1789368438.866996345] [amr_4.rh_node]: [amr_4] Pruned expired reservations for peers: ['amr_2']
[rh_node-30] [INFO] [1789368438.888754846] [amr_0.rh_node]: [amr_0] Pruned expired reservations for peers: ['amr_2']
[rh_node-31] [INFO] [1789368438.919210358] [amr_1.rh_node]: [amr_1] Pruned expired reservations for peers: ['amr_2']
[rh_node-33] [INFO] [1789368439.306737533] [amr_3.rh_node]: [amr_3] Pruned expired reservations for peers: ['amr_2']
[rh_node-34] [INFO] [1789368439.367082306] [amr_4.rh_node]: [amr_4] Pruned expired reservations for peers: ['amr_2']
[rh_node-30] [INFO] [1789368439.390525984] [amr_0.rh_node]: [amr_0] Pruned expired reservations for peers: ['amr_2']
[rh_node-31] [INFO] [1789368439.420310117] [amr_1.rh_node]: [amr_1] Pruned expired reservations for peers: ['amr_2']
[rh_node-33] [INFO] [1789368439.806791218] [amr_3.rh_node]: [amr_3] Pruned expired reservations for peers: ['amr_2']
[rh_node-34] [INFO] [1789368439.868022459] [amr_4.rh_node]: [amr_4] Pruned expired reservations for peers: ['amr_2']
[rh_node-30] [INFO] [1789368439.888917556] [amr_0.rh_node]: [amr_0] Pruned expired reservations for peers: ['amr_2']
[rh_node-31] [INFO] [1789368439.919952393] [amr_1.rh_node]: [amr_1] Pruned expired reservations for peers: ['amr_2']
[rh_node-33] [INFO] [1789368440.306075952] [amr_3.rh_node]: [amr_3] Pruned expired reservations for peers: ['amr_2']
[rh_node-34] [INFO] [1789368440.366565192] [amr_4.rh_node]: [amr_4] Pruned expired reservations for peers: ['amr_2']
[rh_node-30] [INFO] [1789368440.389696162] [amr_0.rh_node]: [amr_0] Pruned expired reservations for peers: ['amr_2']
[rh_node-31] [INFO] [1789368440.419063880] [amr_1.rh_node]: [amr_1] Pruned expired reservations for peers: ['amr_2']
[rh_node-33] [INFO] [1789368440.806680673] [amr_3.rh_node]: [amr_3] Pruned expired reservations for peers: ['amr_2']
[rh_node-34] [INFO] [1789368440.867833104] [amr_4.rh_node]: [amr_4] Pruned expired reservations for peers: ['amr_2']
[rh_node-30] [INFO] [1789368440.888952219] [amr_0.rh_node]: [amr_0] Pruned expired reservations for peers: ['amr_2']
[rh_node-31] [INFO] [1789368440.919139834] [amr_1.rh_node]: [amr_1] Pruned expired reservations for peers: ['amr_2']
[rh_node-33] [INFO] [1789368441.307493005] [amr_3.rh_node]: [amr_3] Pruned expired reservations for peers: ['amr_2']
[rh_node-34] [INFO] [1789368441.366767363] [amr_4.rh_node]: [amr_4] Pruned expired reservations for peers: ['amr_2']
[rh_node-30] [INFO] [1789368441.389612034] [amr_0.rh_node]: [amr_0] Pruned expired reservations for peers: ['amr_2']
[rh_node-31] [INFO] [1789368441.419018359] [amr_1.rh_node]: [amr_1] Pruned expired reservations for peers: ['amr_2']
[rh_node-33] [INFO] [1789368441.806060709] [amr_3.rh_node]: [amr_3] Pruned expired reservations for peers: ['amr_2']
[rh_node-34] [INFO] [1789368441.866556241] [amr_4.rh_node]: [amr_4] Pruned expired reservations for peers: ['amr_2']
[rh_node-30] [INFO] [1789368441.890039681] [amr_0.rh_node]: [amr_0] Pruned expired reservations for peers: ['amr_2']
[rh_node-31] [INFO] [1789368441.919554303] [amr_1.rh_node]: [amr_1] Pruned expired reservations for peers: ['amr_2']
[rh_node-33] [INFO] [1789368442.306763749] [amr_3.rh_node]: [amr_3] Pruned expired reservations for peers: ['amr_2']
[rh_node-34] [INFO] [1789368442.366561301] [amr_4.rh_node]: [amr_4] Pruned expired reservations for peers: ['amr_2']
[rh_node-30] [INFO] [1789368442.389753957] [amr_0.rh_node]: [amr_0] Pruned expired reservations for peers: ['amr_2']
[rh_node-31] [INFO] [1789368442.420363940] [amr_1.rh_node]: [amr_1] Pruned expired reservations for peers: ['amr_2']
[rh_node-33] [INFO] [1789368442.807246302] [amr_3.rh_node]: [amr_3] Pruned expired reservations for peers: ['amr_2']
[rh_node-34] [INFO] [1789368442.867987883] [amr_4.rh_node]: [amr_4] Pruned expired reservations for peers: ['amr_2']
[rh_node-30] [INFO] [1789368442.888731403] [amr_0.rh_node]: [amr_0] Pruned expired reservations for peers: ['amr_2']
[rh_node-31] [INFO] [1789368442.920159629] [amr_1.rh_node]: [amr_1] Pruned expired reservations for peers: ['amr_2']
[rh_node-33] [INFO] [1789368443.305953044] [amr_3.rh_node]: [amr_3] Pruned expired reservations for peers: ['amr_2']
[rh_node-34] [INFO] [1789368443.367792232] [amr_4.rh_node]: [amr_4] Pruned expired reservations for peers: ['amr_2']
[rh_node-30] [INFO] [1789368443.388653822] [amr_0.rh_node]: [amr_0] Pruned expired reservations for peers: ['amr_2']
[rh_node-31] [INFO] [1789368443.419512605] [amr_1.rh_node]: [amr_1] Pruned expired reservations for peers: ['amr_2']
[rh_node-33] [INFO] [1789368443.806724039] [amr_3.rh_node]: [amr_3] Pruned expired reservations for peers: ['amr_2']
[rh_node-34] [INFO] [1789368443.867421848] [amr_4.rh_node]: [amr_4] Pruned expired reservations for peers: ['amr_2']
[rh_node-30] [INFO] [1789368443.889831211] [amr_0.rh_node]: [amr_0] Pruned expired reservations for peers: ['amr_2']
[rh_node-31] [INFO] [1789368443.919693821] [amr_1.rh_node]: [amr_1] Pruned expired reservations for peers: ['amr_2']
[rh_node-33] [INFO] [1789368444.306048742] [amr_3.rh_node]: [amr_3] Pruned expired reservations for peers: ['amr_2']
[rh_node-34] [INFO] [1789368444.366951096] [amr_4.rh_node]: [amr_4] Pruned expired reservations for peers: ['amr_2']
[rh_node-30] [INFO] [1789368444.390093232] [amr_0.rh_node]: [amr_0] Pruned expired reservations for peers: ['amr_2']
[rh_node-31] [INFO] [1789368444.419312654] [amr_1.rh_node]: [amr_1] Pruned expired reservations for peers: ['amr_2']
[rh_node-33] [INFO] [1789368444.807615804] [amr_3.rh_node]: [amr_3] Pruned expired reservations for peers: ['amr_2', 'amr_1']
[rh_node-32] [INFO] [1789368444.823991903] [amr_2.rh_node]: [amr_2] Pruned expired reservations for peers: ['amr_1']
[rh_node-34] [INFO] [1789368444.867326935] [amr_4.rh_node]: [amr_4] Pruned expired reservations for peers: ['amr_2', 'amr_1']
[rh_node-30] [INFO] [1789368444.889191826] [amr_0.rh_node]: [amr_0] Pruned expired reservations for peers: ['amr_2', 'amr_1']
[rh_node-31] [INFO] [1789368444.920605987] [amr_1.rh_node]: [amr_1] Pruned expired reservations for peers: ['amr_2']
[rh_node-33] [INFO] [1789368445.306734442] [amr_3.rh_node]: [amr_3] Pruned expired reservations for peers: ['amr_2', 'amr_1']
[rh_node-32] [INFO] [1789368445.325428433] [amr_2.rh_node]: [amr_2] Pruned expired reservations for peers: ['amr_1']
[rh_node-34] [INFO] [1789368445.366592638] [amr_4.rh_node]: [amr_4] Pruned expired reservations for peers: ['amr_2', 'amr_1']
[rh_node-30] [INFO] [1789368445.388687273] [amr_0.rh_node]: [amr_0] Pruned expired reservations for peers: ['amr_2', 'amr_1']
[rh_node-31] [INFO] [1789368445.419481052] [amr_1.rh_node]: [amr_1] Pruned expired reservations for peers: ['amr_2']
[rh_node-33] [INFO] [1789368445.808859836] [amr_3.rh_node]: [amr_3] Pruned expired reservations for peers: ['amr_2', 'amr_1']
[rh_node-32] [INFO] [1789368445.823810973] [amr_2.rh_node]: [amr_2] Pruned expired reservations for peers: ['amr_1']
[rh_node-34] [INFO] [1789368445.867842646] [amr_4.rh_node]: [amr_4] Pruned expired reservations for peers: ['amr_2', 'amr_1']
[rh_node-30] [INFO] [1789368445.889986673] [amr_0.rh_node]: [amr_0] Pruned expired reservations for peers: ['amr_2', 'amr_1']
[rh_node-31] [INFO] [1789368445.918994865] [amr_1.rh_node]: [amr_1] Pruned expired reservations for peers: ['amr_2']
[rh_node-33] [INFO] [1789368446.306778296] [amr_3.rh_node]: [amr_3] Pruned expired reservations for peers: ['amr_2', 'amr_1']
[rh_node-32] [INFO] [1789368446.324740164] [amr_2.rh_node]: [amr_2] Pruned expired reservations for peers: ['amr_1']
[rh_node-34] [INFO] [1789368446.367774682] [amr_4.rh_node]: [amr_4] Pruned expired reservations for peers: ['amr_2', 'amr_1']
[rh_node-30] [INFO] [1789368446.389216315] [amr_0.rh_node]: [amr_0] Pruned expired reservations for peers: ['amr_2', 'amr_1']
[rh_node-31] [INFO] [1789368446.418967755] [amr_1.rh_node]: [amr_1] Pruned expired reservations for peers: ['amr_2']
[rh_node-33] [INFO] [1789368446.806716721] [amr_3.rh_node]: [amr_3] Pruned expired reservations for peers: ['amr_2', 'amr_1']
[rh_node-32] [INFO] [1789368446.823832573] [amr_2.rh_node]: [amr_2] Pruned expired reservations for peers: ['amr_1']
[rh_node-34] [INFO] [1789368446.866957793] [amr_4.rh_node]: [amr_4] Pruned expired reservations for peers: ['amr_2', 'amr_1']
[rh_node-30] [INFO] [1789368446.889497459] [amr_0.rh_node]: [amr_0] Pruned expired reservations for peers: ['amr_2', 'amr_1']
[rh_node-31] [INFO] [1789368446.918988121] [amr_1.rh_node]: [amr_1] Pruned expired reservations for peers: ['amr_2']
[rh_node-33] [INFO] [1789368447.306739497] [amr_3.rh_node]: [amr_3] Pruned expired reservations for peers: ['amr_2', 'amr_1']
[rh_node-32] [INFO] [1789368447.324270870] [amr_2.rh_node]: [amr_2] Pruned expired reservations for peers: ['amr_1']
[rh_node-34] [INFO] [1789368447.366473278] [amr_4.rh_node]: [amr_4] Pruned expired reservations for peers: ['amr_2', 'amr_1']
[rh_node-30] [INFO] [1789368447.388592918] [amr_0.rh_node]: [amr_0] Pruned expired reservations for peers: ['amr_2', 'amr_1']
[rh_node-31] [INFO] [1789368447.418954019] [amr_1.rh_node]: [amr_1] Pruned expired reservations for peers: ['amr_2']
[rh_node-33] [INFO] [1789368447.807521405] [amr_3.rh_node]: [amr_3] Pruned expired reservations for peers: ['amr_2', 'amr_1']
[rh_node-32] [INFO] [1789368447.824635376] [amr_2.rh_node]: [amr_2] Pruned expired reservations for peers: ['amr_1']
[rh_node-34] [INFO] [1789368447.866850876] [amr_4.rh_node]: [amr_4] Pruned expired reservations for peers: ['amr_2', 'amr_1']
[rh_node-30] [INFO] [1789368447.889642187] [amr_0.rh_node]: [amr_0] Pruned expired reservations for peers: ['amr_2', 'amr_1']
[rh_node-31] [INFO] [1789368447.919752567] [amr_1.rh_node]: [amr_1] Pruned expired reservations for peers: ['amr_2']
[rh_node-33] [INFO] [1789368448.306273577] [amr_3.rh_node]: [amr_3] Pruned expired reservations for peers: ['amr_2', 'amr_1']
[rh_node-32] [INFO] [1789368448.323773296] [amr_2.rh_node]: [amr_2] Pruned expired reservations for peers: ['amr_1']
[rh_node-34] [INFO] [1789368448.367369333] [amr_4.rh_node]: [amr_4] Pruned expired reservations for peers: ['amr_2', 'amr_1']
[rh_node-30] [INFO] [1789368448.388836225] [amr_0.rh_node]: [amr_0] Pruned expired reservations for peers: ['amr_2', 'amr_1']
[rh_node-31] [INFO] [1789368448.419465020] [amr_1.rh_node]: [amr_1] Pruned expired reservations for peers: ['amr_2']
[rh_node-33] [INFO] [1789368448.805814758] [amr_3.rh_node]: [amr_3] Pruned expired reservations for peers: ['amr_2', 'amr_1']
[rh_node-32] [INFO] [1789368448.825074595] [amr_2.rh_node]: [amr_2] Pruned expired reservations for peers: ['amr_1']
[rh_node-34] [INFO] [1789368448.867166376] [amr_4.rh_node]: [amr_4] Pruned expired reservations for peers: ['amr_2', 'amr_1']
[rh_node-30] [INFO] [1789368448.890360091] [amr_0.rh_node]: [amr_0] Pruned expired reservations for peers: ['amr_2', 'amr_1']
[rh_node-31] [INFO] [1789368448.919215560] [amr_1.rh_node]: [amr_1] Pruned expired reservations for peers: ['amr_2']
[rh_node-33] [INFO] [1789368449.306719682] [amr_3.rh_node]: [amr_3] Pruned expired reservations for peers: ['amr_2', 'amr_1']
[rh_node-32] [INFO] [1789368449.324532005] [amr_2.rh_node]: [amr_2] Pruned expired reservations for peers: ['amr_1']
[rh_node-34] [INFO] [1789368449.367114843] [amr_4.rh_node]: [amr_4] Pruned expired reservations for peers: ['amr_2', 'amr_1']
[rh_node-30] [INFO] [1789368449.390150375] [amr_0.rh_node]: [amr_0] Pruned expired reservations for peers: ['amr_2', 'amr_1']
[rh_node-31] [INFO] [1789368449.418968900] [amr_1.rh_node]: [amr_1] Pruned expired reservations for peers: ['amr_2']
[rh_node-33] [INFO] [1789368449.806044504] [amr_3.rh_node]: [amr_3] Pruned expired reservations for peers: ['amr_2', 'amr_1']
[rh_node-32] [INFO] [1789368449.825097994] [amr_2.rh_node]: [amr_2] Pruned expired reservations for peers: ['amr_1']
[rh_node-34] [INFO] [1789368449.867764650] [amr_4.rh_node]: [amr_4] Pruned expired reservations for peers: ['amr_2', 'amr_1']
[rh_node-30] [INFO] [1789368449.889677720] [amr_0.rh_node]: [amr_0] Pruned expired reservations for peers: ['amr_2', 'amr_1']
[rh_node-31] [INFO] [1789368449.919863816] [amr_1.rh_node]: [amr_1] Pruned expired reservations for peers: ['amr_2']
[rh_node-33] [INFO] [1789368450.307457875] [amr_3.rh_node]: [amr_3] Pruned expired reservations for peers: ['amr_2', 'amr_1']
[rh_node-32] [INFO] [1789368450.325003986] [amr_2.rh_node]: [amr_2] Pruned expired reservations for peers: ['amr_1']
[rh_node-34] [INFO] [1789368450.366552130] [amr_4.rh_node]: [amr_4] Pruned expired reservations for peers: ['amr_2', 'amr_1']
[rh_node-30] [INFO] [1789368450.391030327] [amr_0.rh_node]: [amr_0] Pruned expired reservations for peers: ['amr_2', 'amr_1']
[rh_node-31] [INFO] [1789368450.418890515] [amr_1.rh_node]: [amr_1] Pruned expired reservations for peers: ['amr_2']
[rh_node-33] [INFO] [1789368450.807480266] [amr_3.rh_node]: [amr_3] Pruned expired reservations for peers: ['amr_2', 'amr_1']
[rh_node-32] [INFO] [1789368450.825101458] [amr_2.rh_node]: [amr_2] Pruned expired reservations for peers: ['amr_1']
[rh_node-34] [INFO] [1789368450.867060383] [amr_4.rh_node]: [amr_4] Pruned expired reservations for peers: ['amr_2', 'amr_1']
[rh_node-30] [INFO] [1789368450.888715944] [amr_0.rh_node]: [amr_0] Pruned expired reservations for peers: ['amr_2', 'amr_1']
[rh_node-31] [INFO] [1789368450.919429749] [amr_1.rh_node]: [amr_1] Pruned expired reservations for peers: ['amr_2']
[rh_node-33] [INFO] [1789368451.306690633] [amr_3.rh_node]: [amr_3] Pruned expired reservations for peers: ['amr_2', 'amr_1']
[rh_node-32] [INFO] [1789368451.324381942] [amr_2.rh_node]: [amr_2] Pruned expired reservations for peers: ['amr_1']
[rh_node-34] [INFO] [1789368451.366234551] [amr_4.rh_node]: [amr_4] Pruned expired reservations for peers: ['amr_2', 'amr_1']
[rh_node-30] [INFO] [1789368451.388720250] [amr_0.rh_node]: [amr_0] Pruned expired reservations for peers: ['amr_2', 'amr_1']
[rh_node-31] [INFO] [1789368451.418992357] [amr_1.rh_node]: [amr_1] Pruned expired reservations for peers: ['amr_2']
[rh_node-33] [INFO] [1789368451.806128190] [amr_3.rh_node]: [amr_3] Pruned expired reservations for peers: ['amr_2', 'amr_1']
[rh_node-32] [INFO] [1789368451.824450836] [amr_2.rh_node]: [amr_2] Pruned expired reservations for peers: ['amr_1']
[rh_node-34] [INFO] [1789368451.867029925] [amr_4.rh_node]: [amr_4] Pruned expired reservations for peers: ['amr_2', 'amr_1']
[rh_node-30] [INFO] [1789368451.888667579] [amr_0.rh_node]: [amr_0] Pruned expired reservations for peers: ['amr_2', 'amr_1']
[rh_node-31] [INFO] [1789368451.919149933] [amr_1.rh_node]: [amr_1] Pruned expired reservations for peers: ['amr_2']
[rh_node-33] [INFO] [1789368452.306213512] [amr_3.rh_node]: [amr_3] Pruned expired reservations for peers: ['amr_2', 'amr_1']
[rh_node-32] [INFO] [1789368452.325151795] [amr_2.rh_node]: [amr_2] Pruned expired reservations for peers: ['amr_1']
[rh_node-34] [INFO] [1789368452.368702786] [amr_4.rh_node]: [amr_4] Pruned expired reservations for peers: ['amr_2', 'amr_1']
[rh_node-30] [INFO] [1789368452.390302152] [amr_0.rh_node]: [amr_0] Pruned expired reservations for peers: ['amr_2', 'amr_1']
[rh_node-31] [INFO] [1789368452.418938963] [amr_1.rh_node]: [amr_1] Pruned expired reservations for peers: ['amr_2']
[rh_node-33] [INFO] [1789368452.806029370] [amr_3.rh_node]: [amr_3] Pruned expired reservations for peers: ['amr_2', 'amr_1']
[rh_node-32] [INFO] [1789368452.824186641] [amr_2.rh_node]: [amr_2] Pruned expired reservations for peers: ['amr_1']
[rh_node-34] [INFO] [1789368452.867029956] [amr_4.rh_node]: [amr_4] Pruned expired reservations for peers: ['amr_2', 'amr_1']
[rh_node-30] [INFO] [1789368452.889245628] [amr_0.rh_node]: [amr_0] Pruned expired reservations for peers: ['amr_2', 'amr_1']
[rh_node-31] [INFO] [1789368452.920417843] [amr_1.rh_node]: [amr_1] Pruned expired reservations for peers: ['amr_2']
[rh_node-33] [INFO] [1789368453.306100136] [amr_3.rh_node]: [amr_3] Pruned expired reservations for peers: ['amr_2', 'amr_1']
[rh_node-32] [INFO] [1789368453.325143249] [amr_2.rh_node]: [amr_2] Pruned expired reservations for peers: ['amr_1']
[rh_node-34] [INFO] [1789368453.366409361] [amr_4.rh_node]: [amr_4] Pruned expired reservations for peers: ['amr_2', 'amr_1']
[rh_node-30] [INFO] [1789368453.390170397] [amr_0.rh_node]: [amr_0] Pruned expired reservations for peers: ['amr_2', 'amr_1']
[rh_node-31] [INFO] [1789368453.419074802] [amr_1.rh_node]: [amr_1] Pruned expired reservations for peers: ['amr_2']
[rh_node-33] [INFO] [1789368453.806347511] [amr_3.rh_node]: [amr_3] Pruned expired reservations for peers: ['amr_2', 'amr_1']
[rh_node-32] [INFO] [1789368453.825206300] [amr_2.rh_node]: [amr_2] Pruned expired reservations for peers: ['amr_1']
[rh_node-34] [INFO] [1789368453.866980090] [amr_4.rh_node]: [amr_4] Pruned expired reservations for peers: ['amr_2', 'amr_1']
[rh_node-30] [INFO] [1789368453.888723061] [amr_0.rh_node]: [amr_0] Pruned expired reservations for peers: ['amr_2', 'amr_1']
[rh_node-31] [INFO] [1789368453.918949828] [amr_1.rh_node]: [amr_1] Pruned expired reservations for peers: ['amr_2']
[rh_node-33] [INFO] [1789368454.306617772] [amr_3.rh_node]: [amr_3] Pruned expired reservations for peers: ['amr_2', 'amr_1']
[rh_node-32] [INFO] [1789368454.323768912] [amr_2.rh_node]: [amr_2] Pruned expired reservations for peers: ['amr_1']
[rh_node-34] [INFO] [1789368454.366352294] [amr_4.rh_node]: [amr_4] Pruned expired reservations for peers: ['amr_2', 'amr_1']
[rh_node-30] [INFO] [1789368454.390176636] [amr_0.rh_node]: [amr_0] Pruned expired reservations for peers: ['amr_2', 'amr_1']
[rh_node-31] [INFO] [1789368454.419730103] [amr_1.rh_node]: [amr_1] Pruned expired reservations for peers: ['amr_2']
[rh_node-33] [INFO] [1789368454.807453827] [amr_3.rh_node]: [amr_3] Pruned expired reservations for peers: ['amr_2', 'amr_1']
[rh_node-32] [INFO] [1789368454.824045622] [amr_2.rh_node]: [amr_2] Pruned expired reservations for peers: ['amr_1']
[rh_node-34] [INFO] [1789368454.866247562] [amr_4.rh_node]: [amr_4] Pruned expired reservations for peers: ['amr_2', 'amr_1']
[rh_node-30] [INFO] [1789368454.889859354] [amr_0.rh_node]: [amr_0] Pruned expired reservations for peers: ['amr_2', 'amr_1']
[rh_node-31] [INFO] [1789368454.920320108] [amr_1.rh_node]: [amr_1] Pruned expired reservations for peers: ['amr_2']
[rh_node-33] [INFO] [1789368455.307472260] [amr_3.rh_node]: [amr_3] Pruned expired reservations for peers: ['amr_2', 'amr_1']
[rh_node-32] [INFO] [1789368455.324325068] [amr_2.rh_node]: [amr_2] Pruned expired reservations for peers: ['amr_1']
[rh_node-34] [INFO] [1789368455.366786474] [amr_4.rh_node]: [amr_4] Pruned expired reservations for peers: ['amr_2', 'amr_1']
[rh_node-30] [INFO] [1789368455.390101861] [amr_0.rh_node]: [amr_0] Pruned expired reservations for peers: ['amr_2', 'amr_1']
[rh_node-31] [INFO] [1789368455.419040963] [amr_1.rh_node]: [amr_1] Pruned expired reservations for peers: ['amr_2']
[rh_node-33] [INFO] [1789368455.806555509] [amr_3.rh_node]: [amr_3] Pruned expired reservations for peers: ['amr_2', 'amr_1']
[rh_node-32] [INFO] [1789368455.823927587] [amr_2.rh_node]: [amr_2] Pruned expired reservations for peers: ['amr_1']
[rh_node-34] [INFO] [1789368455.866932389] [amr_4.rh_node]: [amr_4] Pruned expired reservations for peers: ['amr_2', 'amr_1']
[rh_node-30] [INFO] [1789368455.888769679] [amr_0.rh_node]: [amr_0] Pruned expired reservations for peers: ['amr_2', 'amr_1']
[rh_node-31] [INFO] [1789368455.919363712] [amr_1.rh_node]: [amr_1] Pruned expired reservations for peers: ['amr_2']
[rh_node-33] [INFO] [1789368456.306613306] [amr_3.rh_node]: [amr_3] Pruned expired reservations for peers: ['amr_2', 'amr_1']
[rh_node-32] [INFO] [1789368456.323768061] [amr_2.rh_node]: [amr_2] Pruned expired reservations for peers: ['amr_1']
[rh_node-34] [INFO] [1789368456.366403283] [amr_4.rh_node]: [amr_4] Pruned expired reservations for peers: ['amr_2', 'amr_1']
[rh_node-30] [INFO] [1789368456.389316232] [amr_0.rh_node]: [amr_0] Pruned expired reservations for peers: ['amr_2', 'amr_1']
[rh_node-31] [INFO] [1789368456.419154563] [amr_1.rh_node]: [amr_1] Pruned expired reservations for peers: ['amr_2']
[rh_node-33] [INFO] [1789368456.806022048] [amr_3.rh_node]: [amr_3] Pruned expired reservations for peers: ['amr_2', 'amr_1']
[rh_node-32] [INFO] [1789368456.825238902] [amr_2.rh_node]: [amr_2] Pruned expired reservations for peers: ['amr_1']
[rh_node-34] [INFO] [1789368456.866357220] [amr_4.rh_node]: [amr_4] Pruned expired reservations for peers: ['amr_2', 'amr_1']
[rh_node-30] [INFO] [1789368456.888655910] [amr_0.rh_node]: [amr_0] Pruned expired reservations for peers: ['amr_2', 'amr_1']
[rh_node-31] [INFO] [1789368456.919028358] [amr_1.rh_node]: [amr_1] Pruned expired reservations for peers: ['amr_2']
[rh_node-33] [INFO] [1789368457.306112488] [amr_3.rh_node]: [amr_3] Pruned expired reservations for peers: ['amr_2', 'amr_1']
[rh_node-32] [INFO] [1789368457.324500820] [amr_2.rh_node]: [amr_2] Pruned expired reservations for peers: ['amr_1']
[rh_node-34] [INFO] [1789368457.366882624] [amr_4.rh_node]: [amr_4] Pruned expired reservations for peers: ['amr_2', 'amr_1']
[rh_node-30] [INFO] [1789368457.389651799] [amr_0.rh_node]: [amr_0] Pruned expired reservations for peers: ['amr_2', 'amr_1']
[rh_node-31] [INFO] [1789368457.419402525] [amr_1.rh_node]: [amr_1] Pruned expired reservations for peers: ['amr_2']
[rh_node-33] [INFO] [1789368457.806124523] [amr_3.rh_node]: [amr_3] Pruned expired reservations for peers: ['amr_2', 'amr_1']
[rh_node-32] [INFO] [1789368457.824186882] [amr_2.rh_node]: [amr_2] Pruned expired reservations for peers: ['amr_1']
[rh_node-34] [INFO] [1789368457.867302836] [amr_4.rh_node]: [amr_4] Pruned expired reservations for peers: ['amr_2', 'amr_1']
[rh_node-30] [INFO] [1789368457.889058855] [amr_0.rh_node]: [amr_0] Pruned expired reservations for peers: ['amr_2', 'amr_1']
[rh_node-31] [INFO] [1789368457.919649154] [amr_1.rh_node]: [amr_1] Pruned expired reservations for peers: ['amr_2']
[rh_node-33] [INFO] [1789368458.306729122] [amr_3.rh_node]: [amr_3] Pruned expired reservations for peers: ['amr_2', 'amr_1']
[rh_node-32] [INFO] [1789368458.325176919] [amr_2.rh_node]: [amr_2] Pruned expired reservations for peers: ['amr_1']
[rh_node-34] [INFO] [1789368458.366660323] [amr_4.rh_node]: [amr_4] Pruned expired reservations for peers: ['amr_2', 'amr_1']
[rh_node-30] [INFO] [1789368458.389526800] [amr_0.rh_node]: [amr_0] Pruned expired reservations for peers: ['amr_2', 'amr_1']
[rh_node-31] [INFO] [1789368458.419350633] [amr_1.rh_node]: [amr_1] Pruned expired reservations for peers: ['amr_2']
[rh_node-33] [INFO] [1789368458.806640803] [amr_3.rh_node]: [amr_3] Pruned expired reservations for peers: ['amr_2', 'amr_1']
[rh_node-32] [INFO] [1789368458.823922673] [amr_2.rh_node]: [amr_2] Pruned expired reservations for peers: ['amr_1']
[rh_node-34] [INFO] [1789368458.866583547] [amr_4.rh_node]: [amr_4] Pruned expired reservations for peers: ['amr_2', 'amr_1']
[rh_node-30] [INFO] [1789368458.889721580] [amr_0.rh_node]: [amr_0] Pruned expired reservations for peers: ['amr_2', 'amr_1']
[rh_node-31] [INFO] [1789368458.920503295] [amr_1.rh_node]: [amr_1] Pruned expired reservations for peers: ['amr_2']
[rh_node-33] [INFO] [1789368459.306201609] [amr_3.rh_node]: [amr_3] Pruned expired reservations for peers: ['amr_2', 'amr_1']
[rh_node-32] [INFO] [1789368459.323816935] [amr_2.rh_node]: [amr_2] Pruned expired reservations for peers: ['amr_1']
[rh_node-34] [INFO] [1789368459.366405991] [amr_4.rh_node]: [amr_4] Pruned expired reservations for peers: ['amr_2', 'amr_1']
[rh_node-30] [INFO] [1789368459.390155340] [amr_0.rh_node]: [amr_0] Pruned expired reservations for peers: ['amr_2', 'amr_1']
[rh_node-31] [INFO] [1789368459.418953901] [amr_1.rh_node]: [amr_1] Pruned expired reservations for peers: ['amr_2']
[rh_node-33] [INFO] [1789368459.806593033] [amr_3.rh_node]: [amr_3] Pruned expired reservations for peers: ['amr_2', 'amr_1']
[rh_node-32] [INFO] [1789368459.823837013] [amr_2.rh_node]: [amr_2] Pruned expired reservations for peers: ['amr_1']
[rh_node-34] [INFO] [1789368459.866806628] [amr_4.rh_node]: [amr_4] Pruned expired reservations for peers: ['amr_2', 'amr_1']
[rh_node-30] [INFO] [1789368459.890021562] [amr_0.rh_node]: [amr_0] Pruned expired reservations for peers: ['amr_2', 'amr_1']
[rh_node-31] [INFO] [1789368459.919000037] [amr_1.rh_node]: [amr_1] Pruned expired reservations for peers: ['amr_2']
[rh_node-33] [INFO] [1789368460.306273123] [amr_3.rh_node]: [amr_3] Pruned expired reservations for peers: ['amr_2', 'amr_1']
[rh_node-32] [INFO] [1789368460.324521601] [amr_2.rh_node]: [amr_2] Pruned expired reservations for peers: ['amr_1']
[rh_node-34] [INFO] [1789368460.367106480] [amr_4.rh_node]: [amr_4] Pruned expired reservations for peers: ['amr_2', 'amr_1']
[rh_node-30] [INFO] [1789368460.389573014] [amr_0.rh_node]: [amr_0] Pruned expired reservations for peers: ['amr_2', 'amr_1']
[rh_node-31] [INFO] [1789368460.419734586] [amr_1.rh_node]: [amr_1] Pruned expired reservations for peers: ['amr_2']
[rh_node-33] [INFO] [1789368460.806039860] [amr_3.rh_node]: [amr_3] Pruned expired reservations for peers: ['amr_2', 'amr_1']
[rh_node-32] [INFO] [1789368460.824206933] [amr_2.rh_node]: [amr_2] Pruned expired reservations for peers: ['amr_1']
[rh_node-34] [INFO] [1789368460.866370012] [amr_4.rh_node]: [amr_4] Pruned expired reservations for peers: ['amr_2', 'amr_1']
[rh_node-30] [INFO] [1789368460.889657041] [amr_0.rh_node]: [amr_0] Pruned expired reservations for peers: ['amr_2', 'amr_1']
[rh_node-31] [INFO] [1789368460.919874958] [amr_1.rh_node]: [amr_1] Pruned expired reservations for peers: ['amr_2']
[rh_node-33] [INFO] [1789368461.307351302] [amr_3.rh_node]: [amr_3] Pruned expired reservations for peers: ['amr_2', 'amr_1']
[rh_node-32] [INFO] [1789368461.325063086] [amr_2.rh_node]: [amr_2] Pruned expired reservations for peers: ['amr_1']
[rh_node-34] [INFO] [1789368461.366908860] [amr_4.rh_node]: [amr_4] Pruned expired reservations for peers: ['amr_2', 'amr_1']
[rh_node-30] [INFO] [1789368461.389081931] [amr_0.rh_node]: [amr_0] Pruned expired reservations for peers: ['amr_2', 'amr_1']
[rh_node-31] [INFO] [1789368461.419015505] [amr_1.rh_node]: [amr_1] Pruned expired reservations for peers: ['amr_2']
[rh_node-33] [INFO] [1789368461.806442373] [amr_3.rh_node]: [amr_3] Pruned expired reservations for peers: ['amr_2', 'amr_1']
[rh_node-32] [INFO] [1789368461.824397633] [amr_2.rh_node]: [amr_2] Pruned expired reservations for peers: ['amr_1']
[rh_node-34] [INFO] [1789368461.866273429] [amr_4.rh_node]: [amr_4] Pruned expired reservations for peers: ['amr_2', 'amr_1']
[rh_node-30] [INFO] [1789368461.888646738] [amr_0.rh_node]: [amr_0] Pruned expired reservations for peers: ['amr_2', 'amr_1']
[rh_node-31] [INFO] [1789368461.919325329] [amr_1.rh_node]: [amr_1] Pruned expired reservations for peers: ['amr_2']
[rh_node-33] [INFO] [1789368462.306365582] [amr_3.rh_node]: [amr_3] Pruned expired reservations for peers: ['amr_2', 'amr_1']
[rh_node-32] [INFO] [1789368462.324230783] [amr_2.rh_node]: [amr_2] Pruned expired reservations for peers: ['amr_1']
[rh_node-34] [INFO] [1789368462.366947859] [amr_4.rh_node]: [amr_4] Pruned expired reservations for peers: ['amr_2', 'amr_1']
[rh_node-30] [INFO] [1789368462.388653564] [amr_0.rh_node]: [amr_0] Pruned expired reservations for peers: ['amr_2', 'amr_1']
[rh_node-31] [INFO] [1789368462.419104998] [amr_1.rh_node]: [amr_1] Pruned expired reservations for peers: ['amr_2']
[rh_node-33] [INFO] [1789368462.806376177] [amr_3.rh_node]: [amr_3] Pruned expired reservations for peers: ['amr_2', 'amr_1']
[rh_node-32] [INFO] [1789368462.825693391] [amr_2.rh_node]: [amr_2] Pruned expired reservations for peers: ['amr_1']
[rh_node-34] [INFO] [1789368462.866814132] [amr_4.rh_node]: [amr_4] Pruned expired reservations for peers: ['amr_2', 'amr_1']
[rh_node-30] [INFO] [1789368462.890300332] [amr_0.rh_node]: [amr_0] Pruned expired reservations for peers: ['amr_2', 'amr_1']
[rh_node-31] [INFO] [1789368462.919272736] [amr_1.rh_node]: [amr_1] Pruned expired reservations for peers: ['amr_2']
[rh_node-33] [INFO] [1789368463.306636502] [amr_3.rh_node]: [amr_3] Pruned expired reservations for peers: ['amr_2', 'amr_1']
[rh_node-32] [INFO] [1789368463.323918414] [amr_2.rh_node]: [amr_2] Pruned expired reservations for peers: ['amr_1']
[rh_node-34] [INFO] [1789368463.366507859] [amr_4.rh_node]: [amr_4] Pruned expired reservations for peers: ['amr_2', 'amr_1']
[rh_node-30] [INFO] [1789368463.389614174] [amr_0.rh_node]: [amr_0] Pruned expired reservations for peers: ['amr_2', 'amr_1']
[rh_node-31] [INFO] [1789368463.418995855] [amr_1.rh_node]: [amr_1] Pruned expired reservations for peers: ['amr_2']
[rh_node-33] [INFO] [1789368463.806454184] [amr_3.rh_node]: [amr_3] Pruned expired reservations for peers: ['amr_2', 'amr_1']
[rh_node-32] [INFO] [1789368463.824417595] [amr_2.rh_node]: [amr_2] Pruned expired reservations for peers: ['amr_1']
[rh_node-34] [INFO] [1789368463.866396639] [amr_4.rh_node]: [amr_4] Pruned expired reservations for peers: ['amr_2', 'amr_1']
[rh_node-30] [INFO] [1789368463.888538183] [amr_0.rh_node]: [amr_0] Pruned expired reservations for peers: ['amr_2', 'amr_1']
[rh_node-31] [INFO] [1789368463.921183624] [amr_1.rh_node]: [amr_1] Pruned expired reservations for peers: ['amr_2']
[rh_node-33] [INFO] [1789368464.305992236] [amr_3.rh_node]: [amr_3] Pruned expired reservations for peers: ['amr_2', 'amr_1']
[rh_node-32] [INFO] [1789368464.325008317] [amr_2.rh_node]: [amr_2] Pruned expired reservations for peers: ['amr_1']
[rh_node-34] [INFO] [1789368464.366350445] [amr_4.rh_node]: [amr_4] Pruned expired reservations for peers: ['amr_2', 'amr_1']
[rh_node-30] [INFO] [1789368464.389310376] [amr_0.rh_node]: [amr_0] Pruned expired reservations for peers: ['amr_2', 'amr_1']
[rh_node-31] [INFO] [1789368464.419694086] [amr_1.rh_node]: [amr_1] Pruned expired reservations for peers: ['amr_2']
[rh_node-33] [INFO] [1789368464.806337217] [amr_3.rh_node]: [amr_3] Pruned expired reservations for peers: ['amr_2', 'amr_1']
[rh_node-32] [INFO] [1789368464.823781161] [amr_2.rh_node]: [amr_2] Pruned expired reservations for peers: ['amr_1']
[rh_node-34] [INFO] [1789368464.866226296] [amr_4.rh_node]: [amr_4] Pruned expired reservations for peers: ['amr_2', 'amr_1']
[rh_node-30] [INFO] [1789368464.888503369] [amr_0.rh_node]: [amr_0] Pruned expired reservations for peers: ['amr_2', 'amr_1']
[rh_node-31] [INFO] [1789368464.919780653] [amr_1.rh_node]: [amr_1] Pruned expired reservations for peers: ['amr_2']
[rh_node-33] [INFO] [1789368465.306083368] [amr_3.rh_node]: [amr_3] Pruned expired reservations for peers: ['amr_2', 'amr_1']
[rh_node-32] [INFO] [1789368465.323874387] [amr_2.rh_node]: [amr_2] Pruned expired reservations for peers: ['amr_1']
[rh_node-34] [INFO] [1789368465.367490000] [amr_4.rh_node]: [amr_4] Pruned expired reservations for peers: ['amr_2', 'amr_1']
[rh_node-30] [INFO] [1789368465.388519575] [amr_0.rh_node]: [amr_0] Pruned expired reservations for peers: ['amr_2', 'amr_1']
[rh_node-31] [INFO] [1789368465.419486140] [amr_1.rh_node]: [amr_1] Pruned expired reservations for peers: ['amr_2']
[rh_node-33] [INFO] [1789368465.805883320] [amr_3.rh_node]: [amr_3] Pruned expired reservations for peers: ['amr_2', 'amr_1']
[rh_node-32] [INFO] [1789368465.823852526] [amr_2.rh_node]: [amr_2] Pruned expired reservations for peers: ['amr_1']
[rh_node-34] [INFO] [1789368465.866627909] [amr_4.rh_node]: [amr_4] Pruned expired reservations for peers: ['amr_2', 'amr_1']
[rh_node-30] [INFO] [1789368465.888633545] [amr_0.rh_node]: [amr_0] Pruned expired reservations for peers: ['amr_2', 'amr_1']
[rh_node-31] [INFO] [1789368465.919611279] [amr_1.rh_node]: [amr_1] Pruned expired reservations for peers: ['amr_2']
[rh_node-33] [INFO] [1789368466.306078876] [amr_3.rh_node]: [amr_3] Pruned expired reservations for peers: ['amr_2', 'amr_1']
[rh_node-32] [INFO] [1789368466.323888440] [amr_2.rh_node]: [amr_2] Pruned expired reservations for peers: ['amr_1']
[rh_node-34] [INFO] [1789368466.366320551] [amr_4.rh_node]: [amr_4] Pruned expired reservations for peers: ['amr_2', 'amr_1']
[rh_node-30] [INFO] [1789368466.388612470] [amr_0.rh_node]: [amr_0] Pruned expired reservations for peers: ['amr_2', 'amr_1']
[rh_node-31] [INFO] [1789368466.419080707] [amr_1.rh_node]: [amr_1] Pruned expired reservations for peers: ['amr_2']
[rh_node-33] [INFO] [1789368466.806043246] [amr_3.rh_node]: [amr_3] Pruned expired reservations for peers: ['amr_2', 'amr_1']
[rh_node-32] [INFO] [1789368466.823803124] [amr_2.rh_node]: [amr_2] Pruned expired reservations for peers: ['amr_1']
[rh_node-34] [INFO] [1789368466.866371387] [amr_4.rh_node]: [amr_4] Pruned expired reservations for peers: ['amr_2', 'amr_1']
[rh_node-30] [INFO] [1789368466.888546337] [amr_0.rh_node]: [amr_0] Pruned expired reservations for peers: ['amr_2', 'amr_1']
[rh_node-31] [INFO] [1789368466.919074591] [amr_1.rh_node]: [amr_1] Pruned expired reservations for peers: ['amr_2']
[rh_node-33] [INFO] [1789368467.306101701] [amr_3.rh_node]: [amr_3] Pruned expired reservations for peers: ['amr_2', 'amr_1']
[rh_node-32] [INFO] [1789368467.323770840] [amr_2.rh_node]: [amr_2] Pruned expired reservations for peers: ['amr_1']
[rh_node-34] [INFO] [1789368467.366338357] [amr_4.rh_node]: [amr_4] Pruned expired reservations for peers: ['amr_2', 'amr_1']
[rh_node-30] [INFO] [1789368467.388993366] [amr_0.rh_node]: [amr_0] Pruned expired reservations for peers: ['amr_2', 'amr_1']
[rh_node-31] [INFO] [1789368467.419434555] [amr_1.rh_node]: [amr_1] Pruned expired reservations for peers: ['amr_2']
[rh_node-33] [INFO] [1789368467.805655139] [amr_3.rh_node]: [amr_3] Pruned expired reservations for peers: ['amr_2', 'amr_1']
[rh_node-32] [INFO] [1789368467.825196994] [amr_2.rh_node]: [amr_2] Pruned expired reservations for peers: ['amr_1']
[rh_node-34] [INFO] [1789368467.866791247] [amr_4.rh_node]: [amr_4] Pruned expired reservations for peers: ['amr_2', 'amr_1']
[rh_node-30] [INFO] [1789368467.888679487] [amr_0.rh_node]: [amr_0] Pruned expired reservations for peers: ['amr_2', 'amr_1']
[rh_node-31] [INFO] [1789368467.920390122] [amr_1.rh_node]: [amr_1] Pruned expired reservations for peers: ['amr_2']
[rh_node-33] [INFO] [1789368468.306498820] [amr_3.rh_node]: [amr_3] Pruned expired reservations for peers: ['amr_2', 'amr_1']
[rh_node-32] [INFO] [1789368468.324177757] [amr_2.rh_node]: [amr_2] Pruned expired reservations for peers: ['amr_1']
[rh_node-34] [INFO] [1789368468.366732448] [amr_4.rh_node]: [amr_4] Pruned expired reservations for peers: ['amr_2', 'amr_1']
[rh_node-30] [INFO] [1789368468.388755475] [amr_0.rh_node]: [amr_0] Pruned expired reservations for peers: ['amr_2', 'amr_1']
[rh_node-31] [INFO] [1789368468.418948050] [amr_1.rh_node]: [amr_1] Pruned expired reservations for peers: ['amr_2']
[rh_node-33] [INFO] [1789368468.807300606] [amr_3.rh_node]: [amr_3] Pruned expired reservations for peers: ['amr_2', 'amr_1']
[rh_node-32] [INFO] [1789368468.825170947] [amr_2.rh_node]: [amr_2] Pruned expired reservations for peers: ['amr_1']
[rh_node-34] [INFO] [1789368468.866570891] [amr_4.rh_node]: [amr_4] Pruned expired reservations for peers: ['amr_2', 'amr_1']
[rh_node-30] [INFO] [1789368468.889877695] [amr_0.rh_node]: [amr_0] Pruned expired reservations for peers: ['amr_2', 'amr_1']
[rh_node-31] [INFO] [1789368468.919480414] [amr_1.rh_node]: [amr_1] Pruned expired reservations for peers: ['amr_2']
