[INFO] [launch]: All log files can be found below /home/raghav/.ros/log/2026-09-14-12-18-04-202409-Raze-219810
[INFO] [launch]: Default logging verbosity is set to INFO
[INFO] [launch.user]: [FLEET] Spawning 5 robots into world "warehouse_small" (headless=True)
[INFO] [launch.user]: [M8B Fleet Bringup] Starting 5 CBBA nodes (bundle cap: 4, profile: NORMAL, compute_mode: HIGH)
[INFO] [launch.user]: [M8B Fleet Bringup] Starting 5 M8B RH nodes (compute_mode: HIGH, adaptive: False, h=10, w=4, replan_rate=2.0Hz)
[INFO] [gazebo-1]: process started with pid [219845]
[INFO] [parameter_bridge-2]: process started with pid [219846]
[INFO] [warehouse_visualizer-3]: process started with pid [219848]
[INFO] [robot_state_publisher-4]: process started with pid [219849]
[INFO] [create-5]: process started with pid [219850]
[INFO] [parameter_bridge-6]: process started with pid [219851]
[INFO] [static_transform_publisher-7]: process started with pid [219852]
[INFO] [robot_state_publisher-8]: process started with pid [219853]
[INFO] [create-9]: process started with pid [219854]
[INFO] [parameter_bridge-10]: process started with pid [219855]
[INFO] [static_transform_publisher-11]: process started with pid [219856]
[INFO] [robot_state_publisher-12]: process started with pid [219857]
[INFO] [create-13]: process started with pid [219858]
[INFO] [parameter_bridge-14]: process started with pid [219859]
[INFO] [static_transform_publisher-15]: process started with pid [219860]
[INFO] [robot_state_publisher-16]: process started with pid [219861]
[INFO] [create-17]: process started with pid [219862]
[INFO] [parameter_bridge-18]: process started with pid [219863]
[INFO] [static_transform_publisher-19]: process started with pid [219864]
[INFO] [robot_state_publisher-20]: process started with pid [219865]
[INFO] [create-21]: process started with pid [219866]
[INFO] [parameter_bridge-22]: process started with pid [219871]
[INFO] [static_transform_publisher-23]: process started with pid [219872]
[INFO] [task_manager-24]: process started with pid [219877]
[INFO] [cbba_node-25]: process started with pid [219883]
[INFO] [cbba_node-26]: process started with pid [219898]
[INFO] [cbba_node-27]: process started with pid [219905]
[INFO] [cbba_node-28]: process started with pid [219906]
[INFO] [cbba_node-29]: process started with pid [219907]
[INFO] [rh_node-30]: process started with pid [219908]
[INFO] [rh_node-31]: process started with pid [219918]
[INFO] [rh_node-32]: process started with pid [219926]
[INFO] [rh_node-33]: process started with pid [219934]
[INFO] [rh_node-34]: process started with pid [219935]
[static_transform_publisher-11] [INFO] [1789368485.491739987] [amr_1_map_to_odom]: Spinning until stopped - publishing transform
[static_transform_publisher-11] translation: ('2.000000', '5.000000', '0.000000')
[static_transform_publisher-11] rotation: ('0.000000', '0.000000', '0.000000', '1.000000')
[static_transform_publisher-11] from 'map' to 'amr_1/odom'
[robot_state_publisher-8] [INFO] [1789368485.540524478] [amr_1.robot_state_publisher]: Robot initialized
[static_transform_publisher-23] [INFO] [1789368485.551613172] [amr_4_map_to_odom]: Spinning until stopped - publishing transform
[static_transform_publisher-23] translation: ('2.000000', '14.000000', '0.000000')
[static_transform_publisher-23] rotation: ('0.000000', '0.000000', '0.000000', '1.000000')
[static_transform_publisher-23] from 'map' to 'amr_4/odom'
[robot_state_publisher-12] [INFO] [1789368485.798632177] [amr_2.robot_state_publisher]: Robot initialized
[static_transform_publisher-19] [INFO] [1789368485.800976128] [amr_3_map_to_odom]: Spinning until stopped - publishing transform
[static_transform_publisher-19] translation: ('2.000000', '11.000000', '0.000000')
[static_transform_publisher-19] rotation: ('0.000000', '0.000000', '0.000000', '1.000000')
[static_transform_publisher-19] from 'map' to 'amr_3/odom'
[create-17] [INFO] [1789368485.861693333] [amr_3_spawner]: Requesting list of world names.
[parameter_bridge-14] [INFO] [1789368485.866200255] [amr_2_bridge]: Creating ROS->GZ Bridge: [/amr_2/cmd_vel (geometry_msgs/msg/Twist) -> /amr_2/cmd_vel (gz.msgs.Twist)] (Lazy 0)
[static_transform_publisher-15] [INFO] [1789368485.881059607] [amr_2_map_to_odom]: Spinning until stopped - publishing transform
[static_transform_publisher-15] translation: ('2.000000', '8.000000', '0.000000')
[static_transform_publisher-15] rotation: ('0.000000', '0.000000', '0.000000', '1.000000')
[static_transform_publisher-15] from 'map' to 'amr_2/odom'
[parameter_bridge-14] [INFO] [1789368485.924178611] [amr_2_bridge]: Creating GZ->ROS Bridge: [/amr_2/odom (gz.msgs.Odometry) -> /amr_2/odom (nav_msgs/msg/Odometry)] (Lazy 0)
[create-21] [INFO] [1789368485.927310155] [amr_4_spawner]: Requesting list of world names.
[create-9] [INFO] [1789368486.038302365] [amr_1_spawner]: Requesting list of world names.
[robot_state_publisher-20] [INFO] [1789368486.045361668] [amr_4.robot_state_publisher]: Robot initialized
[parameter_bridge-14] [INFO] [1789368486.045635032] [amr_2_bridge]: Creating GZ->ROS Bridge: [/amr_2/scan (gz.msgs.LaserScan) -> /amr_2/scan (sensor_msgs/msg/LaserScan)] (Lazy 0)
[parameter_bridge-6] [INFO] [1789368486.068197115] [amr_0_bridge]: Creating ROS->GZ Bridge: [/amr_0/cmd_vel (geometry_msgs/msg/Twist) -> /amr_0/cmd_vel (gz.msgs.Twist)] (Lazy 0)
[robot_state_publisher-4] [INFO] [1789368486.073364100] [amr_0.robot_state_publisher]: Robot initialized
[static_transform_publisher-7] [INFO] [1789368486.091961743] [amr_0_map_to_odom]: Spinning until stopped - publishing transform
[static_transform_publisher-7] translation: ('2.000000', '2.000000', '0.000000')
[static_transform_publisher-7] rotation: ('0.000000', '0.000000', '0.000000', '1.000000')
[static_transform_publisher-7] from 'map' to 'amr_0/odom'
[parameter_bridge-14] [INFO] [1789368486.092289846] [amr_2_bridge]: Creating GZ->ROS Bridge: [/amr_2/tf (gz.msgs.Pose_V) -> /amr_2/tf (tf2_msgs/msg/TFMessage)] (Lazy 0)
[parameter_bridge-6] [INFO] [1789368486.099275873] [amr_0_bridge]: Creating GZ->ROS Bridge: [/amr_0/odom (gz.msgs.Odometry) -> /amr_0/odom (nav_msgs/msg/Odometry)] (Lazy 0)
[parameter_bridge-22] [INFO] [1789368486.100494253] [amr_4_bridge]: Creating ROS->GZ Bridge: [/amr_4/cmd_vel (geometry_msgs/msg/Twist) -> /amr_4/cmd_vel (gz.msgs.Twist)] (Lazy 0)
[parameter_bridge-18] [INFO] [1789368486.113594276] [amr_3_bridge]: Creating ROS->GZ Bridge: [/amr_3/cmd_vel (geometry_msgs/msg/Twist) -> /amr_3/cmd_vel (gz.msgs.Twist)] (Lazy 0)
[create-5] [INFO] [1789368486.118105452] [amr_0_spawner]: Requesting list of world names.
[parameter_bridge-6] [INFO] [1789368486.120084717] [amr_0_bridge]: Creating GZ->ROS Bridge: [/amr_0/scan (gz.msgs.LaserScan) -> /amr_0/scan (sensor_msgs/msg/LaserScan)] (Lazy 0)
[parameter_bridge-14] [INFO] [1789368486.124632744] [amr_2_bridge]: Creating GZ->ROS Bridge: [/amr_2/joint_states (gz.msgs.Model) -> /amr_2/joint_states (sensor_msgs/msg/JointState)] (Lazy 0)
[parameter_bridge-22] [INFO] [1789368486.129013004] [amr_4_bridge]: Creating GZ->ROS Bridge: [/amr_4/odom (gz.msgs.Odometry) -> /amr_4/odom (nav_msgs/msg/Odometry)] (Lazy 0)
[parameter_bridge-6] [INFO] [1789368486.135659619] [amr_0_bridge]: Creating GZ->ROS Bridge: [/amr_0/tf (gz.msgs.Pose_V) -> /amr_0/tf (tf2_msgs/msg/TFMessage)] (Lazy 0)
[parameter_bridge-18] [INFO] [1789368486.140416977] [amr_3_bridge]: Creating GZ->ROS Bridge: [/amr_3/odom (gz.msgs.Odometry) -> /amr_3/odom (nav_msgs/msg/Odometry)] (Lazy 0)
[robot_state_publisher-16] [INFO] [1789368486.141350957] [amr_3.robot_state_publisher]: Robot initialized
[parameter_bridge-6] [INFO] [1789368486.156090415] [amr_0_bridge]: Creating GZ->ROS Bridge: [/amr_0/joint_states (gz.msgs.Model) -> /amr_0/joint_states (sensor_msgs/msg/JointState)] (Lazy 0)
[parameter_bridge-22] [INFO] [1789368486.187173222] [amr_4_bridge]: Creating GZ->ROS Bridge: [/amr_4/scan (gz.msgs.LaserScan) -> /amr_4/scan (sensor_msgs/msg/LaserScan)] (Lazy 0)
[parameter_bridge-2] [INFO] [1789368486.187567073] [clock_bridge]: Creating GZ->ROS Bridge: [/clock (gz.msgs.Clock) -> /clock (rosgraph_msgs/msg/Clock)] (Lazy 0)
[parameter_bridge-18] [INFO] [1789368486.192993199] [amr_3_bridge]: Creating GZ->ROS Bridge: [/amr_3/scan (gz.msgs.LaserScan) -> /amr_3/scan (sensor_msgs/msg/LaserScan)] (Lazy 0)
[create-13] [INFO] [1789368486.194333280] [amr_2_spawner]: Requesting list of world names.
[parameter_bridge-10] [INFO] [1789368486.202342231] [amr_1_bridge]: Creating ROS->GZ Bridge: [/amr_1/cmd_vel (geometry_msgs/msg/Twist) -> /amr_1/cmd_vel (gz.msgs.Twist)] (Lazy 0)
[parameter_bridge-22] [INFO] [1789368486.299374511] [amr_4_bridge]: Creating GZ->ROS Bridge: [/amr_4/tf (gz.msgs.Pose_V) -> /amr_4/tf (tf2_msgs/msg/TFMessage)] (Lazy 0)
[parameter_bridge-18] [INFO] [1789368486.301333723] [amr_3_bridge]: Creating GZ->ROS Bridge: [/amr_3/tf (gz.msgs.Pose_V) -> /amr_3/tf (tf2_msgs/msg/TFMessage)] (Lazy 0)
[parameter_bridge-18] [INFO] [1789368486.305451991] [amr_3_bridge]: Creating GZ->ROS Bridge: [/amr_3/joint_states (gz.msgs.Model) -> /amr_3/joint_states (sensor_msgs/msg/JointState)] (Lazy 0)
[parameter_bridge-10] [INFO] [1789368486.314920236] [amr_1_bridge]: Creating GZ->ROS Bridge: [/amr_1/odom (gz.msgs.Odometry) -> /amr_1/odom (nav_msgs/msg/Odometry)] (Lazy 0)
[parameter_bridge-22] [INFO] [1789368486.318301488] [amr_4_bridge]: Creating GZ->ROS Bridge: [/amr_4/joint_states (gz.msgs.Model) -> /amr_4/joint_states (sensor_msgs/msg/JointState)] (Lazy 0)
[parameter_bridge-10] [INFO] [1789368486.354446705] [amr_1_bridge]: Creating GZ->ROS Bridge: [/amr_1/scan (gz.msgs.LaserScan) -> /amr_1/scan (sensor_msgs/msg/LaserScan)] (Lazy 0)
[parameter_bridge-10] [INFO] [1789368486.373750860] [amr_1_bridge]: Creating GZ->ROS Bridge: [/amr_1/tf (gz.msgs.Pose_V) -> /amr_1/tf (tf2_msgs/msg/TFMessage)] (Lazy 0)
[parameter_bridge-10] [INFO] [1789368486.411654876] [amr_1_bridge]: Creating GZ->ROS Bridge: [/amr_1/joint_states (gz.msgs.Model) -> /amr_1/joint_states (sensor_msgs/msg/JointState)] (Lazy 0)
[create-13] [INFO] [1789368486.542704625] [amr_2_spawner]: Waiting messages on topic [amr_2/robot_description].
[cbba_node-25] [INFO] [1789368486.572552482] [amr_0.cbba_node]: CBBA Node initialized for amr_0 (bundle cap: 4)
[cbba_node-26] [INFO] [1789368486.636414801] [amr_1.cbba_node]: CBBA Node initialized for amr_1 (bundle cap: 4)
[create-9] [INFO] [1789368486.655474737] [amr_1_spawner]: Waiting messages on topic [amr_1/robot_description].
[create-17] [INFO] [1789368486.743283407] [amr_3_spawner]: Waiting messages on topic [amr_3/robot_description].
[rh_node-32] [INFO] [1789368486.771835354] [amr_2.rh_node]: Rolling-Horizon Planner initialized for amr_2 (h=14, w=2, heuristic=PRIORITY_FIRST)
[cbba_node-28] [INFO] [1789368486.803026054] [amr_3.cbba_node]: CBBA Node initialized for amr_3 (bundle cap: 4)
[warehouse_visualizer-3] [INFO] [1789368486.806682533] [warehouse_visualizer]: WarehouseVisualizerNode started. Publishing to /warehouse_markers.
[create-21] [INFO] [1789368486.843384528] [amr_4_spawner]: Waiting messages on topic [amr_4/robot_description].
[cbba_node-27] [INFO] [1789368486.887113133] [amr_2.cbba_node]: CBBA Node initialized for amr_2 (bundle cap: 4)
[rh_node-33] [INFO] [1789368486.891773798] [amr_3.rh_node]: Rolling-Horizon Planner initialized for amr_3 (h=14, w=2, heuristic=PRIORITY_FIRST)
[task_manager-24] [INFO] [1789368486.893294754] [amr_task_manager]: Loaded 15 tasks from workload: /home/raghav/SIH26123AMR/config/workloads/workload_15_tasks.yaml
[rh_node-31] [INFO] [1789368486.923475112] [amr_1.rh_node]: Rolling-Horizon Planner initialized for amr_1 (h=14, w=2, heuristic=PRIORITY_FIRST)
[create-13] [INFO] [1789368486.936477956] [amr_2_spawner]: Entity creation successful.
[create-9] [INFO] [1789368486.936587005] [amr_1_spawner]: Entity creation successful.
[create-17] [INFO] [1789368486.940407332] [amr_3_spawner]: Entity creation successful.
[create-21] [INFO] [1789368486.942602530] [amr_4_spawner]: Entity creation successful.
[create-5] [INFO] [1789368486.942940404] [amr_0_spawner]: Waiting messages on topic [amr_0/robot_description].
[create-5] [INFO] [1789368486.954107698] [amr_0_spawner]: Entity creation successful.
[task_manager-24] [INFO] [1789368486.977096385] [amr_task_manager]: Task Manager Node initialized.
[cbba_node-29] [INFO] [1789368486.999787630] [amr_4.cbba_node]: CBBA Node initialized for amr_4 (bundle cap: 4)
[rh_node-30] [INFO] [1789368487.032464055] [amr_0.rh_node]: Rolling-Horizon Planner initialized for amr_0 (h=14, w=2, heuristic=PRIORITY_FIRST)
[rh_node-34] [INFO] [1789368487.040434327] [amr_4.rh_node]: Rolling-Horizon Planner initialized for amr_4 (h=14, w=2, heuristic=PRIORITY_FIRST)
[INFO] [create-17]: process has finished cleanly [pid 219862]
[INFO] [create-13]: process has finished cleanly [pid 219858]
[INFO] [create-21]: process has finished cleanly [pid 219866]
[INFO] [create-5]: process has finished cleanly [pid 219850]
[INFO] [create-9]: process has finished cleanly [pid 219854]
[gazebo-1] [1;33mWarning [Utils.cc:132][0m [/sdf/model[@name="amr"]/link[@name="amr_2/base_footprint"]/sensor[@name="amr_2_lidar"]/gz_frame_id:<urdf-string>:L0]: XML Element[gz_frame_id], child of element[sensor], not defined in SDF. Copying[gz_frame_id] as children of [sensor].
[gazebo-1] [1;33mWarning [Utils.cc:132][0m [/sdf/model[@name="amr"]/link[@name="amr_1/base_footprint"]/sensor[@name="amr_1_lidar"]/gz_frame_id:<urdf-string>:L0]: XML Element[gz_frame_id], child of element[sensor], not defined in SDF. Copying[gz_frame_id] as children of [sensor].
[gazebo-1] [1;33mWarning [Utils.cc:132][0m [/sdf/model[@name="amr"]/link[@name="amr_3/base_footprint"]/sensor[@name="amr_3_lidar"]/gz_frame_id:<urdf-string>:L0]: XML Element[gz_frame_id], child of element[sensor], not defined in SDF. Copying[gz_frame_id] as children of [sensor].
[gazebo-1] [1;33mWarning [Utils.cc:132][0m [/sdf/model[@name="amr"]/link[@name="amr_4/base_footprint"]/sensor[@name="amr_4_lidar"]/gz_frame_id:<urdf-string>:L0]: XML Element[gz_frame_id], child of element[sensor], not defined in SDF. Copying[gz_frame_id] as children of [sensor].
[gazebo-1] [1;33mWarning [Utils.cc:132][0m [/sdf/model[@name="amr"]/link[@name="amr_0/base_footprint"]/sensor[@name="amr_0_lidar"]/gz_frame_id:<urdf-string>:L0]: XML Element[gz_frame_id], child of element[sensor], not defined in SDF. Copying[gz_frame_id] as children of [sensor].
[parameter_bridge-22] [INFO] [1789368488.116861967] [amr_4_bridge]: Passing message from ROS geometry_msgs/msg/Twist to Gazebo gz.msgs.Twist (showing msg only once per type)
[parameter_bridge-6] [INFO] [1789368488.207972511] [amr_0_bridge]: Passing message from ROS geometry_msgs/msg/Twist to Gazebo gz.msgs.Twist (showing msg only once per type)
[cbba_node-26] [INFO] [1789368489.097839494] [amr_1.cbba_node]: Committed task task_w15_0001 assignment to amr_1
[task_manager-24] [INFO] [1789368489.098223907] [amr_task_manager]: Task 'task_w15_0001' transitioned to ASSIGNED
[cbba_node-26] [INFO] [1789368489.098723254] [amr_1.cbba_node]: Committed task task_w15_0006 assignment to amr_1
[task_manager-24] [INFO] [1789368489.099283459] [amr_task_manager]: Task 'task_w15_0006' transitioned to ASSIGNED
[cbba_node-26] [INFO] [1789368489.099791790] [amr_1.cbba_node]: Committed task task_w15_0011 assignment to amr_1
[task_manager-24] [INFO] [1789368489.100586885] [amr_task_manager]: Task 'task_w15_0011' transitioned to ASSIGNED
[cbba_node-28] [INFO] [1789368489.136052566] [amr_3.cbba_node]: Committed task task_w15_0003 assignment to amr_3
[cbba_node-28] [INFO] [1789368489.137169701] [amr_3.cbba_node]: Committed task task_w15_0008 assignment to amr_3
[cbba_node-28] [INFO] [1789368489.138114887] [amr_3.cbba_node]: Committed task task_w15_0014 assignment to amr_3
[task_manager-24] [INFO] [1789368489.139602858] [amr_task_manager]: Task 'task_w15_0003' transitioned to ASSIGNED
[cbba_node-25] [INFO] [1789368489.140120444] [amr_0.cbba_node]: Committed task task_w15_0012 assignment to amr_0
[task_manager-24] [INFO] [1789368489.141073366] [amr_task_manager]: Task 'task_w15_0008' transitioned to ASSIGNED
[cbba_node-25] [INFO] [1789368489.141560096] [amr_0.cbba_node]: Committed task task_w15_0005 assignment to amr_0
[task_manager-24] [INFO] [1789368489.142431162] [amr_task_manager]: Task 'task_w15_0014' transitioned to ASSIGNED
[cbba_node-25] [INFO] [1789368489.142647058] [amr_0.cbba_node]: Committed task task_w15_0010 assignment to amr_0
[task_manager-24] [INFO] [1789368489.143769086] [amr_task_manager]: Task 'task_w15_0012' transitioned to ASSIGNED
[task_manager-24] [INFO] [1789368489.145871474] [amr_task_manager]: Task 'task_w15_0005' transitioned to ASSIGNED
[task_manager-24] [INFO] [1789368489.147293084] [amr_task_manager]: Task 'task_w15_0010' transitioned to ASSIGNED
[cbba_node-27] [INFO] [1789368489.149448961] [amr_2.cbba_node]: Committed task task_w15_0002 assignment to amr_2
[cbba_node-27] [INFO] [1789368489.151165330] [amr_2.cbba_node]: Committed task task_w15_0007 assignment to amr_2
[task_manager-24] [INFO] [1789368489.151509466] [amr_task_manager]: Task 'task_w15_0002' transitioned to ASSIGNED
[cbba_node-27] [INFO] [1789368489.152017662] [amr_2.cbba_node]: Committed task task_w15_0013 assignment to amr_2
[task_manager-24] [INFO] [1789368489.153376013] [amr_task_manager]: Task 'task_w15_0007' transitioned to ASSIGNED
[task_manager-24] [INFO] [1789368489.155173846] [amr_task_manager]: Task 'task_w15_0013' transitioned to ASSIGNED
[cbba_node-29] [INFO] [1789368489.171312891] [amr_4.cbba_node]: Committed task task_w15_0004 assignment to amr_4
[cbba_node-29] [INFO] [1789368489.172450344] [amr_4.cbba_node]: Committed task task_w15_0009 assignment to amr_4
[task_manager-24] [INFO] [1789368489.172761658] [amr_task_manager]: Task 'task_w15_0004' transitioned to ASSIGNED
[cbba_node-29] [INFO] [1789368489.173666435] [amr_4.cbba_node]: Committed task task_w15_0015 assignment to amr_4
[task_manager-24] [INFO] [1789368489.174168726] [amr_task_manager]: Task 'task_w15_0009' transitioned to ASSIGNED
[task_manager-24] [INFO] [1789368489.175206500] [amr_task_manager]: Task 'task_w15_0015' transitioned to ASSIGNED
[parameter_bridge-10] [INFO] [1789368489.399393562] [amr_1_bridge]: Passing message from ROS geometry_msgs/msg/Twist to Gazebo gz.msgs.Twist (showing msg only once per type)
[parameter_bridge-14] [INFO] [1789368489.431535208] [amr_2_bridge]: Passing message from ROS geometry_msgs/msg/Twist to Gazebo gz.msgs.Twist (showing msg only once per type)
[parameter_bridge-18] [INFO] [1789368489.459532156] [amr_3_bridge]: Passing message from ROS geometry_msgs/msg/Twist to Gazebo gz.msgs.Twist (showing msg only once per type)
[rh_node-31] [INFO] [1789368500.646455458] [amr_1.rh_node]: [amr_1] Reached pickup for task 'task_w15_0001'. Moving to dropoff.
[task_manager-24] [INFO] [1789368500.648320359] [amr_task_manager]: Task 'task_w15_0001' transitioned to IN_PROGRESS
[rh_node-31] [INFO] [1789368528.146053289] [amr_1.rh_node]: [amr_1] Completed task 'task_w15_0001'. Advancing to next task.
[task_manager-24] [INFO] [1789368528.147805332] [amr_task_manager]: Task 'task_w15_0001' transitioned to COMPLETED
[rh_node-30] [INFO] [1789368547.509560859] [amr_0.rh_node]: [amr_0] Pruned expired reservations for peers: ['amr_2']
[rh_node-34] [INFO] [1789368547.517936952] [amr_4.rh_node]: [amr_4] Pruned expired reservations for peers: ['amr_2']
[rh_node-33] [INFO] [1789368547.611954013] [amr_3.rh_node]: [amr_3] Pruned expired reservations for peers: ['amr_2']
[rh_node-31] [INFO] [1789368547.647626178] [amr_1.rh_node]: [amr_1] Pruned expired reservations for peers: ['amr_2']
[rh_node-30] [INFO] [1789368547.758934750] [amr_0.rh_node]: [amr_0] Pruned expired reservations for peers: ['amr_2']
[rh_node-34] [INFO] [1789368547.768854296] [amr_4.rh_node]: [amr_4] Pruned expired reservations for peers: ['amr_2']
[rh_node-33] [INFO] [1789368547.861132601] [amr_3.rh_node]: [amr_3] Pruned expired reservations for peers: ['amr_2']
[rh_node-31] [INFO] [1789368547.897916827] [amr_1.rh_node]: [amr_1] Pruned expired reservations for peers: ['amr_2']
[rh_node-30] [INFO] [1789368548.009101619] [amr_0.rh_node]: [amr_0] Pruned expired reservations for peers: ['amr_2']
[rh_node-34] [INFO] [1789368548.017610752] [amr_4.rh_node]: [amr_4] Pruned expired reservations for peers: ['amr_2']
[rh_node-33] [INFO] [1789368548.110763105] [amr_3.rh_node]: [amr_3] Pruned expired reservations for peers: ['amr_2']
[rh_node-31] [INFO] [1789368548.147481218] [amr_1.rh_node]: [amr_1] Pruned expired reservations for peers: ['amr_2']
[rh_node-30] [INFO] [1789368548.259921326] [amr_0.rh_node]: [amr_0] Pruned expired reservations for peers: ['amr_2']
[rh_node-34] [INFO] [1789368548.268615994] [amr_4.rh_node]: [amr_4] Pruned expired reservations for peers: ['amr_2']
[rh_node-33] [INFO] [1789368548.361367979] [amr_3.rh_node]: [amr_3] Pruned expired reservations for peers: ['amr_2']
[rh_node-31] [INFO] [1789368548.398496612] [amr_1.rh_node]: [amr_1] Pruned expired reservations for peers: ['amr_2']
