[INFO] [launch]: All log files can be found below /home/raghav/.ros/log/2026-09-14-12-29-01-207768-Raze-226240
[INFO] [launch]: Default logging verbosity is set to INFO
[INFO] [launch.user]: [FLEET] Spawning 5 robots into world "warehouse_small" (headless=True)
[INFO] [launch.user]: [M8B Fleet Bringup] Starting 5 CBBA nodes (bundle cap: 8, profile: HIGH_LATENCY, compute_mode: NORMAL)
[INFO] [launch.user]: [M8B Fleet Bringup] Starting 5 M8B RH nodes (compute_mode: NORMAL, adaptive: False, h=10, w=4, replan_rate=2.0Hz)
[INFO] [gazebo-1]: process started with pid [226279]
[INFO] [parameter_bridge-2]: process started with pid [226280]
[INFO] [warehouse_visualizer-3]: process started with pid [226281]
[INFO] [robot_state_publisher-4]: process started with pid [226283]
[INFO] [create-5]: process started with pid [226284]
[INFO] [parameter_bridge-6]: process started with pid [226285]
[INFO] [static_transform_publisher-7]: process started with pid [226286]
[INFO] [robot_state_publisher-8]: process started with pid [226287]
[INFO] [create-9]: process started with pid [226288]
[INFO] [parameter_bridge-10]: process started with pid [226289]
[INFO] [static_transform_publisher-11]: process started with pid [226290]
[INFO] [robot_state_publisher-12]: process started with pid [226291]
[INFO] [create-13]: process started with pid [226292]
[INFO] [parameter_bridge-14]: process started with pid [226293]
[INFO] [static_transform_publisher-15]: process started with pid [226294]
[INFO] [robot_state_publisher-16]: process started with pid [226295]
[INFO] [create-17]: process started with pid [226298]
[INFO] [parameter_bridge-18]: process started with pid [226299]
[INFO] [static_transform_publisher-19]: process started with pid [226300]
[INFO] [robot_state_publisher-20]: process started with pid [226305]
[INFO] [create-21]: process started with pid [226310]
[INFO] [parameter_bridge-22]: process started with pid [226319]
[INFO] [static_transform_publisher-23]: process started with pid [226322]
[INFO] [task_manager-24]: process started with pid [226351]
[INFO] [cbba_node-25]: process started with pid [226393]
[INFO] [cbba_node-26]: process started with pid [226394]
[INFO] [cbba_node-27]: process started with pid [226406]
[INFO] [cbba_node-28]: process started with pid [226412]
[INFO] [cbba_node-29]: process started with pid [226414]
[INFO] [rh_node-30]: process started with pid [226441]
[INFO] [rh_node-31]: process started with pid [226460]
[INFO] [rh_node-32]: process started with pid [226462]
[INFO] [rh_node-33]: process started with pid [226472]
[INFO] [rh_node-34]: process started with pid [226483]
[robot_state_publisher-4] [INFO] [1789369142.483592750] [amr_0.robot_state_publisher]: Robot initialized
[robot_state_publisher-8] [INFO] [1789369142.470803595] [amr_1.robot_state_publisher]: Robot initialized
[static_transform_publisher-11] [INFO] [1789369142.498205953] [amr_1_map_to_odom]: Spinning until stopped - publishing transform
[static_transform_publisher-11] translation: ('2.000000', '5.000000', '0.000000')
[static_transform_publisher-11] rotation: ('0.000000', '0.000000', '0.000000', '1.000000')
[static_transform_publisher-11] from 'map' to 'amr_1/odom'
[robot_state_publisher-12] [INFO] [1789369142.563135762] [amr_2.robot_state_publisher]: Robot initialized
[static_transform_publisher-7] [INFO] [1789369142.574388163] [amr_0_map_to_odom]: Spinning until stopped - publishing transform
[static_transform_publisher-7] translation: ('2.000000', '2.000000', '0.000000')
[static_transform_publisher-7] rotation: ('0.000000', '0.000000', '0.000000', '1.000000')
[static_transform_publisher-7] from 'map' to 'amr_0/odom'
[create-13] [INFO] [1789369142.607357265] [amr_2_spawner]: Requesting list of world names.
[create-17] [INFO] [1789369142.642464715] [amr_3_spawner]: Requesting list of world names.
[static_transform_publisher-19] [INFO] [1789369142.657976994] [amr_3_map_to_odom]: Spinning until stopped - publishing transform
[static_transform_publisher-19] translation: ('2.000000', '11.000000', '0.000000')
[static_transform_publisher-19] rotation: ('0.000000', '0.000000', '0.000000', '1.000000')
[static_transform_publisher-19] from 'map' to 'amr_3/odom'
[static_transform_publisher-15] [INFO] [1789369142.719927796] [amr_2_map_to_odom]: Spinning until stopped - publishing transform
[static_transform_publisher-15] translation: ('2.000000', '8.000000', '0.000000')
[static_transform_publisher-15] rotation: ('0.000000', '0.000000', '0.000000', '1.000000')
[static_transform_publisher-15] from 'map' to 'amr_2/odom'
[parameter_bridge-2] [INFO] [1789369142.767424264] [clock_bridge]: Creating GZ->ROS Bridge: [/clock (gz.msgs.Clock) -> /clock (rosgraph_msgs/msg/Clock)] (Lazy 0)
[parameter_bridge-6] [INFO] [1789369142.860058230] [amr_0_bridge]: Creating ROS->GZ Bridge: [/amr_0/cmd_vel (geometry_msgs/msg/Twist) -> /amr_0/cmd_vel (gz.msgs.Twist)] (Lazy 0)
[parameter_bridge-6] [INFO] [1789369142.875721470] [amr_0_bridge]: Creating GZ->ROS Bridge: [/amr_0/odom (gz.msgs.Odometry) -> /amr_0/odom (nav_msgs/msg/Odometry)] (Lazy 0)
[parameter_bridge-6] [INFO] [1789369142.880832908] [amr_0_bridge]: Creating GZ->ROS Bridge: [/amr_0/scan (gz.msgs.LaserScan) -> /amr_0/scan (sensor_msgs/msg/LaserScan)] (Lazy 0)
[parameter_bridge-6] [INFO] [1789369142.885561873] [amr_0_bridge]: Creating GZ->ROS Bridge: [/amr_0/tf (gz.msgs.Pose_V) -> /amr_0/tf (tf2_msgs/msg/TFMessage)] (Lazy 0)
[create-5] [INFO] [1789369142.886379519] [amr_0_spawner]: Requesting list of world names.
[robot_state_publisher-20] [INFO] [1789369142.922168379] [amr_4.robot_state_publisher]: Robot initialized
[parameter_bridge-6] [INFO] [1789369142.925037065] [amr_0_bridge]: Creating GZ->ROS Bridge: [/amr_0/joint_states (gz.msgs.Model) -> /amr_0/joint_states (sensor_msgs/msg/JointState)] (Lazy 0)
[robot_state_publisher-16] [INFO] [1789369142.935877772] [amr_3.robot_state_publisher]: Robot initialized
[parameter_bridge-22] [INFO] [1789369142.947837407] [amr_4_bridge]: Creating ROS->GZ Bridge: [/amr_4/cmd_vel (geometry_msgs/msg/Twist) -> /amr_4/cmd_vel (gz.msgs.Twist)] (Lazy 0)
[parameter_bridge-22] [INFO] [1789369142.973958310] [amr_4_bridge]: Creating GZ->ROS Bridge: [/amr_4/odom (gz.msgs.Odometry) -> /amr_4/odom (nav_msgs/msg/Odometry)] (Lazy 0)
[create-21] [INFO] [1789369142.991736378] [amr_4_spawner]: Requesting list of world names.
[static_transform_publisher-23] [INFO] [1789369143.005681483] [amr_4_map_to_odom]: Spinning until stopped - publishing transform
[static_transform_publisher-23] translation: ('2.000000', '14.000000', '0.000000')
[static_transform_publisher-23] rotation: ('0.000000', '0.000000', '0.000000', '1.000000')
[static_transform_publisher-23] from 'map' to 'amr_4/odom'
[parameter_bridge-22] [INFO] [1789369143.028243843] [amr_4_bridge]: Creating GZ->ROS Bridge: [/amr_4/scan (gz.msgs.LaserScan) -> /amr_4/scan (sensor_msgs/msg/LaserScan)] (Lazy 0)
[parameter_bridge-22] [INFO] [1789369143.061075617] [amr_4_bridge]: Creating GZ->ROS Bridge: [/amr_4/tf (gz.msgs.Pose_V) -> /amr_4/tf (tf2_msgs/msg/TFMessage)] (Lazy 0)
[create-9] [INFO] [1789369143.075289164] [amr_1_spawner]: Requesting list of world names.
[parameter_bridge-22] [INFO] [1789369143.081589715] [amr_4_bridge]: Creating GZ->ROS Bridge: [/amr_4/joint_states (gz.msgs.Model) -> /amr_4/joint_states (sensor_msgs/msg/JointState)] (Lazy 0)
[parameter_bridge-14] [INFO] [1789369143.095845508] [amr_2_bridge]: Creating ROS->GZ Bridge: [/amr_2/cmd_vel (geometry_msgs/msg/Twist) -> /amr_2/cmd_vel (gz.msgs.Twist)] (Lazy 0)
[parameter_bridge-18] [INFO] [1789369143.097387924] [amr_3_bridge]: Creating ROS->GZ Bridge: [/amr_3/cmd_vel (geometry_msgs/msg/Twist) -> /amr_3/cmd_vel (gz.msgs.Twist)] (Lazy 0)
[parameter_bridge-18] [INFO] [1789369143.111041162] [amr_3_bridge]: Creating GZ->ROS Bridge: [/amr_3/odom (gz.msgs.Odometry) -> /amr_3/odom (nav_msgs/msg/Odometry)] (Lazy 0)
[parameter_bridge-14] [INFO] [1789369143.139486339] [amr_2_bridge]: Creating GZ->ROS Bridge: [/amr_2/odom (gz.msgs.Odometry) -> /amr_2/odom (nav_msgs/msg/Odometry)] (Lazy 0)
[parameter_bridge-18] [INFO] [1789369143.140660583] [amr_3_bridge]: Creating GZ->ROS Bridge: [/amr_3/scan (gz.msgs.LaserScan) -> /amr_3/scan (sensor_msgs/msg/LaserScan)] (Lazy 0)
[parameter_bridge-18] [INFO] [1789369143.149426277] [amr_3_bridge]: Creating GZ->ROS Bridge: [/amr_3/tf (gz.msgs.Pose_V) -> /amr_3/tf (tf2_msgs/msg/TFMessage)] (Lazy 0)
[parameter_bridge-10] [INFO] [1789369143.183602750] [amr_1_bridge]: Creating ROS->GZ Bridge: [/amr_1/cmd_vel (geometry_msgs/msg/Twist) -> /amr_1/cmd_vel (gz.msgs.Twist)] (Lazy 0)
[parameter_bridge-10] [INFO] [1789369143.195898076] [amr_1_bridge]: Creating GZ->ROS Bridge: [/amr_1/odom (gz.msgs.Odometry) -> /amr_1/odom (nav_msgs/msg/Odometry)] (Lazy 0)
[parameter_bridge-10] [INFO] [1789369143.203098098] [amr_1_bridge]: Creating GZ->ROS Bridge: [/amr_1/scan (gz.msgs.LaserScan) -> /amr_1/scan (sensor_msgs/msg/LaserScan)] (Lazy 0)
[parameter_bridge-10] [INFO] [1789369143.209829115] [amr_1_bridge]: Creating GZ->ROS Bridge: [/amr_1/tf (gz.msgs.Pose_V) -> /amr_1/tf (tf2_msgs/msg/TFMessage)] (Lazy 0)
[parameter_bridge-10] [INFO] [1789369143.222849377] [amr_1_bridge]: Creating GZ->ROS Bridge: [/amr_1/joint_states (gz.msgs.Model) -> /amr_1/joint_states (sensor_msgs/msg/JointState)] (Lazy 0)
[parameter_bridge-18] [INFO] [1789369143.251070161] [amr_3_bridge]: Creating GZ->ROS Bridge: [/amr_3/joint_states (gz.msgs.Model) -> /amr_3/joint_states (sensor_msgs/msg/JointState)] (Lazy 0)
[parameter_bridge-14] [INFO] [1789369143.251706380] [amr_2_bridge]: Creating GZ->ROS Bridge: [/amr_2/scan (gz.msgs.LaserScan) -> /amr_2/scan (sensor_msgs/msg/LaserScan)] (Lazy 0)
[parameter_bridge-14] [INFO] [1789369143.267347769] [amr_2_bridge]: Creating GZ->ROS Bridge: [/amr_2/tf (gz.msgs.Pose_V) -> /amr_2/tf (tf2_msgs/msg/TFMessage)] (Lazy 0)
[parameter_bridge-14] [INFO] [1789369143.288078314] [amr_2_bridge]: Creating GZ->ROS Bridge: [/amr_2/joint_states (gz.msgs.Model) -> /amr_2/joint_states (sensor_msgs/msg/JointState)] (Lazy 0)
[create-9] [INFO] [1789369143.534078294] [amr_1_spawner]: Waiting messages on topic [amr_1/robot_description].
[create-13] [INFO] [1789369143.629731932] [amr_2_spawner]: Waiting messages on topic [amr_2/robot_description].
[task_manager-24] [INFO] [1789369143.736305036] [amr_task_manager]: Loaded 30 tasks from workload: /home/raghav/Downloads/NRDAS_Antigravity_Project_Starter/antigravity_amr_project/config/workloads/workload_30_tasks.yaml
[create-17] [INFO] [1789369143.753595098] [amr_3_spawner]: Waiting messages on topic [amr_3/robot_description].
[warehouse_visualizer-3] [INFO] [1789369143.769324060] [warehouse_visualizer]: WarehouseVisualizerNode started. Publishing to /warehouse_markers.
[create-5] [INFO] [1789369143.835772337] [amr_0_spawner]: Waiting messages on topic [amr_0/robot_description].
[task_manager-24] [INFO] [1789369143.837237726] [amr_task_manager]: Task Manager Node initialized.
[cbba_node-26] [INFO] [1789369143.889748403] [amr_1.cbba_node]: CBBA Node initialized for amr_1 (bundle cap: 8)
[create-9] [INFO] [1789369143.929841835] [amr_1_spawner]: Entity creation successful.
[create-17] [INFO] [1789369143.931039184] [amr_3_spawner]: Entity creation successful.
[create-5] [INFO] [1789369143.933290161] [amr_0_spawner]: Entity creation successful.
[create-13] [INFO] [1789369143.933440692] [amr_2_spawner]: Entity creation successful.
[create-21] [INFO] [1789369143.935535226] [amr_4_spawner]: Waiting messages on topic [amr_4/robot_description].
[cbba_node-25] [INFO] [1789369143.940891351] [amr_0.cbba_node]: CBBA Node initialized for amr_0 (bundle cap: 8)
[create-21] [INFO] [1789369143.955155375] [amr_4_spawner]: Entity creation successful.
[rh_node-33] [INFO] [1789369144.064978557] [amr_3.rh_node]: Rolling-Horizon Planner initialized for amr_3 (h=10, w=4, heuristic=PRIORITY_FIRST)
[rh_node-32] [INFO] [1789369144.086486812] [amr_2.rh_node]: Rolling-Horizon Planner initialized for amr_2 (h=10, w=4, heuristic=PRIORITY_FIRST)
[rh_node-30] [INFO] [1789369144.089240176] [amr_0.rh_node]: Rolling-Horizon Planner initialized for amr_0 (h=10, w=4, heuristic=PRIORITY_FIRST)
[cbba_node-29] [INFO] [1789369144.098215786] [amr_4.cbba_node]: CBBA Node initialized for amr_4 (bundle cap: 8)
[INFO] [create-5]: process has finished cleanly [pid 226284]
[rh_node-31] [INFO] [1789369144.104412963] [amr_1.rh_node]: Rolling-Horizon Planner initialized for amr_1 (h=10, w=4, heuristic=PRIORITY_FIRST)
[cbba_node-28] [INFO] [1789369144.112124965] [amr_3.cbba_node]: CBBA Node initialized for amr_3 (bundle cap: 8)
[INFO] [create-21]: process has finished cleanly [pid 226310]
[INFO] [create-17]: process has finished cleanly [pid 226298]
[INFO] [create-13]: process has finished cleanly [pid 226292]
[cbba_node-27] [INFO] [1789369144.157746514] [amr_2.cbba_node]: CBBA Node initialized for amr_2 (bundle cap: 8)
[INFO] [create-9]: process has finished cleanly [pid 226288]
[rh_node-34] [INFO] [1789369144.179713443] [amr_4.rh_node]: Rolling-Horizon Planner initialized for amr_4 (h=10, w=4, heuristic=PRIORITY_FIRST)
[parameter_bridge-10] [INFO] [1789369144.731744564] [amr_1_bridge]: Passing message from ROS geometry_msgs/msg/Twist to Gazebo gz.msgs.Twist (showing msg only once per type)
[gazebo-1] [1;33mWarning [Utils.cc:132][0m [/sdf/model[@name="amr"]/link[@name="amr_1/base_footprint"]/sensor[@name="amr_1_lidar"]/gz_frame_id:<urdf-string>:L0]: XML Element[gz_frame_id], child of element[sensor], not defined in SDF. Copying[gz_frame_id] as children of [sensor].
[gazebo-1] [1;33mWarning [Utils.cc:132][0m [/sdf/model[@name="amr"]/link[@name="amr_2/base_footprint"]/sensor[@name="amr_2_lidar"]/gz_frame_id:<urdf-string>:L0]: XML Element[gz_frame_id], child of element[sensor], not defined in SDF. Copying[gz_frame_id] as children of [sensor].
[gazebo-1] [1;33mWarning [Utils.cc:132][0m [/sdf/model[@name="amr"]/link[@name="amr_3/base_footprint"]/sensor[@name="amr_3_lidar"]/gz_frame_id:<urdf-string>:L0]: XML Element[gz_frame_id], child of element[sensor], not defined in SDF. Copying[gz_frame_id] as children of [sensor].
[gazebo-1] [1;33mWarning [Utils.cc:132][0m [/sdf/model[@name="amr"]/link[@name="amr_0/base_footprint"]/sensor[@name="amr_0_lidar"]/gz_frame_id:<urdf-string>:L0]: XML Element[gz_frame_id], child of element[sensor], not defined in SDF. Copying[gz_frame_id] as children of [sensor].
[gazebo-1] [1;33mWarning [Utils.cc:132][0m [/sdf/model[@name="amr"]/link[@name="amr_4/base_footprint"]/sensor[@name="amr_4_lidar"]/gz_frame_id:<urdf-string>:L0]: XML Element[gz_frame_id], child of element[sensor], not defined in SDF. Copying[gz_frame_id] as children of [sensor].
[parameter_bridge-14] [INFO] [1789369145.208193242] [amr_2_bridge]: Passing message from ROS geometry_msgs/msg/Twist to Gazebo gz.msgs.Twist (showing msg only once per type)
[parameter_bridge-18] [INFO] [1789369145.222003194] [amr_3_bridge]: Passing message from ROS geometry_msgs/msg/Twist to Gazebo gz.msgs.Twist (showing msg only once per type)
[task_manager-24] [INFO] [1789369145.510582438] [amr_task_manager]: Task 'task_w30_0026' transitioned to ASSIGNED
[cbba_node-25] [INFO] [1789369145.510632493] [amr_0.cbba_node]: Committed task task_w30_0026 assignment to amr_0
[task_manager-24] [INFO] [1789369145.511981713] [amr_task_manager]: Task 'task_w30_0016' transitioned to ASSIGNED
[cbba_node-25] [INFO] [1789369145.512215152] [amr_0.cbba_node]: Committed task task_w30_0016 assignment to amr_0
[task_manager-24] [INFO] [1789369145.513140629] [amr_task_manager]: Task 'task_w30_0008' transitioned to ASSIGNED
[cbba_node-25] [INFO] [1789369145.513628812] [amr_0.cbba_node]: Committed task task_w30_0008 assignment to amr_0
[task_manager-24] [INFO] [1789369145.514572242] [amr_task_manager]: Task 'task_w30_0001' transitioned to ASSIGNED
[cbba_node-25] [INFO] [1789369145.515072080] [amr_0.cbba_node]: Committed task task_w30_0001 assignment to amr_0
[cbba_node-25] [INFO] [1789369145.515988154] [amr_0.cbba_node]: Committed task task_w30_0002 assignment to amr_0
[task_manager-24] [INFO] [1789369145.516322576] [amr_task_manager]: Task 'task_w30_0002' transitioned to ASSIGNED
[cbba_node-25] [INFO] [1789369145.516808376] [amr_0.cbba_node]: Committed task task_w30_0003 assignment to amr_0
[task_manager-24] [INFO] [1789369145.517450816] [amr_task_manager]: Task 'task_w30_0003' transitioned to ASSIGNED
[cbba_node-25] [INFO] [1789369145.517531917] [amr_0.cbba_node]: Committed task task_w30_0004 assignment to amr_0
[cbba_node-25] [INFO] [1789369145.518220052] [amr_0.cbba_node]: Committed task task_w30_0005 assignment to amr_0
[task_manager-24] [INFO] [1789369145.518925014] [amr_task_manager]: Task 'task_w30_0004' transitioned to ASSIGNED
[task_manager-24] [INFO] [1789369145.520131998] [amr_task_manager]: Task 'task_w30_0005' transitioned to ASSIGNED
[parameter_bridge-22] [INFO] [1789369146.258858085] [amr_4_bridge]: Passing message from ROS geometry_msgs/msg/Twist to Gazebo gz.msgs.Twist (showing msg only once per type)
[parameter_bridge-6] [INFO] [1789369146.463523263] [amr_0_bridge]: Passing message from ROS geometry_msgs/msg/Twist to Gazebo gz.msgs.Twist (showing msg only once per type)
[rh_node-32] [INFO] [1789369155.008660399] [amr_2.rh_node]: [amr_2] Pruned expired reservations for peers: ['amr_4']
[rh_node-33] [INFO] [1789369155.022893977] [amr_3.rh_node]: [amr_3] Pruned expired reservations for peers: ['amr_4']
[rh_node-30] [INFO] [1789369155.065585437] [amr_0.rh_node]: [amr_0] Pruned expired reservations for peers: ['amr_4']
[rh_node-31] [INFO] [1789369155.083072927] [amr_1.rh_node]: [amr_1] Pruned expired reservations for peers: ['amr_4']
[rh_node-32] [INFO] [1789369155.509176200] [amr_2.rh_node]: [amr_2] Pruned expired reservations for peers: ['amr_4']
[rh_node-33] [INFO] [1789369155.522401849] [amr_3.rh_node]: [amr_3] Pruned expired reservations for peers: ['amr_4']
[rh_node-30] [INFO] [1789369155.566352063] [amr_0.rh_node]: [amr_0] Pruned expired reservations for peers: ['amr_4']
[rh_node-31] [INFO] [1789369155.582566543] [amr_1.rh_node]: [amr_1] Pruned expired reservations for peers: ['amr_4']
[rh_node-32] [INFO] [1789369156.009296633] [amr_2.rh_node]: [amr_2] Pruned expired reservations for peers: ['amr_4']
[rh_node-33] [INFO] [1789369156.022875259] [amr_3.rh_node]: [amr_3] Pruned expired reservations for peers: ['amr_4']
[rh_node-30] [INFO] [1789369156.064741780] [amr_0.rh_node]: [amr_0] Pruned expired reservations for peers: ['amr_4']
[rh_node-31] [INFO] [1789369156.083239118] [amr_1.rh_node]: [amr_1] Pruned expired reservations for peers: ['amr_4']
[rh_node-32] [INFO] [1789369156.508787974] [amr_2.rh_node]: [amr_2] Pruned expired reservations for peers: ['amr_4']
[rh_node-33] [INFO] [1789369156.522512037] [amr_3.rh_node]: [amr_3] Pruned expired reservations for peers: ['amr_4']
[rh_node-30] [INFO] [1789369156.565819946] [amr_0.rh_node]: [amr_0] Pruned expired reservations for peers: ['amr_4']
[rh_node-31] [INFO] [1789369156.584056954] [amr_1.rh_node]: [amr_1] Pruned expired reservations for peers: ['amr_4']
[rh_node-32] [INFO] [1789369157.009396477] [amr_2.rh_node]: [amr_2] Pruned expired reservations for peers: ['amr_4']
[rh_node-33] [INFO] [1789369157.022706988] [amr_3.rh_node]: [amr_3] Pruned expired reservations for peers: ['amr_4']
[rh_node-30] [INFO] [1789369157.065554004] [amr_0.rh_node]: [amr_0] Pruned expired reservations for peers: ['amr_4']
[rh_node-31] [INFO] [1789369157.082605637] [amr_1.rh_node]: [amr_1] Pruned expired reservations for peers: ['amr_4']
[rh_node-32] [INFO] [1789369157.508596082] [amr_2.rh_node]: [amr_2] Pruned expired reservations for peers: ['amr_4']
[rh_node-33] [INFO] [1789369157.522611203] [amr_3.rh_node]: [amr_3] Pruned expired reservations for peers: ['amr_4']
[rh_node-30] [INFO] [1789369157.564894729] [amr_0.rh_node]: [amr_0] Pruned expired reservations for peers: ['amr_4']
[rh_node-31] [INFO] [1789369157.583655600] [amr_1.rh_node]: [amr_1] Pruned expired reservations for peers: ['amr_4']
[rh_node-32] [INFO] [1789369158.008606190] [amr_2.rh_node]: [amr_2] Pruned expired reservations for peers: ['amr_4']
[rh_node-33] [INFO] [1789369158.022585933] [amr_3.rh_node]: [amr_3] Pruned expired reservations for peers: ['amr_4']
[rh_node-30] [INFO] [1789369158.065387445] [amr_0.rh_node]: [amr_0] Pruned expired reservations for peers: ['amr_4']
[rh_node-31] [INFO] [1789369158.082907241] [amr_1.rh_node]: [amr_1] Pruned expired reservations for peers: ['amr_4']
[rh_node-32] [INFO] [1789369158.508464876] [amr_2.rh_node]: [amr_2] Pruned expired reservations for peers: ['amr_4']
[rh_node-33] [INFO] [1789369158.524182648] [amr_3.rh_node]: [amr_3] Pruned expired reservations for peers: ['amr_4']
[rh_node-30] [INFO] [1789369158.565059583] [amr_0.rh_node]: [amr_0] Pruned expired reservations for peers: ['amr_4']
[rh_node-31] [INFO] [1789369158.582312643] [amr_1.rh_node]: [amr_1] Pruned expired reservations for peers: ['amr_4']
[rh_node-32] [INFO] [1789369159.010053196] [amr_2.rh_node]: [amr_2] Pruned expired reservations for peers: ['amr_4']
[rh_node-33] [INFO] [1789369159.022592257] [amr_3.rh_node]: [amr_3] Pruned expired reservations for peers: ['amr_4']
[rh_node-30] [INFO] [1789369159.064907469] [amr_0.rh_node]: [amr_0] Pruned expired reservations for peers: ['amr_4']
[rh_node-31] [INFO] [1789369159.083836580] [amr_1.rh_node]: [amr_1] Pruned expired reservations for peers: ['amr_4']
[rh_node-32] [INFO] [1789369159.510223893] [amr_2.rh_node]: [amr_2] Pruned expired reservations for peers: ['amr_4']
[rh_node-33] [INFO] [1789369159.524224817] [amr_3.rh_node]: [amr_3] Pruned expired reservations for peers: ['amr_4']
[rh_node-30] [INFO] [1789369159.564673400] [amr_0.rh_node]: [amr_0] Pruned expired reservations for peers: ['amr_4']
[rh_node-31] [INFO] [1789369159.582556667] [amr_1.rh_node]: [amr_1] Pruned expired reservations for peers: ['amr_4']
[rh_node-32] [INFO] [1789369160.008545767] [amr_2.rh_node]: [amr_2] Pruned expired reservations for peers: ['amr_4']
[rh_node-33] [INFO] [1789369160.022602552] [amr_3.rh_node]: [amr_3] Pruned expired reservations for peers: ['amr_4']
[rh_node-30] [INFO] [1789369160.066175785] [amr_0.rh_node]: [amr_0] Pruned expired reservations for peers: ['amr_4']
[rh_node-31] [INFO] [1789369160.083311131] [amr_1.rh_node]: [amr_1] Pruned expired reservations for peers: ['amr_4']
[rh_node-32] [INFO] [1789369160.508647277] [amr_2.rh_node]: [amr_2] Pruned expired reservations for peers: ['amr_4']
[rh_node-33] [INFO] [1789369160.522855324] [amr_3.rh_node]: [amr_3] Pruned expired reservations for peers: ['amr_4']
[rh_node-30] [INFO] [1789369160.564711942] [amr_0.rh_node]: [amr_0] Pruned expired reservations for peers: ['amr_4']
[rh_node-31] [INFO] [1789369160.582426589] [amr_1.rh_node]: [amr_1] Pruned expired reservations for peers: ['amr_4']
[rh_node-32] [INFO] [1789369161.009208110] [amr_2.rh_node]: [amr_2] Pruned expired reservations for peers: ['amr_4']
[rh_node-33] [INFO] [1789369161.022597043] [amr_3.rh_node]: [amr_3] Pruned expired reservations for peers: ['amr_4']
[rh_node-30] [INFO] [1789369161.066242011] [amr_0.rh_node]: [amr_0] Pruned expired reservations for peers: ['amr_4']
[rh_node-31] [INFO] [1789369161.083200890] [amr_1.rh_node]: [amr_1] Pruned expired reservations for peers: ['amr_4']
[rh_node-32] [INFO] [1789369161.509053090] [amr_2.rh_node]: [amr_2] Pruned expired reservations for peers: ['amr_4']
[rh_node-33] [INFO] [1789369161.522465778] [amr_3.rh_node]: [amr_3] Pruned expired reservations for peers: ['amr_4']
[rh_node-30] [INFO] [1789369161.565442399] [amr_0.rh_node]: [amr_0] Pruned expired reservations for peers: ['amr_4']
[rh_node-31] [INFO] [1789369161.583534968] [amr_1.rh_node]: [amr_1] Pruned expired reservations for peers: ['amr_4']
[rh_node-32] [INFO] [1789369162.009741825] [amr_2.rh_node]: [amr_2] Pruned expired reservations for peers: ['amr_4']
[rh_node-33] [INFO] [1789369162.022625821] [amr_3.rh_node]: [amr_3] Pruned expired reservations for peers: ['amr_4']
[rh_node-30] [INFO] [1789369162.066232192] [amr_0.rh_node]: [amr_0] Pruned expired reservations for peers: ['amr_4']
[rh_node-31] [INFO] [1789369162.082664358] [amr_1.rh_node]: [amr_1] Pruned expired reservations for peers: ['amr_4']
[rh_node-32] [INFO] [1789369162.509237028] [amr_2.rh_node]: [amr_2] Pruned expired reservations for peers: ['amr_4']
[cbba_node-25] [INFO] [1789369162.510402145] [amr_0.cbba_node]: Committed task task_w30_0006 assignment to amr_0
[cbba_node-25] [INFO] [1789369162.511311331] [amr_0.cbba_node]: Committed task task_w30_0010 assignment to amr_0
[task_manager-24] [INFO] [1789369162.511523431] [amr_task_manager]: Task 'task_w30_0006' transitioned to ASSIGNED
[cbba_node-25] [INFO] [1789369162.512065839] [amr_0.cbba_node]: Committed task task_w30_0017 assignment to amr_0
[task_manager-24] [INFO] [1789369162.512527187] [amr_task_manager]: Task 'task_w30_0010' transitioned to ASSIGNED
[cbba_node-25] [INFO] [1789369162.512778208] [amr_0.cbba_node]: Committed task task_w30_0021 assignment to amr_0
[task_manager-24] [INFO] [1789369162.513349857] [amr_task_manager]: Task 'task_w30_0017' transitioned to ASSIGNED
[cbba_node-25] [INFO] [1789369162.513483135] [amr_0.cbba_node]: Committed task task_w30_0025 assignment to amr_0
[task_manager-24] [INFO] [1789369162.514144377] [amr_task_manager]: Task 'task_w30_0021' transitioned to ASSIGNED
[task_manager-24] [INFO] [1789369162.515682433] [amr_task_manager]: Task 'task_w30_0025' transitioned to ASSIGNED
[rh_node-33] [INFO] [1789369162.524172554] [amr_3.rh_node]: [amr_3] Pruned expired reservations for peers: ['amr_4']
[rh_node-30] [INFO] [1789369162.565530852] [amr_0.rh_node]: [amr_0] Pruned expired reservations for peers: ['amr_4']
[rh_node-31] [INFO] [1789369162.582830608] [amr_1.rh_node]: [amr_1] Pruned expired reservations for peers: ['amr_4']
[rh_node-32] [INFO] [1789369163.009053858] [amr_2.rh_node]: [amr_2] Pruned expired reservations for peers: ['amr_4']
[rh_node-33] [INFO] [1789369163.023132275] [amr_3.rh_node]: [amr_3] Pruned expired reservations for peers: ['amr_4']
[rh_node-30] [INFO] [1789369163.065678438] [amr_0.rh_node]: [amr_0] Pruned expired reservations for peers: ['amr_4']
[rh_node-31] [INFO] [1789369163.083751806] [amr_1.rh_node]: [amr_1] Pruned expired reservations for peers: ['amr_4']
[rh_node-32] [INFO] [1789369163.508659539] [amr_2.rh_node]: [amr_2] Pruned expired reservations for peers: ['amr_4']
[rh_node-33] [INFO] [1789369163.522506865] [amr_3.rh_node]: [amr_3] Pruned expired reservations for peers: ['amr_4']
[rh_node-30] [INFO] [1789369163.564985512] [amr_0.rh_node]: [amr_0] Pruned expired reservations for peers: ['amr_4']
[rh_node-31] [INFO] [1789369163.582900771] [amr_1.rh_node]: [amr_1] Pruned expired reservations for peers: ['amr_4']
[rh_node-32] [INFO] [1789369164.009564029] [amr_2.rh_node]: [amr_2] Pruned expired reservations for peers: ['amr_4']
[rh_node-33] [INFO] [1789369164.023625643] [amr_3.rh_node]: [amr_3] Pruned expired reservations for peers: ['amr_4']
[rh_node-30] [INFO] [1789369164.065007041] [amr_0.rh_node]: [amr_0] Pruned expired reservations for peers: ['amr_4']
[rh_node-31] [INFO] [1789369164.083474430] [amr_1.rh_node]: [amr_1] Pruned expired reservations for peers: ['amr_4']
[rh_node-32] [INFO] [1789369164.508576841] [amr_2.rh_node]: [amr_2] Pruned expired reservations for peers: ['amr_4']
[rh_node-33] [INFO] [1789369164.522580478] [amr_3.rh_node]: [amr_3] Pruned expired reservations for peers: ['amr_4']
[rh_node-30] [INFO] [1789369164.564459472] [amr_0.rh_node]: [amr_0] Pruned expired reservations for peers: ['amr_4']
[rh_node-31] [INFO] [1789369164.582454757] [amr_1.rh_node]: [amr_1] Pruned expired reservations for peers: ['amr_4']
[rh_node-32] [INFO] [1789369165.008560789] [amr_2.rh_node]: [amr_2] Pruned expired reservations for peers: ['amr_4']
[rh_node-33] [INFO] [1789369165.022518574] [amr_3.rh_node]: [amr_3] Pruned expired reservations for peers: ['amr_4']
[rh_node-30] [INFO] [1789369165.064707165] [amr_0.rh_node]: [amr_0] Pruned expired reservations for peers: ['amr_4']
[rh_node-31] [INFO] [1789369165.082926111] [amr_1.rh_node]: [amr_1] Pruned expired reservations for peers: ['amr_4']
[rh_node-32] [INFO] [1789369165.509431016] [amr_2.rh_node]: [amr_2] Pruned expired reservations for peers: ['amr_4']
[rh_node-33] [INFO] [1789369165.523490388] [amr_3.rh_node]: [amr_3] Pruned expired reservations for peers: ['amr_4']
[rh_node-30] [INFO] [1789369165.565326351] [amr_0.rh_node]: [amr_0] Pruned expired reservations for peers: ['amr_4']
[rh_node-31] [INFO] [1789369165.583963488] [amr_1.rh_node]: [amr_1] Pruned expired reservations for peers: ['amr_4']
[rh_node-32] [INFO] [1789369166.008462923] [amr_2.rh_node]: [amr_2] Pruned expired reservations for peers: ['amr_4']
[rh_node-33] [INFO] [1789369166.023989121] [amr_3.rh_node]: [amr_3] Pruned expired reservations for peers: ['amr_4']
[rh_node-30] [INFO] [1789369166.065952541] [amr_0.rh_node]: [amr_0] Pruned expired reservations for peers: ['amr_4']
[rh_node-31] [INFO] [1789369166.083157526] [amr_1.rh_node]: [amr_1] Pruned expired reservations for peers: ['amr_4']
[rh_node-32] [INFO] [1789369166.508739581] [amr_2.rh_node]: [amr_2] Pruned expired reservations for peers: ['amr_4']
[rh_node-33] [INFO] [1789369166.524528093] [amr_3.rh_node]: [amr_3] Pruned expired reservations for peers: ['amr_4']
[rh_node-30] [INFO] [1789369166.564691138] [amr_0.rh_node]: [amr_0] Pruned expired reservations for peers: ['amr_4']
[rh_node-31] [INFO] [1789369166.582630874] [amr_1.rh_node]: [amr_1] Pruned expired reservations for peers: ['amr_4']
[rh_node-32] [INFO] [1789369167.009013035] [amr_2.rh_node]: [amr_2] Pruned expired reservations for peers: ['amr_4']
[rh_node-33] [INFO] [1789369167.023627247] [amr_3.rh_node]: [amr_3] Pruned expired reservations for peers: ['amr_4']
[rh_node-30] [INFO] [1789369167.066106189] [amr_0.rh_node]: [amr_0] Pruned expired reservations for peers: ['amr_4']
[rh_node-31] [INFO] [1789369167.083833090] [amr_1.rh_node]: [amr_1] Pruned expired reservations for peers: ['amr_4']
[rh_node-32] [INFO] [1789369167.509855684] [amr_2.rh_node]: [amr_2] Pruned expired reservations for peers: ['amr_4']
[rh_node-33] [INFO] [1789369167.523511281] [amr_3.rh_node]: [amr_3] Pruned expired reservations for peers: ['amr_4']
[rh_node-30] [INFO] [1789369167.564687894] [amr_0.rh_node]: [amr_0] Pruned expired reservations for peers: ['amr_4']
[rh_node-31] [INFO] [1789369167.582361197] [amr_1.rh_node]: [amr_1] Pruned expired reservations for peers: ['amr_4']
[rh_node-32] [INFO] [1789369168.008675976] [amr_2.rh_node]: [amr_2] Pruned expired reservations for peers: ['amr_4']
[rh_node-33] [INFO] [1789369168.023705629] [amr_3.rh_node]: [amr_3] Pruned expired reservations for peers: ['amr_4']
[rh_node-30] [INFO] [1789369168.067914914] [amr_0.rh_node]: [amr_0] Pruned expired reservations for peers: ['amr_4']
[rh_node-31] [INFO] [1789369168.082427876] [amr_1.rh_node]: [amr_1] Pruned expired reservations for peers: ['amr_4']
[rh_node-32] [INFO] [1789369168.509091187] [amr_2.rh_node]: [amr_2] Pruned expired reservations for peers: ['amr_4']
[rh_node-33] [INFO] [1789369168.524053457] [amr_3.rh_node]: [amr_3] Pruned expired reservations for peers: ['amr_4']
[rh_node-30] [INFO] [1789369168.564676320] [amr_0.rh_node]: [amr_0] Pruned expired reservations for peers: ['amr_4']
[rh_node-31] [INFO] [1789369168.583639922] [amr_1.rh_node]: [amr_1] Pruned expired reservations for peers: ['amr_4']
[rh_node-32] [INFO] [1789369169.008626729] [amr_2.rh_node]: [amr_2] Reached pickup for task 'task_w30_0028'. Moving to dropoff.
[task_manager-24] [INFO] [1789369169.010888734] [amr_task_manager]: Task 'task_w30_0028' transitioned to IN_PROGRESS
[rh_node-32] [INFO] [1789369169.012586600] [amr_2.rh_node]: [amr_2] Pruned expired reservations for peers: ['amr_4']
[rh_node-33] [INFO] [1789369169.022590980] [amr_3.rh_node]: [amr_3] Pruned expired reservations for peers: ['amr_4']
[rh_node-30] [INFO] [1789369169.064747156] [amr_0.rh_node]: [amr_0] Pruned expired reservations for peers: ['amr_4']
[rh_node-31] [INFO] [1789369169.082780410] [amr_1.rh_node]: [amr_1] Pruned expired reservations for peers: ['amr_4']
[rh_node-32] [INFO] [1789369169.508901401] [amr_2.rh_node]: [amr_2] Pruned expired reservations for peers: ['amr_4']
[rh_node-33] [INFO] [1789369169.523595695] [amr_3.rh_node]: [amr_3] Pruned expired reservations for peers: ['amr_4']
[rh_node-30] [INFO] [1789369169.565212805] [amr_0.rh_node]: [amr_0] Pruned expired reservations for peers: ['amr_4']
[rh_node-31] [INFO] [1789369169.582565339] [amr_1.rh_node]: [amr_1] Pruned expired reservations for peers: ['amr_4']
[rh_node-32] [INFO] [1789369170.007758399] [amr_2.rh_node]: [amr_2] Reached pickup for task 'task_w30_0029'. Moving to dropoff.
[task_manager-24] [INFO] [1789369170.009978293] [amr_task_manager]: Task 'task_w30_0029' transitioned to IN_PROGRESS
[rh_node-32] [INFO] [1789369170.010419052] [amr_2.rh_node]: [amr_2] Pruned expired reservations for peers: ['amr_4']
[rh_node-33] [INFO] [1789369170.023778770] [amr_3.rh_node]: [amr_3] Pruned expired reservations for peers: ['amr_4']
[rh_node-30] [INFO] [1789369170.065342165] [amr_0.rh_node]: [amr_0] Pruned expired reservations for peers: ['amr_4']
[rh_node-31] [INFO] [1789369170.082792497] [amr_1.rh_node]: [amr_1] Pruned expired reservations for peers: ['amr_4']
[rh_node-32] [INFO] [1789369170.509700716] [amr_2.rh_node]: [amr_2] Pruned expired reservations for peers: ['amr_4']
[rh_node-33] [INFO] [1789369170.523662680] [amr_3.rh_node]: [amr_3] Pruned expired reservations for peers: ['amr_4']
[rh_node-30] [INFO] [1789369170.565412009] [amr_0.rh_node]: [amr_0] Pruned expired reservations for peers: ['amr_4']
[rh_node-31] [INFO] [1789369170.582620351] [amr_1.rh_node]: [amr_1] Pruned expired reservations for peers: ['amr_4']
[rh_node-32] [INFO] [1789369171.008973259] [amr_2.rh_node]: [amr_2] Pruned expired reservations for peers: ['amr_4']
[rh_node-33] [INFO] [1789369171.023304940] [amr_3.rh_node]: [amr_3] Pruned expired reservations for peers: ['amr_4']
[rh_node-30] [INFO] [1789369171.064635346] [amr_0.rh_node]: [amr_0] Pruned expired reservations for peers: ['amr_4']
[rh_node-31] [INFO] [1789369171.083033178] [amr_1.rh_node]: [amr_1] Pruned expired reservations for peers: ['amr_4']
[rh_node-32] [INFO] [1789369171.509659431] [amr_2.rh_node]: [amr_2] Pruned expired reservations for peers: ['amr_4']
[rh_node-33] [INFO] [1789369171.523551929] [amr_3.rh_node]: [amr_3] Pruned expired reservations for peers: ['amr_4']
[rh_node-30] [INFO] [1789369171.564899412] [amr_0.rh_node]: [amr_0] Pruned expired reservations for peers: ['amr_4']
[rh_node-31] [INFO] [1789369171.582994848] [amr_1.rh_node]: [amr_1] Pruned expired reservations for peers: ['amr_4']
[rh_node-32] [INFO] [1789369172.009280955] [amr_2.rh_node]: [amr_2] Pruned expired reservations for peers: ['amr_4']
[rh_node-33] [INFO] [1789369172.024015125] [amr_3.rh_node]: [amr_3] Pruned expired reservations for peers: ['amr_4']
[rh_node-30] [INFO] [1789369172.064650542] [amr_0.rh_node]: [amr_0] Pruned expired reservations for peers: ['amr_4']
[rh_node-31] [INFO] [1789369172.082898918] [amr_1.rh_node]: [amr_1] Pruned expired reservations for peers: ['amr_4']
[rh_node-32] [INFO] [1789369172.510381035] [amr_2.rh_node]: [amr_2] Pruned expired reservations for peers: ['amr_4']
[rh_node-33] [INFO] [1789369172.522865522] [amr_3.rh_node]: [amr_3] Pruned expired reservations for peers: ['amr_4']
[rh_node-30] [INFO] [1789369172.565285922] [amr_0.rh_node]: [amr_0] Pruned expired reservations for peers: ['amr_4']
[rh_node-31] [INFO] [1789369172.582846304] [amr_1.rh_node]: [amr_1] Pruned expired reservations for peers: ['amr_4']
[rh_node-32] [INFO] [1789369173.009597648] [amr_2.rh_node]: [amr_2] Pruned expired reservations for peers: ['amr_4']
[rh_node-33] [INFO] [1789369173.022795019] [amr_3.rh_node]: [amr_3] Pruned expired reservations for peers: ['amr_4']
[rh_node-30] [INFO] [1789369173.064984750] [amr_0.rh_node]: [amr_0] Pruned expired reservations for peers: ['amr_4']
[rh_node-31] [INFO] [1789369173.083359887] [amr_1.rh_node]: [amr_1] Pruned expired reservations for peers: ['amr_4']
[rh_node-32] [INFO] [1789369173.509046930] [amr_2.rh_node]: [amr_2] Pruned expired reservations for peers: ['amr_4']
[rh_node-33] [INFO] [1789369173.524126690] [amr_3.rh_node]: [amr_3] Pruned expired reservations for peers: ['amr_4']
[rh_node-30] [INFO] [1789369173.566148563] [amr_0.rh_node]: [amr_0] Pruned expired reservations for peers: ['amr_4']
[rh_node-31] [INFO] [1789369173.583134289] [amr_1.rh_node]: [amr_1] Pruned expired reservations for peers: ['amr_4']
[rh_node-32] [INFO] [1789369174.008596223] [amr_2.rh_node]: [amr_2] Pruned expired reservations for peers: ['amr_4']
[rh_node-33] [INFO] [1789369174.022495567] [amr_3.rh_node]: [amr_3] Pruned expired reservations for peers: ['amr_4']
[rh_node-30] [INFO] [1789369174.066209924] [amr_0.rh_node]: [amr_0] Pruned expired reservations for peers: ['amr_4']
[rh_node-31] [INFO] [1789369174.083122476] [amr_1.rh_node]: [amr_1] Pruned expired reservations for peers: ['amr_4']
[rh_node-32] [INFO] [1789369174.510336172] [amr_2.rh_node]: [amr_2] Pruned expired reservations for peers: ['amr_4']
[rh_node-33] [INFO] [1789369174.523367228] [amr_3.rh_node]: [amr_3] Pruned expired reservations for peers: ['amr_4']
[rh_node-30] [INFO] [1789369174.565854185] [amr_0.rh_node]: [amr_0] Pruned expired reservations for peers: ['amr_4']
[rh_node-31] [INFO] [1789369174.582831015] [amr_1.rh_node]: [amr_1] Pruned expired reservations for peers: ['amr_4']
[rh_node-32] [INFO] [1789369175.008601807] [amr_2.rh_node]: [amr_2] Pruned expired reservations for peers: ['amr_4']
[rh_node-33] [INFO] [1789369175.024012468] [amr_3.rh_node]: [amr_3] Pruned expired reservations for peers: ['amr_4']
[rh_node-30] [INFO] [1789369175.066727061] [amr_0.rh_node]: [amr_0] Pruned expired reservations for peers: ['amr_4']
[rh_node-31] [INFO] [1789369175.082540522] [amr_1.rh_node]: [amr_1] Pruned expired reservations for peers: ['amr_4']
[rh_node-32] [INFO] [1789369175.509113019] [amr_2.rh_node]: [amr_2] Pruned expired reservations for peers: ['amr_4']
[rh_node-33] [INFO] [1789369175.523624431] [amr_3.rh_node]: [amr_3] Pruned expired reservations for peers: ['amr_4']
[rh_node-30] [INFO] [1789369175.564656248] [amr_0.rh_node]: [amr_0] Pruned expired reservations for peers: ['amr_4']
[rh_node-31] [INFO] [1789369175.582901625] [amr_1.rh_node]: [amr_1] Pruned expired reservations for peers: ['amr_4']
[rh_node-32] [INFO] [1789369176.008540786] [amr_2.rh_node]: [amr_2] Pruned expired reservations for peers: ['amr_4']
[rh_node-33] [INFO] [1789369176.022594347] [amr_3.rh_node]: [amr_3] Pruned expired reservations for peers: ['amr_4']
[rh_node-30] [INFO] [1789369176.064710556] [amr_0.rh_node]: [amr_0] Pruned expired reservations for peers: ['amr_4']
[rh_node-31] [INFO] [1789369176.082241701] [amr_1.rh_node]: [amr_1] Pruned expired reservations for peers: ['amr_4']
[rh_node-32] [INFO] [1789369176.508822976] [amr_2.rh_node]: [amr_2] Pruned expired reservations for peers: ['amr_4']
[rh_node-33] [INFO] [1789369176.522823613] [amr_3.rh_node]: [amr_3] Pruned expired reservations for peers: ['amr_4']
[rh_node-30] [INFO] [1789369176.565625760] [amr_0.rh_node]: [amr_0] Pruned expired reservations for peers: ['amr_4']
[rh_node-31] [INFO] [1789369176.582862015] [amr_1.rh_node]: [amr_1] Pruned expired reservations for peers: ['amr_4']
[rh_node-32] [INFO] [1789369177.009002861] [amr_2.rh_node]: [amr_2] Pruned expired reservations for peers: ['amr_4']
[rh_node-33] [INFO] [1789369177.022537885] [amr_3.rh_node]: [amr_3] Pruned expired reservations for peers: ['amr_4']
[rh_node-30] [INFO] [1789369177.065189655] [amr_0.rh_node]: [amr_0] Pruned expired reservations for peers: ['amr_4']
[rh_node-31] [INFO] [1789369177.083423051] [amr_1.rh_node]: [amr_1] Pruned expired reservations for peers: ['amr_4']
[rh_node-32] [INFO] [1789369177.508590621] [amr_2.rh_node]: [amr_2] Pruned expired reservations for peers: ['amr_4']
[rh_node-33] [INFO] [1789369177.522514411] [amr_3.rh_node]: [amr_3] Pruned expired reservations for peers: ['amr_4']
[rh_node-30] [INFO] [1789369177.565096921] [amr_0.rh_node]: [amr_0] Pruned expired reservations for peers: ['amr_4']
[rh_node-31] [INFO] [1789369177.582633511] [amr_1.rh_node]: [amr_1] Pruned expired reservations for peers: ['amr_4']
[rh_node-32] [INFO] [1789369178.010709262] [amr_2.rh_node]: [amr_2] Pruned expired reservations for peers: ['amr_4']
[rh_node-33] [INFO] [1789369178.022907844] [amr_3.rh_node]: [amr_3] Pruned expired reservations for peers: ['amr_4']
[rh_node-30] [INFO] [1789369178.064686715] [amr_0.rh_node]: [amr_0] Pruned expired reservations for peers: ['amr_4']
[rh_node-31] [INFO] [1789369178.082461432] [amr_1.rh_node]: [amr_1] Pruned expired reservations for peers: ['amr_4']
[rh_node-32] [INFO] [1789369178.509187216] [amr_2.rh_node]: [amr_2] Pruned expired reservations for peers: ['amr_4']
[rh_node-33] [INFO] [1789369178.522407322] [amr_3.rh_node]: [amr_3] Pruned expired reservations for peers: ['amr_4']
[rh_node-30] [INFO] [1789369178.564973822] [amr_0.rh_node]: [amr_0] Pruned expired reservations for peers: ['amr_4']
[rh_node-31] [INFO] [1789369178.582267417] [amr_1.rh_node]: [amr_1] Pruned expired reservations for peers: ['amr_4']
[rh_node-32] [INFO] [1789369179.009088461] [amr_2.rh_node]: [amr_2] Pruned expired reservations for peers: ['amr_4']
[rh_node-33] [INFO] [1789369179.023045898] [amr_3.rh_node]: [amr_3] Pruned expired reservations for peers: ['amr_4']
[rh_node-30] [INFO] [1789369179.064807119] [amr_0.rh_node]: [amr_0] Pruned expired reservations for peers: ['amr_4']
[rh_node-31] [INFO] [1789369179.083503034] [amr_1.rh_node]: [amr_1] Pruned expired reservations for peers: ['amr_4']
[rh_node-32] [INFO] [1789369179.509199012] [amr_2.rh_node]: [amr_2] Pruned expired reservations for peers: ['amr_4']
[rh_node-33] [INFO] [1789369179.523420610] [amr_3.rh_node]: [amr_3] Pruned expired reservations for peers: ['amr_4']
[rh_node-30] [INFO] [1789369179.565090895] [amr_0.rh_node]: [amr_0] Pruned expired reservations for peers: ['amr_4']
[rh_node-31] [INFO] [1789369179.582190643] [amr_1.rh_node]: [amr_1] Pruned expired reservations for peers: ['amr_4']
[rh_node-32] [INFO] [1789369180.008560357] [amr_2.rh_node]: [amr_2] Pruned expired reservations for peers: ['amr_4']
[rh_node-33] [INFO] [1789369180.022820310] [amr_3.rh_node]: [amr_3] Pruned expired reservations for peers: ['amr_4']
[rh_node-30] [INFO] [1789369180.064665392] [amr_0.rh_node]: [amr_0] Pruned expired reservations for peers: ['amr_4']
[rh_node-31] [INFO] [1789369180.082859240] [amr_1.rh_node]: [amr_1] Pruned expired reservations for peers: ['amr_4']
[rh_node-32] [INFO] [1789369180.508565040] [amr_2.rh_node]: [amr_2] Pruned expired reservations for peers: ['amr_4']
[rh_node-33] [INFO] [1789369180.523223790] [amr_3.rh_node]: [amr_3] Pruned expired reservations for peers: ['amr_4']
[rh_node-30] [INFO] [1789369180.565141057] [amr_0.rh_node]: [amr_0] Pruned expired reservations for peers: ['amr_4']
[rh_node-31] [INFO] [1789369180.582709295] [amr_1.rh_node]: [amr_1] Pruned expired reservations for peers: ['amr_4']
[rh_node-32] [INFO] [1789369181.008579400] [amr_2.rh_node]: [amr_2] Pruned expired reservations for peers: ['amr_4']
[rh_node-33] [INFO] [1789369181.022892912] [amr_3.rh_node]: [amr_3] Pruned expired reservations for peers: ['amr_4']
[rh_node-30] [INFO] [1789369181.064678626] [amr_0.rh_node]: [amr_0] Pruned expired reservations for peers: ['amr_4']
[rh_node-31] [INFO] [1789369181.082663729] [amr_1.rh_node]: [amr_1] Pruned expired reservations for peers: ['amr_4']
[rh_node-32] [INFO] [1789369181.509762192] [amr_2.rh_node]: [amr_2] Pruned expired reservations for peers: ['amr_4']
[rh_node-33] [INFO] [1789369181.522312102] [amr_3.rh_node]: [amr_3] Pruned expired reservations for peers: ['amr_4']
[rh_node-30] [INFO] [1789369181.564671542] [amr_0.rh_node]: [amr_0] Pruned expired reservations for peers: ['amr_4']
[rh_node-31] [INFO] [1789369181.582979952] [amr_1.rh_node]: [amr_1] Pruned expired reservations for peers: ['amr_4']
[rh_node-32] [INFO] [1789369182.009133609] [amr_2.rh_node]: [amr_2] Pruned expired reservations for peers: ['amr_4']
[rh_node-33] [INFO] [1789369182.022385466] [amr_3.rh_node]: [amr_3] Pruned expired reservations for peers: ['amr_4']
[rh_node-30] [INFO] [1789369182.064675414] [amr_0.rh_node]: [amr_0] Pruned expired reservations for peers: ['amr_4']
[rh_node-31] [INFO] [1789369182.082367331] [amr_1.rh_node]: [amr_1] Pruned expired reservations for peers: ['amr_4']
[rh_node-32] [INFO] [1789369182.508599527] [amr_2.rh_node]: [amr_2] Pruned expired reservations for peers: ['amr_4']
[rh_node-33] [INFO] [1789369182.522587744] [amr_3.rh_node]: [amr_3] Pruned expired reservations for peers: ['amr_4']
[rh_node-30] [INFO] [1789369182.564677245] [amr_0.rh_node]: [amr_0] Pruned expired reservations for peers: ['amr_4']
[rh_node-31] [INFO] [1789369182.583445669] [amr_1.rh_node]: [amr_1] Pruned expired reservations for peers: ['amr_4']
[rh_node-32] [INFO] [1789369183.008800834] [amr_2.rh_node]: [amr_2] Pruned expired reservations for peers: ['amr_4']
[rh_node-33] [INFO] [1789369183.022916305] [amr_3.rh_node]: [amr_3] Pruned expired reservations for peers: ['amr_4']
[rh_node-30] [INFO] [1789369183.065913975] [amr_0.rh_node]: [amr_0] Pruned expired reservations for peers: ['amr_4']
[rh_node-31] [INFO] [1789369183.082238943] [amr_1.rh_node]: [amr_1] Pruned expired reservations for peers: ['amr_4']
[rh_node-32] [INFO] [1789369183.509936133] [amr_2.rh_node]: [amr_2] Pruned expired reservations for peers: ['amr_4']
[rh_node-33] [INFO] [1789369183.522946901] [amr_3.rh_node]: [amr_3] Pruned expired reservations for peers: ['amr_4']
[rh_node-30] [INFO] [1789369183.565320607] [amr_0.rh_node]: [amr_0] Pruned expired reservations for peers: ['amr_4']
[rh_node-31] [INFO] [1789369183.583510312] [amr_1.rh_node]: [amr_1] Pruned expired reservations for peers: ['amr_4']
[rh_node-34] [INFO] [1789369183.660056581] [amr_4.rh_node]: [amr_4] Pruned expired reservations for peers: ['amr_1']
[rh_node-32] [INFO] [1789369184.008875578] [amr_2.rh_node]: [amr_2] Pruned expired reservations for peers: ['amr_1', 'amr_4']
[rh_node-33] [INFO] [1789369184.023811006] [amr_3.rh_node]: [amr_3] Pruned expired reservations for peers: ['amr_1', 'amr_4']
[rh_node-30] [INFO] [1789369184.065376522] [amr_0.rh_node]: [amr_0] Pruned expired reservations for peers: ['amr_1', 'amr_4']
[rh_node-31] [INFO] [1789369184.083616036] [amr_1.rh_node]: [amr_1] Pruned expired reservations for peers: ['amr_4']
[rh_node-34] [INFO] [1789369184.159775732] [amr_4.rh_node]: [amr_4] Pruned expired reservations for peers: ['amr_1']
[rh_node-32] [INFO] [1789369184.509503513] [amr_2.rh_node]: [amr_2] Pruned expired reservations for peers: ['amr_1', 'amr_4']
[rh_node-33] [INFO] [1789369184.522316267] [amr_3.rh_node]: [amr_3] Pruned expired reservations for peers: ['amr_1', 'amr_4']
[rh_node-30] [INFO] [1789369184.566021951] [amr_0.rh_node]: [amr_0] Pruned expired reservations for peers: ['amr_1', 'amr_4']
[rh_node-31] [INFO] [1789369184.583591281] [amr_1.rh_node]: [amr_1] Pruned expired reservations for peers: ['amr_4']
[rh_node-34] [INFO] [1789369184.660826468] [amr_4.rh_node]: [amr_4] Pruned expired reservations for peers: ['amr_1']
[rh_node-32] [INFO] [1789369185.009331408] [amr_2.rh_node]: [amr_2] Pruned expired reservations for peers: ['amr_1', 'amr_4']
[rh_node-33] [INFO] [1789369185.022983698] [amr_3.rh_node]: [amr_3] Pruned expired reservations for peers: ['amr_1', 'amr_4']
[rh_node-30] [INFO] [1789369185.065257793] [amr_0.rh_node]: [amr_0] Pruned expired reservations for peers: ['amr_1', 'amr_4']
[rh_node-31] [INFO] [1789369185.082850695] [amr_1.rh_node]: [amr_1] Pruned expired reservations for peers: ['amr_4']
[rh_node-34] [INFO] [1789369185.160582111] [amr_4.rh_node]: [amr_4] Pruned expired reservations for peers: ['amr_1']
[rh_node-32] [INFO] [1789369185.508592527] [amr_2.rh_node]: [amr_2] Pruned expired reservations for peers: ['amr_1']
[rh_node-33] [INFO] [1789369185.524021669] [amr_3.rh_node]: [amr_3] Pruned expired reservations for peers: ['amr_1']
[rh_node-30] [INFO] [1789369185.565410370] [amr_0.rh_node]: [amr_0] Pruned expired reservations for peers: ['amr_1']
[task_manager-24] [INFO] [1789369186.868124674] [amr_task_manager]: Task 'task_w30_0009' transitioned to ASSIGNED
[cbba_node-29] [INFO] [1789369186.868571941] [amr_4.cbba_node]: Committed task task_w30_0009 assignment to amr_4
[task_manager-24] [INFO] [1789369186.869796255] [amr_task_manager]: Task 'task_w30_0015' transitioned to ASSIGNED
[cbba_node-29] [INFO] [1789369186.869977427] [amr_4.cbba_node]: Committed task task_w30_0015 assignment to amr_4
[cbba_node-29] [INFO] [1789369186.870751070] [amr_4.cbba_node]: Committed task task_w30_0023 assignment to amr_4
[task_manager-24] [INFO] [1789369186.871411641] [amr_task_manager]: Task 'task_w30_0023' transitioned to ASSIGNED
[cbba_node-29] [INFO] [1789369186.871959753] [amr_4.cbba_node]: Committed task task_w30_0030 assignment to amr_4
[task_manager-24] [INFO] [1789369186.872291433] [amr_task_manager]: Task 'task_w30_0030' transitioned to ASSIGNED
[cbba_node-25] [INFO] [1789369187.109887665] [amr_0.cbba_node]: Committed task task_w30_0014 assignment to amr_0
[cbba_node-25] [INFO] [1789369187.110825973] [amr_0.cbba_node]: Committed task task_w30_0013 assignment to amr_0
[task_manager-24] [INFO] [1789369187.110857076] [amr_task_manager]: Task 'task_w30_0014' transitioned to ASSIGNED
[task_manager-24] [INFO] [1789369187.112083551] [amr_task_manager]: Task 'task_w30_0013' transitioned to ASSIGNED
[cbba_node-27] [INFO] [1789369187.135773844] [amr_2.cbba_node]: Committed task task_w30_0016 assignment to amr_2
[cbba_node-27] [INFO] [1789369187.136925021] [amr_2.cbba_node]: Committed task task_w30_0011 assignment to amr_2
[task_manager-24] [INFO] [1789369187.137238281] [amr_task_manager]: Task 'task_w30_0011' transitioned to ASSIGNED
[cbba_node-27] [INFO] [1789369187.138067704] [amr_2.cbba_node]: Committed task task_w30_0019 assignment to amr_2
[task_manager-24] [INFO] [1789369187.138604783] [amr_task_manager]: Task 'task_w30_0019' transitioned to ASSIGNED
[cbba_node-27] [INFO] [1789369187.139221069] [amr_2.cbba_node]: Committed task task_w30_0024 assignment to amr_2
[task_manager-24] [INFO] [1789369187.139864617] [amr_task_manager]: Task 'task_w30_0024' transitioned to ASSIGNED
[cbba_node-26] [INFO] [1789369187.251782897] [amr_1.cbba_node]: Committed task task_w30_0026 assignment to amr_1
[cbba_node-26] [INFO] [1789369187.252875433] [amr_1.cbba_node]: Committed task task_w30_0008 assignment to amr_1
[cbba_node-26] [INFO] [1789369187.253653336] [amr_1.cbba_node]: Committed task task_w30_0018 assignment to amr_1
[task_manager-24] [INFO] [1789369187.253965797] [amr_task_manager]: Task 'task_w30_0018' transitioned to ASSIGNED
[cbba_node-26] [INFO] [1789369187.254781785] [amr_1.cbba_node]: Committed task task_w30_0022 assignment to amr_1
[task_manager-24] [INFO] [1789369187.254877457] [amr_task_manager]: Task 'task_w30_0022' transitioned to ASSIGNED
[cbba_node-28] [INFO] [1789369187.260419264] [amr_3.cbba_node]: Committed task task_w30_0007 assignment to amr_3
[task_manager-24] [INFO] [1789369187.260789719] [amr_task_manager]: Task 'task_w30_0007' transitioned to ASSIGNED
[cbba_node-28] [INFO] [1789369187.261703384] [amr_3.cbba_node]: Committed task task_w30_0012 assignment to amr_3
[cbba_node-28] [INFO] [1789369187.262514883] [amr_3.cbba_node]: Committed task task_w30_0020 assignment to amr_3
[cbba_node-28] [INFO] [1789369187.263204102] [amr_3.cbba_node]: Committed task task_w30_0027 assignment to amr_3
[task_manager-24] [INFO] [1789369187.263326655] [amr_task_manager]: Task 'task_w30_0012' transitioned to ASSIGNED
[task_manager-24] [INFO] [1789369187.265048830] [amr_task_manager]: Task 'task_w30_0020' transitioned to ASSIGNED
[task_manager-24] [INFO] [1789369187.266741235] [amr_task_manager]: Task 'task_w30_0027' transitioned to ASSIGNED
[rh_node-34] [INFO] [1789369189.660108414] [amr_4.rh_node]: [amr_4] Pruned expired reservations for peers: ['amr_1']
[rh_node-32] [INFO] [1789369190.009943289] [amr_2.rh_node]: [amr_2] Pruned expired reservations for peers: ['amr_1']
[rh_node-33] [INFO] [1789369190.022559351] [amr_3.rh_node]: [amr_3] Pruned expired reservations for peers: ['amr_1']
[rh_node-30] [INFO] [1789369190.065070380] [amr_0.rh_node]: [amr_0] Pruned expired reservations for peers: ['amr_1']
[rh_node-34] [INFO] [1789369190.160037040] [amr_4.rh_node]: [amr_4] Pruned expired reservations for peers: ['amr_1']
[rh_node-32] [INFO] [1789369190.509266595] [amr_2.rh_node]: [amr_2] Pruned expired reservations for peers: ['amr_1']
[rh_node-33] [INFO] [1789369190.523832083] [amr_3.rh_node]: [amr_3] Pruned expired reservations for peers: ['amr_1']
[rh_node-30] [INFO] [1789369190.565066876] [amr_0.rh_node]: [amr_0] Pruned expired reservations for peers: ['amr_1']
[rh_node-34] [INFO] [1789369190.661268723] [amr_4.rh_node]: [amr_4] Pruned expired reservations for peers: ['amr_1']
[rh_node-32] [INFO] [1789369191.009245534] [amr_2.rh_node]: [amr_2] Pruned expired reservations for peers: ['amr_1']
[rh_node-33] [INFO] [1789369191.023630409] [amr_3.rh_node]: [amr_3] Pruned expired reservations for peers: ['amr_1']
[rh_node-30] [INFO] [1789369191.065010822] [amr_0.rh_node]: [amr_0] Pruned expired reservations for peers: ['amr_1']
[rh_node-34] [INFO] [1789369191.160811369] [amr_4.rh_node]: [amr_4] Pruned expired reservations for peers: ['amr_1']
[rh_node-32] [INFO] [1789369191.508625818] [amr_2.rh_node]: [amr_2] Pruned expired reservations for peers: ['amr_1']
[rh_node-33] [INFO] [1789369191.523670587] [amr_3.rh_node]: [amr_3] Pruned expired reservations for peers: ['amr_1']
[rh_node-30] [INFO] [1789369191.565472429] [amr_0.rh_node]: [amr_0] Pruned expired reservations for peers: ['amr_1']
[rh_node-34] [INFO] [1789369191.660544141] [amr_4.rh_node]: [amr_4] Pruned expired reservations for peers: ['amr_1']
[rh_node-32] [INFO] [1789369192.008926056] [amr_2.rh_node]: [amr_2] Pruned expired reservations for peers: ['amr_1']
[rh_node-33] [INFO] [1789369192.023294706] [amr_3.rh_node]: [amr_3] Pruned expired reservations for peers: ['amr_1']
[rh_node-30] [INFO] [1789369192.066312422] [amr_0.rh_node]: [amr_0] Pruned expired reservations for peers: ['amr_1']
[rh_node-34] [INFO] [1789369192.160170135] [amr_4.rh_node]: [amr_4] Pruned expired reservations for peers: ['amr_1']
[rh_node-32] [INFO] [1789369192.509249527] [amr_2.rh_node]: [amr_2] Pruned expired reservations for peers: ['amr_1']
[rh_node-33] [INFO] [1789369192.522483389] [amr_3.rh_node]: [amr_3] Pruned expired reservations for peers: ['amr_1']
[rh_node-30] [INFO] [1789369192.565855636] [amr_0.rh_node]: [amr_0] Pruned expired reservations for peers: ['amr_1']
[rh_node-34] [INFO] [1789369192.660042226] [amr_4.rh_node]: [amr_4] Pruned expired reservations for peers: ['amr_1']
[rh_node-32] [INFO] [1789369193.008607377] [amr_2.rh_node]: [amr_2] Pruned expired reservations for peers: ['amr_1']
[rh_node-33] [INFO] [1789369193.024012718] [amr_3.rh_node]: [amr_3] Pruned expired reservations for peers: ['amr_1']
[rh_node-30] [INFO] [1789369193.066395843] [amr_0.rh_node]: [amr_0] Pruned expired reservations for peers: ['amr_1']
[rh_node-34] [INFO] [1789369193.161538759] [amr_4.rh_node]: [amr_4] Pruned expired reservations for peers: ['amr_1']
[rh_node-32] [INFO] [1789369193.510088212] [amr_2.rh_node]: [amr_2] Pruned expired reservations for peers: ['amr_1']
[rh_node-33] [INFO] [1789369193.522454491] [amr_3.rh_node]: [amr_3] Pruned expired reservations for peers: ['amr_1']
[rh_node-30] [INFO] [1789369193.565387542] [amr_0.rh_node]: [amr_0] Pruned expired reservations for peers: ['amr_1']
[rh_node-34] [INFO] [1789369193.660692469] [amr_4.rh_node]: [amr_4] Pruned expired reservations for peers: ['amr_1']
