[INFO] [launch]: All log files can be found below /home/raghav/.ros/log/2026-09-14-12-19-22-930291-Raze-220562
[INFO] [launch]: Default logging verbosity is set to INFO
[INFO] [launch.user]: [FLEET] Spawning 5 robots into world "warehouse_small" (headless=True)
[INFO] [launch.user]: [M8B Fleet Bringup] Starting 5 CBBA nodes (bundle cap: 4, profile: NORMAL, compute_mode: ADAPTIVE)
[INFO] [launch.user]: [M8B Fleet Bringup] Starting 5 M8B RH nodes (compute_mode: ADAPTIVE, adaptive: True, h=10, w=4, replan_rate=2.0Hz)
[INFO] [gazebo-1]: process started with pid [220599]
[INFO] [parameter_bridge-2]: process started with pid [220600]
[INFO] [warehouse_visualizer-3]: process started with pid [220601]
[INFO] [robot_state_publisher-4]: process started with pid [220603]
[INFO] [create-5]: process started with pid [220605]
[INFO] [parameter_bridge-6]: process started with pid [220606]
[INFO] [static_transform_publisher-7]: process started with pid [220607]
[INFO] [robot_state_publisher-8]: process started with pid [220608]
[INFO] [create-9]: process started with pid [220609]
[INFO] [parameter_bridge-10]: process started with pid [220610]
[INFO] [static_transform_publisher-11]: process started with pid [220611]
[INFO] [robot_state_publisher-12]: process started with pid [220612]
[INFO] [create-13]: process started with pid [220613]
[INFO] [parameter_bridge-14]: process started with pid [220614]
[INFO] [static_transform_publisher-15]: process started with pid [220616]
[INFO] [robot_state_publisher-16]: process started with pid [220617]
[INFO] [create-17]: process started with pid [220620]
[INFO] [parameter_bridge-18]: process started with pid [220621]
[INFO] [static_transform_publisher-19]: process started with pid [220625]
[INFO] [robot_state_publisher-20]: process started with pid [220628]
[INFO] [create-21]: process started with pid [220639]
[INFO] [parameter_bridge-22]: process started with pid [220640]
[INFO] [static_transform_publisher-23]: process started with pid [220642]
[INFO] [task_manager-24]: process started with pid [220643]
[INFO] [cbba_node-25]: process started with pid [220673]
[INFO] [cbba_node-26]: process started with pid [220674]
[INFO] [cbba_node-27]: process started with pid [220681]
[INFO] [cbba_node-28]: process started with pid [220683]
[INFO] [cbba_node-29]: process started with pid [220686]
[INFO] [rh_node-30]: process started with pid [220697]
[INFO] [rh_node-31]: process started with pid [220702]
[INFO] [rh_node-32]: process started with pid [220726]
[INFO] [rh_node-33]: process started with pid [220736]
[INFO] [rh_node-34]: process started with pid [220758]
[static_transform_publisher-11] [INFO] [1789368564.210392009] [amr_1_map_to_odom]: Spinning until stopped - publishing transform
[static_transform_publisher-11] translation: ('2.000000', '5.000000', '0.000000')
[static_transform_publisher-11] rotation: ('0.000000', '0.000000', '0.000000', '1.000000')
[static_transform_publisher-11] from 'map' to 'amr_1/odom'
[create-9] [INFO] [1789368564.287958750] [amr_1_spawner]: Requesting list of world names.
[create-13] [INFO] [1789368564.309351162] [amr_2_spawner]: Requesting list of world names.
[create-5] [INFO] [1789368564.313266887] [amr_0_spawner]: Requesting list of world names.
[static_transform_publisher-7] [INFO] [1789368564.328363686] [amr_0_map_to_odom]: Spinning until stopped - publishing transform
[static_transform_publisher-7] translation: ('2.000000', '2.000000', '0.000000')
[static_transform_publisher-7] rotation: ('0.000000', '0.000000', '0.000000', '1.000000')
[static_transform_publisher-7] from 'map' to 'amr_0/odom'
[robot_state_publisher-8] [INFO] [1789368564.382778044] [amr_1.robot_state_publisher]: Robot initialized
[robot_state_publisher-4] [INFO] [1789368564.407747386] [amr_0.robot_state_publisher]: Robot initialized
[create-21] [INFO] [1789368564.427773727] [amr_4_spawner]: Requesting list of world names.
[parameter_bridge-10] [INFO] [1789368564.461036876] [amr_1_bridge]: Creating ROS->GZ Bridge: [/amr_1/cmd_vel (geometry_msgs/msg/Twist) -> /amr_1/cmd_vel (gz.msgs.Twist)] (Lazy 0)
[robot_state_publisher-16] [INFO] [1789368564.570122493] [amr_3.robot_state_publisher]: Robot initialized
[parameter_bridge-10] [INFO] [1789368564.661422790] [amr_1_bridge]: Creating GZ->ROS Bridge: [/amr_1/odom (gz.msgs.Odometry) -> /amr_1/odom (nav_msgs/msg/Odometry)] (Lazy 0)
[parameter_bridge-10] [INFO] [1789368564.694928656] [amr_1_bridge]: Creating GZ->ROS Bridge: [/amr_1/scan (gz.msgs.LaserScan) -> /amr_1/scan (sensor_msgs/msg/LaserScan)] (Lazy 0)
[parameter_bridge-6] [INFO] [1789368564.761992114] [amr_0_bridge]: Creating ROS->GZ Bridge: [/amr_0/cmd_vel (geometry_msgs/msg/Twist) -> /amr_0/cmd_vel (gz.msgs.Twist)] (Lazy 0)
[parameter_bridge-10] [INFO] [1789368564.776402391] [amr_1_bridge]: Creating GZ->ROS Bridge: [/amr_1/tf (gz.msgs.Pose_V) -> /amr_1/tf (tf2_msgs/msg/TFMessage)] (Lazy 0)
[static_transform_publisher-19] [INFO] [1789368564.781202655] [amr_3_map_to_odom]: Spinning until stopped - publishing transform
[static_transform_publisher-19] translation: ('2.000000', '11.000000', '0.000000')
[static_transform_publisher-19] rotation: ('0.000000', '0.000000', '0.000000', '1.000000')
[static_transform_publisher-19] from 'map' to 'amr_3/odom'
[parameter_bridge-10] [INFO] [1789368564.802772065] [amr_1_bridge]: Creating GZ->ROS Bridge: [/amr_1/joint_states (gz.msgs.Model) -> /amr_1/joint_states (sensor_msgs/msg/JointState)] (Lazy 0)
[parameter_bridge-6] [INFO] [1789368564.811461788] [amr_0_bridge]: Creating GZ->ROS Bridge: [/amr_0/odom (gz.msgs.Odometry) -> /amr_0/odom (nav_msgs/msg/Odometry)] (Lazy 0)
[create-17] [INFO] [1789368564.817212045] [amr_3_spawner]: Requesting list of world names.
[parameter_bridge-14] [INFO] [1789368564.819313561] [amr_2_bridge]: Creating ROS->GZ Bridge: [/amr_2/cmd_vel (geometry_msgs/msg/Twist) -> /amr_2/cmd_vel (gz.msgs.Twist)] (Lazy 0)
[parameter_bridge-6] [INFO] [1789368564.826735838] [amr_0_bridge]: Creating GZ->ROS Bridge: [/amr_0/scan (gz.msgs.LaserScan) -> /amr_0/scan (sensor_msgs/msg/LaserScan)] (Lazy 0)
[parameter_bridge-14] [INFO] [1789368564.862929785] [amr_2_bridge]: Creating GZ->ROS Bridge: [/amr_2/odom (gz.msgs.Odometry) -> /amr_2/odom (nav_msgs/msg/Odometry)] (Lazy 0)
[parameter_bridge-14] [INFO] [1789368564.884801154] [amr_2_bridge]: Creating GZ->ROS Bridge: [/amr_2/scan (gz.msgs.LaserScan) -> /amr_2/scan (sensor_msgs/msg/LaserScan)] (Lazy 0)
[robot_state_publisher-12] [INFO] [1789368564.888087817] [amr_2.robot_state_publisher]: Robot initialized
[parameter_bridge-6] [INFO] [1789368564.898984729] [amr_0_bridge]: Creating GZ->ROS Bridge: [/amr_0/tf (gz.msgs.Pose_V) -> /amr_0/tf (tf2_msgs/msg/TFMessage)] (Lazy 0)
[parameter_bridge-14] [INFO] [1789368564.904597044] [amr_2_bridge]: Creating GZ->ROS Bridge: [/amr_2/tf (gz.msgs.Pose_V) -> /amr_2/tf (tf2_msgs/msg/TFMessage)] (Lazy 0)
[static_transform_publisher-23] [INFO] [1789368564.915396487] [amr_4_map_to_odom]: Spinning until stopped - publishing transform
[static_transform_publisher-23] translation: ('2.000000', '14.000000', '0.000000')
[static_transform_publisher-23] rotation: ('0.000000', '0.000000', '0.000000', '1.000000')
[static_transform_publisher-23] from 'map' to 'amr_4/odom'
[parameter_bridge-6] [INFO] [1789368564.920898325] [amr_0_bridge]: Creating GZ->ROS Bridge: [/amr_0/joint_states (gz.msgs.Model) -> /amr_0/joint_states (sensor_msgs/msg/JointState)] (Lazy 0)
[parameter_bridge-14] [INFO] [1789368564.940021445] [amr_2_bridge]: Creating GZ->ROS Bridge: [/amr_2/joint_states (gz.msgs.Model) -> /amr_2/joint_states (sensor_msgs/msg/JointState)] (Lazy 0)
[robot_state_publisher-20] [INFO] [1789368564.940330281] [amr_4.robot_state_publisher]: Robot initialized
[parameter_bridge-18] [INFO] [1789368564.943767111] [amr_3_bridge]: Creating ROS->GZ Bridge: [/amr_3/cmd_vel (geometry_msgs/msg/Twist) -> /amr_3/cmd_vel (gz.msgs.Twist)] (Lazy 0)
[parameter_bridge-18] [INFO] [1789368564.954402410] [amr_3_bridge]: Creating GZ->ROS Bridge: [/amr_3/odom (gz.msgs.Odometry) -> /amr_3/odom (nav_msgs/msg/Odometry)] (Lazy 0)
[parameter_bridge-18] [INFO] [1789368564.992536487] [amr_3_bridge]: Creating GZ->ROS Bridge: [/amr_3/scan (gz.msgs.LaserScan) -> /amr_3/scan (sensor_msgs/msg/LaserScan)] (Lazy 0)
[static_transform_publisher-15] [INFO] [1789368565.015768606] [amr_2_map_to_odom]: Spinning until stopped - publishing transform
[static_transform_publisher-15] translation: ('2.000000', '8.000000', '0.000000')
[static_transform_publisher-15] rotation: ('0.000000', '0.000000', '0.000000', '1.000000')
[static_transform_publisher-15] from 'map' to 'amr_2/odom'
[parameter_bridge-2] [INFO] [1789368565.023872806] [clock_bridge]: Creating GZ->ROS Bridge: [/clock (gz.msgs.Clock) -> /clock (rosgraph_msgs/msg/Clock)] (Lazy 0)
[parameter_bridge-18] [INFO] [1789368565.024908142] [amr_3_bridge]: Creating GZ->ROS Bridge: [/amr_3/tf (gz.msgs.Pose_V) -> /amr_3/tf (tf2_msgs/msg/TFMessage)] (Lazy 0)
[parameter_bridge-18] [INFO] [1789368565.038421215] [amr_3_bridge]: Creating GZ->ROS Bridge: [/amr_3/joint_states (gz.msgs.Model) -> /amr_3/joint_states (sensor_msgs/msg/JointState)] (Lazy 0)
[parameter_bridge-22] [INFO] [1789368565.054864404] [amr_4_bridge]: Creating ROS->GZ Bridge: [/amr_4/cmd_vel (geometry_msgs/msg/Twist) -> /amr_4/cmd_vel (gz.msgs.Twist)] (Lazy 0)
[parameter_bridge-22] [INFO] [1789368565.078870880] [amr_4_bridge]: Creating GZ->ROS Bridge: [/amr_4/odom (gz.msgs.Odometry) -> /amr_4/odom (nav_msgs/msg/Odometry)] (Lazy 0)
[parameter_bridge-22] [INFO] [1789368565.172355927] [amr_4_bridge]: Creating GZ->ROS Bridge: [/amr_4/scan (gz.msgs.LaserScan) -> /amr_4/scan (sensor_msgs/msg/LaserScan)] (Lazy 0)
[parameter_bridge-22] [INFO] [1789368565.187178632] [amr_4_bridge]: Creating GZ->ROS Bridge: [/amr_4/tf (gz.msgs.Pose_V) -> /amr_4/tf (tf2_msgs/msg/TFMessage)] (Lazy 0)
[parameter_bridge-22] [INFO] [1789368565.194776642] [amr_4_bridge]: Creating GZ->ROS Bridge: [/amr_4/joint_states (gz.msgs.Model) -> /amr_4/joint_states (sensor_msgs/msg/JointState)] (Lazy 0)
[warehouse_visualizer-3] [INFO] [1789368565.279675934] [warehouse_visualizer]: WarehouseVisualizerNode started. Publishing to /warehouse_markers.
[create-13] [INFO] [1789368565.307575841] [amr_2_spawner]: Waiting messages on topic [amr_2/robot_description].
[create-21] [INFO] [1789368565.408423601] [amr_4_spawner]: Waiting messages on topic [amr_4/robot_description].
[rh_node-31] [INFO] [1789368565.427008750] [amr_1.rh_node]: Rolling-Horizon Planner initialized for amr_1 (h=10, w=4, heuristic=PRIORITY_FIRST)
[create-9] [INFO] [1789368565.500973525] [amr_1_spawner]: Waiting messages on topic [amr_1/robot_description].
[task_manager-24] [INFO] [1789368565.566859052] [amr_task_manager]: Loaded 15 tasks from workload: /home/raghav/SIH26123AMR/config/workloads/workload_15_tasks.yaml
[create-5] [INFO] [1789368565.603446258] [amr_0_spawner]: Waiting messages on topic [amr_0/robot_description].
[task_manager-24] [INFO] [1789368565.644884638] [amr_task_manager]: Task Manager Node initialized.
[create-17] [INFO] [1789368565.707925960] [amr_3_spawner]: Waiting messages on topic [amr_3/robot_description].
[create-9] [INFO] [1789368565.708893095] [amr_1_spawner]: Entity creation successful.
[create-13] [INFO] [1789368565.709812400] [amr_2_spawner]: Entity creation successful.
[create-5] [INFO] [1789368565.710161318] [amr_0_spawner]: Entity creation successful.
[create-21] [INFO] [1789368565.710592786] [amr_4_spawner]: Entity creation successful.
[cbba_node-29] [INFO] [1789368565.710594435] [amr_4.cbba_node]: CBBA Node initialized for amr_4 (bundle cap: 4)
[create-17] [INFO] [1789368565.737552772] [amr_3_spawner]: Entity creation successful.
[rh_node-30] [INFO] [1789368565.818992797] [amr_0.rh_node]: Rolling-Horizon Planner initialized for amr_0 (h=10, w=4, heuristic=PRIORITY_FIRST)
[cbba_node-26] [INFO] [1789368565.819529435] [amr_1.cbba_node]: CBBA Node initialized for amr_1 (bundle cap: 4)
[rh_node-32] [INFO] [1789368565.831098475] [amr_2.rh_node]: Rolling-Horizon Planner initialized for amr_2 (h=10, w=4, heuristic=PRIORITY_FIRST)
[cbba_node-27] [INFO] [1789368565.860889984] [amr_2.cbba_node]: CBBA Node initialized for amr_2 (bundle cap: 4)
[rh_node-33] [INFO] [1789368565.866314175] [amr_3.rh_node]: Rolling-Horizon Planner initialized for amr_3 (h=10, w=4, heuristic=PRIORITY_FIRST)
[INFO] [create-13]: process has finished cleanly [pid 220613]
[INFO] [create-9]: process has finished cleanly [pid 220609]
[INFO] [create-5]: process has finished cleanly [pid 220605]
[cbba_node-25] [INFO] [1789368565.901485440] [amr_0.cbba_node]: CBBA Node initialized for amr_0 (bundle cap: 4)
[INFO] [create-17]: process has finished cleanly [pid 220620]
[rh_node-34] [INFO] [1789368565.912943123] [amr_4.rh_node]: Rolling-Horizon Planner initialized for amr_4 (h=10, w=4, heuristic=PRIORITY_FIRST)
[INFO] [create-21]: process has finished cleanly [pid 220639]
[cbba_node-28] [INFO] [1789368565.966496346] [amr_3.cbba_node]: CBBA Node initialized for amr_3 (bundle cap: 4)
[parameter_bridge-14] [INFO] [1789368566.489278133] [amr_2_bridge]: Passing message from ROS geometry_msgs/msg/Twist to Gazebo gz.msgs.Twist (showing msg only once per type)
[parameter_bridge-6] [INFO] [1789368566.677755286] [amr_0_bridge]: Passing message from ROS geometry_msgs/msg/Twist to Gazebo gz.msgs.Twist (showing msg only once per type)
[rh_node-32] [INFO] [1789368566.789916225] [amr_2.rh_node]: [amr_2] Reached pickup for task 'task_w15_0001'. Moving to dropoff.
[gazebo-1] [1;33mWarning [Utils.cc:132][0m [/sdf/model[@name="amr"]/link[@name="amr_2/base_footprint"]/sensor[@name="amr_2_lidar"]/gz_frame_id:<urdf-string>:L0]: XML Element[gz_frame_id], child of element[sensor], not defined in SDF. Copying[gz_frame_id] as children of [sensor].
[task_manager-24] [INFO] [1789368566.791836448] [amr_task_manager]: Task 'task_w15_0001' transitioned to IN_PROGRESS
[gazebo-1] [1;33mWarning [Utils.cc:132][0m [/sdf/model[@name="amr"]/link[@name="amr_4/base_footprint"]/sensor[@name="amr_4_lidar"]/gz_frame_id:<urdf-string>:L0]: XML Element[gz_frame_id], child of element[sensor], not defined in SDF. Copying[gz_frame_id] as children of [sensor].
[gazebo-1] [1;33mWarning [Utils.cc:132][0m [/sdf/model[@name="amr"]/link[@name="amr_1/base_footprint"]/sensor[@name="amr_1_lidar"]/gz_frame_id:<urdf-string>:L0]: XML Element[gz_frame_id], child of element[sensor], not defined in SDF. Copying[gz_frame_id] as children of [sensor].
[gazebo-1] [1;33mWarning [Utils.cc:132][0m [/sdf/model[@name="amr"]/link[@name="amr_0/base_footprint"]/sensor[@name="amr_0_lidar"]/gz_frame_id:<urdf-string>:L0]: XML Element[gz_frame_id], child of element[sensor], not defined in SDF. Copying[gz_frame_id] as children of [sensor].
[gazebo-1] [1;33mWarning [Utils.cc:132][0m [/sdf/model[@name="amr"]/link[@name="amr_3/base_footprint"]/sensor[@name="amr_3_lidar"]/gz_frame_id:<urdf-string>:L0]: XML Element[gz_frame_id], child of element[sensor], not defined in SDF. Copying[gz_frame_id] as children of [sensor].
[parameter_bridge-22] [INFO] [1789368567.087457489] [amr_4_bridge]: Passing message from ROS geometry_msgs/msg/Twist to Gazebo gz.msgs.Twist (showing msg only once per type)
[parameter_bridge-10] [INFO] [1789368568.097977496] [amr_1_bridge]: Passing message from ROS geometry_msgs/msg/Twist to Gazebo gz.msgs.Twist (showing msg only once per type)
[parameter_bridge-18] [INFO] [1789368568.242837434] [amr_3_bridge]: Passing message from ROS geometry_msgs/msg/Twist to Gazebo gz.msgs.Twist (showing msg only once per type)
[cbba_node-28] [INFO] [1789368569.147233981] [amr_3.cbba_node]: Committed task task_w15_0003 assignment to amr_3
[task_manager-24] [INFO] [1789368569.147346574] [amr_task_manager]: Task 'task_w15_0003' transitioned to ASSIGNED
[task_manager-24] [INFO] [1789368569.148664821] [amr_task_manager]: Task 'task_w15_0008' transitioned to ASSIGNED
[cbba_node-28] [INFO] [1789368569.148889421] [amr_3.cbba_node]: Committed task task_w15_0008 assignment to amr_3
[cbba_node-28] [INFO] [1789368569.149807895] [amr_3.cbba_node]: Committed task task_w15_0014 assignment to amr_3
[task_manager-24] [INFO] [1789368569.150545752] [amr_task_manager]: Task 'task_w15_0014' transitioned to ASSIGNED
[cbba_node-26] [INFO] [1789368569.181581432] [amr_1.cbba_node]: Committed task task_w15_0001 assignment to amr_1
[task_manager-24] [ERROR] [1789368569.181990706] [amr_task_manager]: Rejected transition for task 'task_w15_0001': Invalid task transition from IN_PROGRESS to ASSIGNED for task 'task_w15_0001'
[cbba_node-26] [INFO] [1789368569.182882713] [amr_1.cbba_node]: Committed task task_w15_0006 assignment to amr_1
[task_manager-24] [INFO] [1789368569.183110628] [amr_task_manager]: Task 'task_w15_0006' transitioned to ASSIGNED
[task_manager-24] [INFO] [1789368569.184010079] [amr_task_manager]: Task 'task_w15_0011' transitioned to ASSIGNED
[cbba_node-26] [INFO] [1789368569.184402108] [amr_1.cbba_node]: Committed task task_w15_0011 assignment to amr_1
[task_manager-24] [INFO] [1789368569.226474369] [amr_task_manager]: Task 'task_w15_0002' transitioned to ASSIGNED
[cbba_node-27] [INFO] [1789368569.226609288] [amr_2.cbba_node]: Committed task task_w15_0002 assignment to amr_2
[task_manager-24] [INFO] [1789368569.227655639] [amr_task_manager]: Task 'task_w15_0007' transitioned to ASSIGNED
[cbba_node-27] [INFO] [1789368569.227957698] [amr_2.cbba_node]: Committed task task_w15_0007 assignment to amr_2
[cbba_node-27] [INFO] [1789368569.228945357] [amr_2.cbba_node]: Committed task task_w15_0013 assignment to amr_2
[task_manager-24] [INFO] [1789368569.229030363] [amr_task_manager]: Task 'task_w15_0013' transitioned to ASSIGNED
[task_manager-24] [INFO] [1789368569.275809445] [amr_task_manager]: Task 'task_w15_0012' transitioned to ASSIGNED
[cbba_node-25] [INFO] [1789368569.275924660] [amr_0.cbba_node]: Committed task task_w15_0012 assignment to amr_0
[cbba_node-25] [INFO] [1789368569.276853839] [amr_0.cbba_node]: Committed task task_w15_0005 assignment to amr_0
[task_manager-24] [INFO] [1789368569.276921413] [amr_task_manager]: Task 'task_w15_0005' transitioned to ASSIGNED
[cbba_node-25] [INFO] [1789368569.277923034] [amr_0.cbba_node]: Committed task task_w15_0010 assignment to amr_0
[task_manager-24] [INFO] [1789368569.278123045] [amr_task_manager]: Task 'task_w15_0004' transitioned to ASSIGNED
[task_manager-24] [INFO] [1789368569.279056460] [amr_task_manager]: Task 'task_w15_0010' transitioned to ASSIGNED
[cbba_node-29] [INFO] [1789368569.279125797] [amr_4.cbba_node]: Committed task task_w15_0004 assignment to amr_4
[task_manager-24] [INFO] [1789368569.280222623] [amr_task_manager]: Task 'task_w15_0009' transitioned to ASSIGNED
[cbba_node-29] [INFO] [1789368569.280800860] [amr_4.cbba_node]: Committed task task_w15_0009 assignment to amr_4
[task_manager-24] [INFO] [1789368569.282079696] [amr_task_manager]: Task 'task_w15_0015' transitioned to ASSIGNED
[cbba_node-29] [INFO] [1789368569.282370789] [amr_4.cbba_node]: Committed task task_w15_0015 assignment to amr_4
[rh_node-31] [INFO] [1789368579.898108903] [amr_1.rh_node]: [amr_1] Reached pickup for task 'task_w15_0001'. Moving to dropoff.
[rh_node-31] [INFO] [1789368607.898466272] [amr_1.rh_node]: [amr_1] Completed task 'task_w15_0001'. Advancing to next task.
[task_manager-24] [INFO] [1789368607.900072574] [amr_task_manager]: Task 'task_w15_0001' transitioned to COMPLETED
[rh_node-34] [INFO] [1789368621.887666477] [amr_4.rh_node]: [amr_4] Reached pickup for task 'task_w15_0009'. Moving to dropoff.
[task_manager-24] [INFO] [1789368621.889381497] [amr_task_manager]: Task 'task_w15_0009' transitioned to IN_PROGRESS
[rh_node-32] [INFO] [1789368622.289987870] [amr_2.rh_node]: [amr_2] Reached pickup for task 'task_w15_0007'. Moving to dropoff.
[task_manager-24] [INFO] [1789368622.292287986] [amr_task_manager]: Task 'task_w15_0007' transitioned to IN_PROGRESS
