[INFO] [launch]: All log files can be found below /home/raghav/.ros/log/2026-09-14-12-20-41-515643-Raze-221343
[INFO] [launch]: Default logging verbosity is set to INFO
[INFO] [launch.user]: [FLEET] Spawning 5 robots into world "warehouse_small" (headless=True)
[INFO] [launch.user]: [M8B Fleet Bringup] Starting 5 CBBA nodes (bundle cap: 4, profile: HIGH_LATENCY, compute_mode: NORMAL)
[INFO] [launch.user]: [M8B Fleet Bringup] Starting 5 M8B RH nodes (compute_mode: NORMAL, adaptive: False, h=10, w=4, replan_rate=2.0Hz)
[INFO] [gazebo-1]: process started with pid [221378]
[INFO] [parameter_bridge-2]: process started with pid [221379]
[INFO] [warehouse_visualizer-3]: process started with pid [221380]
[INFO] [robot_state_publisher-4]: process started with pid [221382]
[INFO] [create-5]: process started with pid [221383]
[INFO] [parameter_bridge-6]: process started with pid [221384]
[INFO] [static_transform_publisher-7]: process started with pid [221385]
[INFO] [robot_state_publisher-8]: process started with pid [221386]
[INFO] [create-9]: process started with pid [221387]
[INFO] [parameter_bridge-10]: process started with pid [221388]
[INFO] [static_transform_publisher-11]: process started with pid [221389]
[INFO] [robot_state_publisher-12]: process started with pid [221390]
[INFO] [create-13]: process started with pid [221391]
[INFO] [parameter_bridge-14]: process started with pid [221392]
[INFO] [static_transform_publisher-15]: process started with pid [221393]
[INFO] [robot_state_publisher-16]: process started with pid [221394]
[INFO] [create-17]: process started with pid [221395]
[INFO] [parameter_bridge-18]: process started with pid [221396]
[INFO] [static_transform_publisher-19]: process started with pid [221401]
[INFO] [robot_state_publisher-20]: process started with pid [221404]
[INFO] [create-21]: process started with pid [221405]
[INFO] [parameter_bridge-22]: process started with pid [221413]
[INFO] [static_transform_publisher-23]: process started with pid [221414]
[INFO] [task_manager-24]: process started with pid [221415]
[INFO] [cbba_node-25]: process started with pid [221423]
[INFO] [cbba_node-26]: process started with pid [221426]
[INFO] [cbba_node-27]: process started with pid [221429]
[INFO] [cbba_node-28]: process started with pid [221451]
[INFO] [cbba_node-29]: process started with pid [221457]
[INFO] [rh_node-30]: process started with pid [221467]
[INFO] [rh_node-31]: process started with pid [221473]
[INFO] [rh_node-32]: process started with pid [221492]
[INFO] [rh_node-33]: process started with pid [221500]
[INFO] [rh_node-34]: process started with pid [221505]
[robot_state_publisher-12] [INFO] [1789368642.813245924] [amr_2.robot_state_publisher]: Robot initialized
[static_transform_publisher-7] [INFO] [1789368642.829682972] [amr_0_map_to_odom]: Spinning until stopped - publishing transform
[static_transform_publisher-7] translation: ('2.000000', '2.000000', '0.000000')
[static_transform_publisher-7] rotation: ('0.000000', '0.000000', '0.000000', '1.000000')
[static_transform_publisher-7] from 'map' to 'amr_0/odom'
[create-9] [INFO] [1789368642.894342739] [amr_1_spawner]: Requesting list of world names.
[create-13] [INFO] [1789368642.910575315] [amr_2_spawner]: Requesting list of world names.
[robot_state_publisher-8] [INFO] [1789368642.911471572] [amr_1.robot_state_publisher]: Robot initialized
[robot_state_publisher-4] [INFO] [1789368642.995866576] [amr_0.robot_state_publisher]: Robot initialized
[static_transform_publisher-11] [INFO] [1789368643.005385877] [amr_1_map_to_odom]: Spinning until stopped - publishing transform
[static_transform_publisher-11] translation: ('2.000000', '5.000000', '0.000000')
[static_transform_publisher-11] rotation: ('0.000000', '0.000000', '0.000000', '1.000000')
[static_transform_publisher-11] from 'map' to 'amr_1/odom'
[parameter_bridge-14] [INFO] [1789368643.112863200] [amr_2_bridge]: Creating ROS->GZ Bridge: [/amr_2/cmd_vel (geometry_msgs/msg/Twist) -> /amr_2/cmd_vel (gz.msgs.Twist)] (Lazy 0)
[parameter_bridge-14] [INFO] [1789368643.116221528] [amr_2_bridge]: Creating GZ->ROS Bridge: [/amr_2/odom (gz.msgs.Odometry) -> /amr_2/odom (nav_msgs/msg/Odometry)] (Lazy 0)
[parameter_bridge-6] [INFO] [1789368643.120867610] [amr_0_bridge]: Creating ROS->GZ Bridge: [/amr_0/cmd_vel (geometry_msgs/msg/Twist) -> /amr_0/cmd_vel (gz.msgs.Twist)] (Lazy 0)
[static_transform_publisher-15] [INFO] [1789368643.127540461] [amr_2_map_to_odom]: Spinning until stopped - publishing transform
[static_transform_publisher-15] translation: ('2.000000', '8.000000', '0.000000')
[static_transform_publisher-15] rotation: ('0.000000', '0.000000', '0.000000', '1.000000')
[static_transform_publisher-15] from 'map' to 'amr_2/odom'
[parameter_bridge-14] [INFO] [1789368643.136070899] [amr_2_bridge]: Creating GZ->ROS Bridge: [/amr_2/scan (gz.msgs.LaserScan) -> /amr_2/scan (sensor_msgs/msg/LaserScan)] (Lazy 0)
[parameter_bridge-6] [INFO] [1789368643.139119782] [amr_0_bridge]: Creating GZ->ROS Bridge: [/amr_0/odom (gz.msgs.Odometry) -> /amr_0/odom (nav_msgs/msg/Odometry)] (Lazy 0)
[create-5] [INFO] [1789368643.172291434] [amr_0_spawner]: Requesting list of world names.
[parameter_bridge-14] [INFO] [1789368643.172773113] [amr_2_bridge]: Creating GZ->ROS Bridge: [/amr_2/tf (gz.msgs.Pose_V) -> /amr_2/tf (tf2_msgs/msg/TFMessage)] (Lazy 0)
[parameter_bridge-14] [INFO] [1789368643.183535469] [amr_2_bridge]: Creating GZ->ROS Bridge: [/amr_2/joint_states (gz.msgs.Model) -> /amr_2/joint_states (sensor_msgs/msg/JointState)] (Lazy 0)
[static_transform_publisher-19] [INFO] [1789368643.195123846] [amr_3_map_to_odom]: Spinning until stopped - publishing transform
[static_transform_publisher-19] translation: ('2.000000', '11.000000', '0.000000')
[static_transform_publisher-19] rotation: ('0.000000', '0.000000', '0.000000', '1.000000')
[static_transform_publisher-19] from 'map' to 'amr_3/odom'
[robot_state_publisher-20] [INFO] [1789368643.215483924] [amr_4.robot_state_publisher]: Robot initialized
[parameter_bridge-6] [INFO] [1789368643.223635176] [amr_0_bridge]: Creating GZ->ROS Bridge: [/amr_0/scan (gz.msgs.LaserScan) -> /amr_0/scan (sensor_msgs/msg/LaserScan)] (Lazy 0)
[parameter_bridge-6] [INFO] [1789368643.233407210] [amr_0_bridge]: Creating GZ->ROS Bridge: [/amr_0/tf (gz.msgs.Pose_V) -> /amr_0/tf (tf2_msgs/msg/TFMessage)] (Lazy 0)
[parameter_bridge-6] [INFO] [1789368643.253719069] [amr_0_bridge]: Creating GZ->ROS Bridge: [/amr_0/joint_states (gz.msgs.Model) -> /amr_0/joint_states (sensor_msgs/msg/JointState)] (Lazy 0)
[parameter_bridge-2] [INFO] [1789368643.271126139] [clock_bridge]: Creating GZ->ROS Bridge: [/clock (gz.msgs.Clock) -> /clock (rosgraph_msgs/msg/Clock)] (Lazy 0)
[static_transform_publisher-23] [INFO] [1789368643.274959337] [amr_4_map_to_odom]: Spinning until stopped - publishing transform
[static_transform_publisher-23] translation: ('2.000000', '14.000000', '0.000000')
[static_transform_publisher-23] rotation: ('0.000000', '0.000000', '0.000000', '1.000000')
[static_transform_publisher-23] from 'map' to 'amr_4/odom'
[parameter_bridge-18] [INFO] [1789368643.315199173] [amr_3_bridge]: Creating ROS->GZ Bridge: [/amr_3/cmd_vel (geometry_msgs/msg/Twist) -> /amr_3/cmd_vel (gz.msgs.Twist)] (Lazy 0)
[parameter_bridge-22] [INFO] [1789368643.322716695] [amr_4_bridge]: Creating ROS->GZ Bridge: [/amr_4/cmd_vel (geometry_msgs/msg/Twist) -> /amr_4/cmd_vel (gz.msgs.Twist)] (Lazy 0)
[create-17] [INFO] [1789368643.336481112] [amr_3_spawner]: Requesting list of world names.
[parameter_bridge-18] [INFO] [1789368643.354293374] [amr_3_bridge]: Creating GZ->ROS Bridge: [/amr_3/odom (gz.msgs.Odometry) -> /amr_3/odom (nav_msgs/msg/Odometry)] (Lazy 0)
[parameter_bridge-22] [INFO] [1789368643.354443772] [amr_4_bridge]: Creating GZ->ROS Bridge: [/amr_4/odom (gz.msgs.Odometry) -> /amr_4/odom (nav_msgs/msg/Odometry)] (Lazy 0)
[parameter_bridge-10] [INFO] [1789368643.361456482] [amr_1_bridge]: Creating ROS->GZ Bridge: [/amr_1/cmd_vel (geometry_msgs/msg/Twist) -> /amr_1/cmd_vel (gz.msgs.Twist)] (Lazy 0)
[parameter_bridge-10] [INFO] [1789368643.367812202] [amr_1_bridge]: Creating GZ->ROS Bridge: [/amr_1/odom (gz.msgs.Odometry) -> /amr_1/odom (nav_msgs/msg/Odometry)] (Lazy 0)
[parameter_bridge-22] [INFO] [1789368643.373060698] [amr_4_bridge]: Creating GZ->ROS Bridge: [/amr_4/scan (gz.msgs.LaserScan) -> /amr_4/scan (sensor_msgs/msg/LaserScan)] (Lazy 0)
[parameter_bridge-18] [INFO] [1789368643.374443843] [amr_3_bridge]: Creating GZ->ROS Bridge: [/amr_3/scan (gz.msgs.LaserScan) -> /amr_3/scan (sensor_msgs/msg/LaserScan)] (Lazy 0)
[parameter_bridge-18] [INFO] [1789368643.387881735] [amr_3_bridge]: Creating GZ->ROS Bridge: [/amr_3/tf (gz.msgs.Pose_V) -> /amr_3/tf (tf2_msgs/msg/TFMessage)] (Lazy 0)
[parameter_bridge-22] [INFO] [1789368643.389759604] [amr_4_bridge]: Creating GZ->ROS Bridge: [/amr_4/tf (gz.msgs.Pose_V) -> /amr_4/tf (tf2_msgs/msg/TFMessage)] (Lazy 0)
[parameter_bridge-10] [INFO] [1789368643.391186403] [amr_1_bridge]: Creating GZ->ROS Bridge: [/amr_1/scan (gz.msgs.LaserScan) -> /amr_1/scan (sensor_msgs/msg/LaserScan)] (Lazy 0)
[parameter_bridge-22] [INFO] [1789368643.400974712] [amr_4_bridge]: Creating GZ->ROS Bridge: [/amr_4/joint_states (gz.msgs.Model) -> /amr_4/joint_states (sensor_msgs/msg/JointState)] (Lazy 0)
[parameter_bridge-18] [INFO] [1789368643.404021488] [amr_3_bridge]: Creating GZ->ROS Bridge: [/amr_3/joint_states (gz.msgs.Model) -> /amr_3/joint_states (sensor_msgs/msg/JointState)] (Lazy 0)
[parameter_bridge-10] [INFO] [1789368643.413988252] [amr_1_bridge]: Creating GZ->ROS Bridge: [/amr_1/tf (gz.msgs.Pose_V) -> /amr_1/tf (tf2_msgs/msg/TFMessage)] (Lazy 0)
[robot_state_publisher-16] [INFO] [1789368643.431117322] [amr_3.robot_state_publisher]: Robot initialized
[create-21] [INFO] [1789368643.445113219] [amr_4_spawner]: Requesting list of world names.
[parameter_bridge-10] [INFO] [1789368643.445667894] [amr_1_bridge]: Creating GZ->ROS Bridge: [/amr_1/joint_states (gz.msgs.Model) -> /amr_1/joint_states (sensor_msgs/msg/JointState)] (Lazy 0)
[task_manager-24] [INFO] [1789368643.743527548] [amr_task_manager]: Loaded 15 tasks from workload: /home/raghav/Downloads/NRDAS_Antigravity_Project_Starter/antigravity_amr_project/config/workloads/workload_15_tasks.yaml
[create-5] [INFO] [1789368643.769620401] [amr_0_spawner]: Waiting messages on topic [amr_0/robot_description].
[task_manager-24] [INFO] [1789368643.834000504] [amr_task_manager]: Task Manager Node initialized.
[cbba_node-27] [INFO] [1789368643.848445125] [amr_2.cbba_node]: CBBA Node initialized for amr_2 (bundle cap: 4)
[create-9] [INFO] [1789368643.878510797] [amr_1_spawner]: Waiting messages on topic [amr_1/robot_description].
[warehouse_visualizer-3] [INFO] [1789368643.977429522] [warehouse_visualizer]: WarehouseVisualizerNode started. Publishing to /warehouse_markers.
[create-17] [INFO] [1789368643.980904509] [amr_3_spawner]: Waiting messages on topic [amr_3/robot_description].
[cbba_node-26] [INFO] [1789368644.056739876] [amr_1.cbba_node]: CBBA Node initialized for amr_1 (bundle cap: 4)
[create-21] [INFO] [1789368644.079192160] [amr_4_spawner]: Waiting messages on topic [amr_4/robot_description].
[cbba_node-28] [INFO] [1789368644.122382283] [amr_3.cbba_node]: CBBA Node initialized for amr_3 (bundle cap: 4)
[create-5] [INFO] [1789368644.174295881] [amr_0_spawner]: Entity creation successful.
[create-9] [INFO] [1789368644.177840854] [amr_1_spawner]: Entity creation successful.
[create-17] [INFO] [1789368644.181345263] [amr_3_spawner]: Entity creation successful.
[create-21] [INFO] [1789368644.182101201] [amr_4_spawner]: Entity creation successful.
[create-13] [INFO] [1789368644.189038654] [amr_2_spawner]: Waiting messages on topic [amr_2/robot_description].
[create-13] [INFO] [1789368644.209233005] [amr_2_spawner]: Entity creation successful.
[rh_node-30] [INFO] [1789368644.316321082] [amr_0.rh_node]: Rolling-Horizon Planner initialized for amr_0 (h=10, w=4, heuristic=PRIORITY_FIRST)
[cbba_node-25] [INFO] [1789368644.323907472] [amr_0.cbba_node]: CBBA Node initialized for amr_0 (bundle cap: 4)
[INFO] [create-5]: process has finished cleanly [pid 221383]
[INFO] [create-13]: process has finished cleanly [pid 221391]
[rh_node-31] [INFO] [1789368644.375360835] [amr_1.rh_node]: Rolling-Horizon Planner initialized for amr_1 (h=10, w=4, heuristic=PRIORITY_FIRST)
[rh_node-32] [INFO] [1789368644.376023908] [amr_2.rh_node]: Rolling-Horizon Planner initialized for amr_2 (h=10, w=4, heuristic=PRIORITY_FIRST)
[INFO] [create-21]: process has finished cleanly [pid 221405]
[INFO] [create-17]: process has finished cleanly [pid 221395]
[INFO] [create-9]: process has finished cleanly [pid 221387]
[rh_node-34] [INFO] [1789368644.399949272] [amr_4.rh_node]: Rolling-Horizon Planner initialized for amr_4 (h=10, w=4, heuristic=PRIORITY_FIRST)
[cbba_node-29] [INFO] [1789368644.427581885] [amr_4.cbba_node]: CBBA Node initialized for amr_4 (bundle cap: 4)
[rh_node-33] [INFO] [1789368644.429990433] [amr_3.rh_node]: Rolling-Horizon Planner initialized for amr_3 (h=10, w=4, heuristic=PRIORITY_FIRST)
[rh_node-32] [INFO] [1789368644.852635929] [amr_2.rh_node]: [amr_2] Reached pickup for task 'task_w15_0001'. Moving to dropoff.
[parameter_bridge-10] [INFO] [1789368644.853434982] [amr_1_bridge]: Passing message from ROS geometry_msgs/msg/Twist to Gazebo gz.msgs.Twist (showing msg only once per type)
[parameter_bridge-14] [INFO] [1789368644.854292408] [amr_2_bridge]: Passing message from ROS geometry_msgs/msg/Twist to Gazebo gz.msgs.Twist (showing msg only once per type)
[task_manager-24] [INFO] [1789368644.854936513] [amr_task_manager]: Task 'task_w15_0001' transitioned to IN_PROGRESS
[parameter_bridge-18] [INFO] [1789368644.908735687] [amr_3_bridge]: Passing message from ROS geometry_msgs/msg/Twist to Gazebo gz.msgs.Twist (showing msg only once per type)
[gazebo-1] [1;33mWarning [Utils.cc:132][0m [/sdf/model[@name="amr"]/link[@name="amr_0/base_footprint"]/sensor[@name="amr_0_lidar"]/gz_frame_id:<urdf-string>:L0]: XML Element[gz_frame_id], child of element[sensor], not defined in SDF. Copying[gz_frame_id] as children of [sensor].
[gazebo-1] [1;33mWarning [Utils.cc:132][0m [/sdf/model[@name="amr"]/link[@name="amr_1/base_footprint"]/sensor[@name="amr_1_lidar"]/gz_frame_id:<urdf-string>:L0]: XML Element[gz_frame_id], child of element[sensor], not defined in SDF. Copying[gz_frame_id] as children of [sensor].
[gazebo-1] [1;33mWarning [Utils.cc:132][0m [/sdf/model[@name="amr"]/link[@name="amr_3/base_footprint"]/sensor[@name="amr_3_lidar"]/gz_frame_id:<urdf-string>:L0]: XML Element[gz_frame_id], child of element[sensor], not defined in SDF. Copying[gz_frame_id] as children of [sensor].
[gazebo-1] [1;33mWarning [Utils.cc:132][0m [/sdf/model[@name="amr"]/link[@name="amr_4/base_footprint"]/sensor[@name="amr_4_lidar"]/gz_frame_id:<urdf-string>:L0]: XML Element[gz_frame_id], child of element[sensor], not defined in SDF. Copying[gz_frame_id] as children of [sensor].
[gazebo-1] [1;33mWarning [Utils.cc:132][0m [/sdf/model[@name="amr"]/link[@name="amr_2/base_footprint"]/sensor[@name="amr_2_lidar"]/gz_frame_id:<urdf-string>:L0]: XML Element[gz_frame_id], child of element[sensor], not defined in SDF. Copying[gz_frame_id] as children of [sensor].
[parameter_bridge-6] [INFO] [1789368645.582445445] [amr_0_bridge]: Passing message from ROS geometry_msgs/msg/Twist to Gazebo gz.msgs.Twist (showing msg only once per type)
[parameter_bridge-22] [INFO] [1789368646.667058594] [amr_4_bridge]: Passing message from ROS geometry_msgs/msg/Twist to Gazebo gz.msgs.Twist (showing msg only once per type)
[cbba_node-29] [INFO] [1789368653.006248761] [amr_4.cbba_node]: Committed task task_w15_0004 assignment to amr_4
[task_manager-24] [INFO] [1789368653.006931128] [amr_task_manager]: Task 'task_w15_0004' transitioned to ASSIGNED
[cbba_node-29] [INFO] [1789368653.007516687] [amr_4.cbba_node]: Committed task task_w15_0009 assignment to amr_4
[cbba_node-29] [INFO] [1789368653.008535834] [amr_4.cbba_node]: Committed task task_w15_0015 assignment to amr_4
[task_manager-24] [INFO] [1789368653.009191241] [amr_task_manager]: Task 'task_w15_0009' transitioned to ASSIGNED
[task_manager-24] [INFO] [1789368653.011103058] [amr_task_manager]: Task 'task_w15_0015' transitioned to ASSIGNED
[cbba_node-26] [INFO] [1789368653.205756461] [amr_1.cbba_node]: Committed task task_w15_0001 assignment to amr_1
[task_manager-24] [ERROR] [1789368653.206546224] [amr_task_manager]: Rejected transition for task 'task_w15_0001': Invalid task transition from IN_PROGRESS to ASSIGNED for task 'task_w15_0001'
[task_manager-24] [INFO] [1789368653.208451229] [amr_task_manager]: Task 'task_w15_0006' transitioned to ASSIGNED
[cbba_node-26] [INFO] [1789368653.216177424] [amr_1.cbba_node]: Committed task task_w15_0006 assignment to amr_1
[cbba_node-26] [INFO] [1789368653.217495196] [amr_1.cbba_node]: Committed task task_w15_0011 assignment to amr_1
[task_manager-24] [INFO] [1789368653.218642324] [amr_task_manager]: Task 'task_w15_0011' transitioned to ASSIGNED
[cbba_node-27] [INFO] [1789368653.230795262] [amr_2.cbba_node]: Committed task task_w15_0002 assignment to amr_2
[task_manager-24] [INFO] [1789368653.232200637] [amr_task_manager]: Task 'task_w15_0002' transitioned to ASSIGNED
[cbba_node-27] [INFO] [1789368653.232489568] [amr_2.cbba_node]: Committed task task_w15_0007 assignment to amr_2
[cbba_node-27] [INFO] [1789368653.234873700] [amr_2.cbba_node]: Committed task task_w15_0013 assignment to amr_2
[task_manager-24] [INFO] [1789368653.237595615] [amr_task_manager]: Task 'task_w15_0007' transitioned to ASSIGNED
[task_manager-24] [INFO] [1789368653.242106490] [amr_task_manager]: Task 'task_w15_0013' transitioned to ASSIGNED
[task_manager-24] [INFO] [1789368653.290314276] [amr_task_manager]: Task 'task_w15_0003' transitioned to ASSIGNED
[cbba_node-28] [INFO] [1789368653.290584507] [amr_3.cbba_node]: Committed task task_w15_0003 assignment to amr_3
[task_manager-24] [INFO] [1789368653.292022573] [amr_task_manager]: Task 'task_w15_0008' transitioned to ASSIGNED
[cbba_node-28] [INFO] [1789368653.292506680] [amr_3.cbba_node]: Committed task task_w15_0008 assignment to amr_3
[cbba_node-25] [INFO] [1789368653.293174996] [amr_0.cbba_node]: Committed task task_w15_0012 assignment to amr_0
[task_manager-24] [INFO] [1789368653.293410505] [amr_task_manager]: Task 'task_w15_0012' transitioned to ASSIGNED
[cbba_node-28] [INFO] [1789368653.294234515] [amr_3.cbba_node]: Committed task task_w15_0014 assignment to amr_3
[task_manager-24] [INFO] [1789368653.295009758] [amr_task_manager]: Task 'task_w15_0014' transitioned to ASSIGNED
[cbba_node-25] [INFO] [1789368653.296081522] [amr_0.cbba_node]: Committed task task_w15_0005 assignment to amr_0
[task_manager-24] [INFO] [1789368653.296180548] [amr_task_manager]: Task 'task_w15_0005' transitioned to ASSIGNED
[cbba_node-25] [INFO] [1789368653.297199881] [amr_0.cbba_node]: Committed task task_w15_0010 assignment to amr_0
[task_manager-24] [INFO] [1789368653.297558272] [amr_task_manager]: Task 'task_w15_0010' transitioned to ASSIGNED
[rh_node-31] [INFO] [1789368656.853612534] [amr_1.rh_node]: [amr_1] Reached pickup for task 'task_w15_0001'. Moving to dropoff.
[rh_node-34] [INFO] [1789368702.367237949] [amr_4.rh_node]: [amr_4] Reached pickup for task 'task_w15_0009'. Moving to dropoff.
[task_manager-24] [INFO] [1789368702.369363135] [amr_task_manager]: Task 'task_w15_0009' transitioned to IN_PROGRESS
[rh_node-32] [INFO] [1789368703.853281950] [amr_2.rh_node]: [amr_2] Reached pickup for task 'task_w15_0007'. Moving to dropoff.
[task_manager-24] [INFO] [1789368703.855963998] [amr_task_manager]: Task 'task_w15_0007' transitioned to IN_PROGRESS
