[INFO] [launch]: All log files can be found below /home/raghav/.ros/log/2026-09-14-12-23-15-367409-Raze-222881
[INFO] [launch]: Default logging verbosity is set to INFO
[INFO] [launch.user]: [FLEET] Spawning 5 robots into world "warehouse_small" (headless=True)
[INFO] [launch.user]: [M8B Fleet Bringup] Starting 5 CBBA nodes (bundle cap: 4, profile: LOSS_HIGH, compute_mode: NORMAL)
[INFO] [launch.user]: [M8B Fleet Bringup] Starting 5 M8B RH nodes (compute_mode: NORMAL, adaptive: False, h=10, w=4, replan_rate=2.0Hz)
[INFO] [gazebo-1]: process started with pid [222916]
[INFO] [parameter_bridge-2]: process started with pid [222917]
[INFO] [warehouse_visualizer-3]: process started with pid [222918]
[INFO] [robot_state_publisher-4]: process started with pid [222920]
[INFO] [create-5]: process started with pid [222921]
[INFO] [parameter_bridge-6]: process started with pid [222922]
[INFO] [static_transform_publisher-7]: process started with pid [222923]
[INFO] [robot_state_publisher-8]: process started with pid [222924]
[INFO] [create-9]: process started with pid [222925]
[INFO] [parameter_bridge-10]: process started with pid [222926]
[INFO] [static_transform_publisher-11]: process started with pid [222927]
[INFO] [robot_state_publisher-12]: process started with pid [222928]
[INFO] [create-13]: process started with pid [222929]
[INFO] [parameter_bridge-14]: process started with pid [222930]
[INFO] [static_transform_publisher-15]: process started with pid [222931]
[INFO] [robot_state_publisher-16]: process started with pid [222933]
[INFO] [create-17]: process started with pid [222935]
[INFO] [parameter_bridge-18]: process started with pid [222940]
[INFO] [static_transform_publisher-19]: process started with pid [222942]
[INFO] [robot_state_publisher-20]: process started with pid [222943]
[INFO] [create-21]: process started with pid [222944]
[INFO] [parameter_bridge-22]: process started with pid [222953]
[INFO] [static_transform_publisher-23]: process started with pid [222959]
[INFO] [task_manager-24]: process started with pid [222960]
[INFO] [cbba_node-25]: process started with pid [222968]
[INFO] [cbba_node-26]: process started with pid [222976]
[INFO] [cbba_node-27]: process started with pid [222977]
[INFO] [cbba_node-28]: process started with pid [222978]
[INFO] [cbba_node-29]: process started with pid [222979]
[INFO] [rh_node-30]: process started with pid [222988]
[INFO] [rh_node-31]: process started with pid [223015]
[INFO] [rh_node-32]: process started with pid [223024]
[INFO] [rh_node-33]: process started with pid [223047]
[INFO] [rh_node-34]: process started with pid [223049]
[robot_state_publisher-8] [INFO] [1789368796.662184177] [amr_1.robot_state_publisher]: Robot initialized
[create-5] [INFO] [1789368796.677464121] [amr_0_spawner]: Requesting list of world names.
[static_transform_publisher-7] [INFO] [1789368796.707700050] [amr_0_map_to_odom]: Spinning until stopped - publishing transform
[static_transform_publisher-7] translation: ('2.000000', '2.000000', '0.000000')
[static_transform_publisher-7] rotation: ('0.000000', '0.000000', '0.000000', '1.000000')
[static_transform_publisher-7] from 'map' to 'amr_0/odom'
[create-9] [INFO] [1789368796.709605983] [amr_1_spawner]: Requesting list of world names.
[parameter_bridge-2] [INFO] [1789368796.783313884] [clock_bridge]: Creating GZ->ROS Bridge: [/clock (gz.msgs.Clock) -> /clock (rosgraph_msgs/msg/Clock)] (Lazy 0)
[create-13] [INFO] [1789368796.788998993] [amr_2_spawner]: Requesting list of world names.
[parameter_bridge-18] [INFO] [1789368796.998954516] [amr_3_bridge]: Creating ROS->GZ Bridge: [/amr_3/cmd_vel (geometry_msgs/msg/Twist) -> /amr_3/cmd_vel (gz.msgs.Twist)] (Lazy 0)
[parameter_bridge-18] [INFO] [1789368797.009907835] [amr_3_bridge]: Creating GZ->ROS Bridge: [/amr_3/odom (gz.msgs.Odometry) -> /amr_3/odom (nav_msgs/msg/Odometry)] (Lazy 0)
[parameter_bridge-18] [INFO] [1789368797.034626118] [amr_3_bridge]: Creating GZ->ROS Bridge: [/amr_3/scan (gz.msgs.LaserScan) -> /amr_3/scan (sensor_msgs/msg/LaserScan)] (Lazy 0)
[create-21] [INFO] [1789368797.062956408] [amr_4_spawner]: Requesting list of world names.
[parameter_bridge-18] [INFO] [1789368797.083773632] [amr_3_bridge]: Creating GZ->ROS Bridge: [/amr_3/tf (gz.msgs.Pose_V) -> /amr_3/tf (tf2_msgs/msg/TFMessage)] (Lazy 0)
[parameter_bridge-18] [INFO] [1789368797.091770170] [amr_3_bridge]: Creating GZ->ROS Bridge: [/amr_3/joint_states (gz.msgs.Model) -> /amr_3/joint_states (sensor_msgs/msg/JointState)] (Lazy 0)
[static_transform_publisher-15] [INFO] [1789368797.105674665] [amr_2_map_to_odom]: Spinning until stopped - publishing transform
[static_transform_publisher-15] translation: ('2.000000', '8.000000', '0.000000')
[static_transform_publisher-15] rotation: ('0.000000', '0.000000', '0.000000', '1.000000')
[static_transform_publisher-15] from 'map' to 'amr_2/odom'
[robot_state_publisher-4] [INFO] [1789368797.121407463] [amr_0.robot_state_publisher]: Robot initialized
[parameter_bridge-14] [INFO] [1789368797.183020868] [amr_2_bridge]: Creating ROS->GZ Bridge: [/amr_2/cmd_vel (geometry_msgs/msg/Twist) -> /amr_2/cmd_vel (gz.msgs.Twist)] (Lazy 0)
[parameter_bridge-14] [INFO] [1789368797.194811142] [amr_2_bridge]: Creating GZ->ROS Bridge: [/amr_2/odom (gz.msgs.Odometry) -> /amr_2/odom (nav_msgs/msg/Odometry)] (Lazy 0)
[static_transform_publisher-11] [INFO] [1789368797.201626963] [amr_1_map_to_odom]: Spinning until stopped - publishing transform
[static_transform_publisher-11] translation: ('2.000000', '5.000000', '0.000000')
[static_transform_publisher-11] rotation: ('0.000000', '0.000000', '0.000000', '1.000000')
[static_transform_publisher-11] from 'map' to 'amr_1/odom'
[parameter_bridge-14] [INFO] [1789368797.204842938] [amr_2_bridge]: Creating GZ->ROS Bridge: [/amr_2/scan (gz.msgs.LaserScan) -> /amr_2/scan (sensor_msgs/msg/LaserScan)] (Lazy 0)
[parameter_bridge-14] [INFO] [1789368797.208007015] [amr_2_bridge]: Creating GZ->ROS Bridge: [/amr_2/tf (gz.msgs.Pose_V) -> /amr_2/tf (tf2_msgs/msg/TFMessage)] (Lazy 0)
[parameter_bridge-14] [INFO] [1789368797.212239991] [amr_2_bridge]: Creating GZ->ROS Bridge: [/amr_2/joint_states (gz.msgs.Model) -> /amr_2/joint_states (sensor_msgs/msg/JointState)] (Lazy 0)
[robot_state_publisher-12] [INFO] [1789368797.238040700] [amr_2.robot_state_publisher]: Robot initialized
[robot_state_publisher-16] [INFO] [1789368797.247212172] [amr_3.robot_state_publisher]: Robot initialized
[robot_state_publisher-20] [INFO] [1789368797.285589184] [amr_4.robot_state_publisher]: Robot initialized
[parameter_bridge-22] [INFO] [1789368797.308506660] [amr_4_bridge]: Creating ROS->GZ Bridge: [/amr_4/cmd_vel (geometry_msgs/msg/Twist) -> /amr_4/cmd_vel (gz.msgs.Twist)] (Lazy 0)
[static_transform_publisher-19] [INFO] [1789368797.314003785] [amr_3_map_to_odom]: Spinning until stopped - publishing transform
[static_transform_publisher-19] translation: ('2.000000', '11.000000', '0.000000')
[static_transform_publisher-19] rotation: ('0.000000', '0.000000', '0.000000', '1.000000')
[static_transform_publisher-19] from 'map' to 'amr_3/odom'
[static_transform_publisher-23] [INFO] [1789368797.324230751] [amr_4_map_to_odom]: Spinning until stopped - publishing transform
[static_transform_publisher-23] translation: ('2.000000', '14.000000', '0.000000')
[static_transform_publisher-23] rotation: ('0.000000', '0.000000', '0.000000', '1.000000')
[static_transform_publisher-23] from 'map' to 'amr_4/odom'
[parameter_bridge-22] [INFO] [1789368797.345620830] [amr_4_bridge]: Creating GZ->ROS Bridge: [/amr_4/odom (gz.msgs.Odometry) -> /amr_4/odom (nav_msgs/msg/Odometry)] (Lazy 0)
[parameter_bridge-10] [INFO] [1789368797.346211482] [amr_1_bridge]: Creating ROS->GZ Bridge: [/amr_1/cmd_vel (geometry_msgs/msg/Twist) -> /amr_1/cmd_vel (gz.msgs.Twist)] (Lazy 0)
[parameter_bridge-6] [INFO] [1789368797.367226883] [amr_0_bridge]: Creating ROS->GZ Bridge: [/amr_0/cmd_vel (geometry_msgs/msg/Twist) -> /amr_0/cmd_vel (gz.msgs.Twist)] (Lazy 0)
[parameter_bridge-10] [INFO] [1789368797.368129976] [amr_1_bridge]: Creating GZ->ROS Bridge: [/amr_1/odom (gz.msgs.Odometry) -> /amr_1/odom (nav_msgs/msg/Odometry)] (Lazy 0)
[create-17] [INFO] [1789368797.372000634] [amr_3_spawner]: Requesting list of world names.
[parameter_bridge-10] [INFO] [1789368797.379661073] [amr_1_bridge]: Creating GZ->ROS Bridge: [/amr_1/scan (gz.msgs.LaserScan) -> /amr_1/scan (sensor_msgs/msg/LaserScan)] (Lazy 0)
[parameter_bridge-22] [INFO] [1789368797.390215900] [amr_4_bridge]: Creating GZ->ROS Bridge: [/amr_4/scan (gz.msgs.LaserScan) -> /amr_4/scan (sensor_msgs/msg/LaserScan)] (Lazy 0)
[parameter_bridge-10] [INFO] [1789368797.396201009] [amr_1_bridge]: Creating GZ->ROS Bridge: [/amr_1/tf (gz.msgs.Pose_V) -> /amr_1/tf (tf2_msgs/msg/TFMessage)] (Lazy 0)
[parameter_bridge-6] [INFO] [1789368797.397879874] [amr_0_bridge]: Creating GZ->ROS Bridge: [/amr_0/odom (gz.msgs.Odometry) -> /amr_0/odom (nav_msgs/msg/Odometry)] (Lazy 0)
[parameter_bridge-10] [INFO] [1789368797.500669271] [amr_1_bridge]: Creating GZ->ROS Bridge: [/amr_1/joint_states (gz.msgs.Model) -> /amr_1/joint_states (sensor_msgs/msg/JointState)] (Lazy 0)
[parameter_bridge-6] [INFO] [1789368797.500909502] [amr_0_bridge]: Creating GZ->ROS Bridge: [/amr_0/scan (gz.msgs.LaserScan) -> /amr_0/scan (sensor_msgs/msg/LaserScan)] (Lazy 0)
[parameter_bridge-22] [INFO] [1789368797.503369069] [amr_4_bridge]: Creating GZ->ROS Bridge: [/amr_4/tf (gz.msgs.Pose_V) -> /amr_4/tf (tf2_msgs/msg/TFMessage)] (Lazy 0)
[parameter_bridge-22] [INFO] [1789368797.527302097] [amr_4_bridge]: Creating GZ->ROS Bridge: [/amr_4/joint_states (gz.msgs.Model) -> /amr_4/joint_states (sensor_msgs/msg/JointState)] (Lazy 0)
[parameter_bridge-6] [INFO] [1789368797.536177512] [amr_0_bridge]: Creating GZ->ROS Bridge: [/amr_0/tf (gz.msgs.Pose_V) -> /amr_0/tf (tf2_msgs/msg/TFMessage)] (Lazy 0)
[create-5] [INFO] [1789368797.544005402] [amr_0_spawner]: Waiting messages on topic [amr_0/robot_description].
[parameter_bridge-6] [INFO] [1789368797.551896524] [amr_0_bridge]: Creating GZ->ROS Bridge: [/amr_0/joint_states (gz.msgs.Model) -> /amr_0/joint_states (sensor_msgs/msg/JointState)] (Lazy 0)
[create-21] [INFO] [1789368797.640689041] [amr_4_spawner]: Waiting messages on topic [amr_4/robot_description].
[task_manager-24] [INFO] [1789368797.685368335] [amr_task_manager]: Loaded 15 tasks from workload: /home/raghav/Downloads/NRDAS_Antigravity_Project_Starter/antigravity_amr_project/config/workloads/workload_15_tasks.yaml
[create-17] [INFO] [1789368797.737079875] [amr_3_spawner]: Waiting messages on topic [amr_3/robot_description].
[cbba_node-26] [INFO] [1789368797.745023283] [amr_1.cbba_node]: CBBA Node initialized for amr_1 (bundle cap: 4)
[create-9] [INFO] [1789368797.838395738] [amr_1_spawner]: Waiting messages on topic [amr_1/robot_description].
[create-21] [INFO] [1789368797.937339763] [amr_4_spawner]: Entity creation successful.
[create-17] [INFO] [1789368797.937413960] [amr_3_spawner]: Entity creation successful.
[create-5] [INFO] [1789368797.937571554] [amr_0_spawner]: Entity creation successful.
[create-9] [INFO] [1789368797.939574799] [amr_1_spawner]: Entity creation successful.
[create-13] [INFO] [1789368797.939968581] [amr_2_spawner]: Waiting messages on topic [amr_2/robot_description].
[task_manager-24] [INFO] [1789368797.996968140] [amr_task_manager]: Task Manager Node initialized.
[INFO] [create-5]: process has finished cleanly [pid 222921]
[INFO] [create-9]: process has finished cleanly [pid 222925]
[INFO] [create-21]: process has finished cleanly [pid 222944]
[INFO] [create-17]: process has finished cleanly [pid 222935]
[rh_node-34] [INFO] [1789368798.143293351] [amr_4.rh_node]: Rolling-Horizon Planner initialized for amr_4 (h=10, w=4, heuristic=PRIORITY_FIRST)
[rh_node-32] [INFO] [1789368798.150209026] [amr_2.rh_node]: Rolling-Horizon Planner initialized for amr_2 (h=10, w=4, heuristic=PRIORITY_FIRST)
[create-13] [INFO] [1789368798.170230803] [amr_2_spawner]: Entity creation successful.
[warehouse_visualizer-3] [INFO] [1789368798.243062253] [warehouse_visualizer]: WarehouseVisualizerNode started. Publishing to /warehouse_markers.
[INFO] [create-13]: process has finished cleanly [pid 222929]
[rh_node-33] [INFO] [1789368798.347882406] [amr_3.rh_node]: Rolling-Horizon Planner initialized for amr_3 (h=10, w=4, heuristic=PRIORITY_FIRST)
[rh_node-30] [INFO] [1789368798.358743786] [amr_0.rh_node]: Rolling-Horizon Planner initialized for amr_0 (h=10, w=4, heuristic=PRIORITY_FIRST)
[cbba_node-29] [INFO] [1789368798.369870240] [amr_4.cbba_node]: CBBA Node initialized for amr_4 (bundle cap: 4)
[cbba_node-28] [INFO] [1789368798.610407090] [amr_3.cbba_node]: CBBA Node initialized for amr_3 (bundle cap: 4)
[cbba_node-27] [INFO] [1789368798.613715310] [amr_2.cbba_node]: CBBA Node initialized for amr_2 (bundle cap: 4)
[cbba_node-25] [INFO] [1789368798.622385763] [amr_0.cbba_node]: CBBA Node initialized for amr_0 (bundle cap: 4)
[rh_node-31] [INFO] [1789368798.646657362] [amr_1.rh_node]: Rolling-Horizon Planner initialized for amr_1 (h=10, w=4, heuristic=PRIORITY_FIRST)
[parameter_bridge-10] [INFO] [1789368799.025535742] [amr_1_bridge]: Passing message from ROS geometry_msgs/msg/Twist to Gazebo gz.msgs.Twist (showing msg only once per type)
[gazebo-1] [1;33mWarning [Utils.cc:132][0m [/sdf/model[@name="amr"]/link[@name="amr_0/base_footprint"]/sensor[@name="amr_0_lidar"]/gz_frame_id:<urdf-string>:L0]: XML Element[gz_frame_id], child of element[sensor], not defined in SDF. Copying[gz_frame_id] as children of [sensor].
[gazebo-1] [1;33mWarning [Utils.cc:132][0m [/sdf/model[@name="amr"]/link[@name="amr_4/base_footprint"]/sensor[@name="amr_4_lidar"]/gz_frame_id:<urdf-string>:L0]: XML Element[gz_frame_id], child of element[sensor], not defined in SDF. Copying[gz_frame_id] as children of [sensor].
[parameter_bridge-22] [INFO] [1789368799.123931976] [amr_4_bridge]: Passing message from ROS geometry_msgs/msg/Twist to Gazebo gz.msgs.Twist (showing msg only once per type)
[gazebo-1] [1;33mWarning [Utils.cc:132][0m [/sdf/model[@name="amr"]/link[@name="amr_3/base_footprint"]/sensor[@name="amr_3_lidar"]/gz_frame_id:<urdf-string>:L0]: XML Element[gz_frame_id], child of element[sensor], not defined in SDF. Copying[gz_frame_id] as children of [sensor].
[gazebo-1] [1;33mWarning [Utils.cc:132][0m [/sdf/model[@name="amr"]/link[@name="amr_1/base_footprint"]/sensor[@name="amr_1_lidar"]/gz_frame_id:<urdf-string>:L0]: XML Element[gz_frame_id], child of element[sensor], not defined in SDF. Copying[gz_frame_id] as children of [sensor].
[parameter_bridge-14] [INFO] [1789368799.226571238] [amr_2_bridge]: Passing message from ROS geometry_msgs/msg/Twist to Gazebo gz.msgs.Twist (showing msg only once per type)
[gazebo-1] [1;33mWarning [Utils.cc:132][0m [/sdf/model[@name="amr"]/link[@name="amr_2/base_footprint"]/sensor[@name="amr_2_lidar"]/gz_frame_id:<urdf-string>:L0]: XML Element[gz_frame_id], child of element[sensor], not defined in SDF. Copying[gz_frame_id] as children of [sensor].
[parameter_bridge-6] [INFO] [1789368800.534728078] [amr_0_bridge]: Passing message from ROS geometry_msgs/msg/Twist to Gazebo gz.msgs.Twist (showing msg only once per type)
[parameter_bridge-18] [INFO] [1789368800.618922963] [amr_3_bridge]: Passing message from ROS geometry_msgs/msg/Twist to Gazebo gz.msgs.Twist (showing msg only once per type)
[task_manager-24] [INFO] [1789368803.151369732] [amr_task_manager]: Task 'task_w15_0004' transitioned to ASSIGNED
[cbba_node-29] [INFO] [1789368803.151435133] [amr_4.cbba_node]: Committed task task_w15_0004 assignment to amr_4
[cbba_node-29] [INFO] [1789368803.152398423] [amr_4.cbba_node]: Committed task task_w15_0009 assignment to amr_4
[task_manager-24] [INFO] [1789368803.152674781] [amr_task_manager]: Task 'task_w15_0009' transitioned to ASSIGNED
[cbba_node-29] [INFO] [1789368803.153144932] [amr_4.cbba_node]: Committed task task_w15_0015 assignment to amr_4
[task_manager-24] [INFO] [1789368803.153607033] [amr_task_manager]: Task 'task_w15_0015' transitioned to ASSIGNED
[cbba_node-28] [INFO] [1789368803.385639306] [amr_3.cbba_node]: Committed task task_w15_0003 assignment to amr_3
[task_manager-24] [INFO] [1789368803.386321667] [amr_task_manager]: Task 'task_w15_0003' transitioned to ASSIGNED
[cbba_node-28] [INFO] [1789368803.386887324] [amr_3.cbba_node]: Committed task task_w15_0008 assignment to amr_3
[task_manager-24] [INFO] [1789368803.388103026] [amr_task_manager]: Task 'task_w15_0008' transitioned to ASSIGNED
[cbba_node-28] [INFO] [1789368803.388303961] [amr_3.cbba_node]: Committed task task_w15_0014 assignment to amr_3
[cbba_node-27] [INFO] [1789368803.388710156] [amr_2.cbba_node]: Committed task task_w15_0002 assignment to amr_2
[cbba_node-27] [INFO] [1789368803.389922493] [amr_2.cbba_node]: Committed task task_w15_0007 assignment to amr_2
[task_manager-24] [INFO] [1789368803.390036644] [amr_task_manager]: Task 'task_w15_0014' transitioned to ASSIGNED
[cbba_node-27] [INFO] [1789368803.391072953] [amr_2.cbba_node]: Committed task task_w15_0013 assignment to amr_2
[task_manager-24] [INFO] [1789368803.391838483] [amr_task_manager]: Task 'task_w15_0002' transitioned to ASSIGNED
[task_manager-24] [INFO] [1789368803.393613606] [amr_task_manager]: Task 'task_w15_0007' transitioned to ASSIGNED
[task_manager-24] [INFO] [1789368803.394550199] [amr_task_manager]: Task 'task_w15_0013' transitioned to ASSIGNED
[task_manager-24] [INFO] [1789368803.400128287] [amr_task_manager]: Task 'task_w15_0012' transitioned to ASSIGNED
[cbba_node-25] [INFO] [1789368803.400288908] [amr_0.cbba_node]: Committed task task_w15_0012 assignment to amr_0
[task_manager-24] [INFO] [1789368803.401561297] [amr_task_manager]: Task 'task_w15_0005' transitioned to ASSIGNED
[cbba_node-25] [INFO] [1789368803.402788475] [amr_0.cbba_node]: Committed task task_w15_0005 assignment to amr_0
[cbba_node-25] [INFO] [1789368803.403602473] [amr_0.cbba_node]: Committed task task_w15_0010 assignment to amr_0
[task_manager-24] [INFO] [1789368803.404017765] [amr_task_manager]: Task 'task_w15_0010' transitioned to ASSIGNED
[cbba_node-26] [INFO] [1789368803.522152835] [amr_1.cbba_node]: Committed task task_w15_0001 assignment to amr_1
[task_manager-24] [INFO] [1789368803.522684825] [amr_task_manager]: Task 'task_w15_0001' transitioned to ASSIGNED
[cbba_node-26] [INFO] [1789368803.523128843] [amr_1.cbba_node]: Committed task task_w15_0006 assignment to amr_1
[task_manager-24] [INFO] [1789368803.523638086] [amr_task_manager]: Task 'task_w15_0006' transitioned to ASSIGNED
[cbba_node-26] [INFO] [1789368803.523952895] [amr_1.cbba_node]: Committed task task_w15_0011 assignment to amr_1
[task_manager-24] [INFO] [1789368803.524512825] [amr_task_manager]: Task 'task_w15_0011' transitioned to ASSIGNED
[rh_node-31] [INFO] [1789368811.125812556] [amr_1.rh_node]: [amr_1] Reached pickup for task 'task_w15_0001'. Moving to dropoff.
[task_manager-24] [INFO] [1789368811.127234857] [amr_task_manager]: Task 'task_w15_0001' transitioned to IN_PROGRESS
[rh_node-32] [INFO] [1789368841.628351639] [amr_2.rh_node]: [amr_2] Pruned expired reservations for peers: ['amr_4']
[rh_node-33] [INFO] [1789368841.820833435] [amr_3.rh_node]: [amr_3] Pruned expired reservations for peers: ['amr_4']
[rh_node-31] [INFO] [1789368842.127299907] [amr_1.rh_node]: [amr_1] Pruned expired reservations for peers: ['amr_2']
[rh_node-34] [INFO] [1789368855.122890937] [amr_4.rh_node]: [amr_4] Reached pickup for task 'task_w15_0009'. Moving to dropoff.
[task_manager-24] [INFO] [1789368855.124241080] [amr_task_manager]: Task 'task_w15_0009' transitioned to IN_PROGRESS
[rh_node-32] [INFO] [1789368856.126676888] [amr_2.rh_node]: [amr_2] Reached pickup for task 'task_w15_0007'. Moving to dropoff.
[task_manager-24] [INFO] [1789368856.128032884] [amr_task_manager]: Task 'task_w15_0007' transitioned to IN_PROGRESS
