[INFO] [launch]: All log files can be found below /home/raghav/.ros/log/2026-09-14-12-24-31-761216-Raze-223638
[INFO] [launch]: Default logging verbosity is set to INFO
[INFO] [launch.user]: [FLEET] Spawning 5 robots into world "warehouse_small" (headless=True)
[INFO] [launch.user]: [M8B Fleet Bringup] Starting 5 CBBA nodes (bundle cap: 4, profile: LOSS_HIGH, compute_mode: ADAPTIVE)
[INFO] [launch.user]: [M8B Fleet Bringup] Starting 5 M8B RH nodes (compute_mode: ADAPTIVE, adaptive: True, h=10, w=4, replan_rate=2.0Hz)
[INFO] [gazebo-1]: process started with pid [223673]
[INFO] [parameter_bridge-2]: process started with pid [223674]
[INFO] [warehouse_visualizer-3]: process started with pid [223675]
[INFO] [robot_state_publisher-4]: process started with pid [223677]
[INFO] [create-5]: process started with pid [223678]
[INFO] [parameter_bridge-6]: process started with pid [223679]
[INFO] [static_transform_publisher-7]: process started with pid [223680]
[INFO] [robot_state_publisher-8]: process started with pid [223681]
[INFO] [create-9]: process started with pid [223682]
[INFO] [parameter_bridge-10]: process started with pid [223683]
[INFO] [static_transform_publisher-11]: process started with pid [223684]
[INFO] [robot_state_publisher-12]: process started with pid [223685]
[INFO] [create-13]: process started with pid [223686]
[INFO] [parameter_bridge-14]: process started with pid [223687]
[INFO] [static_transform_publisher-15]: process started with pid [223688]
[INFO] [robot_state_publisher-16]: process started with pid [223689]
[INFO] [create-17]: process started with pid [223690]
[INFO] [parameter_bridge-18]: process started with pid [223697]
[INFO] [static_transform_publisher-19]: process started with pid [223700]
[INFO] [robot_state_publisher-20]: process started with pid [223701]
[INFO] [create-21]: process started with pid [223706]
[INFO] [parameter_bridge-22]: process started with pid [223707]
[INFO] [static_transform_publisher-23]: process started with pid [223710]
[INFO] [task_manager-24]: process started with pid [223714]
[INFO] [cbba_node-25]: process started with pid [223744]
[INFO] [cbba_node-26]: process started with pid [223752]
[INFO] [cbba_node-27]: process started with pid [223770]
[INFO] [cbba_node-28]: process started with pid [223775]
[INFO] [cbba_node-29]: process started with pid [223782]
[INFO] [rh_node-30]: process started with pid [223787]
[INFO] [rh_node-31]: process started with pid [223789]
[INFO] [rh_node-32]: process started with pid [223792]
[INFO] [rh_node-33]: process started with pid [223794]
[INFO] [rh_node-34]: process started with pid [223797]
[robot_state_publisher-8] [INFO] [1789368873.066958363] [amr_1.robot_state_publisher]: Robot initialized
[static_transform_publisher-7] [INFO] [1789368873.080318566] [amr_0_map_to_odom]: Spinning until stopped - publishing transform
[static_transform_publisher-7] translation: ('2.000000', '2.000000', '0.000000')
[static_transform_publisher-7] rotation: ('0.000000', '0.000000', '0.000000', '1.000000')
[static_transform_publisher-7] from 'map' to 'amr_0/odom'
[robot_state_publisher-4] [INFO] [1789368873.097189865] [amr_0.robot_state_publisher]: Robot initialized
[create-13] [INFO] [1789368873.119871576] [amr_2_spawner]: Requesting list of world names.
[static_transform_publisher-11] [INFO] [1789368873.148379193] [amr_1_map_to_odom]: Spinning until stopped - publishing transform
[create-17] [INFO] [1789368873.150534888] [amr_3_spawner]: Requesting list of world names.
[static_transform_publisher-11] translation: ('2.000000', '5.000000', '0.000000')
[static_transform_publisher-11] rotation: ('0.000000', '0.000000', '0.000000', '1.000000')
[static_transform_publisher-11] from 'map' to 'amr_1/odom'
[static_transform_publisher-19] [INFO] [1789368873.190078041] [amr_3_map_to_odom]: Spinning until stopped - publishing transform
[static_transform_publisher-19] translation: ('2.000000', '11.000000', '0.000000')
[static_transform_publisher-19] rotation: ('0.000000', '0.000000', '0.000000', '1.000000')
[static_transform_publisher-19] from 'map' to 'amr_3/odom'
[robot_state_publisher-12] [INFO] [1789368873.239969397] [amr_2.robot_state_publisher]: Robot initialized
[static_transform_publisher-15] [INFO] [1789368873.314728180] [amr_2_map_to_odom]: Spinning until stopped - publishing transform
[static_transform_publisher-15] translation: ('2.000000', '8.000000', '0.000000')
[static_transform_publisher-15] rotation: ('0.000000', '0.000000', '0.000000', '1.000000')
[static_transform_publisher-15] from 'map' to 'amr_2/odom'
[create-21] [INFO] [1789368873.419717875] [amr_4_spawner]: Requesting list of world names.
[robot_state_publisher-16] [INFO] [1789368873.437496535] [amr_3.robot_state_publisher]: Robot initialized
[create-9] [INFO] [1789368873.466741683] [amr_1_spawner]: Requesting list of world names.
[robot_state_publisher-20] [INFO] [1789368873.477656403] [amr_4.robot_state_publisher]: Robot initialized
[parameter_bridge-22] [INFO] [1789368873.534864901] [amr_4_bridge]: Creating ROS->GZ Bridge: [/amr_4/cmd_vel (geometry_msgs/msg/Twist) -> /amr_4/cmd_vel (gz.msgs.Twist)] (Lazy 0)
[parameter_bridge-22] [INFO] [1789368873.549382389] [amr_4_bridge]: Creating GZ->ROS Bridge: [/amr_4/odom (gz.msgs.Odometry) -> /amr_4/odom (nav_msgs/msg/Odometry)] (Lazy 0)
[parameter_bridge-6] [INFO] [1789368873.545162503] [amr_0_bridge]: Creating ROS->GZ Bridge: [/amr_0/cmd_vel (geometry_msgs/msg/Twist) -> /amr_0/cmd_vel (gz.msgs.Twist)] (Lazy 0)
[parameter_bridge-6] [INFO] [1789368873.579030040] [amr_0_bridge]: Creating GZ->ROS Bridge: [/amr_0/odom (gz.msgs.Odometry) -> /amr_0/odom (nav_msgs/msg/Odometry)] (Lazy 0)
[static_transform_publisher-23] [INFO] [1789368873.580827456] [amr_4_map_to_odom]: Spinning until stopped - publishing transform
[static_transform_publisher-23] translation: ('2.000000', '14.000000', '0.000000')
[static_transform_publisher-23] rotation: ('0.000000', '0.000000', '0.000000', '1.000000')
[static_transform_publisher-23] from 'map' to 'amr_4/odom'
[parameter_bridge-22] [INFO] [1789368873.591802675] [amr_4_bridge]: Creating GZ->ROS Bridge: [/amr_4/scan (gz.msgs.LaserScan) -> /amr_4/scan (sensor_msgs/msg/LaserScan)] (Lazy 0)
[parameter_bridge-6] [INFO] [1789368873.606545850] [amr_0_bridge]: Creating GZ->ROS Bridge: [/amr_0/scan (gz.msgs.LaserScan) -> /amr_0/scan (sensor_msgs/msg/LaserScan)] (Lazy 0)
[create-5] [INFO] [1789368873.626551064] [amr_0_spawner]: Requesting list of world names.
[parameter_bridge-22] [INFO] [1789368873.658563915] [amr_4_bridge]: Creating GZ->ROS Bridge: [/amr_4/tf (gz.msgs.Pose_V) -> /amr_4/tf (tf2_msgs/msg/TFMessage)] (Lazy 0)
[parameter_bridge-22] [INFO] [1789368873.668740244] [amr_4_bridge]: Creating GZ->ROS Bridge: [/amr_4/joint_states (gz.msgs.Model) -> /amr_4/joint_states (sensor_msgs/msg/JointState)] (Lazy 0)
[parameter_bridge-6] [INFO] [1789368873.670545931] [amr_0_bridge]: Creating GZ->ROS Bridge: [/amr_0/tf (gz.msgs.Pose_V) -> /amr_0/tf (tf2_msgs/msg/TFMessage)] (Lazy 0)
[parameter_bridge-10] [INFO] [1789368873.670840145] [amr_1_bridge]: Creating ROS->GZ Bridge: [/amr_1/cmd_vel (geometry_msgs/msg/Twist) -> /amr_1/cmd_vel (gz.msgs.Twist)] (Lazy 0)
[parameter_bridge-6] [INFO] [1789368873.687267376] [amr_0_bridge]: Creating GZ->ROS Bridge: [/amr_0/joint_states (gz.msgs.Model) -> /amr_0/joint_states (sensor_msgs/msg/JointState)] (Lazy 0)
[parameter_bridge-10] [INFO] [1789368873.722493268] [amr_1_bridge]: Creating GZ->ROS Bridge: [/amr_1/odom (gz.msgs.Odometry) -> /amr_1/odom (nav_msgs/msg/Odometry)] (Lazy 0)
[parameter_bridge-10] [INFO] [1789368873.738552132] [amr_1_bridge]: Creating GZ->ROS Bridge: [/amr_1/scan (gz.msgs.LaserScan) -> /amr_1/scan (sensor_msgs/msg/LaserScan)] (Lazy 0)
[parameter_bridge-2] [INFO] [1789368873.747574687] [clock_bridge]: Creating GZ->ROS Bridge: [/clock (gz.msgs.Clock) -> /clock (rosgraph_msgs/msg/Clock)] (Lazy 0)
[parameter_bridge-10] [INFO] [1789368873.763619382] [amr_1_bridge]: Creating GZ->ROS Bridge: [/amr_1/tf (gz.msgs.Pose_V) -> /amr_1/tf (tf2_msgs/msg/TFMessage)] (Lazy 0)
[parameter_bridge-14] [INFO] [1789368873.787092557] [amr_2_bridge]: Creating ROS->GZ Bridge: [/amr_2/cmd_vel (geometry_msgs/msg/Twist) -> /amr_2/cmd_vel (gz.msgs.Twist)] (Lazy 0)
[parameter_bridge-10] [INFO] [1789368873.793708078] [amr_1_bridge]: Creating GZ->ROS Bridge: [/amr_1/joint_states (gz.msgs.Model) -> /amr_1/joint_states (sensor_msgs/msg/JointState)] (Lazy 0)
[parameter_bridge-14] [INFO] [1789368873.803165508] [amr_2_bridge]: Creating GZ->ROS Bridge: [/amr_2/odom (gz.msgs.Odometry) -> /amr_2/odom (nav_msgs/msg/Odometry)] (Lazy 0)
[parameter_bridge-14] [INFO] [1789368873.811593909] [amr_2_bridge]: Creating GZ->ROS Bridge: [/amr_2/scan (gz.msgs.LaserScan) -> /amr_2/scan (sensor_msgs/msg/LaserScan)] (Lazy 0)
[parameter_bridge-14] [INFO] [1789368873.821766680] [amr_2_bridge]: Creating GZ->ROS Bridge: [/amr_2/tf (gz.msgs.Pose_V) -> /amr_2/tf (tf2_msgs/msg/TFMessage)] (Lazy 0)
[parameter_bridge-18] [INFO] [1789368873.845446355] [amr_3_bridge]: Creating ROS->GZ Bridge: [/amr_3/cmd_vel (geometry_msgs/msg/Twist) -> /amr_3/cmd_vel (gz.msgs.Twist)] (Lazy 0)
[parameter_bridge-18] [INFO] [1789368873.871799746] [amr_3_bridge]: Creating GZ->ROS Bridge: [/amr_3/odom (gz.msgs.Odometry) -> /amr_3/odom (nav_msgs/msg/Odometry)] (Lazy 0)
[parameter_bridge-18] [INFO] [1789368873.880576316] [amr_3_bridge]: Creating GZ->ROS Bridge: [/amr_3/scan (gz.msgs.LaserScan) -> /amr_3/scan (sensor_msgs/msg/LaserScan)] (Lazy 0)
[parameter_bridge-18] [INFO] [1789368873.892843708] [amr_3_bridge]: Creating GZ->ROS Bridge: [/amr_3/tf (gz.msgs.Pose_V) -> /amr_3/tf (tf2_msgs/msg/TFMessage)] (Lazy 0)
[parameter_bridge-18] [INFO] [1789368873.899716888] [amr_3_bridge]: Creating GZ->ROS Bridge: [/amr_3/joint_states (gz.msgs.Model) -> /amr_3/joint_states (sensor_msgs/msg/JointState)] (Lazy 0)
[parameter_bridge-14] [INFO] [1789368873.925401946] [amr_2_bridge]: Creating GZ->ROS Bridge: [/amr_2/joint_states (gz.msgs.Model) -> /amr_2/joint_states (sensor_msgs/msg/JointState)] (Lazy 0)
[create-9] [INFO] [1789368874.097836701] [amr_1_spawner]: Waiting messages on topic [amr_1/robot_description].
[create-5] [INFO] [1789368874.195243586] [amr_0_spawner]: Waiting messages on topic [amr_0/robot_description].
[create-17] [INFO] [1789368874.296157964] [amr_3_spawner]: Waiting messages on topic [amr_3/robot_description].
[warehouse_visualizer-3] [INFO] [1789368874.309838557] [warehouse_visualizer]: WarehouseVisualizerNode started. Publishing to /warehouse_markers.
[create-9] [INFO] [1789368874.393672474] [amr_1_spawner]: Entity creation successful.
[create-13] [INFO] [1789368874.397334118] [amr_2_spawner]: Waiting messages on topic [amr_2/robot_description].
[create-5] [INFO] [1789368874.496707391] [amr_0_spawner]: Entity creation successful.
[create-17] [INFO] [1789368874.497150229] [amr_3_spawner]: Entity creation successful.
[create-13] [INFO] [1789368874.499477029] [amr_2_spawner]: Entity creation successful.
[task_manager-24] [INFO] [1789368874.507418802] [amr_task_manager]: Loaded 15 tasks from workload: /home/raghav/Downloads/NRDAS_Antigravity_Project_Starter/antigravity_amr_project/config/workloads/workload_15_tasks.yaml
[create-21] [INFO] [1789368874.511798030] [amr_4_spawner]: Waiting messages on topic [amr_4/robot_description].
[INFO] [create-9]: process has finished cleanly [pid 223682]
[create-21] [INFO] [1789368874.543671868] [amr_4_spawner]: Entity creation successful.
[rh_node-32] [INFO] [1789368874.549394090] [amr_2.rh_node]: Rolling-Horizon Planner initialized for amr_2 (h=10, w=4, heuristic=PRIORITY_FIRST)
[cbba_node-28] [INFO] [1789368874.551083216] [amr_3.cbba_node]: CBBA Node initialized for amr_3 (bundle cap: 4)
[task_manager-24] [INFO] [1789368874.593048802] [amr_task_manager]: Task Manager Node initialized.
[INFO] [create-17]: process has finished cleanly [pid 223690]
[INFO] [create-13]: process has finished cleanly [pid 223686]
[INFO] [create-5]: process has finished cleanly [pid 223678]
[INFO] [create-21]: process has finished cleanly [pid 223706]
[rh_node-30] [INFO] [1789368874.682997190] [amr_0.rh_node]: Rolling-Horizon Planner initialized for amr_0 (h=10, w=4, heuristic=PRIORITY_FIRST)
[cbba_node-25] [INFO] [1789368874.716023135] [amr_0.cbba_node]: CBBA Node initialized for amr_0 (bundle cap: 4)
[cbba_node-26] [INFO] [1789368874.729628484] [amr_1.cbba_node]: CBBA Node initialized for amr_1 (bundle cap: 4)
[rh_node-34] [INFO] [1789368874.755566701] [amr_4.rh_node]: Rolling-Horizon Planner initialized for amr_4 (h=10, w=4, heuristic=PRIORITY_FIRST)
[cbba_node-29] [INFO] [1789368874.789940631] [amr_4.cbba_node]: CBBA Node initialized for amr_4 (bundle cap: 4)
[cbba_node-27] [INFO] [1789368874.846485486] [amr_2.cbba_node]: CBBA Node initialized for amr_2 (bundle cap: 4)
[rh_node-31] [INFO] [1789368874.865291115] [amr_1.rh_node]: Rolling-Horizon Planner initialized for amr_1 (h=10, w=4, heuristic=PRIORITY_FIRST)
[rh_node-33] [INFO] [1789368874.866774597] [amr_3.rh_node]: Rolling-Horizon Planner initialized for amr_3 (h=10, w=4, heuristic=PRIORITY_FIRST)
[parameter_bridge-14] [INFO] [1789368875.310691789] [amr_2_bridge]: Passing message from ROS geometry_msgs/msg/Twist to Gazebo gz.msgs.Twist (showing msg only once per type)
[parameter_bridge-6] [INFO] [1789368875.354497803] [amr_0_bridge]: Passing message from ROS geometry_msgs/msg/Twist to Gazebo gz.msgs.Twist (showing msg only once per type)
[gazebo-1] [1;33mWarning [Utils.cc:132][0m [/sdf/model[@name="amr"]/link[@name="amr_1/base_footprint"]/sensor[@name="amr_1_lidar"]/gz_frame_id:<urdf-string>:L0]: XML Element[gz_frame_id], child of element[sensor], not defined in SDF. Copying[gz_frame_id] as children of [sensor].
[rh_node-32] [INFO] [1789368875.510960863] [amr_2.rh_node]: [amr_2] Reached pickup for task 'task_w15_0001'. Moving to dropoff.
[task_manager-24] [INFO] [1789368875.513773191] [amr_task_manager]: Task 'task_w15_0001' transitioned to IN_PROGRESS
[gazebo-1] [1;33mWarning [Utils.cc:132][0m [/sdf/model[@name="amr"]/link[@name="amr_0/base_footprint"]/sensor[@name="amr_0_lidar"]/gz_frame_id:<urdf-string>:L0]: XML Element[gz_frame_id], child of element[sensor], not defined in SDF. Copying[gz_frame_id] as children of [sensor].
[gazebo-1] [1;33mWarning [Utils.cc:132][0m [/sdf/model[@name="amr"]/link[@name="amr_3/base_footprint"]/sensor[@name="amr_3_lidar"]/gz_frame_id:<urdf-string>:L0]: XML Element[gz_frame_id], child of element[sensor], not defined in SDF. Copying[gz_frame_id] as children of [sensor].
[gazebo-1] [1;33mWarning [Utils.cc:132][0m [/sdf/model[@name="amr"]/link[@name="amr_2/base_footprint"]/sensor[@name="amr_2_lidar"]/gz_frame_id:<urdf-string>:L0]: XML Element[gz_frame_id], child of element[sensor], not defined in SDF. Copying[gz_frame_id] as children of [sensor].
[gazebo-1] [1;33mWarning [Utils.cc:132][0m [/sdf/model[@name="amr"]/link[@name="amr_4/base_footprint"]/sensor[@name="amr_4_lidar"]/gz_frame_id:<urdf-string>:L0]: XML Element[gz_frame_id], child of element[sensor], not defined in SDF. Copying[gz_frame_id] as children of [sensor].
[parameter_bridge-22] [INFO] [1789368875.730866056] [amr_4_bridge]: Passing message from ROS geometry_msgs/msg/Twist to Gazebo gz.msgs.Twist (showing msg only once per type)
[parameter_bridge-10] [INFO] [1789368876.143623377] [amr_1_bridge]: Passing message from ROS geometry_msgs/msg/Twist to Gazebo gz.msgs.Twist (showing msg only once per type)
[parameter_bridge-18] [INFO] [1789368876.145385758] [amr_3_bridge]: Passing message from ROS geometry_msgs/msg/Twist to Gazebo gz.msgs.Twist (showing msg only once per type)
[rh_node-34] [INFO] [1789368876.231084621] [amr_4.rh_node]: [amr_4] Adaptive Compute Mode switched to COMPUTE_MODE_LOW: HIGH_PACKET_LOSS_RATE (trigger: comm_loss_rate=0.50, thresh=0.15)
[cbba_node-29] [INFO] [1789368876.231479535] [amr_4.cbba_node]: [amr_4] CBBA consensus rate updated to 2.0 Hz (COMPUTE_MODE_LOW)
[cbba_node-26] [INFO] [1789368876.346168839] [amr_1.cbba_node]: [amr_1] CBBA consensus rate updated to 2.0 Hz (COMPUTE_MODE_LOW)
[rh_node-31] [INFO] [1789368876.346268583] [amr_1.rh_node]: [amr_1] Adaptive Compute Mode switched to COMPUTE_MODE_LOW: HIGH_PACKET_LOSS_RATE (trigger: comm_loss_rate=0.50, thresh=0.15)
[rh_node-30] [INFO] [1789368876.657346031] [amr_0.rh_node]: [amr_0] Adaptive Compute Mode switched to COMPUTE_MODE_LOW: HIGH_PACKET_LOSS_RATE (trigger: comm_loss_rate=0.43, thresh=0.15)
[cbba_node-25] [INFO] [1789368876.657834402] [amr_0.cbba_node]: [amr_0] CBBA consensus rate updated to 2.0 Hz (COMPUTE_MODE_LOW)
[rh_node-33] [INFO] [1789368876.848978125] [amr_3.rh_node]: [amr_3] Adaptive Compute Mode switched to COMPUTE_MODE_LOW: HIGH_PACKET_LOSS_RATE (trigger: comm_loss_rate=0.67, thresh=0.15)
[cbba_node-28] [INFO] [1789368876.849707892] [amr_3.cbba_node]: [amr_3] CBBA consensus rate updated to 2.0 Hz (COMPUTE_MODE_LOW)
[rh_node-32] [INFO] [1789368877.013891153] [amr_2.rh_node]: [amr_2] Adaptive Compute Mode switched to COMPUTE_MODE_LOW: HIGH_PACKET_LOSS_RATE (trigger: comm_loss_rate=0.55, thresh=0.15)
[cbba_node-27] [INFO] [1789368877.015397553] [amr_2.cbba_node]: [amr_2] CBBA consensus rate updated to 2.0 Hz (COMPUTE_MODE_LOW)
[cbba_node-26] [INFO] [1789368882.347218518] [amr_1.cbba_node]: Committed task task_w15_0001 assignment to amr_1
[task_manager-24] [ERROR] [1789368882.347403617] [amr_task_manager]: Rejected transition for task 'task_w15_0001': Invalid task transition from IN_PROGRESS to ASSIGNED for task 'task_w15_0001'
[cbba_node-26] [INFO] [1789368882.348318579] [amr_1.cbba_node]: Committed task task_w15_0006 assignment to amr_1
[task_manager-24] [INFO] [1789368882.348607183] [amr_task_manager]: Task 'task_w15_0006' transitioned to ASSIGNED
[cbba_node-26] [INFO] [1789368882.349070385] [amr_1.cbba_node]: Committed task task_w15_0011 assignment to amr_1
[task_manager-24] [INFO] [1789368882.349597094] [amr_task_manager]: Task 'task_w15_0011' transitioned to ASSIGNED
[task_manager-24] [INFO] [1789368882.350990998] [amr_task_manager]: Task 'task_w15_0003' transitioned to ASSIGNED
[cbba_node-28] [INFO] [1789368882.351668224] [amr_3.cbba_node]: Committed task task_w15_0003 assignment to amr_3
[task_manager-24] [INFO] [1789368882.352774115] [amr_task_manager]: Task 'task_w15_0008' transitioned to ASSIGNED
[cbba_node-28] [INFO] [1789368882.352782771] [amr_3.cbba_node]: Committed task task_w15_0008 assignment to amr_3
[cbba_node-28] [INFO] [1789368882.353720451] [amr_3.cbba_node]: Committed task task_w15_0014 assignment to amr_3
[task_manager-24] [INFO] [1789368882.353850378] [amr_task_manager]: Task 'task_w15_0014' transitioned to ASSIGNED
[cbba_node-27] [INFO] [1789368882.516351897] [amr_2.cbba_node]: Committed task task_w15_0002 assignment to amr_2
[task_manager-24] [INFO] [1789368882.516551514] [amr_task_manager]: Task 'task_w15_0002' transitioned to ASSIGNED
[task_manager-24] [INFO] [1789368882.517616745] [amr_task_manager]: Task 'task_w15_0007' transitioned to ASSIGNED
[cbba_node-27] [INFO] [1789368882.517679344] [amr_2.cbba_node]: Committed task task_w15_0007 assignment to amr_2
[task_manager-24] [INFO] [1789368882.518608144] [amr_task_manager]: Task 'task_w15_0013' transitioned to ASSIGNED
[cbba_node-27] [INFO] [1789368882.519229880] [amr_2.cbba_node]: Committed task task_w15_0013 assignment to amr_2
[cbba_node-25] [INFO] [1789368882.659094268] [amr_0.cbba_node]: Committed task task_w15_0012 assignment to amr_0
[task_manager-24] [INFO] [1789368882.659270345] [amr_task_manager]: Task 'task_w15_0012' transitioned to ASSIGNED
[cbba_node-25] [INFO] [1789368882.660347154] [amr_0.cbba_node]: Committed task task_w15_0005 assignment to amr_0
[task_manager-24] [INFO] [1789368882.660665045] [amr_task_manager]: Task 'task_w15_0005' transitioned to ASSIGNED
[cbba_node-25] [INFO] [1789368882.661585052] [amr_0.cbba_node]: Committed task task_w15_0010 assignment to amr_0
[task_manager-24] [INFO] [1789368882.661956273] [amr_task_manager]: Task 'task_w15_0010' transitioned to ASSIGNED
[task_manager-24] [INFO] [1789368882.732936467] [amr_task_manager]: Task 'task_w15_0004' transitioned to ASSIGNED
[cbba_node-29] [INFO] [1789368882.733017164] [amr_4.cbba_node]: Committed task task_w15_0004 assignment to amr_4
[task_manager-24] [INFO] [1789368882.734033246] [amr_task_manager]: Task 'task_w15_0009' transitioned to ASSIGNED
[cbba_node-29] [INFO] [1789368882.734464689] [amr_4.cbba_node]: Committed task task_w15_0009 assignment to amr_4
[task_manager-24] [INFO] [1789368882.735636014] [amr_task_manager]: Task 'task_w15_0015' transitioned to ASSIGNED
[cbba_node-29] [INFO] [1789368882.735747474] [amr_4.cbba_node]: Committed task task_w15_0015 assignment to amr_4
[rh_node-33] [INFO] [1789368883.850739625] [amr_3.rh_node]: [amr_3] Pruned expired reservations for peers: ['amr_1']
[rh_node-30] [INFO] [1789368884.658998418] [amr_0.rh_node]: [amr_0] Pruned expired reservations for peers: ['amr_1']
[rh_node-31] [INFO] [1789368887.345467734] [amr_1.rh_node]: [amr_1] Reached pickup for task 'task_w15_0001'. Moving to dropoff.
[rh_node-31] [INFO] [1789368911.346859349] [amr_1.rh_node]: [amr_1] Pruned expired reservations for peers: ['amr_2']
[rh_node-34] [INFO] [1789368912.232134249] [amr_4.rh_node]: [amr_4] Pruned expired reservations for peers: ['amr_0']
[rh_node-31] [INFO] [1789368912.346663309] [amr_1.rh_node]: [amr_1] Pruned expired reservations for peers: ['amr_2']
[rh_node-30] [INFO] [1789368913.658100716] [amr_0.rh_node]: [amr_0] Pruned expired reservations for peers: ['amr_2']
[rh_node-31] [INFO] [1789368915.345507415] [amr_1.rh_node]: [amr_1] Completed task 'task_w15_0001'. Advancing to next task.
[task_manager-24] [INFO] [1789368915.348372425] [amr_task_manager]: Task 'task_w15_0001' transitioned to COMPLETED
[rh_node-32] [INFO] [1789368923.014789691] [amr_2.rh_node]: [amr_2] Pruned expired reservations for peers: ['amr_4']
[rh_node-32] [INFO] [1789368924.014199026] [amr_2.rh_node]: [amr_2] Pruned expired reservations for peers: ['amr_4']
[rh_node-32] [INFO] [1789368925.014574202] [amr_2.rh_node]: [amr_2] Pruned expired reservations for peers: ['amr_4']
[rh_node-30] [INFO] [1789368925.657975823] [amr_0.rh_node]: [amr_0] Pruned expired reservations for peers: ['amr_4']
[rh_node-32] [INFO] [1789368926.014159444] [amr_2.rh_node]: [amr_2] Pruned expired reservations for peers: ['amr_4']
[rh_node-32] [INFO] [1789368931.013471154] [amr_2.rh_node]: [amr_2] Reached pickup for task 'task_w15_0007'. Moving to dropoff.
[task_manager-24] [INFO] [1789368931.015122629] [amr_task_manager]: Task 'task_w15_0007' transitioned to IN_PROGRESS
[rh_node-34] [INFO] [1789368931.231731991] [amr_4.rh_node]: [amr_4] Reached pickup for task 'task_w15_0009'. Moving to dropoff.
[task_manager-24] [INFO] [1789368931.234244231] [amr_task_manager]: Task 'task_w15_0009' transitioned to IN_PROGRESS
