[INFO] [launch]: All log files can be found below /home/raghav/.ros/log/2026-09-14-12-21-58-202900-Raze-222137
[INFO] [launch]: Default logging verbosity is set to INFO
[INFO] [launch.user]: [FLEET] Spawning 5 robots into world "warehouse_small" (headless=True)
[INFO] [launch.user]: [M8B Fleet Bringup] Starting 5 CBBA nodes (bundle cap: 4, profile: HIGH_LATENCY, compute_mode: ADAPTIVE)
[INFO] [launch.user]: [M8B Fleet Bringup] Starting 5 M8B RH nodes (compute_mode: ADAPTIVE, adaptive: True, h=10, w=4, replan_rate=2.0Hz)
[INFO] [gazebo-1]: process started with pid [222176]
[INFO] [parameter_bridge-2]: process started with pid [222177]
[INFO] [warehouse_visualizer-3]: process started with pid [222179]
[INFO] [robot_state_publisher-4]: process started with pid [222180]
[INFO] [create-5]: process started with pid [222181]
[INFO] [parameter_bridge-6]: process started with pid [222182]
[INFO] [static_transform_publisher-7]: process started with pid [222183]
[INFO] [robot_state_publisher-8]: process started with pid [222184]
[INFO] [create-9]: process started with pid [222185]
[INFO] [parameter_bridge-10]: process started with pid [222186]
[INFO] [static_transform_publisher-11]: process started with pid [222187]
[INFO] [robot_state_publisher-12]: process started with pid [222188]
[INFO] [create-13]: process started with pid [222189]
[INFO] [parameter_bridge-14]: process started with pid [222190]
[INFO] [static_transform_publisher-15]: process started with pid [222191]
[INFO] [robot_state_publisher-16]: process started with pid [222192]
[INFO] [create-17]: process started with pid [222193]
[INFO] [parameter_bridge-18]: process started with pid [222195]
[INFO] [static_transform_publisher-19]: process started with pid [222197]
[INFO] [robot_state_publisher-20]: process started with pid [222200]
[INFO] [create-21]: process started with pid [222205]
[INFO] [parameter_bridge-22]: process started with pid [222210]
[INFO] [static_transform_publisher-23]: process started with pid [222211]
[INFO] [task_manager-24]: process started with pid [222212]
[INFO] [cbba_node-25]: process started with pid [222235]
[INFO] [cbba_node-26]: process started with pid [222248]
[INFO] [cbba_node-27]: process started with pid [222249]
[INFO] [cbba_node-28]: process started with pid [222251]
[INFO] [cbba_node-29]: process started with pid [222274]
[INFO] [rh_node-30]: process started with pid [222275]
[INFO] [rh_node-31]: process started with pid [222277]
[INFO] [rh_node-32]: process started with pid [222309]
[INFO] [rh_node-33]: process started with pid [222319]
[INFO] [rh_node-34]: process started with pid [222323]
[static_transform_publisher-15] [INFO] [1789368719.536749701] [amr_2_map_to_odom]: Spinning until stopped - publishing transform
[static_transform_publisher-15] translation: ('2.000000', '8.000000', '0.000000')
[static_transform_publisher-15] rotation: ('0.000000', '0.000000', '0.000000', '1.000000')
[static_transform_publisher-15] from 'map' to 'amr_2/odom'
[static_transform_publisher-7] [INFO] [1789368719.552231987] [amr_0_map_to_odom]: Spinning until stopped - publishing transform
[static_transform_publisher-7] translation: ('2.000000', '2.000000', '0.000000')
[static_transform_publisher-7] rotation: ('0.000000', '0.000000', '0.000000', '1.000000')
[static_transform_publisher-7] from 'map' to 'amr_0/odom'
[robot_state_publisher-4] [INFO] [1789368719.579443131] [amr_0.robot_state_publisher]: Robot initialized
[create-5] [INFO] [1789368719.633737535] [amr_0_spawner]: Requesting list of world names.
[static_transform_publisher-23] [INFO] [1789368719.702540750] [amr_4_map_to_odom]: Spinning until stopped - publishing transform
[static_transform_publisher-23] translation: ('2.000000', '14.000000', '0.000000')
[static_transform_publisher-23] rotation: ('0.000000', '0.000000', '0.000000', '1.000000')
[static_transform_publisher-23] from 'map' to 'amr_4/odom'
[create-21] [INFO] [1789368719.744923238] [amr_4_spawner]: Requesting list of world names.
[robot_state_publisher-16] [INFO] [1789368719.772787356] [amr_3.robot_state_publisher]: Robot initialized
[robot_state_publisher-8] [INFO] [1789368719.823886823] [amr_1.robot_state_publisher]: Robot initialized
[robot_state_publisher-12] [INFO] [1789368719.834904474] [amr_2.robot_state_publisher]: Robot initialized
[parameter_bridge-14] [INFO] [1789368719.914502315] [amr_2_bridge]: Creating ROS->GZ Bridge: [/amr_2/cmd_vel (geometry_msgs/msg/Twist) -> /amr_2/cmd_vel (gz.msgs.Twist)] (Lazy 0)
[parameter_bridge-2] [INFO] [1789368719.954227654] [clock_bridge]: Creating GZ->ROS Bridge: [/clock (gz.msgs.Clock) -> /clock (rosgraph_msgs/msg/Clock)] (Lazy 0)
[parameter_bridge-14] [INFO] [1789368719.975237303] [amr_2_bridge]: Creating GZ->ROS Bridge: [/amr_2/odom (gz.msgs.Odometry) -> /amr_2/odom (nav_msgs/msg/Odometry)] (Lazy 0)
[static_transform_publisher-11] [INFO] [1789368719.977064433] [amr_1_map_to_odom]: Spinning until stopped - publishing transform
[static_transform_publisher-11] translation: ('2.000000', '5.000000', '0.000000')
[static_transform_publisher-11] rotation: ('0.000000', '0.000000', '0.000000', '1.000000')
[static_transform_publisher-11] from 'map' to 'amr_1/odom'
[parameter_bridge-14] [INFO] [1789368719.985595329] [amr_2_bridge]: Creating GZ->ROS Bridge: [/amr_2/scan (gz.msgs.LaserScan) -> /amr_2/scan (sensor_msgs/msg/LaserScan)] (Lazy 0)
[parameter_bridge-14] [INFO] [1789368719.999182197] [amr_2_bridge]: Creating GZ->ROS Bridge: [/amr_2/tf (gz.msgs.Pose_V) -> /amr_2/tf (tf2_msgs/msg/TFMessage)] (Lazy 0)
[static_transform_publisher-19] [INFO] [1789368719.999808603] [amr_3_map_to_odom]: Spinning until stopped - publishing transform
[static_transform_publisher-19] translation: ('2.000000', '11.000000', '0.000000')
[static_transform_publisher-19] rotation: ('0.000000', '0.000000', '0.000000', '1.000000')
[static_transform_publisher-19] from 'map' to 'amr_3/odom'
[parameter_bridge-14] [INFO] [1789368720.006039613] [amr_2_bridge]: Creating GZ->ROS Bridge: [/amr_2/joint_states (gz.msgs.Model) -> /amr_2/joint_states (sensor_msgs/msg/JointState)] (Lazy 0)
[create-17] [INFO] [1789368720.025560784] [amr_3_spawner]: Requesting list of world names.
[create-13] [INFO] [1789368720.098894036] [amr_2_spawner]: Requesting list of world names.
[robot_state_publisher-20] [INFO] [1789368720.110546513] [amr_4.robot_state_publisher]: Robot initialized
[parameter_bridge-22] [INFO] [1789368720.118374993] [amr_4_bridge]: Creating ROS->GZ Bridge: [/amr_4/cmd_vel (geometry_msgs/msg/Twist) -> /amr_4/cmd_vel (gz.msgs.Twist)] (Lazy 0)
[parameter_bridge-6] [INFO] [1789368720.141096241] [amr_0_bridge]: Creating ROS->GZ Bridge: [/amr_0/cmd_vel (geometry_msgs/msg/Twist) -> /amr_0/cmd_vel (gz.msgs.Twist)] (Lazy 0)
[parameter_bridge-18] [INFO] [1789368720.165492500] [amr_3_bridge]: Creating ROS->GZ Bridge: [/amr_3/cmd_vel (geometry_msgs/msg/Twist) -> /amr_3/cmd_vel (gz.msgs.Twist)] (Lazy 0)
[parameter_bridge-22] [INFO] [1789368720.187039379] [amr_4_bridge]: Creating GZ->ROS Bridge: [/amr_4/odom (gz.msgs.Odometry) -> /amr_4/odom (nav_msgs/msg/Odometry)] (Lazy 0)
[parameter_bridge-18] [INFO] [1789368720.209227803] [amr_3_bridge]: Creating GZ->ROS Bridge: [/amr_3/odom (gz.msgs.Odometry) -> /amr_3/odom (nav_msgs/msg/Odometry)] (Lazy 0)
[parameter_bridge-22] [INFO] [1789368720.214168686] [amr_4_bridge]: Creating GZ->ROS Bridge: [/amr_4/scan (gz.msgs.LaserScan) -> /amr_4/scan (sensor_msgs/msg/LaserScan)] (Lazy 0)
[parameter_bridge-18] [INFO] [1789368720.221730869] [amr_3_bridge]: Creating GZ->ROS Bridge: [/amr_3/scan (gz.msgs.LaserScan) -> /amr_3/scan (sensor_msgs/msg/LaserScan)] (Lazy 0)
[parameter_bridge-10] [INFO] [1789368720.234054650] [amr_1_bridge]: Creating ROS->GZ Bridge: [/amr_1/cmd_vel (geometry_msgs/msg/Twist) -> /amr_1/cmd_vel (gz.msgs.Twist)] (Lazy 0)
[parameter_bridge-18] [INFO] [1789368720.237048769] [amr_3_bridge]: Creating GZ->ROS Bridge: [/amr_3/tf (gz.msgs.Pose_V) -> /amr_3/tf (tf2_msgs/msg/TFMessage)] (Lazy 0)
[parameter_bridge-18] [INFO] [1789368720.247263503] [amr_3_bridge]: Creating GZ->ROS Bridge: [/amr_3/joint_states (gz.msgs.Model) -> /amr_3/joint_states (sensor_msgs/msg/JointState)] (Lazy 0)
[parameter_bridge-6] [INFO] [1789368720.252777048] [amr_0_bridge]: Creating GZ->ROS Bridge: [/amr_0/odom (gz.msgs.Odometry) -> /amr_0/odom (nav_msgs/msg/Odometry)] (Lazy 0)
[parameter_bridge-22] [INFO] [1789368720.257725668] [amr_4_bridge]: Creating GZ->ROS Bridge: [/amr_4/tf (gz.msgs.Pose_V) -> /amr_4/tf (tf2_msgs/msg/TFMessage)] (Lazy 0)
[parameter_bridge-10] [INFO] [1789368720.264422985] [amr_1_bridge]: Creating GZ->ROS Bridge: [/amr_1/odom (gz.msgs.Odometry) -> /amr_1/odom (nav_msgs/msg/Odometry)] (Lazy 0)
[create-9] [INFO] [1789368720.269058174] [amr_1_spawner]: Requesting list of world names.
[parameter_bridge-22] [INFO] [1789368720.272105828] [amr_4_bridge]: Creating GZ->ROS Bridge: [/amr_4/joint_states (gz.msgs.Model) -> /amr_4/joint_states (sensor_msgs/msg/JointState)] (Lazy 0)
[parameter_bridge-10] [INFO] [1789368720.280442959] [amr_1_bridge]: Creating GZ->ROS Bridge: [/amr_1/scan (gz.msgs.LaserScan) -> /amr_1/scan (sensor_msgs/msg/LaserScan)] (Lazy 0)
[parameter_bridge-6] [INFO] [1789368720.286958372] [amr_0_bridge]: Creating GZ->ROS Bridge: [/amr_0/scan (gz.msgs.LaserScan) -> /amr_0/scan (sensor_msgs/msg/LaserScan)] (Lazy 0)
[parameter_bridge-10] [INFO] [1789368720.291209646] [amr_1_bridge]: Creating GZ->ROS Bridge: [/amr_1/tf (gz.msgs.Pose_V) -> /amr_1/tf (tf2_msgs/msg/TFMessage)] (Lazy 0)
[parameter_bridge-6] [INFO] [1789368720.298067758] [amr_0_bridge]: Creating GZ->ROS Bridge: [/amr_0/tf (gz.msgs.Pose_V) -> /amr_0/tf (tf2_msgs/msg/TFMessage)] (Lazy 0)
[parameter_bridge-10] [INFO] [1789368720.298106221] [amr_1_bridge]: Creating GZ->ROS Bridge: [/amr_1/joint_states (gz.msgs.Model) -> /amr_1/joint_states (sensor_msgs/msg/JointState)] (Lazy 0)
[parameter_bridge-6] [INFO] [1789368720.337610626] [amr_0_bridge]: Creating GZ->ROS Bridge: [/amr_0/joint_states (gz.msgs.Model) -> /amr_0/joint_states (sensor_msgs/msg/JointState)] (Lazy 0)
[create-13] [INFO] [1789368720.648881066] [amr_2_spawner]: Waiting messages on topic [amr_2/robot_description].
[cbba_node-28] [INFO] [1789368720.680294366] [amr_3.cbba_node]: CBBA Node initialized for amr_3 (bundle cap: 4)
[create-21] [INFO] [1789368720.742540310] [amr_4_spawner]: Waiting messages on topic [amr_4/robot_description].
[rh_node-34] [INFO] [1789368720.824846103] [amr_4.rh_node]: Rolling-Horizon Planner initialized for amr_4 (h=10, w=4, heuristic=PRIORITY_FIRST)
[create-5] [INFO] [1789368720.841699467] [amr_0_spawner]: Waiting messages on topic [amr_0/robot_description].
[warehouse_visualizer-3] [INFO] [1789368720.876132138] [warehouse_visualizer]: WarehouseVisualizerNode started. Publishing to /warehouse_markers.
[create-17] [INFO] [1789368720.941623444] [amr_3_spawner]: Waiting messages on topic [amr_3/robot_description].
[create-5] [INFO] [1789368721.045947429] [amr_0_spawner]: Entity creation successful.
[create-21] [INFO] [1789368721.045952831] [amr_4_spawner]: Entity creation successful.
[create-13] [INFO] [1789368721.049293198] [amr_2_spawner]: Entity creation successful.
[create-17] [INFO] [1789368721.053239760] [amr_3_spawner]: Entity creation successful.
[create-9] [INFO] [1789368721.057905432] [amr_1_spawner]: Waiting messages on topic [amr_1/robot_description].
[create-9] [INFO] [1789368721.122789095] [amr_1_spawner]: Entity creation successful.
[cbba_node-26] [INFO] [1789368721.169172950] [amr_1.cbba_node]: CBBA Node initialized for amr_1 (bundle cap: 4)
[rh_node-32] [INFO] [1789368721.180778634] [amr_2.rh_node]: Rolling-Horizon Planner initialized for amr_2 (h=10, w=4, heuristic=PRIORITY_FIRST)
[cbba_node-25] [INFO] [1789368721.231082771] [amr_0.cbba_node]: CBBA Node initialized for amr_0 (bundle cap: 4)
[INFO] [create-21]: process has finished cleanly [pid 222205]
[task_manager-24] [INFO] [1789368721.249370354] [amr_task_manager]: Loaded 15 tasks from workload: /home/raghav/SIH26123AMR/config/workloads/workload_15_tasks.yaml
[INFO] [create-5]: process has finished cleanly [pid 222181]
[cbba_node-27] [INFO] [1789368721.271704051] [amr_2.cbba_node]: CBBA Node initialized for amr_2 (bundle cap: 4)
[INFO] [create-17]: process has finished cleanly [pid 222193]
[INFO] [create-13]: process has finished cleanly [pid 222189]
[INFO] [create-9]: process has finished cleanly [pid 222185]
[cbba_node-29] [INFO] [1789368721.319597454] [amr_4.cbba_node]: CBBA Node initialized for amr_4 (bundle cap: 4)
[task_manager-24] [INFO] [1789368721.327469440] [amr_task_manager]: Task Manager Node initialized.
[rh_node-30] [INFO] [1789368721.335720853] [amr_0.rh_node]: Rolling-Horizon Planner initialized for amr_0 (h=10, w=4, heuristic=PRIORITY_FIRST)
[rh_node-31] [INFO] [1789368721.350385870] [amr_1.rh_node]: Rolling-Horizon Planner initialized for amr_1 (h=10, w=4, heuristic=PRIORITY_FIRST)
[rh_node-33] [INFO] [1789368721.357527699] [amr_3.rh_node]: Rolling-Horizon Planner initialized for amr_3 (h=10, w=4, heuristic=PRIORITY_FIRST)
[parameter_bridge-18] [INFO] [1789368722.037217454] [amr_3_bridge]: Passing message from ROS geometry_msgs/msg/Twist to Gazebo gz.msgs.Twist (showing msg only once per type)
[gazebo-1] [1;33mWarning [Utils.cc:132][0m [/sdf/model[@name="amr"]/link[@name="amr_2/base_footprint"]/sensor[@name="amr_2_lidar"]/gz_frame_id:<urdf-string>:L0]: XML Element[gz_frame_id], child of element[sensor], not defined in SDF. Copying[gz_frame_id] as children of [sensor].
[gazebo-1] [1;33mWarning [Utils.cc:132][0m [/sdf/model[@name="amr"]/link[@name="amr_4/base_footprint"]/sensor[@name="amr_4_lidar"]/gz_frame_id:<urdf-string>:L0]: XML Element[gz_frame_id], child of element[sensor], not defined in SDF. Copying[gz_frame_id] as children of [sensor].
[parameter_bridge-6] [INFO] [1789368722.202918761] [amr_0_bridge]: Passing message from ROS geometry_msgs/msg/Twist to Gazebo gz.msgs.Twist (showing msg only once per type)
[gazebo-1] [1;33mWarning [Utils.cc:132][0m [/sdf/model[@name="amr"]/link[@name="amr_0/base_footprint"]/sensor[@name="amr_0_lidar"]/gz_frame_id:<urdf-string>:L0]: XML Element[gz_frame_id], child of element[sensor], not defined in SDF. Copying[gz_frame_id] as children of [sensor].
[gazebo-1] [1;33mWarning [Utils.cc:132][0m [/sdf/model[@name="amr"]/link[@name="amr_3/base_footprint"]/sensor[@name="amr_3_lidar"]/gz_frame_id:<urdf-string>:L0]: XML Element[gz_frame_id], child of element[sensor], not defined in SDF. Copying[gz_frame_id] as children of [sensor].
[gazebo-1] [1;33mWarning [Utils.cc:132][0m [/sdf/model[@name="amr"]/link[@name="amr_1/base_footprint"]/sensor[@name="amr_1_lidar"]/gz_frame_id:<urdf-string>:L0]: XML Element[gz_frame_id], child of element[sensor], not defined in SDF. Copying[gz_frame_id] as children of [sensor].
[rh_node-32] [INFO] [1789368723.107989053] [amr_2.rh_node]: [amr_2] Reached pickup for task 'task_w15_0001'. Moving to dropoff.
[task_manager-24] [INFO] [1789368723.110083852] [amr_task_manager]: Task 'task_w15_0001' transitioned to IN_PROGRESS
[parameter_bridge-14] [INFO] [1789368723.408410135] [amr_2_bridge]: Passing message from ROS geometry_msgs/msg/Twist to Gazebo gz.msgs.Twist (showing msg only once per type)
[parameter_bridge-22] [INFO] [1789368723.503586574] [amr_4_bridge]: Passing message from ROS geometry_msgs/msg/Twist to Gazebo gz.msgs.Twist (showing msg only once per type)
[parameter_bridge-10] [INFO] [1789368723.981534851] [amr_1_bridge]: Passing message from ROS geometry_msgs/msg/Twist to Gazebo gz.msgs.Twist (showing msg only once per type)
[rh_node-32] [INFO] [1789368724.608656018] [amr_2.rh_node]: [amr_2] Reached pickup for task 'task_w15_0001'. Moving to dropoff.
[rh_node-32] [INFO] [1789368725.107869638] [amr_2.rh_node]: [amr_2] Reached pickup for task 'task_w15_0001'. Moving to dropoff.
[rh_node-32] [INFO] [1789368725.607948148] [amr_2.rh_node]: [amr_2] Reached pickup for task 'task_w15_0001'. Moving to dropoff.
[rh_node-32] [INFO] [1789368726.107838814] [amr_2.rh_node]: [amr_2] Reached pickup for task 'task_w15_0001'. Moving to dropoff.
[rh_node-30] [INFO] [1789368730.804361512] [amr_0.rh_node]: [amr_0] Pruned expired reservations for peers: ['amr_2']
[rh_node-34] [INFO] [1789368730.806220959] [amr_4.rh_node]: [amr_4] Pruned expired reservations for peers: ['amr_2']
[rh_node-31] [INFO] [1789368730.829486369] [amr_1.rh_node]: [amr_1] Pruned expired reservations for peers: ['amr_2']
[rh_node-33] [INFO] [1789368730.839994870] [amr_3.rh_node]: [amr_3] Pruned expired reservations for peers: ['amr_2']
[rh_node-30] [INFO] [1789368731.304395775] [amr_0.rh_node]: [amr_0] Pruned expired reservations for peers: ['amr_2']
[rh_node-34] [INFO] [1789368731.305669436] [amr_4.rh_node]: [amr_4] Pruned expired reservations for peers: ['amr_2']
[rh_node-31] [INFO] [1789368731.328003033] [amr_1.rh_node]: [amr_1] Pruned expired reservations for peers: ['amr_2']
[rh_node-33] [INFO] [1789368731.340018432] [amr_3.rh_node]: [amr_3] Pruned expired reservations for peers: ['amr_2']
[rh_node-30] [INFO] [1789368731.804271603] [amr_0.rh_node]: [amr_0] Pruned expired reservations for peers: ['amr_2']
[rh_node-34] [INFO] [1789368731.805510873] [amr_4.rh_node]: [amr_4] Pruned expired reservations for peers: ['amr_2']
[rh_node-31] [INFO] [1789368731.827919394] [amr_1.rh_node]: [amr_1] Pruned expired reservations for peers: ['amr_2']
[rh_node-33] [INFO] [1789368731.838540585] [amr_3.rh_node]: [amr_3] Pruned expired reservations for peers: ['amr_2']
[task_manager-24] [INFO] [1789368732.094437463] [amr_task_manager]: Task 'task_w15_0004' transitioned to ASSIGNED
[cbba_node-29] [INFO] [1789368732.094524481] [amr_4.cbba_node]: Committed task task_w15_0004 assignment to amr_4
[task_manager-24] [INFO] [1789368732.096182149] [amr_task_manager]: Task 'task_w15_0009' transitioned to ASSIGNED
[cbba_node-29] [INFO] [1789368732.096640087] [amr_4.cbba_node]: Committed task task_w15_0009 assignment to amr_4
[task_manager-24] [INFO] [1789368732.097805248] [amr_task_manager]: Task 'task_w15_0015' transitioned to ASSIGNED
[cbba_node-29] [INFO] [1789368732.098198802] [amr_4.cbba_node]: Committed task task_w15_0015 assignment to amr_4
[rh_node-30] [INFO] [1789368732.304381282] [amr_0.rh_node]: [amr_0] Pruned expired reservations for peers: ['amr_2']
[rh_node-34] [INFO] [1789368732.304606121] [amr_4.rh_node]: [amr_4] Pruned expired reservations for peers: ['amr_2']
[rh_node-31] [INFO] [1789368732.327932236] [amr_1.rh_node]: [amr_1] Pruned expired reservations for peers: ['amr_2']
[cbba_node-26] [INFO] [1789368732.335542804] [amr_1.cbba_node]: Committed task task_w15_0002 assignment to amr_1
[task_manager-24] [INFO] [1789368732.336135680] [amr_task_manager]: Task 'task_w15_0002' transitioned to ASSIGNED
[cbba_node-26] [INFO] [1789368732.336430152] [amr_1.cbba_node]: Committed task task_w15_0006 assignment to amr_1
[task_manager-24] [INFO] [1789368732.337110083] [amr_task_manager]: Task 'task_w15_0006' transitioned to ASSIGNED
[cbba_node-26] [INFO] [1789368732.337560492] [amr_1.cbba_node]: Committed task task_w15_0011 assignment to amr_1
[task_manager-24] [INFO] [1789368732.337986538] [amr_task_manager]: Task 'task_w15_0011' transitioned to ASSIGNED
[rh_node-33] [INFO] [1789368732.339138089] [amr_3.rh_node]: [amr_3] Pruned expired reservations for peers: ['amr_2']
[cbba_node-25] [INFO] [1789368732.397571066] [amr_0.cbba_node]: Committed task task_w15_0012 assignment to amr_0
[task_manager-24] [INFO] [1789368732.397621094] [amr_task_manager]: Task 'task_w15_0012' transitioned to ASSIGNED
[task_manager-24] [INFO] [1789368732.398625777] [amr_task_manager]: Task 'task_w15_0005' transitioned to ASSIGNED
[cbba_node-25] [INFO] [1789368732.398813297] [amr_0.cbba_node]: Committed task task_w15_0005 assignment to amr_0
[cbba_node-25] [INFO] [1789368732.399975528] [amr_0.cbba_node]: Committed task task_w15_0010 assignment to amr_0
[task_manager-24] [INFO] [1789368732.400030361] [amr_task_manager]: Task 'task_w15_0010' transitioned to ASSIGNED
[cbba_node-27] [INFO] [1789368732.429243275] [amr_2.cbba_node]: Committed task task_w15_0001 assignment to amr_2
[task_manager-24] [ERROR] [1789368732.429346118] [amr_task_manager]: Rejected transition for task 'task_w15_0001': Invalid task transition from IN_PROGRESS to ASSIGNED for task 'task_w15_0001'
[cbba_node-27] [INFO] [1789368732.430594200] [amr_2.cbba_node]: Committed task task_w15_0007 assignment to amr_2
[task_manager-24] [INFO] [1789368732.430788132] [amr_task_manager]: Task 'task_w15_0007' transitioned to ASSIGNED
[cbba_node-27] [INFO] [1789368732.431811408] [amr_2.cbba_node]: Committed task task_w15_0013 assignment to amr_2
[task_manager-24] [INFO] [1789368732.432239191] [amr_task_manager]: Task 'task_w15_0013' transitioned to ASSIGNED
[task_manager-24] [INFO] [1789368732.458018027] [amr_task_manager]: Task 'task_w15_0003' transitioned to ASSIGNED
[cbba_node-28] [INFO] [1789368732.458641191] [amr_3.cbba_node]: Committed task task_w15_0003 assignment to amr_3
[task_manager-24] [INFO] [1789368732.459917889] [amr_task_manager]: Task 'task_w15_0008' transitioned to ASSIGNED
[cbba_node-28] [INFO] [1789368732.460312827] [amr_3.cbba_node]: Committed task task_w15_0008 assignment to amr_3
[task_manager-24] [INFO] [1789368732.461356356] [amr_task_manager]: Task 'task_w15_0014' transitioned to ASSIGNED
[cbba_node-28] [INFO] [1789368732.461660974] [amr_3.cbba_node]: Committed task task_w15_0014 assignment to amr_3
[rh_node-30] [INFO] [1789368732.804290254] [amr_0.rh_node]: [amr_0] Pruned expired reservations for peers: ['amr_2']
[rh_node-34] [INFO] [1789368732.804525189] [amr_4.rh_node]: [amr_4] Pruned expired reservations for peers: ['amr_2']
[rh_node-31] [INFO] [1789368732.829055349] [amr_1.rh_node]: [amr_1] Pruned expired reservations for peers: ['amr_2']
[rh_node-33] [INFO] [1789368732.839090372] [amr_3.rh_node]: [amr_3] Pruned expired reservations for peers: ['amr_2']
[rh_node-30] [INFO] [1789368733.304403203] [amr_0.rh_node]: [amr_0] Pruned expired reservations for peers: ['amr_2']
[rh_node-34] [INFO] [1789368733.305788037] [amr_4.rh_node]: [amr_4] Pruned expired reservations for peers: ['amr_2']
[rh_node-31] [INFO] [1789368733.328487268] [amr_1.rh_node]: [amr_1] Pruned expired reservations for peers: ['amr_2']
[rh_node-33] [INFO] [1789368733.338564930] [amr_3.rh_node]: [amr_3] Pruned expired reservations for peers: ['amr_2']
[rh_node-34] [INFO] [1789368733.804709564] [amr_4.rh_node]: [amr_4] Pruned expired reservations for peers: ['amr_2']
[rh_node-30] [INFO] [1789368733.805467448] [amr_0.rh_node]: [amr_0] Pruned expired reservations for peers: ['amr_2']
[rh_node-31] [INFO] [1789368733.829229297] [amr_1.rh_node]: [amr_1] Pruned expired reservations for peers: ['amr_2']
[rh_node-33] [INFO] [1789368733.839658049] [amr_3.rh_node]: [amr_3] Pruned expired reservations for peers: ['amr_2']
[rh_node-34] [INFO] [1789368734.305073880] [amr_4.rh_node]: [amr_4] Pruned expired reservations for peers: ['amr_2']
[rh_node-30] [INFO] [1789368734.305748089] [amr_0.rh_node]: [amr_0] Pruned expired reservations for peers: ['amr_2']
[rh_node-31] [INFO] [1789368734.329017958] [amr_1.rh_node]: [amr_1] Pruned expired reservations for peers: ['amr_2']
[rh_node-33] [INFO] [1789368734.338371605] [amr_3.rh_node]: [amr_3] Pruned expired reservations for peers: ['amr_2']
[rh_node-30] [INFO] [1789368734.804283336] [amr_0.rh_node]: [amr_0] Pruned expired reservations for peers: ['amr_2']
[rh_node-34] [INFO] [1789368734.807205771] [amr_4.rh_node]: [amr_4] Pruned expired reservations for peers: ['amr_2']
[rh_node-31] [INFO] [1789368734.828589067] [amr_1.rh_node]: [amr_1] Pruned expired reservations for peers: ['amr_2']
[rh_node-33] [INFO] [1789368734.839393670] [amr_3.rh_node]: [amr_3] Pruned expired reservations for peers: ['amr_2']
[rh_node-30] [INFO] [1789368735.304571291] [amr_0.rh_node]: [amr_0] Pruned expired reservations for peers: ['amr_2']
[rh_node-34] [INFO] [1789368735.306142740] [amr_4.rh_node]: [amr_4] Pruned expired reservations for peers: ['amr_2']
[rh_node-31] [INFO] [1789368735.327977868] [amr_1.rh_node]: [amr_1] Pruned expired reservations for peers: ['amr_2']
[rh_node-33] [INFO] [1789368735.338280161] [amr_3.rh_node]: [amr_3] Pruned expired reservations for peers: ['amr_2']
[rh_node-30] [INFO] [1789368735.806926261] [amr_0.rh_node]: [amr_0] Pruned expired reservations for peers: ['amr_2']
[rh_node-34] [INFO] [1789368735.807794011] [amr_4.rh_node]: [amr_4] Pruned expired reservations for peers: ['amr_2']
[rh_node-31] [INFO] [1789368735.828313034] [amr_1.rh_node]: [amr_1] Pruned expired reservations for peers: ['amr_2']
[rh_node-33] [INFO] [1789368735.839330300] [amr_3.rh_node]: [amr_3] Pruned expired reservations for peers: ['amr_2']
[rh_node-30] [INFO] [1789368736.304662031] [amr_0.rh_node]: [amr_0] Pruned expired reservations for peers: ['amr_2']
[rh_node-34] [INFO] [1789368736.305445218] [amr_4.rh_node]: [amr_4] Pruned expired reservations for peers: ['amr_2']
[rh_node-31] [INFO] [1789368736.329291451] [amr_1.rh_node]: [amr_1] Pruned expired reservations for peers: ['amr_2']
[rh_node-33] [INFO] [1789368736.338707121] [amr_3.rh_node]: [amr_3] Pruned expired reservations for peers: ['amr_2']
[rh_node-30] [INFO] [1789368736.804192568] [amr_0.rh_node]: [amr_0] Pruned expired reservations for peers: ['amr_2']
[rh_node-34] [INFO] [1789368736.806378410] [amr_4.rh_node]: [amr_4] Pruned expired reservations for peers: ['amr_2']
[rh_node-31] [INFO] [1789368736.829403444] [amr_1.rh_node]: [amr_1] Pruned expired reservations for peers: ['amr_2']
[rh_node-33] [INFO] [1789368736.838365405] [amr_3.rh_node]: [amr_3] Pruned expired reservations for peers: ['amr_2']
[rh_node-34] [INFO] [1789368737.305015532] [amr_4.rh_node]: [amr_4] Pruned expired reservations for peers: ['amr_2']
[rh_node-30] [INFO] [1789368737.306614622] [amr_0.rh_node]: [amr_0] Pruned expired reservations for peers: ['amr_2']
[rh_node-31] [INFO] [1789368737.328204499] [amr_1.rh_node]: [amr_1] Pruned expired reservations for peers: ['amr_2']
[rh_node-33] [INFO] [1789368737.339806845] [amr_3.rh_node]: [amr_3] Pruned expired reservations for peers: ['amr_2']
[rh_node-34] [INFO] [1789368737.804599091] [amr_4.rh_node]: [amr_4] Pruned expired reservations for peers: ['amr_2']
[rh_node-30] [INFO] [1789368737.805429680] [amr_0.rh_node]: [amr_0] Pruned expired reservations for peers: ['amr_2']
[rh_node-31] [INFO] [1789368737.828858217] [amr_1.rh_node]: [amr_1] Pruned expired reservations for peers: ['amr_2']
[rh_node-33] [INFO] [1789368737.839591750] [amr_3.rh_node]: [amr_3] Pruned expired reservations for peers: ['amr_2']
[rh_node-30] [INFO] [1789368738.306219354] [amr_0.rh_node]: [amr_0] Pruned expired reservations for peers: ['amr_2']
[rh_node-34] [INFO] [1789368738.306563010] [amr_4.rh_node]: [amr_4] Pruned expired reservations for peers: ['amr_2']
[rh_node-31] [INFO] [1789368738.328356670] [amr_1.rh_node]: [amr_1] Pruned expired reservations for peers: ['amr_2']
[rh_node-33] [INFO] [1789368738.339171731] [amr_3.rh_node]: [amr_3] Pruned expired reservations for peers: ['amr_2']
[rh_node-30] [INFO] [1789368738.806895661] [amr_0.rh_node]: [amr_0] Pruned expired reservations for peers: ['amr_2']
[rh_node-34] [INFO] [1789368738.809606999] [amr_4.rh_node]: [amr_4] Pruned expired reservations for peers: ['amr_2']
[rh_node-31] [INFO] [1789368738.828825394] [amr_1.rh_node]: [amr_1] Pruned expired reservations for peers: ['amr_2']
[rh_node-33] [INFO] [1789368738.838312270] [amr_3.rh_node]: [amr_3] Pruned expired reservations for peers: ['amr_2']
[rh_node-30] [INFO] [1789368739.306060984] [amr_0.rh_node]: [amr_0] Pruned expired reservations for peers: ['amr_2']
[rh_node-34] [INFO] [1789368739.306130502] [amr_4.rh_node]: [amr_4] Pruned expired reservations for peers: ['amr_2']
[rh_node-31] [INFO] [1789368739.328602356] [amr_1.rh_node]: [amr_1] Pruned expired reservations for peers: ['amr_2']
[rh_node-33] [INFO] [1789368739.338333278] [amr_3.rh_node]: [amr_3] Pruned expired reservations for peers: ['amr_2']
[rh_node-30] [INFO] [1789368739.804180487] [amr_0.rh_node]: [amr_0] Pruned expired reservations for peers: ['amr_2']
[rh_node-34] [INFO] [1789368739.804598013] [amr_4.rh_node]: [amr_4] Pruned expired reservations for peers: ['amr_2']
[rh_node-31] [INFO] [1789368739.827843087] [amr_1.rh_node]: [amr_1] Pruned expired reservations for peers: ['amr_2']
[rh_node-33] [INFO] [1789368739.839178851] [amr_3.rh_node]: [amr_3] Pruned expired reservations for peers: ['amr_2']
[rh_node-30] [INFO] [1789368740.304423485] [amr_0.rh_node]: [amr_0] Pruned expired reservations for peers: ['amr_2']
[rh_node-34] [INFO] [1789368740.304586570] [amr_4.rh_node]: [amr_4] Pruned expired reservations for peers: ['amr_2']
[rh_node-31] [INFO] [1789368740.327887227] [amr_1.rh_node]: [amr_1] Pruned expired reservations for peers: ['amr_2']
[rh_node-33] [INFO] [1789368740.339485517] [amr_3.rh_node]: [amr_3] Pruned expired reservations for peers: ['amr_2']
[rh_node-30] [INFO] [1789368740.804223185] [amr_0.rh_node]: [amr_0] Pruned expired reservations for peers: ['amr_2']
[rh_node-34] [INFO] [1789368740.805850752] [amr_4.rh_node]: [amr_4] Pruned expired reservations for peers: ['amr_2']
[rh_node-31] [INFO] [1789368740.827834709] [amr_1.rh_node]: [amr_1] Pruned expired reservations for peers: ['amr_2']
[rh_node-33] [INFO] [1789368740.840492270] [amr_3.rh_node]: [amr_3] Pruned expired reservations for peers: ['amr_2']
[rh_node-30] [INFO] [1789368741.304758549] [amr_0.rh_node]: [amr_0] Pruned expired reservations for peers: ['amr_2']
[rh_node-34] [INFO] [1789368741.304858359] [amr_4.rh_node]: [amr_4] Pruned expired reservations for peers: ['amr_2']
[rh_node-31] [INFO] [1789368741.329650650] [amr_1.rh_node]: [amr_1] Pruned expired reservations for peers: ['amr_2']
[rh_node-33] [INFO] [1789368741.339031813] [amr_3.rh_node]: [amr_3] Pruned expired reservations for peers: ['amr_2']
[rh_node-30] [INFO] [1789368741.804650457] [amr_0.rh_node]: [amr_0] Pruned expired reservations for peers: ['amr_2']
[rh_node-34] [INFO] [1789368741.806135109] [amr_4.rh_node]: [amr_4] Pruned expired reservations for peers: ['amr_2']
[rh_node-31] [INFO] [1789368741.828459248] [amr_1.rh_node]: [amr_1] Pruned expired reservations for peers: ['amr_2']
[rh_node-33] [INFO] [1789368741.839106776] [amr_3.rh_node]: [amr_3] Pruned expired reservations for peers: ['amr_2']
[rh_node-30] [INFO] [1789368742.304338250] [amr_0.rh_node]: [amr_0] Pruned expired reservations for peers: ['amr_2']
[rh_node-34] [INFO] [1789368742.306140694] [amr_4.rh_node]: [amr_4] Pruned expired reservations for peers: ['amr_2']
[rh_node-31] [INFO] [1789368742.328303886] [amr_1.rh_node]: [amr_1] Pruned expired reservations for peers: ['amr_2']
[rh_node-33] [INFO] [1789368742.338653420] [amr_3.rh_node]: [amr_3] Pruned expired reservations for peers: ['amr_2']
[rh_node-30] [INFO] [1789368742.804247443] [amr_0.rh_node]: [amr_0] Pruned expired reservations for peers: ['amr_2']
[rh_node-34] [INFO] [1789368742.806129442] [amr_4.rh_node]: [amr_4] Pruned expired reservations for peers: ['amr_2']
[rh_node-31] [INFO] [1789368742.829897328] [amr_1.rh_node]: [amr_1] Pruned expired reservations for peers: ['amr_2']
[rh_node-33] [INFO] [1789368742.838658117] [amr_3.rh_node]: [amr_3] Pruned expired reservations for peers: ['amr_2']
[rh_node-30] [INFO] [1789368743.305540133] [amr_0.rh_node]: [amr_0] Pruned expired reservations for peers: ['amr_2']
[rh_node-34] [INFO] [1789368743.306612976] [amr_4.rh_node]: [amr_4] Pruned expired reservations for peers: ['amr_2']
[rh_node-31] [INFO] [1789368743.329369154] [amr_1.rh_node]: [amr_1] Pruned expired reservations for peers: ['amr_2']
[rh_node-33] [INFO] [1789368743.338521440] [amr_3.rh_node]: [amr_3] Pruned expired reservations for peers: ['amr_2']
[rh_node-30] [INFO] [1789368743.804316947] [amr_0.rh_node]: [amr_0] Pruned expired reservations for peers: ['amr_2']
[rh_node-34] [INFO] [1789368743.806168470] [amr_4.rh_node]: [amr_4] Pruned expired reservations for peers: ['amr_2']
[rh_node-31] [INFO] [1789368743.828417867] [amr_1.rh_node]: [amr_1] Pruned expired reservations for peers: ['amr_2']
[rh_node-33] [INFO] [1789368743.839185229] [amr_3.rh_node]: [amr_3] Pruned expired reservations for peers: ['amr_2']
[rh_node-34] [INFO] [1789368744.304994401] [amr_4.rh_node]: [amr_4] Pruned expired reservations for peers: ['amr_2']
[rh_node-30] [INFO] [1789368744.305991965] [amr_0.rh_node]: [amr_0] Pruned expired reservations for peers: ['amr_2']
[rh_node-31] [INFO] [1789368744.328316999] [amr_1.rh_node]: [amr_1] Pruned expired reservations for peers: ['amr_2']
[rh_node-33] [INFO] [1789368744.338714974] [amr_3.rh_node]: [amr_3] Pruned expired reservations for peers: ['amr_2']
[rh_node-30] [INFO] [1789368744.804183859] [amr_0.rh_node]: [amr_0] Pruned expired reservations for peers: ['amr_2']
[rh_node-34] [INFO] [1789368744.804586383] [amr_4.rh_node]: [amr_4] Pruned expired reservations for peers: ['amr_2']
[rh_node-31] [INFO] [1789368744.828087343] [amr_1.rh_node]: [amr_1] Reached pickup for task 'task_w15_0002'. Moving to dropoff.
[task_manager-24] [INFO] [1789368744.830104972] [amr_task_manager]: Task 'task_w15_0002' transitioned to IN_PROGRESS
[rh_node-31] [INFO] [1789368744.830533425] [amr_1.rh_node]: [amr_1] Pruned expired reservations for peers: ['amr_2']
[rh_node-33] [INFO] [1789368744.838264785] [amr_3.rh_node]: [amr_3] Pruned expired reservations for peers: ['amr_2']
[rh_node-30] [INFO] [1789368745.304869151] [amr_0.rh_node]: [amr_0] Pruned expired reservations for peers: ['amr_2']
[rh_node-34] [INFO] [1789368745.305805830] [amr_4.rh_node]: [amr_4] Pruned expired reservations for peers: ['amr_2']
[rh_node-31] [INFO] [1789368745.328602715] [amr_1.rh_node]: [amr_1] Pruned expired reservations for peers: ['amr_2']
[rh_node-33] [INFO] [1789368745.339705783] [amr_3.rh_node]: [amr_3] Pruned expired reservations for peers: ['amr_2']
[rh_node-30] [INFO] [1789368745.804329404] [amr_0.rh_node]: [amr_0] Pruned expired reservations for peers: ['amr_2']
[rh_node-34] [INFO] [1789368745.804582153] [amr_4.rh_node]: [amr_4] Pruned expired reservations for peers: ['amr_2']
[rh_node-31] [INFO] [1789368745.828778957] [amr_1.rh_node]: [amr_1] Pruned expired reservations for peers: ['amr_2']
[rh_node-33] [INFO] [1789368745.839181516] [amr_3.rh_node]: [amr_3] Pruned expired reservations for peers: ['amr_2']
[rh_node-30] [INFO] [1789368746.305200141] [amr_0.rh_node]: [amr_0] Pruned expired reservations for peers: ['amr_2']
[rh_node-34] [INFO] [1789368746.306055735] [amr_4.rh_node]: [amr_4] Pruned expired reservations for peers: ['amr_2']
[rh_node-31] [INFO] [1789368746.330247218] [amr_1.rh_node]: [amr_1] Pruned expired reservations for peers: ['amr_2']
[rh_node-33] [INFO] [1789368746.339134929] [amr_3.rh_node]: [amr_3] Pruned expired reservations for peers: ['amr_2']
[rh_node-30] [INFO] [1789368746.804162173] [amr_0.rh_node]: [amr_0] Pruned expired reservations for peers: ['amr_2']
[rh_node-34] [INFO] [1789368746.804533812] [amr_4.rh_node]: [amr_4] Pruned expired reservations for peers: ['amr_2']
[rh_node-31] [INFO] [1789368746.829143391] [amr_1.rh_node]: [amr_1] Pruned expired reservations for peers: ['amr_2']
[rh_node-33] [INFO] [1789368746.838971875] [amr_3.rh_node]: [amr_3] Pruned expired reservations for peers: ['amr_2']
[rh_node-30] [INFO] [1789368747.304981860] [amr_0.rh_node]: [amr_0] Pruned expired reservations for peers: ['amr_2']
[rh_node-34] [INFO] [1789368747.305677114] [amr_4.rh_node]: [amr_4] Pruned expired reservations for peers: ['amr_2']
[rh_node-31] [INFO] [1789368747.330292640] [amr_1.rh_node]: [amr_1] Pruned expired reservations for peers: ['amr_2']
[rh_node-33] [INFO] [1789368747.339047830] [amr_3.rh_node]: [amr_3] Pruned expired reservations for peers: ['amr_2']
[rh_node-30] [INFO] [1789368747.804997397] [amr_0.rh_node]: [amr_0] Pruned expired reservations for peers: ['amr_2']
[rh_node-34] [INFO] [1789368747.805736844] [amr_4.rh_node]: [amr_4] Pruned expired reservations for peers: ['amr_2']
[rh_node-31] [INFO] [1789368747.829186654] [amr_1.rh_node]: [amr_1] Pruned expired reservations for peers: ['amr_2']
[rh_node-33] [INFO] [1789368747.841711595] [amr_3.rh_node]: [amr_3] Pruned expired reservations for peers: ['amr_2']
[rh_node-30] [INFO] [1789368748.305490970] [amr_0.rh_node]: [amr_0] Pruned expired reservations for peers: ['amr_2']
[rh_node-34] [INFO] [1789368748.306181518] [amr_4.rh_node]: [amr_4] Pruned expired reservations for peers: ['amr_2']
[rh_node-31] [INFO] [1789368748.330106833] [amr_1.rh_node]: [amr_1] Pruned expired reservations for peers: ['amr_2']
[rh_node-33] [INFO] [1789368748.339845254] [amr_3.rh_node]: [amr_3] Pruned expired reservations for peers: ['amr_2']
[rh_node-34] [INFO] [1789368748.804470391] [amr_4.rh_node]: [amr_4] Pruned expired reservations for peers: ['amr_2']
[rh_node-30] [INFO] [1789368748.805359763] [amr_0.rh_node]: [amr_0] Pruned expired reservations for peers: ['amr_2']
[rh_node-31] [INFO] [1789368748.829320724] [amr_1.rh_node]: [amr_1] Pruned expired reservations for peers: ['amr_2']
[rh_node-33] [INFO] [1789368748.839800834] [amr_3.rh_node]: [amr_3] Pruned expired reservations for peers: ['amr_2']
[rh_node-34] [INFO] [1789368749.304569937] [amr_4.rh_node]: [amr_4] Pruned expired reservations for peers: ['amr_2']
[rh_node-30] [INFO] [1789368749.305040414] [amr_0.rh_node]: [amr_0] Pruned expired reservations for peers: ['amr_2']
[rh_node-31] [INFO] [1789368749.330049528] [amr_1.rh_node]: [amr_1] Pruned expired reservations for peers: ['amr_2']
[rh_node-33] [INFO] [1789368749.339021129] [amr_3.rh_node]: [amr_3] Pruned expired reservations for peers: ['amr_2']
[rh_node-30] [INFO] [1789368749.804235530] [amr_0.rh_node]: [amr_0] Pruned expired reservations for peers: ['amr_2']
[rh_node-34] [INFO] [1789368749.806006259] [amr_4.rh_node]: [amr_4] Pruned expired reservations for peers: ['amr_2']
[rh_node-31] [INFO] [1789368749.829565804] [amr_1.rh_node]: [amr_1] Pruned expired reservations for peers: ['amr_2']
[rh_node-33] [INFO] [1789368749.838142985] [amr_3.rh_node]: [amr_3] Pruned expired reservations for peers: ['amr_2']
[rh_node-34] [INFO] [1789368750.304638514] [amr_4.rh_node]: [amr_4] Pruned expired reservations for peers: ['amr_2']
[rh_node-30] [INFO] [1789368750.305732240] [amr_0.rh_node]: [amr_0] Pruned expired reservations for peers: ['amr_2']
[rh_node-31] [INFO] [1789368750.328714400] [amr_1.rh_node]: [amr_1] Pruned expired reservations for peers: ['amr_2']
[rh_node-33] [INFO] [1789368750.338696856] [amr_3.rh_node]: [amr_3] Pruned expired reservations for peers: ['amr_2']
[rh_node-34] [INFO] [1789368750.805314558] [amr_4.rh_node]: [amr_4] Pruned expired reservations for peers: ['amr_2']
[rh_node-30] [INFO] [1789368750.805423668] [amr_0.rh_node]: [amr_0] Pruned expired reservations for peers: ['amr_2']
[rh_node-31] [INFO] [1789368750.829856746] [amr_1.rh_node]: [amr_1] Pruned expired reservations for peers: ['amr_2']
[rh_node-33] [INFO] [1789368750.839045765] [amr_3.rh_node]: [amr_3] Pruned expired reservations for peers: ['amr_2']
[rh_node-34] [INFO] [1789368751.304884884] [amr_4.rh_node]: [amr_4] Pruned expired reservations for peers: ['amr_2']
[rh_node-30] [INFO] [1789368751.306124448] [amr_0.rh_node]: [amr_0] Pruned expired reservations for peers: ['amr_2']
[rh_node-31] [INFO] [1789368751.328652758] [amr_1.rh_node]: [amr_1] Pruned expired reservations for peers: ['amr_2']
[rh_node-33] [INFO] [1789368751.338563743] [amr_3.rh_node]: [amr_3] Pruned expired reservations for peers: ['amr_2']
[rh_node-30] [INFO] [1789368751.804231792] [amr_0.rh_node]: [amr_0] Pruned expired reservations for peers: ['amr_2']
[rh_node-34] [INFO] [1789368751.805621319] [amr_4.rh_node]: [amr_4] Pruned expired reservations for peers: ['amr_2']
[rh_node-31] [INFO] [1789368751.830512036] [amr_1.rh_node]: [amr_1] Pruned expired reservations for peers: ['amr_2']
[rh_node-33] [INFO] [1789368751.838963322] [amr_3.rh_node]: [amr_3] Pruned expired reservations for peers: ['amr_2']
[rh_node-30] [INFO] [1789368752.304300934] [amr_0.rh_node]: [amr_0] Pruned expired reservations for peers: ['amr_2']
[rh_node-34] [INFO] [1789368752.305352332] [amr_4.rh_node]: [amr_4] Pruned expired reservations for peers: ['amr_2']
[rh_node-31] [INFO] [1789368752.328669212] [amr_1.rh_node]: [amr_1] Pruned expired reservations for peers: ['amr_2']
[rh_node-33] [INFO] [1789368752.338397759] [amr_3.rh_node]: [amr_3] Pruned expired reservations for peers: ['amr_2']
[rh_node-30] [INFO] [1789368752.804946916] [amr_0.rh_node]: [amr_0] Pruned expired reservations for peers: ['amr_2']
[rh_node-34] [INFO] [1789368752.805509283] [amr_4.rh_node]: [amr_4] Pruned expired reservations for peers: ['amr_2']
[rh_node-31] [INFO] [1789368752.829391838] [amr_1.rh_node]: [amr_1] Pruned expired reservations for peers: ['amr_2']
[rh_node-33] [INFO] [1789368752.839686632] [amr_3.rh_node]: [amr_3] Pruned expired reservations for peers: ['amr_2']
[rh_node-34] [INFO] [1789368753.304421398] [amr_4.rh_node]: [amr_4] Pruned expired reservations for peers: ['amr_2']
[rh_node-30] [INFO] [1789368753.304707367] [amr_0.rh_node]: [amr_0] Pruned expired reservations for peers: ['amr_2']
[rh_node-31] [INFO] [1789368753.329107466] [amr_1.rh_node]: [amr_1] Pruned expired reservations for peers: ['amr_2']
[rh_node-33] [INFO] [1789368753.338884809] [amr_3.rh_node]: [amr_3] Pruned expired reservations for peers: ['amr_2']
[rh_node-30] [INFO] [1789368753.804999641] [amr_0.rh_node]: [amr_0] Pruned expired reservations for peers: ['amr_2']
[rh_node-34] [INFO] [1789368753.805284026] [amr_4.rh_node]: [amr_4] Pruned expired reservations for peers: ['amr_2']
[rh_node-31] [INFO] [1789368753.829825521] [amr_1.rh_node]: [amr_1] Pruned expired reservations for peers: ['amr_2']
[rh_node-33] [INFO] [1789368753.838247693] [amr_3.rh_node]: [amr_3] Pruned expired reservations for peers: ['amr_2']
[rh_node-30] [INFO] [1789368754.304269952] [amr_0.rh_node]: [amr_0] Pruned expired reservations for peers: ['amr_2']
[rh_node-34] [INFO] [1789368754.304542742] [amr_4.rh_node]: [amr_4] Pruned expired reservations for peers: ['amr_2']
[rh_node-31] [INFO] [1789368754.329072529] [amr_1.rh_node]: [amr_1] Pruned expired reservations for peers: ['amr_2']
[rh_node-33] [INFO] [1789368754.338305165] [amr_3.rh_node]: [amr_3] Pruned expired reservations for peers: ['amr_2']
[rh_node-30] [INFO] [1789368754.806186552] [amr_0.rh_node]: [amr_0] Pruned expired reservations for peers: ['amr_2']
[rh_node-34] [INFO] [1789368754.806386315] [amr_4.rh_node]: [amr_4] Pruned expired reservations for peers: ['amr_2']
[rh_node-31] [INFO] [1789368754.828713460] [amr_1.rh_node]: [amr_1] Pruned expired reservations for peers: ['amr_2']
[rh_node-33] [INFO] [1789368754.841787906] [amr_3.rh_node]: [amr_3] Pruned expired reservations for peers: ['amr_2']
[rh_node-30] [INFO] [1789368755.305963248] [amr_0.rh_node]: [amr_0] Pruned expired reservations for peers: ['amr_2']
[rh_node-34] [INFO] [1789368755.305970434] [amr_4.rh_node]: [amr_4] Pruned expired reservations for peers: ['amr_2']
[rh_node-31] [INFO] [1789368755.329406645] [amr_1.rh_node]: [amr_1] Pruned expired reservations for peers: ['amr_2']
[rh_node-33] [INFO] [1789368755.338294985] [amr_3.rh_node]: [amr_3] Pruned expired reservations for peers: ['amr_2']
[rh_node-30] [INFO] [1789368755.804547423] [amr_0.rh_node]: [amr_0] Pruned expired reservations for peers: ['amr_2']
[rh_node-34] [INFO] [1789368755.804836947] [amr_4.rh_node]: [amr_4] Pruned expired reservations for peers: ['amr_2']
[rh_node-31] [INFO] [1789368755.828899418] [amr_1.rh_node]: [amr_1] Pruned expired reservations for peers: ['amr_2']
[rh_node-33] [INFO] [1789368755.838272195] [amr_3.rh_node]: [amr_3] Pruned expired reservations for peers: ['amr_2']
[rh_node-30] [INFO] [1789368756.304368009] [amr_0.rh_node]: [amr_0] Pruned expired reservations for peers: ['amr_2']
[rh_node-34] [INFO] [1789368756.306097936] [amr_4.rh_node]: [amr_4] Pruned expired reservations for peers: ['amr_2']
[rh_node-31] [INFO] [1789368756.329180276] [amr_1.rh_node]: [amr_1] Pruned expired reservations for peers: ['amr_2']
[rh_node-33] [INFO] [1789368756.339904369] [amr_3.rh_node]: [amr_3] Pruned expired reservations for peers: ['amr_2']
[rh_node-34] [INFO] [1789368756.804734778] [amr_4.rh_node]: [amr_4] Pruned expired reservations for peers: ['amr_2']
[rh_node-30] [INFO] [1789368756.807903651] [amr_0.rh_node]: [amr_0] Pruned expired reservations for peers: ['amr_2']
[rh_node-31] [INFO] [1789368756.829156926] [amr_1.rh_node]: [amr_1] Pruned expired reservations for peers: ['amr_2']
[rh_node-33] [INFO] [1789368756.839942557] [amr_3.rh_node]: [amr_3] Pruned expired reservations for peers: ['amr_2']
[rh_node-34] [INFO] [1789368757.304723521] [amr_4.rh_node]: [amr_4] Pruned expired reservations for peers: ['amr_2']
[rh_node-30] [INFO] [1789368757.305273148] [amr_0.rh_node]: [amr_0] Pruned expired reservations for peers: ['amr_2']
[rh_node-31] [INFO] [1789368757.329708802] [amr_1.rh_node]: [amr_1] Pruned expired reservations for peers: ['amr_2']
[rh_node-33] [INFO] [1789368757.338854878] [amr_3.rh_node]: [amr_3] Pruned expired reservations for peers: ['amr_2']
[rh_node-34] [INFO] [1789368757.804459703] [amr_4.rh_node]: [amr_4] Pruned expired reservations for peers: ['amr_2']
[rh_node-30] [INFO] [1789368757.805334709] [amr_0.rh_node]: [amr_0] Pruned expired reservations for peers: ['amr_2']
[rh_node-31] [INFO] [1789368757.829122084] [amr_1.rh_node]: [amr_1] Pruned expired reservations for peers: ['amr_2']
[rh_node-33] [INFO] [1789368757.838118291] [amr_3.rh_node]: [amr_3] Pruned expired reservations for peers: ['amr_2']
[rh_node-30] [INFO] [1789368758.304205885] [amr_0.rh_node]: [amr_0] Pruned expired reservations for peers: ['amr_2']
[rh_node-34] [INFO] [1789368758.305898273] [amr_4.rh_node]: [amr_4] Pruned expired reservations for peers: ['amr_2']
[rh_node-31] [INFO] [1789368758.328368212] [amr_1.rh_node]: [amr_1] Pruned expired reservations for peers: ['amr_2']
[rh_node-33] [INFO] [1789368758.339555756] [amr_3.rh_node]: [amr_3] Pruned expired reservations for peers: ['amr_2']
[rh_node-30] [INFO] [1789368758.804221256] [amr_0.rh_node]: [amr_0] Pruned expired reservations for peers: ['amr_2']
[rh_node-34] [INFO] [1789368758.805989688] [amr_4.rh_node]: [amr_4] Pruned expired reservations for peers: ['amr_2']
[rh_node-31] [INFO] [1789368758.830376724] [amr_1.rh_node]: [amr_1] Pruned expired reservations for peers: ['amr_2']
[rh_node-33] [INFO] [1789368758.838694359] [amr_3.rh_node]: [amr_3] Pruned expired reservations for peers: ['amr_2']
[rh_node-30] [INFO] [1789368759.304229897] [amr_0.rh_node]: [amr_0] Pruned expired reservations for peers: ['amr_2']
[rh_node-34] [INFO] [1789368759.304579348] [amr_4.rh_node]: [amr_4] Pruned expired reservations for peers: ['amr_2']
[rh_node-31] [INFO] [1789368759.329610375] [amr_1.rh_node]: [amr_1] Pruned expired reservations for peers: ['amr_2']
[rh_node-33] [INFO] [1789368759.339147619] [amr_3.rh_node]: [amr_3] Pruned expired reservations for peers: ['amr_2']
[rh_node-30] [INFO] [1789368759.804156398] [amr_0.rh_node]: [amr_0] Pruned expired reservations for peers: ['amr_2']
[rh_node-34] [INFO] [1789368759.805937052] [amr_4.rh_node]: [amr_4] Pruned expired reservations for peers: ['amr_2']
[rh_node-31] [INFO] [1789368759.829038654] [amr_1.rh_node]: [amr_1] Pruned expired reservations for peers: ['amr_2']
[rh_node-33] [INFO] [1789368759.838920051] [amr_3.rh_node]: [amr_3] Pruned expired reservations for peers: ['amr_2']
[rh_node-30] [INFO] [1789368760.304106999] [amr_0.rh_node]: [amr_0] Pruned expired reservations for peers: ['amr_2']
[rh_node-34] [INFO] [1789368760.305119001] [amr_4.rh_node]: [amr_4] Pruned expired reservations for peers: ['amr_2']
[rh_node-31] [INFO] [1789368760.329682157] [amr_1.rh_node]: [amr_1] Pruned expired reservations for peers: ['amr_2']
[rh_node-33] [INFO] [1789368760.338173658] [amr_3.rh_node]: [amr_3] Pruned expired reservations for peers: ['amr_2']
[rh_node-30] [INFO] [1789368760.804110970] [amr_0.rh_node]: [amr_0] Pruned expired reservations for peers: ['amr_2']
[rh_node-34] [INFO] [1789368760.804424569] [amr_4.rh_node]: [amr_4] Pruned expired reservations for peers: ['amr_2']
[rh_node-31] [INFO] [1789368760.828989270] [amr_1.rh_node]: [amr_1] Pruned expired reservations for peers: ['amr_2']
[rh_node-33] [INFO] [1789368760.838926717] [amr_3.rh_node]: [amr_3] Pruned expired reservations for peers: ['amr_2']
[rh_node-30] [INFO] [1789368761.305095271] [amr_0.rh_node]: [amr_0] Pruned expired reservations for peers: ['amr_2']
[rh_node-34] [INFO] [1789368761.305192186] [amr_4.rh_node]: [amr_4] Pruned expired reservations for peers: ['amr_2']
[rh_node-31] [INFO] [1789368761.329246632] [amr_1.rh_node]: [amr_1] Pruned expired reservations for peers: ['amr_2']
[rh_node-33] [INFO] [1789368761.339808040] [amr_3.rh_node]: [amr_3] Pruned expired reservations for peers: ['amr_2']
[rh_node-30] [INFO] [1789368761.804159717] [amr_0.rh_node]: [amr_0] Pruned expired reservations for peers: ['amr_2']
[rh_node-34] [INFO] [1789368761.806200134] [amr_4.rh_node]: [amr_4] Pruned expired reservations for peers: ['amr_2']
[rh_node-31] [INFO] [1789368761.828232991] [amr_1.rh_node]: [amr_1] Pruned expired reservations for peers: ['amr_2']
[rh_node-33] [INFO] [1789368761.839625966] [amr_3.rh_node]: [amr_3] Pruned expired reservations for peers: ['amr_2']
[rh_node-34] [INFO] [1789368762.304618854] [amr_4.rh_node]: [amr_4] Pruned expired reservations for peers: ['amr_2']
[rh_node-30] [INFO] [1789368762.305136963] [amr_0.rh_node]: [amr_0] Pruned expired reservations for peers: ['amr_2']
[rh_node-31] [INFO] [1789368762.329388759] [amr_1.rh_node]: [amr_1] Pruned expired reservations for peers: ['amr_2']
[rh_node-33] [INFO] [1789368762.338287249] [amr_3.rh_node]: [amr_3] Pruned expired reservations for peers: ['amr_2']
[rh_node-34] [INFO] [1789368762.804515962] [amr_4.rh_node]: [amr_4] Pruned expired reservations for peers: ['amr_2']
[rh_node-30] [INFO] [1789368762.805773030] [amr_0.rh_node]: [amr_0] Pruned expired reservations for peers: ['amr_2']
[rh_node-31] [INFO] [1789368762.828506959] [amr_1.rh_node]: [amr_1] Pruned expired reservations for peers: ['amr_2']
[rh_node-33] [INFO] [1789368762.839588730] [amr_3.rh_node]: [amr_3] Pruned expired reservations for peers: ['amr_2']
[rh_node-34] [INFO] [1789368763.305355161] [amr_4.rh_node]: [amr_4] Pruned expired reservations for peers: ['amr_2']
[rh_node-30] [INFO] [1789368763.305857722] [amr_0.rh_node]: [amr_0] Pruned expired reservations for peers: ['amr_2']
[rh_node-31] [INFO] [1789368763.328458592] [amr_1.rh_node]: [amr_1] Pruned expired reservations for peers: ['amr_2']
[rh_node-33] [INFO] [1789368763.339054565] [amr_3.rh_node]: [amr_3] Pruned expired reservations for peers: ['amr_2']
[rh_node-34] [INFO] [1789368763.804371795] [amr_4.rh_node]: [amr_4] Pruned expired reservations for peers: ['amr_2']
[rh_node-30] [INFO] [1789368763.804906533] [amr_0.rh_node]: [amr_0] Pruned expired reservations for peers: ['amr_2']
[rh_node-31] [INFO] [1789368763.829605328] [amr_1.rh_node]: [amr_1] Pruned expired reservations for peers: ['amr_2']
[rh_node-33] [INFO] [1789368763.838944698] [amr_3.rh_node]: [amr_3] Pruned expired reservations for peers: ['amr_2']
[rh_node-34] [INFO] [1789368764.304469987] [amr_4.rh_node]: [amr_4] Pruned expired reservations for peers: ['amr_2']
[rh_node-30] [INFO] [1789368764.305560950] [amr_0.rh_node]: [amr_0] Pruned expired reservations for peers: ['amr_2']
[rh_node-31] [INFO] [1789368764.328973760] [amr_1.rh_node]: [amr_1] Pruned expired reservations for peers: ['amr_2']
[rh_node-33] [INFO] [1789368764.338303576] [amr_3.rh_node]: [amr_3] Pruned expired reservations for peers: ['amr_2']
[rh_node-30] [INFO] [1789368764.804208252] [amr_0.rh_node]: [amr_0] Pruned expired reservations for peers: ['amr_2']
[rh_node-34] [INFO] [1789368764.804666278] [amr_4.rh_node]: [amr_4] Pruned expired reservations for peers: ['amr_2']
[rh_node-31] [INFO] [1789368764.828905221] [amr_1.rh_node]: [amr_1] Pruned expired reservations for peers: ['amr_2']
[rh_node-33] [INFO] [1789368764.839692468] [amr_3.rh_node]: [amr_3] Pruned expired reservations for peers: ['amr_2']
[rh_node-34] [INFO] [1789368765.305999110] [amr_4.rh_node]: [amr_4] Pruned expired reservations for peers: ['amr_2']
[rh_node-30] [INFO] [1789368765.306036138] [amr_0.rh_node]: [amr_0] Pruned expired reservations for peers: ['amr_2']
[rh_node-31] [INFO] [1789368765.328863395] [amr_1.rh_node]: [amr_1] Pruned expired reservations for peers: ['amr_2']
[rh_node-33] [INFO] [1789368765.340961838] [amr_3.rh_node]: [amr_3] Pruned expired reservations for peers: ['amr_2']
[rh_node-30] [INFO] [1789368765.804095510] [amr_0.rh_node]: [amr_0] Pruned expired reservations for peers: ['amr_2']
[rh_node-34] [INFO] [1789368765.805819584] [amr_4.rh_node]: [amr_4] Pruned expired reservations for peers: ['amr_2']
[rh_node-31] [INFO] [1789368765.828438441] [amr_1.rh_node]: [amr_1] Pruned expired reservations for peers: ['amr_2']
[rh_node-33] [INFO] [1789368765.838088780] [amr_3.rh_node]: [amr_3] Pruned expired reservations for peers: ['amr_2']
[rh_node-30] [INFO] [1789368766.305415663] [amr_0.rh_node]: [amr_0] Pruned expired reservations for peers: ['amr_2']
[rh_node-34] [INFO] [1789368766.305886090] [amr_4.rh_node]: [amr_4] Pruned expired reservations for peers: ['amr_2']
[rh_node-31] [INFO] [1789368766.328292852] [amr_1.rh_node]: [amr_1] Pruned expired reservations for peers: ['amr_2']
[rh_node-33] [INFO] [1789368766.338635323] [amr_3.rh_node]: [amr_3] Pruned expired reservations for peers: ['amr_2']
[rh_node-30] [INFO] [1789368766.804552662] [amr_0.rh_node]: [amr_0] Pruned expired reservations for peers: ['amr_2']
[rh_node-34] [INFO] [1789368766.805057195] [amr_4.rh_node]: [amr_4] Pruned expired reservations for peers: ['amr_2']
[rh_node-31] [INFO] [1789368766.828307112] [amr_1.rh_node]: [amr_1] Pruned expired reservations for peers: ['amr_2']
[rh_node-33] [INFO] [1789368766.839604171] [amr_3.rh_node]: [amr_3] Pruned expired reservations for peers: ['amr_2']
[rh_node-30] [INFO] [1789368767.304082821] [amr_0.rh_node]: [amr_0] Pruned expired reservations for peers: ['amr_2']
[rh_node-34] [INFO] [1789368767.305834895] [amr_4.rh_node]: [amr_4] Pruned expired reservations for peers: ['amr_2']
[rh_node-31] [INFO] [1789368767.329137826] [amr_1.rh_node]: [amr_1] Pruned expired reservations for peers: ['amr_2']
[rh_node-33] [INFO] [1789368767.339627631] [amr_3.rh_node]: [amr_3] Pruned expired reservations for peers: ['amr_2']
[rh_node-30] [INFO] [1789368767.804069390] [amr_0.rh_node]: [amr_0] Pruned expired reservations for peers: ['amr_2']
[rh_node-34] [INFO] [1789368767.805241662] [amr_4.rh_node]: [amr_4] Pruned expired reservations for peers: ['amr_2']
[rh_node-31] [INFO] [1789368767.830951995] [amr_1.rh_node]: [amr_1] Pruned expired reservations for peers: ['amr_2']
[rh_node-33] [INFO] [1789368767.838870742] [amr_3.rh_node]: [amr_3] Pruned expired reservations for peers: ['amr_2']
[rh_node-34] [INFO] [1789368768.304469039] [amr_4.rh_node]: [amr_4] Pruned expired reservations for peers: ['amr_2']
[rh_node-30] [INFO] [1789368768.304533101] [amr_0.rh_node]: [amr_0] Pruned expired reservations for peers: ['amr_2']
[rh_node-31] [INFO] [1789368768.328894204] [amr_1.rh_node]: [amr_1] Pruned expired reservations for peers: ['amr_2']
[rh_node-33] [INFO] [1789368768.339461059] [amr_3.rh_node]: [amr_3] Pruned expired reservations for peers: ['amr_2']
[rh_node-34] [INFO] [1789368768.805400282] [amr_4.rh_node]: [amr_4] Pruned expired reservations for peers: ['amr_2']
[rh_node-30] [INFO] [1789368768.805939201] [amr_0.rh_node]: [amr_0] Pruned expired reservations for peers: ['amr_2']
[rh_node-31] [INFO] [1789368768.828226655] [amr_1.rh_node]: [amr_1] Pruned expired reservations for peers: ['amr_2']
[rh_node-33] [INFO] [1789368768.839918714] [amr_3.rh_node]: [amr_3] Pruned expired reservations for peers: ['amr_2']
[rh_node-34] [INFO] [1789368769.304415693] [amr_4.rh_node]: [amr_4] Pruned expired reservations for peers: ['amr_2']
[rh_node-30] [INFO] [1789368769.305167747] [amr_0.rh_node]: [amr_0] Pruned expired reservations for peers: ['amr_2']
[rh_node-31] [INFO] [1789368769.328831571] [amr_1.rh_node]: [amr_1] Pruned expired reservations for peers: ['amr_2']
[rh_node-33] [INFO] [1789368769.338089593] [amr_3.rh_node]: [amr_3] Pruned expired reservations for peers: ['amr_2']
[rh_node-30] [INFO] [1789368769.804053915] [amr_0.rh_node]: [amr_0] Pruned expired reservations for peers: ['amr_2']
[rh_node-34] [INFO] [1789368769.804319674] [amr_4.rh_node]: [amr_4] Pruned expired reservations for peers: ['amr_2']
[rh_node-31] [INFO] [1789368769.828770823] [amr_1.rh_node]: [amr_1] Pruned expired reservations for peers: ['amr_2']
[rh_node-33] [INFO] [1789368769.838853214] [amr_3.rh_node]: [amr_3] Pruned expired reservations for peers: ['amr_2']
[rh_node-30] [INFO] [1789368770.304081152] [amr_0.rh_node]: [amr_0] Pruned expired reservations for peers: ['amr_2']
[rh_node-34] [INFO] [1789368770.305170314] [amr_4.rh_node]: [amr_4] Pruned expired reservations for peers: ['amr_2']
[rh_node-31] [INFO] [1789368770.328349113] [amr_1.rh_node]: [amr_1] Pruned expired reservations for peers: ['amr_2']
[rh_node-33] [INFO] [1789368770.338845658] [amr_3.rh_node]: [amr_3] Pruned expired reservations for peers: ['amr_2']
[rh_node-30] [INFO] [1789368770.804048022] [amr_0.rh_node]: [amr_0] Pruned expired reservations for peers: ['amr_2']
[rh_node-34] [INFO] [1789368770.804327528] [amr_4.rh_node]: [amr_4] Pruned expired reservations for peers: ['amr_2']
[rh_node-31] [INFO] [1789368770.828453282] [amr_1.rh_node]: [amr_1] Pruned expired reservations for peers: ['amr_2']
[rh_node-33] [INFO] [1789368770.839510326] [amr_3.rh_node]: [amr_3] Pruned expired reservations for peers: ['amr_2']
[rh_node-30] [INFO] [1789368771.304249355] [amr_0.rh_node]: [amr_0] Pruned expired reservations for peers: ['amr_2']
[rh_node-34] [INFO] [1789368771.304720176] [amr_4.rh_node]: [amr_4] Pruned expired reservations for peers: ['amr_2']
[rh_node-31] [INFO] [1789368771.328960827] [amr_1.rh_node]: [amr_1] Pruned expired reservations for peers: ['amr_2']
[rh_node-33] [INFO] [1789368771.338119003] [amr_3.rh_node]: [amr_3] Pruned expired reservations for peers: ['amr_2']
[rh_node-30] [INFO] [1789368771.805057577] [amr_0.rh_node]: [amr_0] Pruned expired reservations for peers: ['amr_2']
[rh_node-34] [INFO] [1789368771.805188734] [amr_4.rh_node]: [amr_4] Pruned expired reservations for peers: ['amr_2']
[rh_node-31] [INFO] [1789368771.828284981] [amr_1.rh_node]: [amr_1] Pruned expired reservations for peers: ['amr_2']
[rh_node-33] [INFO] [1789368771.838119282] [amr_3.rh_node]: [amr_3] Pruned expired reservations for peers: ['amr_2']
[rh_node-34] [INFO] [1789368772.305235849] [amr_4.rh_node]: [amr_4] Pruned expired reservations for peers: ['amr_2']
[rh_node-30] [INFO] [1789368772.306910588] [amr_0.rh_node]: [amr_0] Pruned expired reservations for peers: ['amr_2']
[rh_node-31] [INFO] [1789368772.329062924] [amr_1.rh_node]: [amr_1] Pruned expired reservations for peers: ['amr_2']
[rh_node-33] [INFO] [1789368772.338926954] [amr_3.rh_node]: [amr_3] Pruned expired reservations for peers: ['amr_2']
[rh_node-30] [INFO] [1789368772.804066210] [amr_0.rh_node]: [amr_0] Pruned expired reservations for peers: ['amr_2']
[rh_node-34] [INFO] [1789368772.804363886] [amr_4.rh_node]: [amr_4] Pruned expired reservations for peers: ['amr_2']
[rh_node-31] [INFO] [1789368772.829435093] [amr_1.rh_node]: [amr_1] Pruned expired reservations for peers: ['amr_2']
[rh_node-33] [INFO] [1789368772.839450692] [amr_3.rh_node]: [amr_3] Pruned expired reservations for peers: ['amr_2']
[rh_node-30] [INFO] [1789368773.304055127] [amr_0.rh_node]: [amr_0] Pruned expired reservations for peers: ['amr_2']
[rh_node-34] [INFO] [1789368773.304436044] [amr_4.rh_node]: [amr_4] Pruned expired reservations for peers: ['amr_2']
[rh_node-31] [INFO] [1789368773.329038012] [amr_1.rh_node]: [amr_1] Pruned expired reservations for peers: ['amr_2']
[rh_node-33] [INFO] [1789368773.339486196] [amr_3.rh_node]: [amr_3] Pruned expired reservations for peers: ['amr_2']
[rh_node-30] [INFO] [1789368773.804045497] [amr_0.rh_node]: [amr_0] Pruned expired reservations for peers: ['amr_2']
[rh_node-34] [INFO] [1789368773.804357234] [amr_4.rh_node]: [amr_4] Pruned expired reservations for peers: ['amr_2']
[rh_node-31] [INFO] [1789368773.829606484] [amr_1.rh_node]: [amr_1] Pruned expired reservations for peers: ['amr_2']
[rh_node-33] [INFO] [1789368773.839312643] [amr_3.rh_node]: [amr_3] Pruned expired reservations for peers: ['amr_2']
[rh_node-30] [INFO] [1789368774.304266015] [amr_0.rh_node]: [amr_0] Pruned expired reservations for peers: ['amr_2']
[rh_node-34] [INFO] [1789368774.305924143] [amr_4.rh_node]: [amr_4] Pruned expired reservations for peers: ['amr_2']
[rh_node-31] [INFO] [1789368774.328383862] [amr_1.rh_node]: [amr_1] Pruned expired reservations for peers: ['amr_2']
[rh_node-33] [INFO] [1789368774.338619428] [amr_3.rh_node]: [amr_3] Pruned expired reservations for peers: ['amr_2']
[rh_node-34] [INFO] [1789368774.805191977] [amr_4.rh_node]: [amr_4] Pruned expired reservations for peers: ['amr_2']
[rh_node-30] [INFO] [1789368774.805471175] [amr_0.rh_node]: [amr_0] Pruned expired reservations for peers: ['amr_2']
[rh_node-31] [INFO] [1789368774.828629016] [amr_1.rh_node]: [amr_1] Pruned expired reservations for peers: ['amr_2']
[rh_node-33] [INFO] [1789368774.839079504] [amr_3.rh_node]: [amr_3] Pruned expired reservations for peers: ['amr_2']
[rh_node-30] [INFO] [1789368775.304115565] [amr_0.rh_node]: [amr_0] Pruned expired reservations for peers: ['amr_2']
[rh_node-34] [INFO] [1789368775.305456316] [amr_4.rh_node]: [amr_4] Pruned expired reservations for peers: ['amr_2']
[rh_node-31] [INFO] [1789368775.328776892] [amr_1.rh_node]: [amr_1] Pruned expired reservations for peers: ['amr_2']
[rh_node-33] [INFO] [1789368775.338167777] [amr_3.rh_node]: [amr_3] Pruned expired reservations for peers: ['amr_2']
[rh_node-30] [INFO] [1789368775.805655133] [amr_0.rh_node]: [amr_0] Pruned expired reservations for peers: ['amr_2']
[rh_node-34] [INFO] [1789368775.805702490] [amr_4.rh_node]: [amr_4] Pruned expired reservations for peers: ['amr_2']
[rh_node-31] [INFO] [1789368775.828812706] [amr_1.rh_node]: [amr_1] Pruned expired reservations for peers: ['amr_2']
[rh_node-33] [INFO] [1789368775.838111992] [amr_3.rh_node]: [amr_3] Pruned expired reservations for peers: ['amr_2']
[rh_node-34] [INFO] [1789368776.304315062] [amr_4.rh_node]: [amr_4] Pruned expired reservations for peers: ['amr_2']
[rh_node-30] [INFO] [1789368776.304961307] [amr_0.rh_node]: [amr_0] Pruned expired reservations for peers: ['amr_2']
[rh_node-31] [INFO] [1789368776.329006811] [amr_1.rh_node]: [amr_1] Pruned expired reservations for peers: ['amr_2']
[rh_node-33] [INFO] [1789368776.338963847] [amr_3.rh_node]: [amr_3] Pruned expired reservations for peers: ['amr_2']
[rh_node-34] [INFO] [1789368776.804309619] [amr_4.rh_node]: [amr_4] Pruned expired reservations for peers: ['amr_2']
[rh_node-30] [INFO] [1789368776.804361722] [amr_0.rh_node]: [amr_0] Pruned expired reservations for peers: ['amr_2']
[rh_node-31] [INFO] [1789368776.829480632] [amr_1.rh_node]: [amr_1] Pruned expired reservations for peers: ['amr_2']
[rh_node-33] [INFO] [1789368776.838620854] [amr_3.rh_node]: [amr_3] Pruned expired reservations for peers: ['amr_2']
[rh_node-34] [INFO] [1789368777.304583052] [amr_4.rh_node]: [amr_4] Pruned expired reservations for peers: ['amr_2']
[rh_node-30] [INFO] [1789368777.304861246] [amr_0.rh_node]: [amr_0] Pruned expired reservations for peers: ['amr_2']
[rh_node-31] [INFO] [1789368777.329545185] [amr_1.rh_node]: [amr_1] Pruned expired reservations for peers: ['amr_2']
[rh_node-33] [INFO] [1789368777.338095386] [amr_3.rh_node]: [amr_3] Pruned expired reservations for peers: ['amr_2']
[rh_node-30] [INFO] [1789368777.804113932] [amr_0.rh_node]: [amr_0] Pruned expired reservations for peers: ['amr_2']
[rh_node-34] [INFO] [1789368777.804261061] [amr_4.rh_node]: [amr_4] Pruned expired reservations for peers: ['amr_2']
[rh_node-31] [INFO] [1789368777.829219684] [amr_1.rh_node]: [amr_1] Pruned expired reservations for peers: ['amr_2']
[rh_node-33] [INFO] [1789368777.839678472] [amr_3.rh_node]: [amr_3] Pruned expired reservations for peers: ['amr_2']
[rh_node-34] [INFO] [1789368778.304346588] [amr_4.rh_node]: [amr_4] Pruned expired reservations for peers: ['amr_2']
[rh_node-30] [INFO] [1789368778.304355287] [amr_0.rh_node]: [amr_0] Pruned expired reservations for peers: ['amr_2']
[rh_node-31] [INFO] [1789368778.328825600] [amr_1.rh_node]: [amr_1] Pruned expired reservations for peers: ['amr_2']
[rh_node-33] [INFO] [1789368778.338076925] [amr_3.rh_node]: [amr_3] Pruned expired reservations for peers: ['amr_2']
[rh_node-30] [INFO] [1789368778.804025366] [amr_0.rh_node]: [amr_0] Pruned expired reservations for peers: ['amr_2']
[rh_node-34] [INFO] [1789368778.805882940] [amr_4.rh_node]: [amr_4] Pruned expired reservations for peers: ['amr_2']
[rh_node-31] [INFO] [1789368778.830010666] [amr_1.rh_node]: [amr_1] Pruned expired reservations for peers: ['amr_2']
[rh_node-33] [INFO] [1789368778.839362164] [amr_3.rh_node]: [amr_3] Pruned expired reservations for peers: ['amr_2']
[rh_node-30] [INFO] [1789368779.304382187] [amr_0.rh_node]: [amr_0] Pruned expired reservations for peers: ['amr_2']
[rh_node-34] [INFO] [1789368779.305992139] [amr_4.rh_node]: [amr_4] Pruned expired reservations for peers: ['amr_2']
[rh_node-31] [INFO] [1789368779.329011676] [amr_1.rh_node]: [amr_1] Pruned expired reservations for peers: ['amr_2']
[rh_node-33] [INFO] [1789368779.339553409] [amr_3.rh_node]: [amr_3] Pruned expired reservations for peers: ['amr_2']
[rh_node-30] [INFO] [1789368779.804748292] [amr_0.rh_node]: [amr_0] Pruned expired reservations for peers: ['amr_2']
[rh_node-34] [INFO] [1789368779.804982139] [amr_4.rh_node]: [amr_4] Pruned expired reservations for peers: ['amr_2']
[rh_node-31] [INFO] [1789368779.831032823] [amr_1.rh_node]: [amr_1] Pruned expired reservations for peers: ['amr_2']
[rh_node-33] [INFO] [1789368779.838803169] [amr_3.rh_node]: [amr_3] Pruned expired reservations for peers: ['amr_2']
[rh_node-34] [INFO] [1789368780.304302379] [amr_4.rh_node]: [amr_4] Pruned expired reservations for peers: ['amr_2']
[rh_node-30] [INFO] [1789368780.304763002] [amr_0.rh_node]: [amr_0] Pruned expired reservations for peers: ['amr_2']
[rh_node-31] [INFO] [1789368780.328025572] [amr_1.rh_node]: [amr_1] Pruned expired reservations for peers: ['amr_2']
[rh_node-33] [INFO] [1789368780.338265606] [amr_3.rh_node]: [amr_3] Pruned expired reservations for peers: ['amr_2']
[rh_node-30] [INFO] [1789368780.804097650] [amr_0.rh_node]: [amr_0] Pruned expired reservations for peers: ['amr_2']
[rh_node-34] [INFO] [1789368780.805642358] [amr_4.rh_node]: [amr_4] Pruned expired reservations for peers: ['amr_2']
[rh_node-31] [INFO] [1789368780.829543122] [amr_1.rh_node]: [amr_1] Pruned expired reservations for peers: ['amr_2']
[rh_node-33] [INFO] [1789368780.838654698] [amr_3.rh_node]: [amr_3] Pruned expired reservations for peers: ['amr_2']
[rh_node-30] [INFO] [1789368781.304147850] [amr_0.rh_node]: [amr_0] Pruned expired reservations for peers: ['amr_2']
[rh_node-34] [INFO] [1789368781.304395618] [amr_4.rh_node]: [amr_4] Reached pickup for task 'task_w15_0009'. Moving to dropoff.
[task_manager-24] [INFO] [1789368781.307489927] [amr_task_manager]: Task 'task_w15_0009' transitioned to IN_PROGRESS
[rh_node-34] [INFO] [1789368781.307710523] [amr_4.rh_node]: [amr_4] Pruned expired reservations for peers: ['amr_2']
[rh_node-31] [INFO] [1789368781.329872702] [amr_1.rh_node]: [amr_1] Pruned expired reservations for peers: ['amr_2']
[rh_node-33] [INFO] [1789368781.338056035] [amr_3.rh_node]: [amr_3] Pruned expired reservations for peers: ['amr_2']
[rh_node-30] [INFO] [1789368781.804023419] [amr_0.rh_node]: [amr_0] Pruned expired reservations for peers: ['amr_2']
[rh_node-34] [INFO] [1789368781.805340042] [amr_4.rh_node]: [amr_4] Pruned expired reservations for peers: ['amr_2']
[rh_node-31] [INFO] [1789368781.828225955] [amr_1.rh_node]: [amr_1] Pruned expired reservations for peers: ['amr_2']
[rh_node-33] [INFO] [1789368781.838458902] [amr_3.rh_node]: [amr_3] Pruned expired reservations for peers: ['amr_2']
[rh_node-34] [INFO] [1789368782.304674727] [amr_4.rh_node]: [amr_4] Pruned expired reservations for peers: ['amr_2']
[rh_node-30] [INFO] [1789368782.305836180] [amr_0.rh_node]: [amr_0] Pruned expired reservations for peers: ['amr_2']
[rh_node-31] [INFO] [1789368782.328926559] [amr_1.rh_node]: [amr_1] Pruned expired reservations for peers: ['amr_2']
[rh_node-33] [INFO] [1789368782.338515995] [amr_3.rh_node]: [amr_3] Pruned expired reservations for peers: ['amr_2']
