[INFO] [launch]: All log files can be found below /home/raghav/.ros/log/2026-09-15-03-32-12-899152-Raze-312308
[INFO] [launch]: Default logging verbosity is set to INFO
[INFO] [launch.user]: [FLEET] Spawning 10 robots into world "warehouse_m9_v2" (headless=True)
[INFO] [launch.user]: [M8B Fleet Bringup] Starting 10 CBBA nodes (bundle cap: 8, profile: NORMAL, compute_mode: ADAPTIVE)
[INFO] [launch.user]: [M8B Fleet Bringup] Starting 10 M8B RH nodes (compute_mode: ADAPTIVE, adaptive: True, h=10, w=4, replan_rate=2.0Hz)
[INFO] [gazebo-1]: process started with pid [312344]
[INFO] [parameter_bridge-2]: process started with pid [312345]
[INFO] [warehouse_visualizer-3]: process started with pid [312346]
[INFO] [task_manager-4]: process started with pid [312348]
[INFO] [cbba_node-5]: process started with pid [312349]
[INFO] [cbba_node-6]: process started with pid [312350]
[INFO] [cbba_node-7]: process started with pid [312351]
[INFO] [cbba_node-8]: process started with pid [312352]
[INFO] [cbba_node-9]: process started with pid [312353]
[INFO] [cbba_node-10]: process started with pid [312354]
[INFO] [cbba_node-11]: process started with pid [312355]
[INFO] [cbba_node-12]: process started with pid [312356]
[INFO] [cbba_node-13]: process started with pid [312357]
[INFO] [cbba_node-14]: process started with pid [312358]
[INFO] [rh_node-15]: process started with pid [312359]
[INFO] [rh_node-16]: process started with pid [312360]
[INFO] [rh_node-17]: process started with pid [312361]
[INFO] [rh_node-18]: process started with pid [312362]
[INFO] [rh_node-19]: process started with pid [312363]
[INFO] [rh_node-20]: process started with pid [312364]
[INFO] [rh_node-21]: process started with pid [312365]
[INFO] [rh_node-22]: process started with pid [312366]
[INFO] [rh_node-23]: process started with pid [312367]
[INFO] [rh_node-24]: process started with pid [312368]
[parameter_bridge-2] [INFO] [1789423333.279567638] [clock_bridge]: Creating GZ->ROS Bridge: [/clock (gz.msgs.Clock) -> /clock (rosgraph_msgs/msg/Clock)] (Lazy 0)
[warehouse_visualizer-3] [INFO] [1789423334.025280034] [warehouse_visualizer]: WarehouseVisualizerNode started with config: /home/raghav/Downloads/NRDAS_Antigravity_Project_Starter/antigravity_amr_project/config/maps/warehouse_m9_v2.yaml. Publishing to /warehouse_markers.
[cbba_node-8] [INFO] [1789423334.050994861] [amr_3.cbba_node]: CBBA Node initialized for amr_3 (bundle cap: 8)
[cbba_node-9] [INFO] [1789423334.108723370] [amr_4.cbba_node]: CBBA Node initialized for amr_4 (bundle cap: 8)
[cbba_node-13] [INFO] [1789423334.157258854] [amr_8.cbba_node]: CBBA Node initialized for amr_8 (bundle cap: 8)
[rh_node-22] [INFO] [1789423334.158885734] [amr_7.rh_node]: [amr_7] Loaded custom grid from /home/raghav/Downloads/NRDAS_Antigravity_Project_Starter/antigravity_amr_project/config/maps/warehouse_m9_v2.yaml (64x64)
[task_manager-4] [INFO] [1789423334.170621344] [amr_task_manager]: Loaded 30 tasks from workload: /home/raghav/Downloads/NRDAS_Antigravity_Project_Starter/antigravity_amr_project/config/workloads/workload_30_tasks_m9_v3_d.yaml
[rh_node-15] [INFO] [1789423334.180110723] [amr_0.rh_node]: [amr_0] Loaded custom grid from /home/raghav/Downloads/NRDAS_Antigravity_Project_Starter/antigravity_amr_project/config/maps/warehouse_m9_v2.yaml (64x64)
[cbba_node-12] [INFO] [1789423334.204768429] [amr_7.cbba_node]: CBBA Node initialized for amr_7 (bundle cap: 8)
[cbba_node-5] [INFO] [1789423334.218150610] [amr_0.cbba_node]: CBBA Node initialized for amr_0 (bundle cap: 8)
[rh_node-19] [INFO] [1789423334.247906164] [amr_4.rh_node]: [amr_4] Loaded custom grid from /home/raghav/Downloads/NRDAS_Antigravity_Project_Starter/antigravity_amr_project/config/maps/warehouse_m9_v2.yaml (64x64)
[rh_node-23] [INFO] [1789423334.268756455] [amr_8.rh_node]: [amr_8] Loaded custom grid from /home/raghav/Downloads/NRDAS_Antigravity_Project_Starter/antigravity_amr_project/config/maps/warehouse_m9_v2.yaml (64x64)
[rh_node-18] [INFO] [1789423334.276073412] [amr_3.rh_node]: [amr_3] Loaded custom grid from /home/raghav/Downloads/NRDAS_Antigravity_Project_Starter/antigravity_amr_project/config/maps/warehouse_m9_v2.yaml (64x64)
[task_manager-4] [INFO] [1789423334.289845644] [amr_task_manager]: Task Manager Node initialized.
[cbba_node-14] [INFO] [1789423334.304139632] [amr_9.cbba_node]: CBBA Node initialized for amr_9 (bundle cap: 8)
[rh_node-17] [INFO] [1789423334.329580525] [amr_2.rh_node]: [amr_2] Loaded custom grid from /home/raghav/Downloads/NRDAS_Antigravity_Project_Starter/antigravity_amr_project/config/maps/warehouse_m9_v2.yaml (64x64)
[rh_node-22] [INFO] [1789423334.330927309] [amr_7.rh_node]: Rolling-Horizon Planner initialized for amr_7 (h=10, w=4, heuristic=PRIORITY_FIRST)
[rh_node-15] [INFO] [1789423334.351569221] [amr_0.rh_node]: Rolling-Horizon Planner initialized for amr_0 (h=10, w=4, heuristic=PRIORITY_FIRST)
[rh_node-19] [INFO] [1789423334.356775656] [amr_4.rh_node]: Rolling-Horizon Planner initialized for amr_4 (h=10, w=4, heuristic=PRIORITY_FIRST)
[rh_node-18] [INFO] [1789423334.401707736] [amr_3.rh_node]: Rolling-Horizon Planner initialized for amr_3 (h=10, w=4, heuristic=PRIORITY_FIRST)
[rh_node-23] [INFO] [1789423334.419731189] [amr_8.rh_node]: Rolling-Horizon Planner initialized for amr_8 (h=10, w=4, heuristic=PRIORITY_FIRST)
[rh_node-17] [INFO] [1789423334.425111035] [amr_2.rh_node]: Rolling-Horizon Planner initialized for amr_2 (h=10, w=4, heuristic=PRIORITY_FIRST)
[cbba_node-11] [INFO] [1789423334.447976737] [amr_6.cbba_node]: CBBA Node initialized for amr_6 (bundle cap: 8)
[rh_node-20] [INFO] [1789423334.450406811] [amr_5.rh_node]: [amr_5] Loaded custom grid from /home/raghav/Downloads/NRDAS_Antigravity_Project_Starter/antigravity_amr_project/config/maps/warehouse_m9_v2.yaml (64x64)
[cbba_node-7] [INFO] [1789423334.456366998] [amr_2.cbba_node]: CBBA Node initialized for amr_2 (bundle cap: 8)
[rh_node-24] [INFO] [1789423334.490934674] [amr_9.rh_node]: [amr_9] Loaded custom grid from /home/raghav/Downloads/NRDAS_Antigravity_Project_Starter/antigravity_amr_project/config/maps/warehouse_m9_v2.yaml (64x64)
[rh_node-16] [INFO] [1789423334.499059816] [amr_1.rh_node]: [amr_1] Loaded custom grid from /home/raghav/Downloads/NRDAS_Antigravity_Project_Starter/antigravity_amr_project/config/maps/warehouse_m9_v2.yaml (64x64)
[cbba_node-10] [INFO] [1789423334.503197727] [amr_5.cbba_node]: CBBA Node initialized for amr_5 (bundle cap: 8)
[cbba_node-6] [INFO] [1789423334.519285814] [amr_1.cbba_node]: CBBA Node initialized for amr_1 (bundle cap: 8)
[rh_node-21] [INFO] [1789423334.522045346] [amr_6.rh_node]: [amr_6] Loaded custom grid from /home/raghav/Downloads/NRDAS_Antigravity_Project_Starter/antigravity_amr_project/config/maps/warehouse_m9_v2.yaml (64x64)
[rh_node-20] [INFO] [1789423334.524441504] [amr_5.rh_node]: Rolling-Horizon Planner initialized for amr_5 (h=10, w=4, heuristic=PRIORITY_FIRST)
[rh_node-24] [INFO] [1789423334.553123513] [amr_9.rh_node]: Rolling-Horizon Planner initialized for amr_9 (h=10, w=4, heuristic=PRIORITY_FIRST)
[rh_node-16] [INFO] [1789423334.558184317] [amr_1.rh_node]: Rolling-Horizon Planner initialized for amr_1 (h=10, w=4, heuristic=PRIORITY_FIRST)
[rh_node-21] [INFO] [1789423334.578968872] [amr_6.rh_node]: Rolling-Horizon Planner initialized for amr_6 (h=10, w=4, heuristic=PRIORITY_FIRST)
[INFO] [robot_state_publisher-25]: process started with pid [312716]
[INFO] [create-26]: process started with pid [312717]
[INFO] [parameter_bridge-27]: process started with pid [312718]
[INFO] [static_transform_publisher-28]: process started with pid [312719]
[INFO] [robot_state_publisher-29]: process started with pid [312720]
[INFO] [create-30]: process started with pid [312721]
[INFO] [parameter_bridge-31]: process started with pid [312722]
[INFO] [static_transform_publisher-32]: process started with pid [312723]
[INFO] [robot_state_publisher-33]: process started with pid [312724]
[INFO] [create-34]: process started with pid [312725]
[INFO] [parameter_bridge-35]: process started with pid [312726]
[INFO] [static_transform_publisher-36]: process started with pid [312727]
[INFO] [robot_state_publisher-37]: process started with pid [312728]
[INFO] [create-38]: process started with pid [312729]
[INFO] [parameter_bridge-39]: process started with pid [312732]
[INFO] [static_transform_publisher-40]: process started with pid [312737]
[INFO] [robot_state_publisher-41]: process started with pid [312740]
[INFO] [create-42]: process started with pid [312755]
[INFO] [parameter_bridge-43]: process started with pid [312756]
[INFO] [static_transform_publisher-44]: process started with pid [312757]
[INFO] [robot_state_publisher-45]: process started with pid [312772]
[INFO] [create-46]: process started with pid [312785]
[INFO] [parameter_bridge-47]: process started with pid [312795]
[INFO] [static_transform_publisher-48]: process started with pid [312796]
[INFO] [robot_state_publisher-49]: process started with pid [312799]
[INFO] [create-50]: process started with pid [312802]
[INFO] [parameter_bridge-51]: process started with pid [312807]
[INFO] [static_transform_publisher-52]: process started with pid [312809]
[INFO] [robot_state_publisher-53]: process started with pid [312876]
[INFO] [create-54]: process started with pid [312949]
[INFO] [parameter_bridge-55]: process started with pid [312952]
[INFO] [static_transform_publisher-56]: process started with pid [312953]
[INFO] [robot_state_publisher-57]: process started with pid [313012]
[INFO] [create-58]: process started with pid [313015]
[INFO] [parameter_bridge-59]: process started with pid [313028]
[INFO] [static_transform_publisher-60]: process started with pid [313030]
[INFO] [robot_state_publisher-61]: process started with pid [313038]
[INFO] [create-62]: process started with pid [313063]
[INFO] [parameter_bridge-63]: process started with pid [313077]
[INFO] [static_transform_publisher-64]: process started with pid [313096]
[robot_state_publisher-53] [INFO] [1789423336.707157534] [amr_7.robot_state_publisher]: Robot initialized
[static_transform_publisher-28] [INFO] [1789423336.839179582] [amr_0_map_to_odom]: Spinning until stopped - publishing transform
[static_transform_publisher-28] translation: ('1.500000', '4.500000', '0.000000')
[static_transform_publisher-28] rotation: ('0.000000', '0.000000', '0.000000', '1.000000')
[static_transform_publisher-28] from 'map' to 'amr_0/odom'
[create-34] [INFO] [1789423336.872054800] [amr_2_spawner]: Waiting messages on topic [amr_2/robot_description].
[static_transform_publisher-48] [INFO] [1789423336.929560530] [amr_5_map_to_odom]: Spinning until stopped - publishing transform
[static_transform_publisher-48] translation: ('30.500000', '4.500000', '0.000000')
[static_transform_publisher-48] rotation: ('0.000000', '0.000000', '1.000000', '0.000001')
[static_transform_publisher-48] from 'map' to 'amr_5/odom'
[create-30] [INFO] [1789423336.966583772] [amr_1_spawner]: Waiting messages on topic [amr_1/robot_description].
[static_transform_publisher-44] [INFO] [1789423336.972291048] [amr_4_map_to_odom]: Spinning until stopped - publishing transform
[static_transform_publisher-44] translation: ('1.500000', '27.500000', '0.000000')
[static_transform_publisher-44] rotation: ('0.000000', '0.000000', '0.000000', '1.000000')
[static_transform_publisher-44] from 'map' to 'amr_4/odom'
[create-42] [INFO] [1789423336.986252726] [amr_4_spawner]: Waiting messages on topic [amr_4/robot_description].
[create-26] [INFO] [1789423336.999638597] [amr_0_spawner]: Waiting messages on topic [amr_0/robot_description].
[parameter_bridge-27] [INFO] [1789423337.049452910] [amr_0_bridge]: Creating ROS->GZ Bridge: [/amr_0/cmd_vel (geometry_msgs/msg/Twist) -> /amr_0/cmd_vel (gz.msgs.Twist)] (Lazy 0)
[parameter_bridge-27] [INFO] [1789423337.051618701] [amr_0_bridge]: Creating GZ->ROS Bridge: [/amr_0/odom (gz.msgs.Odometry) -> /amr_0/odom (nav_msgs/msg/Odometry)] (Lazy 0)
[parameter_bridge-27] [INFO] [1789423337.053997014] [amr_0_bridge]: Creating GZ->ROS Bridge: [/amr_0/scan (gz.msgs.LaserScan) -> /amr_0/scan (sensor_msgs/msg/LaserScan)] (Lazy 0)
[parameter_bridge-27] [INFO] [1789423337.055716798] [amr_0_bridge]: Creating GZ->ROS Bridge: [/amr_0/tf (gz.msgs.Pose_V) -> /amr_0/tf (tf2_msgs/msg/TFMessage)] (Lazy 0)
[parameter_bridge-27] [INFO] [1789423337.057454751] [amr_0_bridge]: Creating GZ->ROS Bridge: [/amr_0/joint_states (gz.msgs.Model) -> /amr_0/joint_states (sensor_msgs/msg/JointState)] (Lazy 0)
[robot_state_publisher-57] [INFO] [1789423337.155508858] [amr_8.robot_state_publisher]: Robot initialized
[create-62] [INFO] [1789423337.171539071] [amr_9_spawner]: Waiting messages on topic [amr_9/robot_description].
[parameter_bridge-39] [INFO] [1789423337.353453900] [amr_3_bridge]: Creating ROS->GZ Bridge: [/amr_3/cmd_vel (geometry_msgs/msg/Twist) -> /amr_3/cmd_vel (gz.msgs.Twist)] (Lazy 0)
[parameter_bridge-39] [INFO] [1789423337.358721691] [amr_3_bridge]: Creating GZ->ROS Bridge: [/amr_3/odom (gz.msgs.Odometry) -> /amr_3/odom (nav_msgs/msg/Odometry)] (Lazy 0)
[parameter_bridge-39] [INFO] [1789423337.360808360] [amr_3_bridge]: Creating GZ->ROS Bridge: [/amr_3/scan (gz.msgs.LaserScan) -> /amr_3/scan (sensor_msgs/msg/LaserScan)] (Lazy 0)
[parameter_bridge-39] [INFO] [1789423337.362692964] [amr_3_bridge]: Creating GZ->ROS Bridge: [/amr_3/tf (gz.msgs.Pose_V) -> /amr_3/tf (tf2_msgs/msg/TFMessage)] (Lazy 0)
[parameter_bridge-39] [INFO] [1789423337.364484963] [amr_3_bridge]: Creating GZ->ROS Bridge: [/amr_3/joint_states (gz.msgs.Model) -> /amr_3/joint_states (sensor_msgs/msg/JointState)] (Lazy 0)
[robot_state_publisher-45] [INFO] [1789423337.364545820] [amr_5.robot_state_publisher]: Robot initialized
[create-50] [INFO] [1789423337.463997805] [amr_6_spawner]: Waiting messages on topic [amr_6/robot_description].
[parameter_bridge-47] [INFO] [1789423337.493844928] [amr_5_bridge]: Creating ROS->GZ Bridge: [/amr_5/cmd_vel (geometry_msgs/msg/Twist) -> /amr_5/cmd_vel (gz.msgs.Twist)] (Lazy 0)
[parameter_bridge-47] [INFO] [1789423337.496325447] [amr_5_bridge]: Creating GZ->ROS Bridge: [/amr_5/odom (gz.msgs.Odometry) -> /amr_5/odom (nav_msgs/msg/Odometry)] (Lazy 0)
[static_transform_publisher-64] [INFO] [1789423337.496515012] [amr_9_map_to_odom]: Spinning until stopped - publishing transform
[static_transform_publisher-64] translation: ('30.500000', '27.500000', '0.000000')
[static_transform_publisher-64] rotation: ('0.000000', '0.000000', '1.000000', '0.000001')
[static_transform_publisher-64] from 'map' to 'amr_9/odom'
[parameter_bridge-47] [INFO] [1789423337.498577672] [amr_5_bridge]: Creating GZ->ROS Bridge: [/amr_5/scan (gz.msgs.LaserScan) -> /amr_5/scan (sensor_msgs/msg/LaserScan)] (Lazy 0)
[parameter_bridge-47] [INFO] [1789423337.501082905] [amr_5_bridge]: Creating GZ->ROS Bridge: [/amr_5/tf (gz.msgs.Pose_V) -> /amr_5/tf (tf2_msgs/msg/TFMessage)] (Lazy 0)
[parameter_bridge-59] [INFO] [1789423337.503458741] [amr_8_bridge]: Creating ROS->GZ Bridge: [/amr_8/cmd_vel (geometry_msgs/msg/Twist) -> /amr_8/cmd_vel (gz.msgs.Twist)] (Lazy 0)
[parameter_bridge-47] [INFO] [1789423337.503830581] [amr_5_bridge]: Creating GZ->ROS Bridge: [/amr_5/joint_states (gz.msgs.Model) -> /amr_5/joint_states (sensor_msgs/msg/JointState)] (Lazy 0)
[parameter_bridge-59] [INFO] [1789423337.505695402] [amr_8_bridge]: Creating GZ->ROS Bridge: [/amr_8/odom (gz.msgs.Odometry) -> /amr_8/odom (nav_msgs/msg/Odometry)] (Lazy 0)
[robot_state_publisher-29] [INFO] [1789423337.520876488] [amr_1.robot_state_publisher]: Robot initialized
[create-46] [INFO] [1789423337.521967684] [amr_5_spawner]: Waiting messages on topic [amr_5/robot_description].
[robot_state_publisher-49] [INFO] [1789423337.548983365] [amr_6.robot_state_publisher]: Robot initialized
[robot_state_publisher-25] [INFO] [1789423337.564303270] [amr_0.robot_state_publisher]: Robot initialized
[static_transform_publisher-52] [INFO] [1789423337.567895710] [amr_6_map_to_odom]: Spinning until stopped - publishing transform
[static_transform_publisher-52] translation: ('30.500000', '10.000000', '0.000000')
[static_transform_publisher-52] rotation: ('0.000000', '0.000000', '1.000000', '0.000001')
[static_transform_publisher-52] from 'map' to 'amr_6/odom'
[parameter_bridge-35] [INFO] [1789423337.573901051] [amr_2_bridge]: Creating ROS->GZ Bridge: [/amr_2/cmd_vel (geometry_msgs/msg/Twist) -> /amr_2/cmd_vel (gz.msgs.Twist)] (Lazy 0)
[parameter_bridge-35] [INFO] [1789423337.600570249] [amr_2_bridge]: Creating GZ->ROS Bridge: [/amr_2/odom (gz.msgs.Odometry) -> /amr_2/odom (nav_msgs/msg/Odometry)] (Lazy 0)
[create-38] [INFO] [1789423337.609945664] [amr_3_spawner]: Waiting messages on topic [amr_3/robot_description].
[parameter_bridge-59] [INFO] [1789423337.612879856] [amr_8_bridge]: Creating GZ->ROS Bridge: [/amr_8/scan (gz.msgs.LaserScan) -> /amr_8/scan (sensor_msgs/msg/LaserScan)] (Lazy 0)
[parameter_bridge-35] [INFO] [1789423337.642825909] [amr_2_bridge]: Creating GZ->ROS Bridge: [/amr_2/scan (gz.msgs.LaserScan) -> /amr_2/scan (sensor_msgs/msg/LaserScan)] (Lazy 0)
[parameter_bridge-35] [INFO] [1789423337.651231686] [amr_2_bridge]: Creating GZ->ROS Bridge: [/amr_2/tf (gz.msgs.Pose_V) -> /amr_2/tf (tf2_msgs/msg/TFMessage)] (Lazy 0)
[create-58] [INFO] [1789423337.653037161] [amr_8_spawner]: Waiting messages on topic [amr_8/robot_description].
[parameter_bridge-35] [INFO] [1789423337.653848513] [amr_2_bridge]: Creating GZ->ROS Bridge: [/amr_2/joint_states (gz.msgs.Model) -> /amr_2/joint_states (sensor_msgs/msg/JointState)] (Lazy 0)
[parameter_bridge-59] [INFO] [1789423337.660097299] [amr_8_bridge]: Creating GZ->ROS Bridge: [/amr_8/tf (gz.msgs.Pose_V) -> /amr_8/tf (tf2_msgs/msg/TFMessage)] (Lazy 0)
[parameter_bridge-59] [INFO] [1789423337.664649159] [amr_8_bridge]: Creating GZ->ROS Bridge: [/amr_8/joint_states (gz.msgs.Model) -> /amr_8/joint_states (sensor_msgs/msg/JointState)] (Lazy 0)
[parameter_bridge-55] [INFO] [1789423337.665603569] [amr_7_bridge]: Creating ROS->GZ Bridge: [/amr_7/cmd_vel (geometry_msgs/msg/Twist) -> /amr_7/cmd_vel (gz.msgs.Twist)] (Lazy 0)
[parameter_bridge-55] [INFO] [1789423337.685721702] [amr_7_bridge]: Creating GZ->ROS Bridge: [/amr_7/odom (gz.msgs.Odometry) -> /amr_7/odom (nav_msgs/msg/Odometry)] (Lazy 0)
[static_transform_publisher-40] [INFO] [1789423337.685932312] [amr_3_map_to_odom]: Spinning until stopped - publishing transform
[static_transform_publisher-40] translation: ('1.500000', '22.000000', '0.000000')
[static_transform_publisher-40] rotation: ('0.000000', '0.000000', '0.000000', '1.000000')
[static_transform_publisher-40] from 'map' to 'amr_3/odom'
[static_transform_publisher-60] [INFO] [1789423337.691689731] [amr_8_map_to_odom]: Spinning until stopped - publishing transform
[static_transform_publisher-60] translation: ('30.500000', '22.000000', '0.000000')
[static_transform_publisher-60] rotation: ('0.000000', '0.000000', '1.000000', '0.000001')
[static_transform_publisher-60] from 'map' to 'amr_8/odom'
[robot_state_publisher-33] [INFO] [1789423337.697350673] [amr_2.robot_state_publisher]: Robot initialized
[parameter_bridge-43] [INFO] [1789423337.715579540] [amr_4_bridge]: Creating ROS->GZ Bridge: [/amr_4/cmd_vel (geometry_msgs/msg/Twist) -> /amr_4/cmd_vel (gz.msgs.Twist)] (Lazy 0)
[parameter_bridge-55] [INFO] [1789423337.732879595] [amr_7_bridge]: Creating GZ->ROS Bridge: [/amr_7/scan (gz.msgs.LaserScan) -> /amr_7/scan (sensor_msgs/msg/LaserScan)] (Lazy 0)
[parameter_bridge-51] [INFO] [1789423337.734021674] [amr_6_bridge]: Creating ROS->GZ Bridge: [/amr_6/cmd_vel (geometry_msgs/msg/Twist) -> /amr_6/cmd_vel (gz.msgs.Twist)] (Lazy 0)
[parameter_bridge-43] [INFO] [1789423337.736659983] [amr_4_bridge]: Creating GZ->ROS Bridge: [/amr_4/odom (gz.msgs.Odometry) -> /amr_4/odom (nav_msgs/msg/Odometry)] (Lazy 0)
[parameter_bridge-51] [INFO] [1789423337.736907846] [amr_6_bridge]: Creating GZ->ROS Bridge: [/amr_6/odom (gz.msgs.Odometry) -> /amr_6/odom (nav_msgs/msg/Odometry)] (Lazy 0)
[static_transform_publisher-56] [INFO] [1789423337.738167452] [amr_7_map_to_odom]: Spinning until stopped - publishing transform
[static_transform_publisher-56] translation: ('30.500000', '16.000000', '0.000000')
[static_transform_publisher-56] rotation: ('0.000000', '0.000000', '1.000000', '0.000001')
[static_transform_publisher-56] from 'map' to 'amr_7/odom'
[parameter_bridge-51] [INFO] [1789423337.741837898] [amr_6_bridge]: Creating GZ->ROS Bridge: [/amr_6/scan (gz.msgs.LaserScan) -> /amr_6/scan (sensor_msgs/msg/LaserScan)] (Lazy 0)
[static_transform_publisher-36] [INFO] [1789423337.743183779] [amr_2_map_to_odom]: Spinning until stopped - publishing transform
[static_transform_publisher-36] translation: ('1.500000', '16.000000', '0.000000')
[static_transform_publisher-36] rotation: ('0.000000', '0.000000', '0.000000', '1.000000')
[static_transform_publisher-36] from 'map' to 'amr_2/odom'
[parameter_bridge-51] [INFO] [1789423337.744114002] [amr_6_bridge]: Creating GZ->ROS Bridge: [/amr_6/tf (gz.msgs.Pose_V) -> /amr_6/tf (tf2_msgs/msg/TFMessage)] (Lazy 0)
[parameter_bridge-51] [INFO] [1789423337.746787039] [amr_6_bridge]: Creating GZ->ROS Bridge: [/amr_6/joint_states (gz.msgs.Model) -> /amr_6/joint_states (sensor_msgs/msg/JointState)] (Lazy 0)
[robot_state_publisher-41] [INFO] [1789423337.753966981] [amr_4.robot_state_publisher]: Robot initialized
[parameter_bridge-63] [INFO] [1789423337.755792242] [amr_9_bridge]: Creating ROS->GZ Bridge: [/amr_9/cmd_vel (geometry_msgs/msg/Twist) -> /amr_9/cmd_vel (gz.msgs.Twist)] (Lazy 0)
[parameter_bridge-63] [INFO] [1789423337.759441296] [amr_9_bridge]: Creating GZ->ROS Bridge: [/amr_9/odom (gz.msgs.Odometry) -> /amr_9/odom (nav_msgs/msg/Odometry)] (Lazy 0)
[parameter_bridge-55] [INFO] [1789423337.760810741] [amr_7_bridge]: Creating GZ->ROS Bridge: [/amr_7/tf (gz.msgs.Pose_V) -> /amr_7/tf (tf2_msgs/msg/TFMessage)] (Lazy 0)
[parameter_bridge-55] [INFO] [1789423337.762894377] [amr_7_bridge]: Creating GZ->ROS Bridge: [/amr_7/joint_states (gz.msgs.Model) -> /amr_7/joint_states (sensor_msgs/msg/JointState)] (Lazy 0)
[parameter_bridge-63] [INFO] [1789423337.762895320] [amr_9_bridge]: Creating GZ->ROS Bridge: [/amr_9/scan (gz.msgs.LaserScan) -> /amr_9/scan (sensor_msgs/msg/LaserScan)] (Lazy 0)
[parameter_bridge-63] [INFO] [1789423337.765545861] [amr_9_bridge]: Creating GZ->ROS Bridge: [/amr_9/tf (gz.msgs.Pose_V) -> /amr_9/tf (tf2_msgs/msg/TFMessage)] (Lazy 0)
[parameter_bridge-63] [INFO] [1789423337.772226160] [amr_9_bridge]: Creating GZ->ROS Bridge: [/amr_9/joint_states (gz.msgs.Model) -> /amr_9/joint_states (sensor_msgs/msg/JointState)] (Lazy 0)
[parameter_bridge-31] [INFO] [1789423337.795750871] [amr_1_bridge]: Creating ROS->GZ Bridge: [/amr_1/cmd_vel (geometry_msgs/msg/Twist) -> /amr_1/cmd_vel (gz.msgs.Twist)] (Lazy 0)
[parameter_bridge-31] [INFO] [1789423337.798550426] [amr_1_bridge]: Creating GZ->ROS Bridge: [/amr_1/odom (gz.msgs.Odometry) -> /amr_1/odom (nav_msgs/msg/Odometry)] (Lazy 0)
[parameter_bridge-43] [INFO] [1789423337.801061991] [amr_4_bridge]: Creating GZ->ROS Bridge: [/amr_4/scan (gz.msgs.LaserScan) -> /amr_4/scan (sensor_msgs/msg/LaserScan)] (Lazy 0)
[parameter_bridge-43] [INFO] [1789423337.803964650] [amr_4_bridge]: Creating GZ->ROS Bridge: [/amr_4/tf (gz.msgs.Pose_V) -> /amr_4/tf (tf2_msgs/msg/TFMessage)] (Lazy 0)
[parameter_bridge-43] [INFO] [1789423337.807069520] [amr_4_bridge]: Creating GZ->ROS Bridge: [/amr_4/joint_states (gz.msgs.Model) -> /amr_4/joint_states (sensor_msgs/msg/JointState)] (Lazy 0)
[parameter_bridge-31] [INFO] [1789423337.809667577] [amr_1_bridge]: Creating GZ->ROS Bridge: [/amr_1/scan (gz.msgs.LaserScan) -> /amr_1/scan (sensor_msgs/msg/LaserScan)] (Lazy 0)
[parameter_bridge-31] [INFO] [1789423337.811780430] [amr_1_bridge]: Creating GZ->ROS Bridge: [/amr_1/tf (gz.msgs.Pose_V) -> /amr_1/tf (tf2_msgs/msg/TFMessage)] (Lazy 0)
[create-54] [INFO] [1789423337.828070219] [amr_7_spawner]: Waiting messages on topic [amr_7/robot_description].
[parameter_bridge-31] [INFO] [1789423337.843562900] [amr_1_bridge]: Creating GZ->ROS Bridge: [/amr_1/joint_states (gz.msgs.Model) -> /amr_1/joint_states (sensor_msgs/msg/JointState)] (Lazy 0)
[static_transform_publisher-32] [INFO] [1789423337.848606813] [amr_1_map_to_odom]: Spinning until stopped - publishing transform
[static_transform_publisher-32] translation: ('1.500000', '10.000000', '0.000000')
[static_transform_publisher-32] rotation: ('0.000000', '0.000000', '0.000000', '1.000000')
[static_transform_publisher-32] from 'map' to 'amr_1/odom'
[robot_state_publisher-37] [INFO] [1789423337.869704485] [amr_3.robot_state_publisher]: Robot initialized
[create-34] [INFO] [1789423337.872762982] [amr_2_spawner]: Waiting messages on topic [amr_2/robot_description].
[robot_state_publisher-61] [INFO] [1789423337.920795928] [amr_9.robot_state_publisher]: Robot initialized
[create-30] [INFO] [1789423337.969608282] [amr_1_spawner]: Waiting messages on topic [amr_1/robot_description].
[create-42] [INFO] [1789423337.986415555] [amr_4_spawner]: Waiting messages on topic [amr_4/robot_description].
[create-26] [INFO] [1789423337.999796044] [amr_0_spawner]: Waiting messages on topic [amr_0/robot_description].
[create-62] [INFO] [1789423338.171635725] [amr_9_spawner]: Waiting messages on topic [amr_9/robot_description].
[task_manager-4] [INFO] [1789423338.270816165] [amr_task_manager]: Task 'task_m9_v3_w30_0010' transitioned to ASSIGNED
[cbba_node-14] [INFO] [1789423338.271721984] [amr_9.cbba_node]: Committed task task_m9_v3_w30_0010 assignment to amr_9
[cbba_node-13] [INFO] [1789423338.277440732] [amr_8.cbba_node]: Committed task task_m9_v3_w30_0009 assignment to amr_8
[cbba_node-10] [INFO] [1789423338.278213817] [amr_5.cbba_node]: Committed task task_m9_v3_w30_0006 assignment to amr_5
[task_manager-4] [INFO] [1789423338.283748446] [amr_task_manager]: Task 'task_m9_v3_w30_0009' transitioned to ASSIGNED
[task_manager-4] [INFO] [1789423338.284824227] [amr_task_manager]: Task 'task_m9_v3_w30_0006' transitioned to ASSIGNED
[cbba_node-6] [INFO] [1789423338.307853195] [amr_1.cbba_node]: Committed task task_m9_v3_w30_0002 assignment to amr_1
[cbba_node-6] [INFO] [1789423338.308861239] [amr_1.cbba_node]: Committed task task_m9_v3_w30_0012 assignment to amr_1
[task_manager-4] [INFO] [1789423338.319588004] [amr_task_manager]: Task 'task_m9_v3_w30_0002' transitioned to ASSIGNED
[parameter_bridge-59] [INFO] [1789423338.322315044] [amr_8_bridge]: Passing message from ROS geometry_msgs/msg/Twist to Gazebo gz.msgs.Twist (showing msg only once per type)
[parameter_bridge-47] [INFO] [1789423338.325841979] [amr_5_bridge]: Passing message from ROS geometry_msgs/msg/Twist to Gazebo gz.msgs.Twist (showing msg only once per type)
[task_manager-4] [INFO] [1789423338.328998539] [amr_task_manager]: Task 'task_m9_v3_w30_0012' transitioned to ASSIGNED
[create-46] [INFO] [1789423338.338015785] [amr_5_spawner]: Entity creation successful.
[parameter_bridge-63] [INFO] [1789423338.354446494] [amr_9_bridge]: Passing message from ROS geometry_msgs/msg/Twist to Gazebo gz.msgs.Twist (showing msg only once per type)
[cbba_node-5] [INFO] [1789423338.370829862] [amr_0.cbba_node]: Committed task task_m9_v3_w30_0001 assignment to amr_0
[cbba_node-5] [INFO] [1789423338.372021302] [amr_0.cbba_node]: Committed task task_m9_v3_w30_0011 assignment to amr_0
[cbba_node-12] [INFO] [1789423338.372956978] [amr_7.cbba_node]: Committed task task_m9_v3_w30_0008 assignment to amr_7
[parameter_bridge-31] [INFO] [1789423338.376527099] [amr_1_bridge]: Passing message from ROS geometry_msgs/msg/Twist to Gazebo gz.msgs.Twist (showing msg only once per type)
[task_manager-4] [INFO] [1789423338.385711802] [amr_task_manager]: Task 'task_m9_v3_w30_0001' transitioned to ASSIGNED
[task_manager-4] [INFO] [1789423338.387013237] [amr_task_manager]: Task 'task_m9_v3_w30_0011' transitioned to ASSIGNED
[task_manager-4] [INFO] [1789423338.403590409] [amr_task_manager]: Task 'task_m9_v3_w30_0008' transitioned to ASSIGNED
[task_manager-4] [INFO] [1789423338.408388335] [amr_task_manager]: Task 'task_m9_v3_w30_0004' transitioned to ASSIGNED
[cbba_node-8] [INFO] [1789423338.411526392] [amr_3.cbba_node]: Committed task task_m9_v3_w30_0004 assignment to amr_3
[task_manager-4] [INFO] [1789423338.417041723] [amr_task_manager]: Task 'task_m9_v3_w30_0014' transitioned to ASSIGNED
[cbba_node-7] [INFO] [1789423338.421715543] [amr_2.cbba_node]: Committed task task_m9_v3_w30_0003 assignment to amr_2
[task_manager-4] [INFO] [1789423338.422313407] [amr_task_manager]: Task 'task_m9_v3_w30_0003' transitioned to ASSIGNED
[task_manager-4] [INFO] [1789423338.425369485] [amr_task_manager]: Task 'task_m9_v3_w30_0013' transitioned to ASSIGNED
[cbba_node-8] [INFO] [1789423338.427063008] [amr_3.cbba_node]: Committed task task_m9_v3_w30_0014 assignment to amr_3
[parameter_bridge-55] [INFO] [1789423338.430719609] [amr_7_bridge]: Passing message from ROS geometry_msgs/msg/Twist to Gazebo gz.msgs.Twist (showing msg only once per type)
[cbba_node-11] [INFO] [1789423338.435468459] [amr_6.cbba_node]: Committed task task_m9_v3_w30_0007 assignment to amr_6
[cbba_node-7] [INFO] [1789423338.436710425] [amr_2.cbba_node]: Committed task task_m9_v3_w30_0013 assignment to amr_2
[task_manager-4] [INFO] [1789423338.439671891] [amr_task_manager]: Task 'task_m9_v3_w30_0007' transitioned to ASSIGNED
[cbba_node-9] [INFO] [1789423338.453233799] [amr_4.cbba_node]: Committed task task_m9_v3_w30_0005 assignment to amr_4
[cbba_node-9] [INFO] [1789423338.454207269] [amr_4.cbba_node]: Committed task task_m9_v3_w30_0015 assignment to amr_4
[parameter_bridge-27] [INFO] [1789423338.455772666] [amr_0_bridge]: Passing message from ROS geometry_msgs/msg/Twist to Gazebo gz.msgs.Twist (showing msg only once per type)
[create-50] [INFO] [1789423338.464188481] [amr_6_spawner]: Waiting messages on topic [amr_6/robot_description].
[task_manager-4] [INFO] [1789423338.467608439] [amr_task_manager]: Task 'task_m9_v3_w30_0005' transitioned to ASSIGNED
[task_manager-4] [INFO] [1789423338.468994961] [amr_task_manager]: Task 'task_m9_v3_w30_0015' transitioned to ASSIGNED
[parameter_bridge-39] [INFO] [1789423338.503273274] [amr_3_bridge]: Passing message from ROS geometry_msgs/msg/Twist to Gazebo gz.msgs.Twist (showing msg only once per type)
[gazebo-1] [1;33mWarning [Utils.cc:132][0m [/sdf/model[@name="amr"]/link[@name="amr_5/base_footprint"]/sensor[@name="amr_5_lidar"]/gz_frame_id:<urdf-string>:L0]: XML Element[gz_frame_id], child of element[sensor], not defined in SDF. Copying[gz_frame_id] as children of [sensor].
[parameter_bridge-35] [INFO] [1789423338.523652060] [amr_2_bridge]: Passing message from ROS geometry_msgs/msg/Twist to Gazebo gz.msgs.Twist (showing msg only once per type)
[INFO] [create-46]: process has finished cleanly [pid 312785]
[create-38] [INFO] [1789423338.540678610] [amr_3_spawner]: Entity creation successful.
[parameter_bridge-51] [INFO] [1789423338.602081771] [amr_6_bridge]: Passing message from ROS geometry_msgs/msg/Twist to Gazebo gz.msgs.Twist (showing msg only once per type)
[gazebo-1] [1;33mWarning [Utils.cc:132][0m [/sdf/model[@name="amr"]/link[@name="amr_3/base_footprint"]/sensor[@name="amr_3_lidar"]/gz_frame_id:<urdf-string>:L0]: XML Element[gz_frame_id], child of element[sensor], not defined in SDF. Copying[gz_frame_id] as children of [sensor].
[create-58] [INFO] [1789423338.653593129] [amr_8_spawner]: Waiting messages on topic [amr_8/robot_description].
[parameter_bridge-43] [INFO] [1789423338.656749796] [amr_4_bridge]: Passing message from ROS geometry_msgs/msg/Twist to Gazebo gz.msgs.Twist (showing msg only once per type)
[create-30] [INFO] [1789423338.678031103] [amr_1_spawner]: Entity creation successful.
[INFO] [create-38]: process has finished cleanly [pid 312729]
[create-34] [INFO] [1789423338.778178558] [amr_2_spawner]: Entity creation successful.
[gazebo-1] [1;33mWarning [Utils.cc:132][0m [/sdf/model[@name="amr"]/link[@name="amr_1/base_footprint"]/sensor[@name="amr_1_lidar"]/gz_frame_id:<urdf-string>:L0]: XML Element[gz_frame_id], child of element[sensor], not defined in SDF. Copying[gz_frame_id] as children of [sensor].
[INFO] [create-30]: process has finished cleanly [pid 312721]
[create-50] [INFO] [1789423338.879153161] [amr_6_spawner]: Entity creation successful.
[rh_node-18] [INFO] [1789423338.900871851] [amr_3.rh_node]: [amr_3] Reached pickup for task 'task_m9_v3_w30_0004'. Moving to dropoff.
[task_manager-4] [INFO] [1789423338.902019969] [amr_task_manager]: Task 'task_m9_v3_w30_0004' transitioned to IN_PROGRESS
[INFO] [create-34]: process has finished cleanly [pid 312725]
[create-54] [INFO] [1789423338.981532503] [amr_7_spawner]: Entity creation successful.
[INFO] [create-50]: process has finished cleanly [pid 312802]
[create-62] [INFO] [1789423339.080187040] [amr_9_spawner]: Entity creation successful.
[INFO] [create-54]: process has finished cleanly [pid 312949]
[create-58] [INFO] [1789423339.180537045] [amr_8_spawner]: Entity creation successful.
[INFO] [create-62]: process has finished cleanly [pid 313063]
[create-26] [INFO] [1789423339.280863268] [amr_0_spawner]: Entity creation successful.
[INFO] [create-58]: process has finished cleanly [pid 313015]
[create-42] [INFO] [1789423339.381053375] [amr_4_spawner]: Entity creation successful.
[INFO] [create-26]: process has finished cleanly [pid 312717]
[gazebo-1] [1;33mWarning [Utils.cc:132][0m [/sdf/model[@name="amr"]/link[@name="amr_2/base_footprint"]/sensor[@name="amr_2_lidar"]/gz_frame_id:<urdf-string>:L0]: XML Element[gz_frame_id], child of element[sensor], not defined in SDF. Copying[gz_frame_id] as children of [sensor].
[gazebo-1] [1;33mWarning [Utils.cc:132][0m [/sdf/model[@name="amr"]/link[@name="amr_6/base_footprint"]/sensor[@name="amr_6_lidar"]/gz_frame_id:<urdf-string>:L0]: XML Element[gz_frame_id], child of element[sensor], not defined in SDF. Copying[gz_frame_id] as children of [sensor].
[gazebo-1] [1;33mWarning [Utils.cc:132][0m [/sdf/model[@name="amr"]/link[@name="amr_7/base_footprint"]/sensor[@name="amr_7_lidar"]/gz_frame_id:<urdf-string>:L0]: XML Element[gz_frame_id], child of element[sensor], not defined in SDF. Copying[gz_frame_id] as children of [sensor].
[INFO] [create-42]: process has finished cleanly [pid 312755]
[gazebo-1] [1;33mWarning [Utils.cc:132][0m [/sdf/model[@name="amr"]/link[@name="amr_9/base_footprint"]/sensor[@name="amr_9_lidar"]/gz_frame_id:<urdf-string>:L0]: XML Element[gz_frame_id], child of element[sensor], not defined in SDF. Copying[gz_frame_id] as children of [sensor].
[gazebo-1] [1;33mWarning [Utils.cc:132][0m [/sdf/model[@name="amr"]/link[@name="amr_8/base_footprint"]/sensor[@name="amr_8_lidar"]/gz_frame_id:<urdf-string>:L0]: XML Element[gz_frame_id], child of element[sensor], not defined in SDF. Copying[gz_frame_id] as children of [sensor].
[gazebo-1] [1;33mWarning [Utils.cc:132][0m [/sdf/model[@name="amr"]/link[@name="amr_0/base_footprint"]/sensor[@name="amr_0_lidar"]/gz_frame_id:<urdf-string>:L0]: XML Element[gz_frame_id], child of element[sensor], not defined in SDF. Copying[gz_frame_id] as children of [sensor].
[gazebo-1] [1;33mWarning [Utils.cc:132][0m [/sdf/model[@name="amr"]/link[@name="amr_4/base_footprint"]/sensor[@name="amr_4_lidar"]/gz_frame_id:<urdf-string>:L0]: XML Element[gz_frame_id], child of element[sensor], not defined in SDF. Copying[gz_frame_id] as children of [sensor].
[task_manager-4] [INFO] [1789423340.623095927] [amr_task_manager]: Mission clock anchored at t=1789423340.62s
[task_manager-4] [INFO] [1789423340.623989471] [amr_task_manager]: Mission clock anchored at t=1789423340.62s
[task_manager-4] [INFO] [1789423385.790621527] [amr_task_manager]: Dynamically released 15 tasks at t=45.2s: ['task_m9_v3_w30_0016', 'task_m9_v3_w30_0017', 'task_m9_v3_w30_0018', 'task_m9_v3_w30_0019', 'task_m9_v3_w30_0020', 'task_m9_v3_w30_0021', 'task_m9_v3_w30_0022', 'task_m9_v3_w30_0023', 'task_m9_v3_w30_0024', 'task_m9_v3_w30_0025', 'task_m9_v3_w30_0026', 'task_m9_v3_w30_0027', 'task_m9_v3_w30_0028', 'task_m9_v3_w30_0029', 'task_m9_v3_w30_0030']
[rh_node-16] [INFO] [1789423385.953015194] [amr_1.rh_node]: [amr_1] Aisle blockage 'blockage_aisle_1_south' applied: 12 cells added as obstacles.
[rh_node-23] [INFO] [1789423385.953047186] [amr_8.rh_node]: [amr_8] Aisle blockage 'blockage_aisle_1_south' applied: 12 cells added as obstacles.
[rh_node-17] [INFO] [1789423385.953050588] [amr_2.rh_node]: [amr_2] Aisle blockage 'blockage_aisle_1_south' applied: 12 cells added as obstacles.
[rh_node-18] [INFO] [1789423385.953075153] [amr_3.rh_node]: [amr_3] Aisle blockage 'blockage_aisle_1_south' applied: 12 cells added as obstacles.
[rh_node-19] [INFO] [1789423385.953080845] [amr_4.rh_node]: [amr_4] Aisle blockage 'blockage_aisle_1_south' applied: 12 cells added as obstacles.
[rh_node-21] [INFO] [1789423385.953080553] [amr_6.rh_node]: [amr_6] Aisle blockage 'blockage_aisle_1_south' applied: 12 cells added as obstacles.
[rh_node-15] [INFO] [1789423385.953103988] [amr_0.rh_node]: [amr_0] Aisle blockage 'blockage_aisle_1_south' applied: 12 cells added as obstacles.
[rh_node-24] [INFO] [1789423385.953181588] [amr_9.rh_node]: [amr_9] Aisle blockage 'blockage_aisle_1_south' applied: 12 cells added as obstacles.
[rh_node-22] [INFO] [1789423385.953373970] [amr_7.rh_node]: [amr_7] Aisle blockage 'blockage_aisle_1_south' applied: 12 cells added as obstacles.
[rh_node-20] [INFO] [1789423385.954950752] [amr_5.rh_node]: [amr_5] Aisle blockage 'blockage_aisle_1_south' applied: 12 cells added as obstacles.
[cbba_node-13] [INFO] [1789423388.477438732] [amr_8.cbba_node]: Committed task task_m9_v3_w30_0019 assignment to amr_8
[cbba_node-13] [INFO] [1789423388.478549995] [amr_8.cbba_node]: Committed task task_m9_v3_w30_0029 assignment to amr_8
[task_manager-4] [INFO] [1789423388.477467293] [amr_task_manager]: Task 'task_m9_v3_w30_0019' transitioned to ASSIGNED
[task_manager-4] [INFO] [1789423388.478871779] [amr_task_manager]: Task 'task_m9_v3_w30_0016' transitioned to ASSIGNED
[cbba_node-10] [INFO] [1789423388.477883891] [amr_5.cbba_node]: Committed task task_m9_v3_w30_0016 assignment to amr_5
[cbba_node-10] [INFO] [1789423388.478630353] [amr_5.cbba_node]: Committed task task_m9_v3_w30_0026 assignment to amr_5
[task_manager-4] [INFO] [1789423388.479984711] [amr_task_manager]: Task 'task_m9_v3_w30_0029' transitioned to ASSIGNED
[task_manager-4] [INFO] [1789423388.481089804] [amr_task_manager]: Task 'task_m9_v3_w30_0026' transitioned to ASSIGNED
[cbba_node-6] [INFO] [1789423388.504730522] [amr_1.cbba_node]: Committed task task_m9_v3_w30_0022 assignment to amr_1
[task_manager-4] [INFO] [1789423388.504782690] [amr_task_manager]: Task 'task_m9_v3_w30_0022' transitioned to ASSIGNED
[cbba_node-5] [INFO] [1789423388.555354782] [amr_0.cbba_node]: Committed task task_m9_v3_w30_0021 assignment to amr_0
[task_manager-4] [INFO] [1789423388.556395185] [amr_task_manager]: Task 'task_m9_v3_w30_0021' transitioned to ASSIGNED
[cbba_node-12] [INFO] [1789423388.571907481] [amr_7.cbba_node]: Committed task task_m9_v3_w30_0018 assignment to amr_7
[task_manager-4] [INFO] [1789423388.571991535] [amr_task_manager]: Task 'task_m9_v3_w30_0018' transitioned to ASSIGNED
[cbba_node-12] [INFO] [1789423388.572704026] [amr_7.cbba_node]: Committed task task_m9_v3_w30_0028 assignment to amr_7
[task_manager-4] [INFO] [1789423388.573452874] [amr_task_manager]: Task 'task_m9_v3_w30_0028' transitioned to ASSIGNED
[cbba_node-8] [INFO] [1789423388.602480839] [amr_3.cbba_node]: Committed task task_m9_v3_w30_0024 assignment to amr_3
[task_manager-4] [INFO] [1789423388.603134571] [amr_task_manager]: Task 'task_m9_v3_w30_0024' transitioned to ASSIGNED
[cbba_node-7] [INFO] [1789423388.619924162] [amr_2.cbba_node]: Committed task task_m9_v3_w30_0023 assignment to amr_2
[task_manager-4] [INFO] [1789423388.620200355] [amr_task_manager]: Task 'task_m9_v3_w30_0023' transitioned to ASSIGNED
[cbba_node-11] [INFO] [1789423388.633916222] [amr_6.cbba_node]: Committed task task_m9_v3_w30_0017 assignment to amr_6
[task_manager-4] [INFO] [1789423388.634645968] [amr_task_manager]: Task 'task_m9_v3_w30_0017' transitioned to ASSIGNED
[cbba_node-11] [INFO] [1789423388.634660023] [amr_6.cbba_node]: Committed task task_m9_v3_w30_0027 assignment to amr_6
[task_manager-4] [INFO] [1789423388.635619743] [amr_task_manager]: Task 'task_m9_v3_w30_0027' transitioned to ASSIGNED
[cbba_node-9] [INFO] [1789423388.653068512] [amr_4.cbba_node]: Committed task task_m9_v3_w30_0025 assignment to amr_4
[task_manager-4] [INFO] [1789423388.653139295] [amr_task_manager]: Task 'task_m9_v3_w30_0025' transitioned to ASSIGNED
[cbba_node-14] [INFO] [1789423388.662658874] [amr_9.cbba_node]: Committed task task_m9_v3_w30_0020 assignment to amr_9
[cbba_node-14] [INFO] [1789423388.663686608] [amr_9.cbba_node]: Committed task task_m9_v3_w30_0030 assignment to amr_9
[task_manager-4] [INFO] [1789423388.663991108] [amr_task_manager]: Task 'task_m9_v3_w30_0020' transitioned to ASSIGNED
[task_manager-4] [INFO] [1789423388.665472738] [amr_task_manager]: Task 'task_m9_v3_w30_0030' transitioned to ASSIGNED
[cbba_node-5] [INFO] [1789423415.627733100] [amr_0.cbba_node]: [amr_0] Received comm profile update in CBBA: LOSS_HIGH (enabled=True)
[cbba_node-9] [INFO] [1789423415.627871747] [amr_4.cbba_node]: [amr_4] Received comm profile update in CBBA: LOSS_HIGH (enabled=True)
[cbba_node-8] [INFO] [1789423415.627882597] [amr_3.cbba_node]: [amr_3] Received comm profile update in CBBA: LOSS_HIGH (enabled=True)
[cbba_node-7] [INFO] [1789423415.627904388] [amr_2.cbba_node]: [amr_2] Received comm profile update in CBBA: LOSS_HIGH (enabled=True)
[rh_node-15] [INFO] [1789423415.627930825] [amr_0.rh_node]: [amr_0] Received comm profile update: LOSS_HIGH (enabled=True)
[cbba_node-11] [INFO] [1789423415.627936470] [amr_6.cbba_node]: [amr_6] Received comm profile update in CBBA: LOSS_HIGH (enabled=True)
[rh_node-23] [INFO] [1789423415.627936463] [amr_8.rh_node]: [amr_8] Received comm profile update: LOSS_HIGH (enabled=True)
[cbba_node-12] [INFO] [1789423415.628011137] [amr_7.cbba_node]: [amr_7] Received comm profile update in CBBA: LOSS_HIGH (enabled=True)
[rh_node-21] [INFO] [1789423415.628145567] [amr_6.rh_node]: [amr_6] Received comm profile update: LOSS_HIGH (enabled=True)
[rh_node-22] [INFO] [1789423415.628148148] [amr_7.rh_node]: [amr_7] Received comm profile update: LOSS_HIGH (enabled=True)
[cbba_node-10] [INFO] [1789423415.628191309] [amr_5.cbba_node]: [amr_5] Received comm profile update in CBBA: LOSS_HIGH (enabled=True)
[cbba_node-6] [INFO] [1789423415.628858187] [amr_1.cbba_node]: [amr_1] Received comm profile update in CBBA: LOSS_HIGH (enabled=True)
[cbba_node-13] [INFO] [1789423415.629513917] [amr_8.cbba_node]: [amr_8] Received comm profile update in CBBA: LOSS_HIGH (enabled=True)
[rh_node-18] [INFO] [1789423415.629678402] [amr_3.rh_node]: [amr_3] Received comm profile update: LOSS_HIGH (enabled=True)
[rh_node-16] [INFO] [1789423415.629689062] [amr_1.rh_node]: [amr_1] Received comm profile update: LOSS_HIGH (enabled=True)
[rh_node-17] [INFO] [1789423415.629740094] [amr_2.rh_node]: [amr_2] Received comm profile update: LOSS_HIGH (enabled=True)
[cbba_node-14] [INFO] [1789423415.629780228] [amr_9.cbba_node]: [amr_9] Received comm profile update in CBBA: LOSS_HIGH (enabled=True)
[rh_node-24] [INFO] [1789423415.629964798] [amr_9.rh_node]: [amr_9] Received comm profile update: LOSS_HIGH (enabled=True)
[rh_node-20] [INFO] [1789423415.630513943] [amr_5.rh_node]: [amr_5] Received comm profile update: LOSS_HIGH (enabled=True)
[rh_node-19] [INFO] [1789423415.631711435] [amr_4.rh_node]: [amr_4] Received comm profile update: LOSS_HIGH (enabled=True)
[rh_node-15] [INFO] [1789423430.958548129] [amr_0.rh_node]: [amr_0] Aisle blockage 'blockage_aisle_1_south' cleared: 12 cells restored to traversable.
[rh_node-20] [INFO] [1789423430.958545959] [amr_5.rh_node]: [amr_5] Aisle blockage 'blockage_aisle_1_south' cleared: 12 cells restored to traversable.
[rh_node-24] [INFO] [1789423430.958552776] [amr_9.rh_node]: [amr_9] Aisle blockage 'blockage_aisle_1_south' cleared: 12 cells restored to traversable.
[rh_node-22] [INFO] [1789423430.958560092] [amr_7.rh_node]: [amr_7] Aisle blockage 'blockage_aisle_1_south' cleared: 12 cells restored to traversable.
[rh_node-19] [INFO] [1789423430.958704077] [amr_4.rh_node]: [amr_4] Aisle blockage 'blockage_aisle_1_south' cleared: 12 cells restored to traversable.
[rh_node-16] [INFO] [1789423430.958715159] [amr_1.rh_node]: [amr_1] Aisle blockage 'blockage_aisle_1_south' cleared: 12 cells restored to traversable.
[rh_node-17] [INFO] [1789423430.958922521] [amr_2.rh_node]: [amr_2] Aisle blockage 'blockage_aisle_1_south' cleared: 12 cells restored to traversable.
[rh_node-21] [INFO] [1789423430.959305241] [amr_6.rh_node]: [amr_6] Aisle blockage 'blockage_aisle_1_south' cleared: 12 cells restored to traversable.
[rh_node-18] [INFO] [1789423430.959825484] [amr_3.rh_node]: [amr_3] Aisle blockage 'blockage_aisle_1_south' cleared: 12 cells restored to traversable.
[rh_node-23] [INFO] [1789423430.960369509] [amr_8.rh_node]: [amr_8] Aisle blockage 'blockage_aisle_1_south' cleared: 12 cells restored to traversable.
[rh_node-17] [INFO] [1789423434.423445380] [amr_2.rh_node]: [amr_2] Reached pickup for task 'task_m9_v3_w30_0013'. Moving to dropoff.
[task_manager-4] [INFO] [1789423434.426716624] [amr_task_manager]: Task 'task_m9_v3_w30_0013' transitioned to IN_PROGRESS
[rh_node-20] [INFO] [1789423457.025902343] [amr_5.rh_node]: [amr_5] Pruned expired reservations for peers: ['amr_2']
[rh_node-24] [INFO] [1789423457.058121718] [amr_9.rh_node]: [amr_9] Pruned expired reservations for peers: ['amr_2']
[rh_node-16] [INFO] [1789423457.064342796] [amr_1.rh_node]: [amr_1] Pruned expired reservations for peers: ['amr_2']
[rh_node-21] [INFO] [1789423457.082928628] [amr_6.rh_node]: [amr_6] Pruned expired reservations for peers: ['amr_5']
[rh_node-15] [INFO] [1789423457.348641842] [amr_0.rh_node]: [amr_0] Pruned expired reservations for peers: ['amr_5']
[rh_node-19] [INFO] [1789423457.359077130] [amr_4.rh_node]: [amr_4] Pruned expired reservations for peers: ['amr_5']
[rh_node-18] [INFO] [1789423457.402667743] [amr_3.rh_node]: [amr_3] Pruned expired reservations for peers: ['amr_5']
[rh_node-18] [INFO] [1789423460.629270672] [amr_3.rh_node]: [amr_3] Received comm profile update: NORMAL (enabled=False)
[cbba_node-13] [INFO] [1789423460.629310525] [amr_8.cbba_node]: [amr_8] Received comm profile update in CBBA: NORMAL (enabled=False)
[rh_node-16] [INFO] [1789423460.629319461] [amr_1.rh_node]: [amr_1] Received comm profile update: NORMAL (enabled=False)
[rh_node-19] [INFO] [1789423460.629385620] [amr_4.rh_node]: [amr_4] Received comm profile update: NORMAL (enabled=False)
[cbba_node-9] [INFO] [1789423460.629557973] [amr_4.cbba_node]: [amr_4] Received comm profile update in CBBA: NORMAL (enabled=False)
[rh_node-22] [INFO] [1789423460.629591968] [amr_7.rh_node]: [amr_7] Received comm profile update: NORMAL (enabled=False)
[rh_node-23] [INFO] [1789423460.629635627] [amr_8.rh_node]: [amr_8] Received comm profile update: NORMAL (enabled=False)
[cbba_node-11] [INFO] [1789423460.629782767] [amr_6.cbba_node]: [amr_6] Received comm profile update in CBBA: NORMAL (enabled=False)
[rh_node-20] [INFO] [1789423460.629918969] [amr_5.rh_node]: [amr_5] Received comm profile update: NORMAL (enabled=False)
[cbba_node-7] [INFO] [1789423460.630231389] [amr_2.cbba_node]: [amr_2] Received comm profile update in CBBA: NORMAL (enabled=False)
[cbba_node-10] [INFO] [1789423460.630785223] [amr_5.cbba_node]: [amr_5] Received comm profile update in CBBA: NORMAL (enabled=False)
[rh_node-17] [INFO] [1789423460.631033230] [amr_2.rh_node]: [amr_2] Received comm profile update: NORMAL (enabled=False)
[cbba_node-6] [INFO] [1789423460.631135062] [amr_1.cbba_node]: [amr_1] Received comm profile update in CBBA: NORMAL (enabled=False)
[cbba_node-12] [INFO] [1789423460.631270658] [amr_7.cbba_node]: [amr_7] Received comm profile update in CBBA: NORMAL (enabled=False)
[rh_node-24] [INFO] [1789423460.631276523] [amr_9.rh_node]: [amr_9] Received comm profile update: NORMAL (enabled=False)
[cbba_node-5] [INFO] [1789423460.631292034] [amr_0.cbba_node]: [amr_0] Received comm profile update in CBBA: NORMAL (enabled=False)
[rh_node-15] [INFO] [1789423460.631632628] [amr_0.rh_node]: [amr_0] Received comm profile update: NORMAL (enabled=False)
[cbba_node-8] [INFO] [1789423460.631823375] [amr_3.cbba_node]: [amr_3] Received comm profile update in CBBA: NORMAL (enabled=False)
[rh_node-21] [INFO] [1789423460.632279499] [amr_6.rh_node]: [amr_6] Received comm profile update: NORMAL (enabled=False)
[cbba_node-14] [INFO] [1789423460.632415308] [amr_9.cbba_node]: [amr_9] Received comm profile update in CBBA: NORMAL (enabled=False)
[gazebo-1] [1;31m[Err] [UserCommands.cc:1120] [0m[1;31mEntity named [[0m[1;31mdynamic_aisle_blocker[0m[1;31m] of type [[0m[1;31m2[0m[1;31m] not found, so not removed.[0m[1;31m[0m
