[INFO] [launch]: All log files can be found below /home/raghav/.ros/log/2026-09-15-03-12-42-320530-Raze-308250
[INFO] [launch]: Default logging verbosity is set to INFO
[INFO] [launch.user]: [FLEET] Spawning 10 robots into world "warehouse_m9_v2" (headless=True)
[INFO] [launch.user]: [M8B Fleet Bringup] Starting 10 CBBA nodes (bundle cap: 8, profile: NORMAL, compute_mode: ADAPTIVE)
[INFO] [launch.user]: [M8B Fleet Bringup] Starting 10 M8B RH nodes (compute_mode: ADAPTIVE, adaptive: True, h=10, w=4, replan_rate=2.0Hz)
[INFO] [gazebo-1]: process started with pid [308280]
[INFO] [parameter_bridge-2]: process started with pid [308281]
[INFO] [warehouse_visualizer-3]: process started with pid [308283]
[INFO] [task_manager-4]: process started with pid [308284]
[INFO] [cbba_node-5]: process started with pid [308285]
[INFO] [cbba_node-6]: process started with pid [308286]
[INFO] [cbba_node-7]: process started with pid [308287]
[INFO] [cbba_node-8]: process started with pid [308288]
[INFO] [cbba_node-9]: process started with pid [308289]
[INFO] [cbba_node-10]: process started with pid [308290]
[INFO] [cbba_node-11]: process started with pid [308291]
[INFO] [cbba_node-12]: process started with pid [308292]
[INFO] [cbba_node-13]: process started with pid [308293]
[INFO] [cbba_node-14]: process started with pid [308294]
[INFO] [rh_node-15]: process started with pid [308295]
[INFO] [rh_node-16]: process started with pid [308296]
[INFO] [rh_node-17]: process started with pid [308297]
[INFO] [rh_node-18]: process started with pid [308298]
[INFO] [rh_node-19]: process started with pid [308299]
[INFO] [rh_node-20]: process started with pid [308300]
[INFO] [rh_node-21]: process started with pid [308301]
[INFO] [rh_node-22]: process started with pid [308302]
[INFO] [rh_node-23]: process started with pid [308303]
[INFO] [rh_node-24]: process started with pid [308304]
[parameter_bridge-2] [INFO] [1789422162.678892629] [clock_bridge]: Creating GZ->ROS Bridge: [/clock (gz.msgs.Clock) -> /clock (rosgraph_msgs/msg/Clock)] (Lazy 0)
[cbba_node-10] [INFO] [1789422163.306343488] [amr_5.cbba_node]: CBBA Node initialized for amr_5 (bundle cap: 8)
[rh_node-17] [INFO] [1789422163.395310269] [amr_2.rh_node]: [amr_2] Loaded custom grid from /home/raghav/Downloads/NRDAS_Antigravity_Project_Starter/antigravity_amr_project/config/maps/warehouse_m9_v2.yaml (64x64)
[cbba_node-7] [INFO] [1789422163.407805941] [amr_2.cbba_node]: CBBA Node initialized for amr_2 (bundle cap: 8)
[task_manager-4] [INFO] [1789422163.426629313] [amr_task_manager]: Loaded 30 tasks from workload: /home/raghav/Downloads/NRDAS_Antigravity_Project_Starter/antigravity_amr_project/config/workloads/workload_30_tasks_m9_v3_d.yaml
[cbba_node-5] [INFO] [1789422163.434207448] [amr_0.cbba_node]: CBBA Node initialized for amr_0 (bundle cap: 8)
[warehouse_visualizer-3] [INFO] [1789422163.452917308] [warehouse_visualizer]: WarehouseVisualizerNode started with config: /home/raghav/Downloads/NRDAS_Antigravity_Project_Starter/antigravity_amr_project/config/maps/warehouse_m9_v2.yaml. Publishing to /warehouse_markers.
[rh_node-17] [INFO] [1789422163.479183706] [amr_2.rh_node]: Rolling-Horizon Planner initialized for amr_2 (h=10, w=4, heuristic=PRIORITY_FIRST)
[task_manager-4] [INFO] [1789422163.481305391] [amr_task_manager]: Task Manager Node initialized.
[rh_node-15] [INFO] [1789422163.488201620] [amr_0.rh_node]: [amr_0] Loaded custom grid from /home/raghav/Downloads/NRDAS_Antigravity_Project_Starter/antigravity_amr_project/config/maps/warehouse_m9_v2.yaml (64x64)
[rh_node-18] [INFO] [1789422163.519804401] [amr_3.rh_node]: [amr_3] Loaded custom grid from /home/raghav/Downloads/NRDAS_Antigravity_Project_Starter/antigravity_amr_project/config/maps/warehouse_m9_v2.yaml (64x64)
[cbba_node-11] [INFO] [1789422163.547540723] [amr_6.cbba_node]: CBBA Node initialized for amr_6 (bundle cap: 8)
[cbba_node-14] [INFO] [1789422163.588286156] [amr_9.cbba_node]: CBBA Node initialized for amr_9 (bundle cap: 8)
[rh_node-15] [INFO] [1789422163.593510079] [amr_0.rh_node]: Rolling-Horizon Planner initialized for amr_0 (h=10, w=4, heuristic=PRIORITY_FIRST)
[rh_node-16] [INFO] [1789422163.622846217] [amr_1.rh_node]: [amr_1] Loaded custom grid from /home/raghav/Downloads/NRDAS_Antigravity_Project_Starter/antigravity_amr_project/config/maps/warehouse_m9_v2.yaml (64x64)
[rh_node-18] [INFO] [1789422163.639065823] [amr_3.rh_node]: Rolling-Horizon Planner initialized for amr_3 (h=10, w=4, heuristic=PRIORITY_FIRST)
[cbba_node-8] [INFO] [1789422163.641815363] [amr_3.cbba_node]: CBBA Node initialized for amr_3 (bundle cap: 8)
[rh_node-23] [INFO] [1789422163.659154962] [amr_8.rh_node]: [amr_8] Loaded custom grid from /home/raghav/Downloads/NRDAS_Antigravity_Project_Starter/antigravity_amr_project/config/maps/warehouse_m9_v2.yaml (64x64)
[cbba_node-6] [INFO] [1789422163.684794508] [amr_1.cbba_node]: CBBA Node initialized for amr_1 (bundle cap: 8)
[rh_node-16] [INFO] [1789422163.731011758] [amr_1.rh_node]: Rolling-Horizon Planner initialized for amr_1 (h=10, w=4, heuristic=PRIORITY_FIRST)
[rh_node-22] [INFO] [1789422163.739769340] [amr_7.rh_node]: [amr_7] Loaded custom grid from /home/raghav/Downloads/NRDAS_Antigravity_Project_Starter/antigravity_amr_project/config/maps/warehouse_m9_v2.yaml (64x64)
[rh_node-23] [INFO] [1789422163.745783948] [amr_8.rh_node]: Rolling-Horizon Planner initialized for amr_8 (h=10, w=4, heuristic=PRIORITY_FIRST)
[cbba_node-9] [INFO] [1789422163.751646429] [amr_4.cbba_node]: CBBA Node initialized for amr_4 (bundle cap: 8)
[rh_node-19] [INFO] [1789422163.758548513] [amr_4.rh_node]: [amr_4] Loaded custom grid from /home/raghav/Downloads/NRDAS_Antigravity_Project_Starter/antigravity_amr_project/config/maps/warehouse_m9_v2.yaml (64x64)
[rh_node-21] [INFO] [1789422163.770607124] [amr_6.rh_node]: [amr_6] Loaded custom grid from /home/raghav/Downloads/NRDAS_Antigravity_Project_Starter/antigravity_amr_project/config/maps/warehouse_m9_v2.yaml (64x64)
[rh_node-20] [INFO] [1789422163.804231113] [amr_5.rh_node]: [amr_5] Loaded custom grid from /home/raghav/Downloads/NRDAS_Antigravity_Project_Starter/antigravity_amr_project/config/maps/warehouse_m9_v2.yaml (64x64)
[rh_node-22] [INFO] [1789422163.805312667] [amr_7.rh_node]: Rolling-Horizon Planner initialized for amr_7 (h=10, w=4, heuristic=PRIORITY_FIRST)
[cbba_node-13] [INFO] [1789422163.812627772] [amr_8.cbba_node]: CBBA Node initialized for amr_8 (bundle cap: 8)
[cbba_node-12] [INFO] [1789422163.818853547] [amr_7.cbba_node]: CBBA Node initialized for amr_7 (bundle cap: 8)
[rh_node-19] [INFO] [1789422163.824281190] [amr_4.rh_node]: Rolling-Horizon Planner initialized for amr_4 (h=10, w=4, heuristic=PRIORITY_FIRST)
[rh_node-21] [INFO] [1789422163.835581541] [amr_6.rh_node]: Rolling-Horizon Planner initialized for amr_6 (h=10, w=4, heuristic=PRIORITY_FIRST)
[rh_node-24] [INFO] [1789422163.837545915] [amr_9.rh_node]: [amr_9] Loaded custom grid from /home/raghav/Downloads/NRDAS_Antigravity_Project_Starter/antigravity_amr_project/config/maps/warehouse_m9_v2.yaml (64x64)
[rh_node-20] [INFO] [1789422163.858246702] [amr_5.rh_node]: Rolling-Horizon Planner initialized for amr_5 (h=10, w=4, heuristic=PRIORITY_FIRST)
[rh_node-24] [INFO] [1789422163.887891996] [amr_9.rh_node]: Rolling-Horizon Planner initialized for amr_9 (h=10, w=4, heuristic=PRIORITY_FIRST)
[INFO] [robot_state_publisher-25]: process started with pid [308652]
[INFO] [create-26]: process started with pid [308653]
[INFO] [parameter_bridge-27]: process started with pid [308654]
[INFO] [static_transform_publisher-28]: process started with pid [308655]
[INFO] [robot_state_publisher-29]: process started with pid [308656]
[INFO] [create-30]: process started with pid [308657]
[INFO] [parameter_bridge-31]: process started with pid [308658]
[INFO] [static_transform_publisher-32]: process started with pid [308659]
[INFO] [robot_state_publisher-33]: process started with pid [308660]
[INFO] [create-34]: process started with pid [308661]
[INFO] [parameter_bridge-35]: process started with pid [308662]
[INFO] [static_transform_publisher-36]: process started with pid [308663]
[INFO] [robot_state_publisher-37]: process started with pid [308664]
[INFO] [create-38]: process started with pid [308665]
[INFO] [parameter_bridge-39]: process started with pid [308666]
[INFO] [static_transform_publisher-40]: process started with pid [308667]
[INFO] [robot_state_publisher-41]: process started with pid [308668]
[INFO] [create-42]: process started with pid [308669]
[INFO] [parameter_bridge-43]: process started with pid [308678]
[INFO] [static_transform_publisher-44]: process started with pid [308679]
[INFO] [robot_state_publisher-45]: process started with pid [308692]
[INFO] [create-46]: process started with pid [308695]
[INFO] [parameter_bridge-47]: process started with pid [308698]
[INFO] [static_transform_publisher-48]: process started with pid [308699]
[INFO] [robot_state_publisher-49]: process started with pid [308700]
[INFO] [create-50]: process started with pid [308711]
[INFO] [parameter_bridge-51]: process started with pid [308741]
[INFO] [static_transform_publisher-52]: process started with pid [308744]
[INFO] [robot_state_publisher-53]: process started with pid [308766]
[INFO] [create-54]: process started with pid [308776]
[INFO] [parameter_bridge-55]: process started with pid [308780]
[INFO] [static_transform_publisher-56]: process started with pid [308789]
[INFO] [robot_state_publisher-57]: process started with pid [308825]
[INFO] [create-58]: process started with pid [308828]
[INFO] [parameter_bridge-59]: process started with pid [308833]
[INFO] [static_transform_publisher-60]: process started with pid [308836]
[INFO] [robot_state_publisher-61]: process started with pid [308855]
[INFO] [create-62]: process started with pid [308882]
[INFO] [parameter_bridge-63]: process started with pid [308904]
[INFO] [static_transform_publisher-64]: process started with pid [308906]
[robot_state_publisher-33] [INFO] [1789422165.729236792] [amr_2.robot_state_publisher]: Robot initialized
[cbba_node-14] [INFO] [1789422166.179058183] [amr_9.cbba_node]: Committed task task_m9_v3_w30_0010 assignment to amr_9
[cbba_node-7] [INFO] [1789422166.179325951] [amr_2.cbba_node]: Committed task task_m9_v3_w30_0003 assignment to amr_2
[task_manager-4] [INFO] [1789422166.180284702] [amr_task_manager]: Task 'task_m9_v3_w30_0003' transitioned to ASSIGNED
[cbba_node-7] [INFO] [1789422166.180413467] [amr_2.cbba_node]: Committed task task_m9_v3_w30_0013 assignment to amr_2
[task_manager-4] [INFO] [1789422166.182836809] [amr_task_manager]: Task 'task_m9_v3_w30_0010' transitioned to ASSIGNED
[task_manager-4] [INFO] [1789422166.183752369] [amr_task_manager]: Task 'task_m9_v3_w30_0013' transitioned to ASSIGNED
[cbba_node-13] [INFO] [1789422166.191078484] [amr_8.cbba_node]: Committed task task_m9_v3_w30_0009 assignment to amr_8
[cbba_node-12] [INFO] [1789422166.200692391] [amr_7.cbba_node]: Committed task task_m9_v3_w30_0008 assignment to amr_7
[task_manager-4] [INFO] [1789422166.212817067] [amr_task_manager]: Task 'task_m9_v3_w30_0009' transitioned to ASSIGNED
[task_manager-4] [INFO] [1789422166.223159945] [amr_task_manager]: Task 'task_m9_v3_w30_0008' transitioned to ASSIGNED
[cbba_node-5] [INFO] [1789422166.224615181] [amr_0.cbba_node]: Committed task task_m9_v3_w30_0001 assignment to amr_0
[cbba_node-5] [INFO] [1789422166.225305889] [amr_0.cbba_node]: Committed task task_m9_v3_w30_0011 assignment to amr_0
[cbba_node-8] [INFO] [1789422166.228403085] [amr_3.cbba_node]: Committed task task_m9_v3_w30_0004 assignment to amr_3
[cbba_node-8] [INFO] [1789422166.229289228] [amr_3.cbba_node]: Committed task task_m9_v3_w30_0014 assignment to amr_3
[task_manager-4] [INFO] [1789422166.239377314] [amr_task_manager]: Task 'task_m9_v3_w30_0001' transitioned to ASSIGNED
[task_manager-4] [INFO] [1789422166.241731366] [amr_task_manager]: Task 'task_m9_v3_w30_0011' transitioned to ASSIGNED
[task_manager-4] [INFO] [1789422166.244734914] [amr_task_manager]: Task 'task_m9_v3_w30_0004' transitioned to ASSIGNED
[task_manager-4] [INFO] [1789422166.248606145] [amr_task_manager]: Task 'task_m9_v3_w30_0014' transitioned to ASSIGNED
[parameter_bridge-31] [INFO] [1789422166.254215815] [amr_1_bridge]: Creating ROS->GZ Bridge: [/amr_1/cmd_vel (geometry_msgs/msg/Twist) -> /amr_1/cmd_vel (gz.msgs.Twist)] (Lazy 0)
[parameter_bridge-31] [INFO] [1789422166.256912237] [amr_1_bridge]: Creating GZ->ROS Bridge: [/amr_1/odom (gz.msgs.Odometry) -> /amr_1/odom (nav_msgs/msg/Odometry)] (Lazy 0)
[cbba_node-6] [INFO] [1789422166.271594894] [amr_1.cbba_node]: Committed task task_m9_v3_w30_0002 assignment to amr_1
[cbba_node-6] [INFO] [1789422166.273998280] [amr_1.cbba_node]: Committed task task_m9_v3_w30_0012 assignment to amr_1
[parameter_bridge-31] [INFO] [1789422166.276087095] [amr_1_bridge]: Creating GZ->ROS Bridge: [/amr_1/scan (gz.msgs.LaserScan) -> /amr_1/scan (sensor_msgs/msg/LaserScan)] (Lazy 0)
[parameter_bridge-31] [INFO] [1789422166.278954357] [amr_1_bridge]: Creating GZ->ROS Bridge: [/amr_1/tf (gz.msgs.Pose_V) -> /amr_1/tf (tf2_msgs/msg/TFMessage)] (Lazy 0)
[task_manager-4] [INFO] [1789422166.279751603] [amr_task_manager]: Task 'task_m9_v3_w30_0002' transitioned to ASSIGNED
[task_manager-4] [INFO] [1789422166.280593562] [amr_task_manager]: Task 'task_m9_v3_w30_0012' transitioned to ASSIGNED
[parameter_bridge-31] [INFO] [1789422166.282220591] [amr_1_bridge]: Creating GZ->ROS Bridge: [/amr_1/joint_states (gz.msgs.Model) -> /amr_1/joint_states (sensor_msgs/msg/JointState)] (Lazy 0)
[cbba_node-10] [INFO] [1789422166.289693167] [amr_5.cbba_node]: Committed task task_m9_v3_w30_0006 assignment to amr_5
[task_manager-4] [INFO] [1789422166.290028098] [amr_task_manager]: Task 'task_m9_v3_w30_0006' transitioned to ASSIGNED
[static_transform_publisher-28] [INFO] [1789422166.309999807] [amr_0_map_to_odom]: Spinning until stopped - publishing transform
[static_transform_publisher-28] translation: ('1.500000', '4.500000', '0.000000')
[static_transform_publisher-28] rotation: ('0.000000', '0.000000', '0.000000', '1.000000')
[static_transform_publisher-28] from 'map' to 'amr_0/odom'
[cbba_node-11] [INFO] [1789422166.331944190] [amr_6.cbba_node]: Committed task task_m9_v3_w30_0007 assignment to amr_6
[static_transform_publisher-52] [INFO] [1789422166.334519623] [amr_6_map_to_odom]: Spinning until stopped - publishing transform
[static_transform_publisher-52] translation: ('30.500000', '10.000000', '0.000000')
[static_transform_publisher-52] rotation: ('0.000000', '0.000000', '1.000000', '0.000001')
[static_transform_publisher-52] from 'map' to 'amr_6/odom'
[static_transform_publisher-36] [INFO] [1789422166.342976011] [amr_2_map_to_odom]: Spinning until stopped - publishing transform
[static_transform_publisher-36] translation: ('1.500000', '16.000000', '0.000000')
[static_transform_publisher-36] rotation: ('0.000000', '0.000000', '0.000000', '1.000000')
[static_transform_publisher-36] from 'map' to 'amr_2/odom'
[cbba_node-9] [INFO] [1789422166.344550687] [amr_4.cbba_node]: Committed task task_m9_v3_w30_0005 assignment to amr_4
[cbba_node-9] [INFO] [1789422166.345833387] [amr_4.cbba_node]: Committed task task_m9_v3_w30_0015 assignment to amr_4
[task_manager-4] [INFO] [1789422166.348095885] [amr_task_manager]: Task 'task_m9_v3_w30_0007' transitioned to ASSIGNED
[task_manager-4] [INFO] [1789422166.354014540] [amr_task_manager]: Task 'task_m9_v3_w30_0005' transitioned to ASSIGNED
[task_manager-4] [INFO] [1789422166.365745684] [amr_task_manager]: Task 'task_m9_v3_w30_0015' transitioned to ASSIGNED
[create-50] [INFO] [1789422166.373052132] [amr_6_spawner]: Waiting messages on topic [amr_6/robot_description].
[robot_state_publisher-57] [INFO] [1789422166.385286941] [amr_8.robot_state_publisher]: Robot initialized
[robot_state_publisher-25] [INFO] [1789422166.400624821] [amr_0.robot_state_publisher]: Robot initialized
[static_transform_publisher-56] [INFO] [1789422166.426001073] [amr_7_map_to_odom]: Spinning until stopped - publishing transform
[static_transform_publisher-56] translation: ('30.500000', '16.000000', '0.000000')
[static_transform_publisher-56] rotation: ('0.000000', '0.000000', '1.000000', '0.000001')
[static_transform_publisher-56] from 'map' to 'amr_7/odom'
[parameter_bridge-27] [INFO] [1789422166.442005753] [amr_0_bridge]: Creating ROS->GZ Bridge: [/amr_0/cmd_vel (geometry_msgs/msg/Twist) -> /amr_0/cmd_vel (gz.msgs.Twist)] (Lazy 0)
[parameter_bridge-27] [INFO] [1789422166.446899910] [amr_0_bridge]: Creating GZ->ROS Bridge: [/amr_0/odom (gz.msgs.Odometry) -> /amr_0/odom (nav_msgs/msg/Odometry)] (Lazy 0)
[static_transform_publisher-60] [INFO] [1789422166.452166259] [amr_8_map_to_odom]: Spinning until stopped - publishing transform
[static_transform_publisher-60] translation: ('30.500000', '22.000000', '0.000000')
[static_transform_publisher-60] rotation: ('0.000000', '0.000000', '1.000000', '0.000001')
[static_transform_publisher-60] from 'map' to 'amr_8/odom'
[parameter_bridge-27] [INFO] [1789422166.454551694] [amr_0_bridge]: Creating GZ->ROS Bridge: [/amr_0/scan (gz.msgs.LaserScan) -> /amr_0/scan (sensor_msgs/msg/LaserScan)] (Lazy 0)
[parameter_bridge-27] [INFO] [1789422166.456799959] [amr_0_bridge]: Creating GZ->ROS Bridge: [/amr_0/tf (gz.msgs.Pose_V) -> /amr_0/tf (tf2_msgs/msg/TFMessage)] (Lazy 0)
[parameter_bridge-27] [INFO] [1789422166.459326255] [amr_0_bridge]: Creating GZ->ROS Bridge: [/amr_0/joint_states (gz.msgs.Model) -> /amr_0/joint_states (sensor_msgs/msg/JointState)] (Lazy 0)
[create-62] [INFO] [1789422166.466353870] [amr_9_spawner]: Waiting messages on topic [amr_9/robot_description].
[parameter_bridge-43] [INFO] [1789422166.595354895] [amr_4_bridge]: Creating ROS->GZ Bridge: [/amr_4/cmd_vel (geometry_msgs/msg/Twist) -> /amr_4/cmd_vel (gz.msgs.Twist)] (Lazy 0)
[parameter_bridge-43] [INFO] [1789422166.599929664] [amr_4_bridge]: Creating GZ->ROS Bridge: [/amr_4/odom (gz.msgs.Odometry) -> /amr_4/odom (nav_msgs/msg/Odometry)] (Lazy 0)
[parameter_bridge-43] [INFO] [1789422166.604277942] [amr_4_bridge]: Creating GZ->ROS Bridge: [/amr_4/scan (gz.msgs.LaserScan) -> /amr_4/scan (sensor_msgs/msg/LaserScan)] (Lazy 0)
[parameter_bridge-43] [INFO] [1789422166.613803246] [amr_4_bridge]: Creating GZ->ROS Bridge: [/amr_4/tf (gz.msgs.Pose_V) -> /amr_4/tf (tf2_msgs/msg/TFMessage)] (Lazy 0)
[parameter_bridge-43] [INFO] [1789422166.619152563] [amr_4_bridge]: Creating GZ->ROS Bridge: [/amr_4/joint_states (gz.msgs.Model) -> /amr_4/joint_states (sensor_msgs/msg/JointState)] (Lazy 0)
[create-34] [INFO] [1789422166.627698813] [amr_2_spawner]: Waiting messages on topic [amr_2/robot_description].
[parameter_bridge-43] [INFO] [1789422166.629872113] [amr_4_bridge]: Passing message from ROS geometry_msgs/msg/Twist to Gazebo gz.msgs.Twist (showing msg only once per type)
[rh_node-18] [INFO] [1789422166.640414029] [amr_3.rh_node]: [amr_3] Reached pickup for task 'task_m9_v3_w30_0004'. Moving to dropoff.
[task_manager-4] [INFO] [1789422166.642447136] [amr_task_manager]: Task 'task_m9_v3_w30_0004' transitioned to IN_PROGRESS
[create-54] [INFO] [1789422166.642960617] [amr_7_spawner]: Waiting messages on topic [amr_7/robot_description].
[parameter_bridge-35] [INFO] [1789422166.643712004] [amr_2_bridge]: Creating ROS->GZ Bridge: [/amr_2/cmd_vel (geometry_msgs/msg/Twist) -> /amr_2/cmd_vel (gz.msgs.Twist)] (Lazy 0)
[robot_state_publisher-29] [INFO] [1789422166.650850385] [amr_1.robot_state_publisher]: Robot initialized
[parameter_bridge-63] [INFO] [1789422166.656038711] [amr_9_bridge]: Creating ROS->GZ Bridge: [/amr_9/cmd_vel (geometry_msgs/msg/Twist) -> /amr_9/cmd_vel (gz.msgs.Twist)] (Lazy 0)
[create-58] [INFO] [1789422166.661528923] [amr_8_spawner]: Waiting messages on topic [amr_8/robot_description].
[parameter_bridge-63] [INFO] [1789422166.663934263] [amr_9_bridge]: Creating GZ->ROS Bridge: [/amr_9/odom (gz.msgs.Odometry) -> /amr_9/odom (nav_msgs/msg/Odometry)] (Lazy 0)
[robot_state_publisher-41] [INFO] [1789422166.667158194] [amr_4.robot_state_publisher]: Robot initialized
[create-38] [INFO] [1789422166.670430377] [amr_3_spawner]: Waiting messages on topic [amr_3/robot_description].
[parameter_bridge-35] [INFO] [1789422166.655228492] [amr_2_bridge]: Creating GZ->ROS Bridge: [/amr_2/odom (gz.msgs.Odometry) -> /amr_2/odom (nav_msgs/msg/Odometry)] (Lazy 0)
[robot_state_publisher-61] [INFO] [1789422166.708803828] [amr_9.robot_state_publisher]: Robot initialized
[parameter_bridge-47] [INFO] [1789422166.712654579] [amr_5_bridge]: Creating ROS->GZ Bridge: [/amr_5/cmd_vel (geometry_msgs/msg/Twist) -> /amr_5/cmd_vel (gz.msgs.Twist)] (Lazy 0)
[parameter_bridge-47] [INFO] [1789422166.717003854] [amr_5_bridge]: Creating GZ->ROS Bridge: [/amr_5/odom (gz.msgs.Odometry) -> /amr_5/odom (nav_msgs/msg/Odometry)] (Lazy 0)
[parameter_bridge-47] [INFO] [1789422166.727446871] [amr_5_bridge]: Creating GZ->ROS Bridge: [/amr_5/scan (gz.msgs.LaserScan) -> /amr_5/scan (sensor_msgs/msg/LaserScan)] (Lazy 0)
[static_transform_publisher-40] [INFO] [1789422166.731977897] [amr_3_map_to_odom]: Spinning until stopped - publishing transform
[static_transform_publisher-40] translation: ('1.500000', '22.000000', '0.000000')
[static_transform_publisher-40] rotation: ('0.000000', '0.000000', '0.000000', '1.000000')
[static_transform_publisher-40] from 'map' to 'amr_3/odom'
[create-42] [INFO] [1789422166.734749248] [amr_4_spawner]: Waiting messages on topic [amr_4/robot_description].
[robot_state_publisher-45] [INFO] [1789422166.739339313] [amr_5.robot_state_publisher]: Robot initialized
[parameter_bridge-47] [INFO] [1789422166.744951682] [amr_5_bridge]: Creating GZ->ROS Bridge: [/amr_5/tf (gz.msgs.Pose_V) -> /amr_5/tf (tf2_msgs/msg/TFMessage)] (Lazy 0)
[create-26] [INFO] [1789422166.750069611] [amr_0_spawner]: Waiting messages on topic [amr_0/robot_description].
[parameter_bridge-59] [INFO] [1789422166.756035677] [amr_8_bridge]: Creating ROS->GZ Bridge: [/amr_8/cmd_vel (geometry_msgs/msg/Twist) -> /amr_8/cmd_vel (gz.msgs.Twist)] (Lazy 0)
[parameter_bridge-47] [INFO] [1789422166.759965778] [amr_5_bridge]: Creating GZ->ROS Bridge: [/amr_5/joint_states (gz.msgs.Model) -> /amr_5/joint_states (sensor_msgs/msg/JointState)] (Lazy 0)
[parameter_bridge-59] [INFO] [1789422166.766165102] [amr_8_bridge]: Creating GZ->ROS Bridge: [/amr_8/odom (gz.msgs.Odometry) -> /amr_8/odom (nav_msgs/msg/Odometry)] (Lazy 0)
[parameter_bridge-59] [INFO] [1789422166.769560607] [amr_8_bridge]: Creating GZ->ROS Bridge: [/amr_8/scan (gz.msgs.LaserScan) -> /amr_8/scan (sensor_msgs/msg/LaserScan)] (Lazy 0)
[parameter_bridge-59] [INFO] [1789422166.772401047] [amr_8_bridge]: Creating GZ->ROS Bridge: [/amr_8/tf (gz.msgs.Pose_V) -> /amr_8/tf (tf2_msgs/msg/TFMessage)] (Lazy 0)
[parameter_bridge-59] [INFO] [1789422166.774465468] [amr_8_bridge]: Creating GZ->ROS Bridge: [/amr_8/joint_states (gz.msgs.Model) -> /amr_8/joint_states (sensor_msgs/msg/JointState)] (Lazy 0)
[parameter_bridge-35] [INFO] [1789422166.776185446] [amr_2_bridge]: Creating GZ->ROS Bridge: [/amr_2/scan (gz.msgs.LaserScan) -> /amr_2/scan (sensor_msgs/msg/LaserScan)] (Lazy 0)
[parameter_bridge-59] [INFO] [1789422166.778320937] [amr_8_bridge]: Passing message from ROS geometry_msgs/msg/Twist to Gazebo gz.msgs.Twist (showing msg only once per type)
[parameter_bridge-63] [INFO] [1789422166.780187753] [amr_9_bridge]: Creating GZ->ROS Bridge: [/amr_9/scan (gz.msgs.LaserScan) -> /amr_9/scan (sensor_msgs/msg/LaserScan)] (Lazy 0)
[parameter_bridge-35] [INFO] [1789422166.783719748] [amr_2_bridge]: Creating GZ->ROS Bridge: [/amr_2/tf (gz.msgs.Pose_V) -> /amr_2/tf (tf2_msgs/msg/TFMessage)] (Lazy 0)
[parameter_bridge-51] [INFO] [1789422166.786156995] [amr_6_bridge]: Creating ROS->GZ Bridge: [/amr_6/cmd_vel (geometry_msgs/msg/Twist) -> /amr_6/cmd_vel (gz.msgs.Twist)] (Lazy 0)
[create-46] [INFO] [1789422166.787136575] [amr_5_spawner]: Waiting messages on topic [amr_5/robot_description].
[parameter_bridge-51] [INFO] [1789422166.789810237] [amr_6_bridge]: Creating GZ->ROS Bridge: [/amr_6/odom (gz.msgs.Odometry) -> /amr_6/odom (nav_msgs/msg/Odometry)] (Lazy 0)
[parameter_bridge-35] [INFO] [1789422166.790249636] [amr_2_bridge]: Creating GZ->ROS Bridge: [/amr_2/joint_states (gz.msgs.Model) -> /amr_2/joint_states (sensor_msgs/msg/JointState)] (Lazy 0)
[parameter_bridge-51] [INFO] [1789422166.793381448] [amr_6_bridge]: Creating GZ->ROS Bridge: [/amr_6/scan (gz.msgs.LaserScan) -> /amr_6/scan (sensor_msgs/msg/LaserScan)] (Lazy 0)
[parameter_bridge-51] [INFO] [1789422166.796908490] [amr_6_bridge]: Creating GZ->ROS Bridge: [/amr_6/tf (gz.msgs.Pose_V) -> /amr_6/tf (tf2_msgs/msg/TFMessage)] (Lazy 0)
[create-34] [INFO] [1789422166.875198548] [amr_2_spawner]: Entity creation successful.
[parameter_bridge-51] [INFO] [1789422166.898241137] [amr_6_bridge]: Creating GZ->ROS Bridge: [/amr_6/joint_states (gz.msgs.Model) -> /amr_6/joint_states (sensor_msgs/msg/JointState)] (Lazy 0)
[gazebo-1] [1;33mWarning [Utils.cc:132][0m [/sdf/model[@name="amr"]/link[@name="amr_2/base_footprint"]/sensor[@name="amr_2_lidar"]/gz_frame_id:<urdf-string>:L0]: XML Element[gz_frame_id], child of element[sensor], not defined in SDF. Copying[gz_frame_id] as children of [sensor].
[parameter_bridge-63] [INFO] [1789422166.992781488] [amr_9_bridge]: Creating GZ->ROS Bridge: [/amr_9/tf (gz.msgs.Pose_V) -> /amr_9/tf (tf2_msgs/msg/TFMessage)] (Lazy 0)
[parameter_bridge-63] [INFO] [1789422166.996001547] [amr_9_bridge]: Creating GZ->ROS Bridge: [/amr_9/joint_states (gz.msgs.Model) -> /amr_9/joint_states (sensor_msgs/msg/JointState)] (Lazy 0)
[create-30] [INFO] [1789422167.006730530] [amr_1_spawner]: Waiting messages on topic [amr_1/robot_description].
[parameter_bridge-47] [INFO] [1789422167.009041948] [amr_5_bridge]: Passing message from ROS geometry_msgs/msg/Twist to Gazebo gz.msgs.Twist (showing msg only once per type)
[static_transform_publisher-44] [INFO] [1789422167.010842871] [amr_4_map_to_odom]: Spinning until stopped - publishing transform
[static_transform_publisher-44] translation: ('1.500000', '27.500000', '0.000000')
[static_transform_publisher-44] rotation: ('0.000000', '0.000000', '0.000000', '1.000000')
[static_transform_publisher-44] from 'map' to 'amr_4/odom'
[static_transform_publisher-64] [INFO] [1789422167.014547078] [amr_9_map_to_odom]: Spinning until stopped - publishing transform
[static_transform_publisher-64] translation: ('30.500000', '27.500000', '0.000000')
[static_transform_publisher-64] rotation: ('0.000000', '0.000000', '1.000000', '0.000001')
[static_transform_publisher-64] from 'map' to 'amr_9/odom'
[static_transform_publisher-32] [INFO] [1789422167.017421147] [amr_1_map_to_odom]: Spinning until stopped - publishing transform
[static_transform_publisher-32] translation: ('1.500000', '10.000000', '0.000000')
[static_transform_publisher-32] rotation: ('0.000000', '0.000000', '0.000000', '1.000000')
[static_transform_publisher-32] from 'map' to 'amr_1/odom'
[static_transform_publisher-48] [INFO] [1789422167.021718006] [amr_5_map_to_odom]: Spinning until stopped - publishing transform
[static_transform_publisher-48] translation: ('30.500000', '4.500000', '0.000000')
[static_transform_publisher-48] rotation: ('0.000000', '0.000000', '1.000000', '0.000001')
[static_transform_publisher-48] from 'map' to 'amr_5/odom'
[parameter_bridge-39] [INFO] [1789422167.023936274] [amr_3_bridge]: Creating ROS->GZ Bridge: [/amr_3/cmd_vel (geometry_msgs/msg/Twist) -> /amr_3/cmd_vel (gz.msgs.Twist)] (Lazy 0)
[robot_state_publisher-49] [INFO] [1789422167.024259896] [amr_6.robot_state_publisher]: Robot initialized
[parameter_bridge-39] [INFO] [1789422167.026364434] [amr_3_bridge]: Creating GZ->ROS Bridge: [/amr_3/odom (gz.msgs.Odometry) -> /amr_3/odom (nav_msgs/msg/Odometry)] (Lazy 0)
[parameter_bridge-39] [INFO] [1789422167.028325098] [amr_3_bridge]: Creating GZ->ROS Bridge: [/amr_3/scan (gz.msgs.LaserScan) -> /amr_3/scan (sensor_msgs/msg/LaserScan)] (Lazy 0)
[parameter_bridge-39] [INFO] [1789422167.030256298] [amr_3_bridge]: Creating GZ->ROS Bridge: [/amr_3/tf (gz.msgs.Pose_V) -> /amr_3/tf (tf2_msgs/msg/TFMessage)] (Lazy 0)
[parameter_bridge-39] [INFO] [1789422167.031837608] [amr_3_bridge]: Creating GZ->ROS Bridge: [/amr_3/joint_states (gz.msgs.Model) -> /amr_3/joint_states (sensor_msgs/msg/JointState)] (Lazy 0)
[parameter_bridge-27] [INFO] [1789422167.065989026] [amr_0_bridge]: Passing message from ROS geometry_msgs/msg/Twist to Gazebo gz.msgs.Twist (showing msg only once per type)
[parameter_bridge-35] [INFO] [1789422167.084767738] [amr_2_bridge]: Passing message from ROS geometry_msgs/msg/Twist to Gazebo gz.msgs.Twist (showing msg only once per type)
[INFO] [create-34]: process has finished cleanly [pid 308661]
[parameter_bridge-55] [INFO] [1789422167.197073148] [amr_7_bridge]: Creating ROS->GZ Bridge: [/amr_7/cmd_vel (geometry_msgs/msg/Twist) -> /amr_7/cmd_vel (gz.msgs.Twist)] (Lazy 0)
[parameter_bridge-55] [INFO] [1789422167.205741225] [amr_7_bridge]: Creating GZ->ROS Bridge: [/amr_7/odom (gz.msgs.Odometry) -> /amr_7/odom (nav_msgs/msg/Odometry)] (Lazy 0)
[robot_state_publisher-53] [INFO] [1789422167.240513523] [amr_7.robot_state_publisher]: Robot initialized
[parameter_bridge-55] [INFO] [1789422167.300192105] [amr_7_bridge]: Creating GZ->ROS Bridge: [/amr_7/scan (gz.msgs.LaserScan) -> /amr_7/scan (sensor_msgs/msg/LaserScan)] (Lazy 0)
[robot_state_publisher-37] [INFO] [1789422167.324775793] [amr_3.robot_state_publisher]: Robot initialized
[parameter_bridge-55] [INFO] [1789422167.358977241] [amr_7_bridge]: Creating GZ->ROS Bridge: [/amr_7/tf (gz.msgs.Pose_V) -> /amr_7/tf (tf2_msgs/msg/TFMessage)] (Lazy 0)
[create-50] [INFO] [1789422167.376657520] [amr_6_spawner]: Waiting messages on topic [amr_6/robot_description].
[create-26] [INFO] [1789422167.386927627] [amr_0_spawner]: Entity creation successful.
[parameter_bridge-55] [INFO] [1789422167.404771207] [amr_7_bridge]: Creating GZ->ROS Bridge: [/amr_7/joint_states (gz.msgs.Model) -> /amr_7/joint_states (sensor_msgs/msg/JointState)] (Lazy 0)
[parameter_bridge-55] [INFO] [1789422167.405982377] [amr_7_bridge]: Passing message from ROS geometry_msgs/msg/Twist to Gazebo gz.msgs.Twist (showing msg only once per type)
[gazebo-1] [1;33mWarning [Utils.cc:132][0m [/sdf/model[@name="amr"]/link[@name="amr_0/base_footprint"]/sensor[@name="amr_0_lidar"]/gz_frame_id:<urdf-string>:L0]: XML Element[gz_frame_id], child of element[sensor], not defined in SDF. Copying[gz_frame_id] as children of [sensor].
[create-62] [INFO] [1789422167.572383823] [amr_9_spawner]: Entity creation successful.
[gazebo-1] [1;33mWarning [Utils.cc:132][0m [/sdf/model[@name="amr"]/link[@name="amr_9/base_footprint"]/sensor[@name="amr_9_lidar"]/gz_frame_id:<urdf-string>:L0]: XML Element[gz_frame_id], child of element[sensor], not defined in SDF. Copying[gz_frame_id] as children of [sensor].
[INFO] [create-26]: process has finished cleanly [pid 308653]
[create-54] [INFO] [1789422167.643149009] [amr_7_spawner]: Waiting messages on topic [amr_7/robot_description].
[create-58] [INFO] [1789422167.661680831] [amr_8_spawner]: Waiting messages on topic [amr_8/robot_description].
[create-38] [INFO] [1789422167.670613566] [amr_3_spawner]: Waiting messages on topic [amr_3/robot_description].
[create-42] [INFO] [1789422167.750610114] [amr_4_spawner]: Waiting messages on topic [amr_4/robot_description].
[create-46] [INFO] [1789422167.787953010] [amr_5_spawner]: Waiting messages on topic [amr_5/robot_description].
[parameter_bridge-39] [INFO] [1789422167.794106010] [amr_3_bridge]: Passing message from ROS geometry_msgs/msg/Twist to Gazebo gz.msgs.Twist (showing msg only once per type)
[parameter_bridge-31] [INFO] [1789422167.929904554] [amr_1_bridge]: Passing message from ROS geometry_msgs/msg/Twist to Gazebo gz.msgs.Twist (showing msg only once per type)
[create-58] [INFO] [1789422167.977933827] [amr_8_spawner]: Entity creation successful.
[gazebo-1] [1;33mWarning [Utils.cc:132][0m [/sdf/model[@name="amr"]/link[@name="amr_8/base_footprint"]/sensor[@name="amr_8_lidar"]/gz_frame_id:<urdf-string>:L0]: XML Element[gz_frame_id], child of element[sensor], not defined in SDF. Copying[gz_frame_id] as children of [sensor].
[INFO] [create-62]: process has finished cleanly [pid 308882]
[create-30] [INFO] [1789422168.073721112] [amr_1_spawner]: Entity creation successful.
[parameter_bridge-51] [INFO] [1789422168.152957492] [amr_6_bridge]: Passing message from ROS geometry_msgs/msg/Twist to Gazebo gz.msgs.Twist (showing msg only once per type)
[INFO] [create-58]: process has finished cleanly [pid 308828]
[create-46] [INFO] [1789422168.174832873] [amr_5_spawner]: Entity creation successful.
[parameter_bridge-63] [INFO] [1789422168.188093790] [amr_9_bridge]: Passing message from ROS geometry_msgs/msg/Twist to Gazebo gz.msgs.Twist (showing msg only once per type)
[INFO] [create-30]: process has finished cleanly [pid 308657]
[gazebo-1] [1;33mWarning [Utils.cc:132][0m [/sdf/model[@name="amr"]/link[@name="amr_1/base_footprint"]/sensor[@name="amr_1_lidar"]/gz_frame_id:<urdf-string>:L0]: XML Element[gz_frame_id], child of element[sensor], not defined in SDF. Copying[gz_frame_id] as children of [sensor].
[create-50] [INFO] [1789422168.313560089] [amr_6_spawner]: Entity creation successful.
[INFO] [create-46]: process has finished cleanly [pid 308695]
[create-42] [INFO] [1789422168.413978141] [amr_4_spawner]: Entity creation successful.
[INFO] [create-50]: process has finished cleanly [pid 308711]
[create-38] [INFO] [1789422168.514348262] [amr_3_spawner]: Entity creation successful.
[INFO] [create-42]: process has finished cleanly [pid 308669]
[create-54] [INFO] [1789422168.614538025] [amr_7_spawner]: Entity creation successful.
[INFO] [create-38]: process has finished cleanly [pid 308665]
[gazebo-1] [1;33mWarning [Utils.cc:132][0m [/sdf/model[@name="amr"]/link[@name="amr_5/base_footprint"]/sensor[@name="amr_5_lidar"]/gz_frame_id:<urdf-string>:L0]: XML Element[gz_frame_id], child of element[sensor], not defined in SDF. Copying[gz_frame_id] as children of [sensor].
[gazebo-1] [1;33mWarning [Utils.cc:132][0m [/sdf/model[@name="amr"]/link[@name="amr_6/base_footprint"]/sensor[@name="amr_6_lidar"]/gz_frame_id:<urdf-string>:L0]: XML Element[gz_frame_id], child of element[sensor], not defined in SDF. Copying[gz_frame_id] as children of [sensor].
[gazebo-1] [1;33mWarning [Utils.cc:132][0m [/sdf/model[@name="amr"]/link[@name="amr_4/base_footprint"]/sensor[@name="amr_4_lidar"]/gz_frame_id:<urdf-string>:L0]: XML Element[gz_frame_id], child of element[sensor], not defined in SDF. Copying[gz_frame_id] as children of [sensor].
[INFO] [create-54]: process has finished cleanly [pid 308776]
[gazebo-1] [1;33mWarning [Utils.cc:132][0m [/sdf/model[@name="amr"]/link[@name="amr_3/base_footprint"]/sensor[@name="amr_3_lidar"]/gz_frame_id:<urdf-string>:L0]: XML Element[gz_frame_id], child of element[sensor], not defined in SDF. Copying[gz_frame_id] as children of [sensor].
[gazebo-1] [1;33mWarning [Utils.cc:132][0m [/sdf/model[@name="amr"]/link[@name="amr_7/base_footprint"]/sensor[@name="amr_7_lidar"]/gz_frame_id:<urdf-string>:L0]: XML Element[gz_frame_id], child of element[sensor], not defined in SDF. Copying[gz_frame_id] as children of [sensor].
[task_manager-4] [INFO] [1789422169.210022558] [amr_task_manager]: Mission clock anchored at t=1789422169.21s
[task_manager-4] [INFO] [1789422169.210680577] [amr_task_manager]: Mission clock anchored at t=1789422169.21s
[task_manager-4] [INFO] [1789422214.482571775] [amr_task_manager]: Dynamically released 15 tasks at t=45.3s: ['task_m9_v3_w30_0016', 'task_m9_v3_w30_0017', 'task_m9_v3_w30_0018', 'task_m9_v3_w30_0019', 'task_m9_v3_w30_0020', 'task_m9_v3_w30_0021', 'task_m9_v3_w30_0022', 'task_m9_v3_w30_0023', 'task_m9_v3_w30_0024', 'task_m9_v3_w30_0025', 'task_m9_v3_w30_0026', 'task_m9_v3_w30_0027', 'task_m9_v3_w30_0028', 'task_m9_v3_w30_0029', 'task_m9_v3_w30_0030']
[rh_node-17] [INFO] [1789422214.516223191] [amr_2.rh_node]: [amr_2] Aisle blockage 'blockage_aisle_1_south' applied: 12 cells added as obstacles.
[rh_node-23] [INFO] [1789422214.516310716] [amr_8.rh_node]: [amr_8] Aisle blockage 'blockage_aisle_1_south' applied: 12 cells added as obstacles.
[rh_node-22] [INFO] [1789422214.516373396] [amr_7.rh_node]: [amr_7] Aisle blockage 'blockage_aisle_1_south' applied: 12 cells added as obstacles.
[rh_node-20] [INFO] [1789422214.516378894] [amr_5.rh_node]: [amr_5] Aisle blockage 'blockage_aisle_1_south' applied: 12 cells added as obstacles.
[rh_node-21] [INFO] [1789422214.516486028] [amr_6.rh_node]: [amr_6] Aisle blockage 'blockage_aisle_1_south' applied: 12 cells added as obstacles.
[rh_node-18] [INFO] [1789422214.516554587] [amr_3.rh_node]: [amr_3] Aisle blockage 'blockage_aisle_1_south' applied: 12 cells added as obstacles.
[rh_node-19] [INFO] [1789422214.516635705] [amr_4.rh_node]: [amr_4] Aisle blockage 'blockage_aisle_1_south' applied: 12 cells added as obstacles.
[rh_node-16] [INFO] [1789422214.516637636] [amr_1.rh_node]: [amr_1] Aisle blockage 'blockage_aisle_1_south' applied: 12 cells added as obstacles.
[rh_node-15] [INFO] [1789422214.518189716] [amr_0.rh_node]: [amr_0] Aisle blockage 'blockage_aisle_1_south' applied: 12 cells added as obstacles.
[rh_node-24] [INFO] [1789422214.518894091] [amr_9.rh_node]: [amr_9] Aisle blockage 'blockage_aisle_1_south' applied: 12 cells added as obstacles.
[cbba_node-13] [INFO] [1789422216.990854027] [amr_8.cbba_node]: Committed task task_m9_v3_w30_0019 assignment to amr_8
[task_manager-4] [INFO] [1789422216.991078924] [amr_task_manager]: Task 'task_m9_v3_w30_0019' transitioned to ASSIGNED
[cbba_node-13] [INFO] [1789422216.991924078] [amr_8.cbba_node]: Committed task task_m9_v3_w30_0029 assignment to amr_8
[task_manager-4] [INFO] [1789422216.992310057] [amr_task_manager]: Task 'task_m9_v3_w30_0029' transitioned to ASSIGNED
[cbba_node-12] [INFO] [1789422217.001293882] [amr_7.cbba_node]: Committed task task_m9_v3_w30_0018 assignment to amr_7
[cbba_node-12] [INFO] [1789422217.002000323] [amr_7.cbba_node]: Committed task task_m9_v3_w30_0028 assignment to amr_7
[task_manager-4] [INFO] [1789422217.002149598] [amr_task_manager]: Task 'task_m9_v3_w30_0018' transitioned to ASSIGNED
[task_manager-4] [INFO] [1789422217.002819881] [amr_task_manager]: Task 'task_m9_v3_w30_0028' transitioned to ASSIGNED
[cbba_node-5] [INFO] [1789422217.016561864] [amr_0.cbba_node]: Committed task task_m9_v3_w30_0021 assignment to amr_0
[task_manager-4] [INFO] [1789422217.016882035] [amr_task_manager]: Task 'task_m9_v3_w30_0021' transitioned to ASSIGNED
[cbba_node-8] [INFO] [1789422217.025837047] [amr_3.cbba_node]: Committed task task_m9_v3_w30_0024 assignment to amr_3
[task_manager-4] [INFO] [1789422217.025898798] [amr_task_manager]: Task 'task_m9_v3_w30_0024' transitioned to ASSIGNED
[cbba_node-6] [INFO] [1789422217.060876372] [amr_1.cbba_node]: Committed task task_m9_v3_w30_0022 assignment to amr_1
[task_manager-4] [INFO] [1789422217.060957068] [amr_task_manager]: Task 'task_m9_v3_w30_0022' transitioned to ASSIGNED
[cbba_node-10] [INFO] [1789422217.078334753] [amr_5.cbba_node]: Committed task task_m9_v3_w30_0016 assignment to amr_5
[task_manager-4] [INFO] [1789422217.078632170] [amr_task_manager]: Task 'task_m9_v3_w30_0016' transitioned to ASSIGNED
[cbba_node-10] [INFO] [1789422217.079054768] [amr_5.cbba_node]: Committed task task_m9_v3_w30_0026 assignment to amr_5
[task_manager-4] [INFO] [1789422217.079800691] [amr_task_manager]: Task 'task_m9_v3_w30_0026' transitioned to ASSIGNED
[cbba_node-11] [INFO] [1789422217.131771564] [amr_6.cbba_node]: Committed task task_m9_v3_w30_0017 assignment to amr_6
[cbba_node-11] [INFO] [1789422217.132372019] [amr_6.cbba_node]: Committed task task_m9_v3_w30_0027 assignment to amr_6
[task_manager-4] [INFO] [1789422217.132385341] [amr_task_manager]: Task 'task_m9_v3_w30_0017' transitioned to ASSIGNED
[task_manager-4] [INFO] [1789422217.133515081] [amr_task_manager]: Task 'task_m9_v3_w30_0027' transitioned to ASSIGNED
[cbba_node-9] [INFO] [1789422217.137892534] [amr_4.cbba_node]: Committed task task_m9_v3_w30_0025 assignment to amr_4
[task_manager-4] [INFO] [1789422217.138932837] [amr_task_manager]: Task 'task_m9_v3_w30_0025' transitioned to ASSIGNED
[task_manager-4] [INFO] [1789422217.171743870] [amr_task_manager]: Task 'task_m9_v3_w30_0023' transitioned to ASSIGNED
[cbba_node-7] [INFO] [1789422217.171944769] [amr_2.cbba_node]: Committed task task_m9_v3_w30_0023 assignment to amr_2
[task_manager-4] [INFO] [1789422217.176005213] [amr_task_manager]: Task 'task_m9_v3_w30_0020' transitioned to ASSIGNED
[cbba_node-14] [INFO] [1789422217.176202961] [amr_9.cbba_node]: Committed task task_m9_v3_w30_0020 assignment to amr_9
[task_manager-4] [INFO] [1789422217.176884360] [amr_task_manager]: Task 'task_m9_v3_w30_0030' transitioned to ASSIGNED
[cbba_node-14] [INFO] [1789422217.177227522] [amr_9.cbba_node]: Committed task task_m9_v3_w30_0030 assignment to amr_9
[rh_node-17] [INFO] [1789422259.524887579] [amr_2.rh_node]: [amr_2] Aisle blockage 'blockage_aisle_1_south' cleared: 12 cells restored to traversable.
[rh_node-21] [INFO] [1789422259.524918918] [amr_6.rh_node]: [amr_6] Aisle blockage 'blockage_aisle_1_south' cleared: 12 cells restored to traversable.
[rh_node-22] [INFO] [1789422259.524939023] [amr_7.rh_node]: [amr_7] Aisle blockage 'blockage_aisle_1_south' cleared: 12 cells restored to traversable.
[rh_node-24] [INFO] [1789422259.525003254] [amr_9.rh_node]: [amr_9] Aisle blockage 'blockage_aisle_1_south' cleared: 12 cells restored to traversable.
[rh_node-19] [INFO] [1789422259.525004232] [amr_4.rh_node]: [amr_4] Aisle blockage 'blockage_aisle_1_south' cleared: 12 cells restored to traversable.
[rh_node-23] [INFO] [1789422259.525090117] [amr_8.rh_node]: [amr_8] Aisle blockage 'blockage_aisle_1_south' cleared: 12 cells restored to traversable.
[rh_node-18] [INFO] [1789422259.525421784] [amr_3.rh_node]: [amr_3] Aisle blockage 'blockage_aisle_1_south' cleared: 12 cells restored to traversable.
[rh_node-16] [INFO] [1789422259.526112268] [amr_1.rh_node]: [amr_1] Aisle blockage 'blockage_aisle_1_south' cleared: 12 cells restored to traversable.
[rh_node-20] [INFO] [1789422259.526215639] [amr_5.rh_node]: [amr_5] Aisle blockage 'blockage_aisle_1_south' cleared: 12 cells restored to traversable.
[rh_node-15] [INFO] [1789422259.526242919] [amr_0.rh_node]: [amr_0] Aisle blockage 'blockage_aisle_1_south' cleared: 12 cells restored to traversable.
[rh_node-17] [INFO] [1789422262.978382262] [amr_2.rh_node]: [amr_2] Reached pickup for task 'task_m9_v3_w30_0013'. Moving to dropoff.
[task_manager-4] [INFO] [1789422262.979901341] [amr_task_manager]: Task 'task_m9_v3_w30_0013' transitioned to IN_PROGRESS
[gazebo-1] [1;31m[Err] [UserCommands.cc:1120] [0m[1;31mEntity named [[0m[1;31mdynamic_aisle_blocker[0m[1;31m] of type [[0m[1;31m2[0m[1;31m] not found, so not removed.[0m[1;31m[0m
