[INFO] [launch]: All log files can be found below /home/raghav/.ros/log/2026-09-14-16-32-29-904252-Raze-244168
[INFO] [launch]: Default logging verbosity is set to INFO
[INFO] [launch.user]: [FLEET] Spawning 10 robots into world "warehouse_m9_v2" (headless=True)
[INFO] [launch.user]: [M8B Fleet Bringup] Starting 10 CBBA nodes (bundle cap: 8, profile: NORMAL, compute_mode: ADAPTIVE)
[INFO] [launch.user]: [M8B Fleet Bringup] Starting 10 M8B RH nodes (compute_mode: ADAPTIVE, adaptive: True, h=10, w=4, replan_rate=2.0Hz)
[INFO] [gazebo-1]: process started with pid [244212]
[INFO] [parameter_bridge-2]: process started with pid [244213]
[INFO] [warehouse_visualizer-3]: process started with pid [244214]
[INFO] [robot_state_publisher-4]: process started with pid [244216]
[INFO] [create-5]: process started with pid [244217]
[INFO] [parameter_bridge-6]: process started with pid [244218]
[INFO] [static_transform_publisher-7]: process started with pid [244219]
[INFO] [robot_state_publisher-8]: process started with pid [244220]
[INFO] [create-9]: process started with pid [244221]
[INFO] [parameter_bridge-10]: process started with pid [244222]
[INFO] [static_transform_publisher-11]: process started with pid [244223]
[INFO] [robot_state_publisher-12]: process started with pid [244224]
[INFO] [create-13]: process started with pid [244225]
[INFO] [parameter_bridge-14]: process started with pid [244226]
[INFO] [static_transform_publisher-15]: process started with pid [244227]
[INFO] [robot_state_publisher-16]: process started with pid [244228]
[INFO] [create-17]: process started with pid [244229]
[INFO] [parameter_bridge-18]: process started with pid [244230]
[INFO] [static_transform_publisher-19]: process started with pid [244235]
[INFO] [robot_state_publisher-20]: process started with pid [244238]
[INFO] [create-21]: process started with pid [244239]
[INFO] [parameter_bridge-22]: process started with pid [244244]
[INFO] [static_transform_publisher-23]: process started with pid [244245]
[INFO] [robot_state_publisher-24]: process started with pid [244246]
[INFO] [create-25]: process started with pid [244293]
[INFO] [parameter_bridge-26]: process started with pid [244298]
[INFO] [static_transform_publisher-27]: process started with pid [244313]
[INFO] [robot_state_publisher-28]: process started with pid [244320]
[INFO] [create-29]: process started with pid [244321]
[INFO] [parameter_bridge-30]: process started with pid [244324]
[INFO] [static_transform_publisher-31]: process started with pid [244343]
[INFO] [robot_state_publisher-32]: process started with pid [244348]
[INFO] [create-33]: process started with pid [244358]
[INFO] [parameter_bridge-34]: process started with pid [244379]
[INFO] [static_transform_publisher-35]: process started with pid [244394]
[INFO] [robot_state_publisher-36]: process started with pid [244397]
[INFO] [create-37]: process started with pid [244405]
[INFO] [parameter_bridge-38]: process started with pid [244409]
[INFO] [static_transform_publisher-39]: process started with pid [244413]
[INFO] [robot_state_publisher-40]: process started with pid [244414]
[INFO] [create-41]: process started with pid [244418]
[INFO] [parameter_bridge-42]: process started with pid [244430]
[INFO] [static_transform_publisher-43]: process started with pid [244435]
[INFO] [task_manager-44]: process started with pid [244452]
[INFO] [cbba_node-45]: process started with pid [244477]
[INFO] [cbba_node-46]: process started with pid [244479]
[INFO] [cbba_node-47]: process started with pid [244489]
[INFO] [cbba_node-48]: process started with pid [244491]
[INFO] [cbba_node-49]: process started with pid [244509]
[INFO] [cbba_node-50]: process started with pid [244512]
[INFO] [cbba_node-51]: process started with pid [244534]
[INFO] [cbba_node-52]: process started with pid [244536]
[INFO] [cbba_node-53]: process started with pid [244541]
[INFO] [cbba_node-54]: process started with pid [244543]
[INFO] [rh_node-55]: process started with pid [244546]
[INFO] [rh_node-56]: process started with pid [244553]
[INFO] [rh_node-57]: process started with pid [244596]
[INFO] [rh_node-58]: process started with pid [244607]
[INFO] [rh_node-59]: process started with pid [244610]
[INFO] [rh_node-60]: process started with pid [244636]
[INFO] [rh_node-61]: process started with pid [244649]
[INFO] [rh_node-62]: process started with pid [244651]
[INFO] [rh_node-63]: process started with pid [244660]
[INFO] [rh_node-64]: process started with pid [244669]
[create-5] [INFO] [1789383752.123718581] [amr_0_spawner]: Requesting list of world names.
[static_transform_publisher-7] [INFO] [1789383752.156487730] [amr_0_map_to_odom]: Spinning until stopped - publishing transform
[static_transform_publisher-7] translation: ('1.500000', '4.500000', '0.000000')
[static_transform_publisher-7] rotation: ('0.000000', '0.000000', '0.000000', '1.000000')
[static_transform_publisher-7] from 'map' to 'amr_0/odom'
[robot_state_publisher-8] [INFO] [1789383752.130556388] [amr_1.robot_state_publisher]: Robot initialized
[parameter_bridge-10] [INFO] [1789383752.152287012] [amr_1_bridge]: Creating ROS->GZ Bridge: [/amr_1/cmd_vel (geometry_msgs/msg/Twist) -> /amr_1/cmd_vel (gz.msgs.Twist)] (Lazy 0)
[parameter_bridge-10] [INFO] [1789383752.158211484] [amr_1_bridge]: Creating GZ->ROS Bridge: [/amr_1/odom (gz.msgs.Odometry) -> /amr_1/odom (nav_msgs/msg/Odometry)] (Lazy 0)
[parameter_bridge-10] [INFO] [1789383752.167260456] [amr_1_bridge]: Creating GZ->ROS Bridge: [/amr_1/scan (gz.msgs.LaserScan) -> /amr_1/scan (sensor_msgs/msg/LaserScan)] (Lazy 0)
[parameter_bridge-10] [INFO] [1789383752.269706146] [amr_1_bridge]: Creating GZ->ROS Bridge: [/amr_1/tf (gz.msgs.Pose_V) -> /amr_1/tf (tf2_msgs/msg/TFMessage)] (Lazy 0)
[parameter_bridge-10] [INFO] [1789383752.272301052] [amr_1_bridge]: Creating GZ->ROS Bridge: [/amr_1/joint_states (gz.msgs.Model) -> /amr_1/joint_states (sensor_msgs/msg/JointState)] (Lazy 0)
[static_transform_publisher-11] [INFO] [1789383752.110557487] [amr_1_map_to_odom]: Spinning until stopped - publishing transform
[static_transform_publisher-11] translation: ('1.500000', '10.000000', '0.000000')
[static_transform_publisher-11] rotation: ('0.000000', '0.000000', '0.000000', '1.000000')
[static_transform_publisher-11] from 'map' to 'amr_1/odom'
[robot_state_publisher-12] [INFO] [1789383752.242198072] [amr_2.robot_state_publisher]: Robot initialized
[robot_state_publisher-4] [INFO] [1789383752.300307207] [amr_0.robot_state_publisher]: Robot initialized
[parameter_bridge-22] [INFO] [1789383752.325651361] [amr_4_bridge]: Creating ROS->GZ Bridge: [/amr_4/cmd_vel (geometry_msgs/msg/Twist) -> /amr_4/cmd_vel (gz.msgs.Twist)] (Lazy 0)
[create-9] [INFO] [1789383752.392563650] [amr_1_spawner]: Requesting list of world names.
[robot_state_publisher-20] [INFO] [1789383752.704864229] [amr_4.robot_state_publisher]: Robot initialized
[parameter_bridge-22] [INFO] [1789383752.881520766] [amr_4_bridge]: Creating GZ->ROS Bridge: [/amr_4/odom (gz.msgs.Odometry) -> /amr_4/odom (nav_msgs/msg/Odometry)] (Lazy 0)
[static_transform_publisher-15] [INFO] [1789383752.896233388] [amr_2_map_to_odom]: Spinning until stopped - publishing transform
[static_transform_publisher-15] translation: ('1.500000', '16.000000', '0.000000')
[static_transform_publisher-15] rotation: ('0.000000', '0.000000', '0.000000', '1.000000')
[static_transform_publisher-15] from 'map' to 'amr_2/odom'
[robot_state_publisher-24] [INFO] [1789383752.930583615] [amr_5.robot_state_publisher]: Robot initialized
[static_transform_publisher-35] [INFO] [1789383752.937228835] [amr_7_map_to_odom]: Spinning until stopped - publishing transform
[static_transform_publisher-35] translation: ('30.500000', '16.000000', '0.000000')
[static_transform_publisher-35] rotation: ('0.000000', '0.000000', '1.000000', '0.000001')
[static_transform_publisher-35] from 'map' to 'amr_7/odom'
[static_transform_publisher-19] [INFO] [1789383753.124397284] [amr_3_map_to_odom]: Spinning until stopped - publishing transform
[static_transform_publisher-19] translation: ('1.500000', '22.000000', '0.000000')
[static_transform_publisher-19] rotation: ('0.000000', '0.000000', '0.000000', '1.000000')
[static_transform_publisher-19] from 'map' to 'amr_3/odom'
[robot_state_publisher-16] [INFO] [1789383753.164879041] [amr_3.robot_state_publisher]: Robot initialized
[create-21] [INFO] [1789383753.205575464] [amr_4_spawner]: Requesting list of world names.
[parameter_bridge-14] [INFO] [1789383753.256214088] [amr_2_bridge]: Creating ROS->GZ Bridge: [/amr_2/cmd_vel (geometry_msgs/msg/Twist) -> /amr_2/cmd_vel (gz.msgs.Twist)] (Lazy 0)
[parameter_bridge-14] [INFO] [1789383753.262924978] [amr_2_bridge]: Creating GZ->ROS Bridge: [/amr_2/odom (gz.msgs.Odometry) -> /amr_2/odom (nav_msgs/msg/Odometry)] (Lazy 0)
[parameter_bridge-14] [INFO] [1789383753.268886882] [amr_2_bridge]: Creating GZ->ROS Bridge: [/amr_2/scan (gz.msgs.LaserScan) -> /amr_2/scan (sensor_msgs/msg/LaserScan)] (Lazy 0)
[parameter_bridge-14] [INFO] [1789383753.274808318] [amr_2_bridge]: Creating GZ->ROS Bridge: [/amr_2/tf (gz.msgs.Pose_V) -> /amr_2/tf (tf2_msgs/msg/TFMessage)] (Lazy 0)
[static_transform_publisher-27] [INFO] [1789383753.287999734] [amr_5_map_to_odom]: Spinning until stopped - publishing transform
[static_transform_publisher-27] translation: ('30.500000', '4.500000', '0.000000')
[static_transform_publisher-27] rotation: ('0.000000', '0.000000', '1.000000', '0.000001')
[static_transform_publisher-27] from 'map' to 'amr_5/odom'
[parameter_bridge-14] [INFO] [1789383753.299068506] [amr_2_bridge]: Creating GZ->ROS Bridge: [/amr_2/joint_states (gz.msgs.Model) -> /amr_2/joint_states (sensor_msgs/msg/JointState)] (Lazy 0)
[create-17] [INFO] [1789383753.314787990] [amr_3_spawner]: Requesting list of world names.
[parameter_bridge-6] [INFO] [1789383753.423468589] [amr_0_bridge]: Creating ROS->GZ Bridge: [/amr_0/cmd_vel (geometry_msgs/msg/Twist) -> /amr_0/cmd_vel (gz.msgs.Twist)] (Lazy 0)
[static_transform_publisher-31] [INFO] [1789383753.441694488] [amr_6_map_to_odom]: Spinning until stopped - publishing transform
[static_transform_publisher-31] translation: ('30.500000', '10.000000', '0.000000')
[static_transform_publisher-31] rotation: ('0.000000', '0.000000', '1.000000', '0.000001')
[static_transform_publisher-31] from 'map' to 'amr_6/odom'
[parameter_bridge-22] [INFO] [1789383753.445416996] [amr_4_bridge]: Creating GZ->ROS Bridge: [/amr_4/scan (gz.msgs.LaserScan) -> /amr_4/scan (sensor_msgs/msg/LaserScan)] (Lazy 0)
[parameter_bridge-22] [INFO] [1789383753.471920884] [amr_4_bridge]: Creating GZ->ROS Bridge: [/amr_4/tf (gz.msgs.Pose_V) -> /amr_4/tf (tf2_msgs/msg/TFMessage)] (Lazy 0)
[parameter_bridge-22] [INFO] [1789383753.479826694] [amr_4_bridge]: Creating GZ->ROS Bridge: [/amr_4/joint_states (gz.msgs.Model) -> /amr_4/joint_states (sensor_msgs/msg/JointState)] (Lazy 0)
[parameter_bridge-18] [INFO] [1789383753.519904595] [amr_3_bridge]: Creating ROS->GZ Bridge: [/amr_3/cmd_vel (geometry_msgs/msg/Twist) -> /amr_3/cmd_vel (gz.msgs.Twist)] (Lazy 0)
[parameter_bridge-18] [INFO] [1789383753.569881790] [amr_3_bridge]: Creating GZ->ROS Bridge: [/amr_3/odom (gz.msgs.Odometry) -> /amr_3/odom (nav_msgs/msg/Odometry)] (Lazy 0)
[parameter_bridge-18] [INFO] [1789383753.595410402] [amr_3_bridge]: Creating GZ->ROS Bridge: [/amr_3/scan (gz.msgs.LaserScan) -> /amr_3/scan (sensor_msgs/msg/LaserScan)] (Lazy 0)
[create-13] [INFO] [1789383753.596633331] [amr_2_spawner]: Requesting list of world names.
[parameter_bridge-6] [INFO] [1789383753.619079641] [amr_0_bridge]: Creating GZ->ROS Bridge: [/amr_0/odom (gz.msgs.Odometry) -> /amr_0/odom (nav_msgs/msg/Odometry)] (Lazy 0)
[create-17] [INFO] [1789383753.642806544] [amr_3_spawner]: Waiting messages on topic [amr_3/robot_description].
[parameter_bridge-18] [INFO] [1789383753.703428831] [amr_3_bridge]: Creating GZ->ROS Bridge: [/amr_3/tf (gz.msgs.Pose_V) -> /amr_3/tf (tf2_msgs/msg/TFMessage)] (Lazy 0)
[parameter_bridge-6] [INFO] [1789383753.721257941] [amr_0_bridge]: Creating GZ->ROS Bridge: [/amr_0/scan (gz.msgs.LaserScan) -> /amr_0/scan (sensor_msgs/msg/LaserScan)] (Lazy 0)
[create-21] [INFO] [1789383753.781291542] [amr_4_spawner]: Waiting messages on topic [amr_4/robot_description].
[parameter_bridge-6] [INFO] [1789383753.804541628] [amr_0_bridge]: Creating GZ->ROS Bridge: [/amr_0/tf (gz.msgs.Pose_V) -> /amr_0/tf (tf2_msgs/msg/TFMessage)] (Lazy 0)
[create-5] [INFO] [1789383753.806661406] [amr_0_spawner]: Waiting messages on topic [amr_0/robot_description].
[parameter_bridge-18] [INFO] [1789383753.812757098] [amr_3_bridge]: Creating GZ->ROS Bridge: [/amr_3/joint_states (gz.msgs.Model) -> /amr_3/joint_states (sensor_msgs/msg/JointState)] (Lazy 0)
[parameter_bridge-6] [INFO] [1789383753.822503643] [amr_0_bridge]: Creating GZ->ROS Bridge: [/amr_0/joint_states (gz.msgs.Model) -> /amr_0/joint_states (sensor_msgs/msg/JointState)] (Lazy 0)
[parameter_bridge-2] [INFO] [1789383753.834651648] [clock_bridge]: Creating GZ->ROS Bridge: [/clock (gz.msgs.Clock) -> /clock (rosgraph_msgs/msg/Clock)] (Lazy 0)
[create-25] [INFO] [1789383753.867647421] [amr_5_spawner]: Requesting list of world names.
[static_transform_publisher-23] [INFO] [1789383753.877662849] [amr_4_map_to_odom]: Spinning until stopped - publishing transform
[static_transform_publisher-23] translation: ('1.500000', '27.500000', '0.000000')
[static_transform_publisher-23] rotation: ('0.000000', '0.000000', '0.000000', '1.000000')
[static_transform_publisher-23] from 'map' to 'amr_4/odom'
[create-9] [INFO] [1789383753.922803943] [amr_1_spawner]: Waiting messages on topic [amr_1/robot_description].
[static_transform_publisher-39] [INFO] [1789383753.976010858] [amr_8_map_to_odom]: Spinning until stopped - publishing transform
[static_transform_publisher-39] translation: ('30.500000', '22.000000', '0.000000')
[static_transform_publisher-39] rotation: ('0.000000', '0.000000', '1.000000', '0.000001')
[static_transform_publisher-39] from 'map' to 'amr_8/odom'
[parameter_bridge-38] [INFO] [1789383754.014012789] [amr_8_bridge]: Creating ROS->GZ Bridge: [/amr_8/cmd_vel (geometry_msgs/msg/Twist) -> /amr_8/cmd_vel (gz.msgs.Twist)] (Lazy 0)
[create-37] [INFO] [1789383754.034883549] [amr_8_spawner]: Requesting list of world names.
[parameter_bridge-38] [INFO] [1789383754.035144882] [amr_8_bridge]: Creating GZ->ROS Bridge: [/amr_8/odom (gz.msgs.Odometry) -> /amr_8/odom (nav_msgs/msg/Odometry)] (Lazy 0)
[create-41] [INFO] [1789383754.079266375] [amr_9_spawner]: Requesting list of world names.
[create-5] [INFO] [1789383754.090666130] [amr_0_spawner]: Entity creation successful.
[create-25] [INFO] [1789383754.107647009] [amr_5_spawner]: Waiting messages on topic [amr_5/robot_description].
[create-13] [INFO] [1789383754.108258914] [amr_2_spawner]: Waiting messages on topic [amr_2/robot_description].
[robot_state_publisher-28] [INFO] [1789383754.118213775] [amr_6.robot_state_publisher]: Robot initialized
[parameter_bridge-38] [INFO] [1789383754.138575238] [amr_8_bridge]: Creating GZ->ROS Bridge: [/amr_8/scan (gz.msgs.LaserScan) -> /amr_8/scan (sensor_msgs/msg/LaserScan)] (Lazy 0)
[parameter_bridge-26] [INFO] [1789383754.185589193] [amr_5_bridge]: Creating ROS->GZ Bridge: [/amr_5/cmd_vel (geometry_msgs/msg/Twist) -> /amr_5/cmd_vel (gz.msgs.Twist)] (Lazy 0)
[parameter_bridge-26] [INFO] [1789383754.204513794] [amr_5_bridge]: Creating GZ->ROS Bridge: [/amr_5/odom (gz.msgs.Odometry) -> /amr_5/odom (nav_msgs/msg/Odometry)] (Lazy 0)
[parameter_bridge-26] [INFO] [1789383754.209899134] [amr_5_bridge]: Creating GZ->ROS Bridge: [/amr_5/scan (gz.msgs.LaserScan) -> /amr_5/scan (sensor_msgs/msg/LaserScan)] (Lazy 0)
[parameter_bridge-26] [INFO] [1789383754.213521781] [amr_5_bridge]: Creating GZ->ROS Bridge: [/amr_5/tf (gz.msgs.Pose_V) -> /amr_5/tf (tf2_msgs/msg/TFMessage)] (Lazy 0)
[robot_state_publisher-32] [INFO] [1789383754.220134153] [amr_7.robot_state_publisher]: Robot initialized
[parameter_bridge-26] [INFO] [1789383754.224407160] [amr_5_bridge]: Creating GZ->ROS Bridge: [/amr_5/joint_states (gz.msgs.Model) -> /amr_5/joint_states (sensor_msgs/msg/JointState)] (Lazy 0)
[parameter_bridge-38] [INFO] [1789383754.257194945] [amr_8_bridge]: Creating GZ->ROS Bridge: [/amr_8/tf (gz.msgs.Pose_V) -> /amr_8/tf (tf2_msgs/msg/TFMessage)] (Lazy 0)
[create-37] [INFO] [1789383754.265728640] [amr_8_spawner]: Waiting messages on topic [amr_8/robot_description].
[create-29] [INFO] [1789383754.272426393] [amr_6_spawner]: Requesting list of world names.
[parameter_bridge-30] [INFO] [1789383754.275040218] [amr_6_bridge]: Creating ROS->GZ Bridge: [/amr_6/cmd_vel (geometry_msgs/msg/Twist) -> /amr_6/cmd_vel (gz.msgs.Twist)] (Lazy 0)
[parameter_bridge-34] [INFO] [1789383754.280803824] [amr_7_bridge]: Creating ROS->GZ Bridge: [/amr_7/cmd_vel (geometry_msgs/msg/Twist) -> /amr_7/cmd_vel (gz.msgs.Twist)] (Lazy 0)
[parameter_bridge-42] [INFO] [1789383754.298294694] [amr_9_bridge]: Creating ROS->GZ Bridge: [/amr_9/cmd_vel (geometry_msgs/msg/Twist) -> /amr_9/cmd_vel (gz.msgs.Twist)] (Lazy 0)
[parameter_bridge-34] [INFO] [1789383754.300281691] [amr_7_bridge]: Creating GZ->ROS Bridge: [/amr_7/odom (gz.msgs.Odometry) -> /amr_7/odom (nav_msgs/msg/Odometry)] (Lazy 0)
[parameter_bridge-42] [INFO] [1789383754.314357925] [amr_9_bridge]: Creating GZ->ROS Bridge: [/amr_9/odom (gz.msgs.Odometry) -> /amr_9/odom (nav_msgs/msg/Odometry)] (Lazy 0)
[parameter_bridge-34] [INFO] [1789383754.314410903] [amr_7_bridge]: Creating GZ->ROS Bridge: [/amr_7/scan (gz.msgs.LaserScan) -> /amr_7/scan (sensor_msgs/msg/LaserScan)] (Lazy 0)
[parameter_bridge-34] [INFO] [1789383754.322260199] [amr_7_bridge]: Creating GZ->ROS Bridge: [/amr_7/tf (gz.msgs.Pose_V) -> /amr_7/tf (tf2_msgs/msg/TFMessage)] (Lazy 0)
[parameter_bridge-34] [INFO] [1789383754.331770226] [amr_7_bridge]: Creating GZ->ROS Bridge: [/amr_7/joint_states (gz.msgs.Model) -> /amr_7/joint_states (sensor_msgs/msg/JointState)] (Lazy 0)
[parameter_bridge-42] [INFO] [1789383754.331831124] [amr_9_bridge]: Creating GZ->ROS Bridge: [/amr_9/scan (gz.msgs.LaserScan) -> /amr_9/scan (sensor_msgs/msg/LaserScan)] (Lazy 0)
[parameter_bridge-42] [INFO] [1789383754.335308476] [amr_9_bridge]: Creating GZ->ROS Bridge: [/amr_9/tf (gz.msgs.Pose_V) -> /amr_9/tf (tf2_msgs/msg/TFMessage)] (Lazy 0)
[parameter_bridge-42] [INFO] [1789383754.341053312] [amr_9_bridge]: Creating GZ->ROS Bridge: [/amr_9/joint_states (gz.msgs.Model) -> /amr_9/joint_states (sensor_msgs/msg/JointState)] (Lazy 0)
[static_transform_publisher-43] [INFO] [1789383754.369719877] [amr_9_map_to_odom]: Spinning until stopped - publishing transform
[static_transform_publisher-43] translation: ('30.500000', '27.500000', '0.000000')
[static_transform_publisher-43] rotation: ('0.000000', '0.000000', '1.000000', '0.000001')
[static_transform_publisher-43] from 'map' to 'amr_9/odom'
[robot_state_publisher-36] [INFO] [1789383754.397098365] [amr_8.robot_state_publisher]: Robot initialized
[parameter_bridge-38] [INFO] [1789383754.404743488] [amr_8_bridge]: Creating GZ->ROS Bridge: [/amr_8/joint_states (gz.msgs.Model) -> /amr_8/joint_states (sensor_msgs/msg/JointState)] (Lazy 0)
[robot_state_publisher-40] [INFO] [1789383754.410703437] [amr_9.robot_state_publisher]: Robot initialized
[create-41] [INFO] [1789383754.483523070] [amr_9_spawner]: Waiting messages on topic [amr_9/robot_description].
[create-33] [INFO] [1789383754.534538611] [amr_7_spawner]: Requesting list of world names.
[create-29] [INFO] [1789383754.595727035] [amr_6_spawner]: Waiting messages on topic [amr_6/robot_description].
[create-17] [INFO] [1789383754.646068860] [amr_3_spawner]: Waiting messages on topic [amr_3/robot_description].
[parameter_bridge-30] [INFO] [1789383754.654740976] [amr_6_bridge]: Creating GZ->ROS Bridge: [/amr_6/odom (gz.msgs.Odometry) -> /amr_6/odom (nav_msgs/msg/Odometry)] (Lazy 0)
[parameter_bridge-30] [INFO] [1789383754.672188232] [amr_6_bridge]: Creating GZ->ROS Bridge: [/amr_6/scan (gz.msgs.LaserScan) -> /amr_6/scan (sensor_msgs/msg/LaserScan)] (Lazy 0)
[parameter_bridge-30] [INFO] [1789383754.679313812] [amr_6_bridge]: Creating GZ->ROS Bridge: [/amr_6/tf (gz.msgs.Pose_V) -> /amr_6/tf (tf2_msgs/msg/TFMessage)] (Lazy 0)
[parameter_bridge-30] [INFO] [1789383754.683671706] [amr_6_bridge]: Creating GZ->ROS Bridge: [/amr_6/joint_states (gz.msgs.Model) -> /amr_6/joint_states (sensor_msgs/msg/JointState)] (Lazy 0)
[INFO] [create-5]: process has finished cleanly [pid 244217]
[create-9] [INFO] [1789383754.740534641] [amr_1_spawner]: Entity creation successful.
[gazebo-1] [1;33mWarning [Utils.cc:132][0m [/sdf/model[@name="amr"]/link[@name="amr_0/base_footprint"]/sensor[@name="amr_0_lidar"]/gz_frame_id:<urdf-string>:L0]: XML Element[gz_frame_id], child of element[sensor], not defined in SDF. Copying[gz_frame_id] as children of [sensor].
[create-33] [INFO] [1789383754.757773876] [amr_7_spawner]: Waiting messages on topic [amr_7/robot_description].
[cbba_node-51] [INFO] [1789383754.764603779] [amr_6.cbba_node]: CBBA Node initialized for amr_6 (bundle cap: 8)
[create-21] [INFO] [1789383754.781424731] [amr_4_spawner]: Waiting messages on topic [amr_4/robot_description].
[rh_node-57] [INFO] [1789383754.849199621] [amr_2.rh_node]: [amr_2] Loaded custom grid from /home/raghav/Downloads/NRDAS_Antigravity_Project_Starter/antigravity_amr_project/config/maps/warehouse_m9_v2.yaml (64x64)
[gazebo-1] [1;33mWarning [Utils.cc:132][0m [/sdf/model[@name="amr"]/link[@name="amr_1/base_footprint"]/sensor[@name="amr_1_lidar"]/gz_frame_id:<urdf-string>:L0]: XML Element[gz_frame_id], child of element[sensor], not defined in SDF. Copying[gz_frame_id] as children of [sensor].
[INFO] [create-9]: process has finished cleanly [pid 244221]
[rh_node-61] [INFO] [1789383755.029985689] [amr_6.rh_node]: [amr_6] Loaded custom grid from /home/raghav/Downloads/NRDAS_Antigravity_Project_Starter/antigravity_amr_project/config/maps/warehouse_m9_v2.yaml (64x64)
[create-25] [INFO] [1789383755.109166439] [amr_5_spawner]: Waiting messages on topic [amr_5/robot_description].
[create-13] [INFO] [1789383755.109501382] [amr_2_spawner]: Waiting messages on topic [amr_2/robot_description].
[rh_node-63] [INFO] [1789383755.152700000] [amr_8.rh_node]: [amr_8] Loaded custom grid from /home/raghav/Downloads/NRDAS_Antigravity_Project_Starter/antigravity_amr_project/config/maps/warehouse_m9_v2.yaml (64x64)
[rh_node-58] [INFO] [1789383755.169663221] [amr_3.rh_node]: [amr_3] Loaded custom grid from /home/raghav/Downloads/NRDAS_Antigravity_Project_Starter/antigravity_amr_project/config/maps/warehouse_m9_v2.yaml (64x64)
[create-21] [INFO] [1789383755.194099692] [amr_4_spawner]: Entity creation successful.
[create-37] [INFO] [1789383755.266745875] [amr_8_spawner]: Waiting messages on topic [amr_8/robot_description].
[warehouse_visualizer-3] [INFO] [1789383755.291907886] [warehouse_visualizer]: WarehouseVisualizerNode started. Publishing to /warehouse_markers.
[rh_node-62] [INFO] [1789383755.292261536] [amr_7.rh_node]: [amr_7] Loaded custom grid from /home/raghav/Downloads/NRDAS_Antigravity_Project_Starter/antigravity_amr_project/config/maps/warehouse_m9_v2.yaml (64x64)
[cbba_node-50] [INFO] [1789383755.304544075] [amr_5.cbba_node]: CBBA Node initialized for amr_5 (bundle cap: 8)
[task_manager-44] [INFO] [1789383755.309765988] [amr_task_manager]: Loaded 30 tasks from workload: /home/raghav/Downloads/NRDAS_Antigravity_Project_Starter/antigravity_amr_project/config/workloads/workload_30_tasks_m9_v2.yaml
[cbba_node-52] [INFO] [1789383755.383217960] [amr_7.cbba_node]: CBBA Node initialized for amr_7 (bundle cap: 8)
[gazebo-1] [1;33mWarning [Utils.cc:132][0m [/sdf/model[@name="amr"]/link[@name="amr_4/base_footprint"]/sensor[@name="amr_4_lidar"]/gz_frame_id:<urdf-string>:L0]: XML Element[gz_frame_id], child of element[sensor], not defined in SDF. Copying[gz_frame_id] as children of [sensor].
[create-17] [INFO] [1789383755.471163662] [amr_3_spawner]: Entity creation successful.
[rh_node-61] [INFO] [1789383755.551479996] [amr_6.rh_node]: Rolling-Horizon Planner initialized for amr_6 (h=10, w=4, heuristic=PRIORITY_FIRST)
[create-41] [INFO] [1789383755.574417235] [amr_9_spawner]: Waiting messages on topic [amr_9/robot_description].
[INFO] [create-21]: process has finished cleanly [pid 244239]
[rh_node-58] [INFO] [1789383755.641433805] [amr_3.rh_node]: Rolling-Horizon Planner initialized for amr_3 (h=10, w=4, heuristic=PRIORITY_FIRST)
[task_manager-44] [INFO] [1789383755.688180188] [amr_task_manager]: Task Manager Node initialized.
[create-13] [INFO] [1789383755.697431199] [amr_2_spawner]: Entity creation successful.
[create-29] [INFO] [1789383755.707547301] [amr_6_spawner]: Waiting messages on topic [amr_6/robot_description].
[rh_node-60] [INFO] [1789383755.707967297] [amr_5.rh_node]: [amr_5] Loaded custom grid from /home/raghav/Downloads/NRDAS_Antigravity_Project_Starter/antigravity_amr_project/config/maps/warehouse_m9_v2.yaml (64x64)
[gazebo-1] [1;33mWarning [Utils.cc:132][0m [/sdf/model[@name="amr"]/link[@name="amr_3/base_footprint"]/sensor[@name="amr_3_lidar"]/gz_frame_id:<urdf-string>:L0]: XML Element[gz_frame_id], child of element[sensor], not defined in SDF. Copying[gz_frame_id] as children of [sensor].
[rh_node-63] [INFO] [1789383755.728658837] [amr_8.rh_node]: Rolling-Horizon Planner initialized for amr_8 (h=10, w=4, heuristic=PRIORITY_FIRST)
[create-33] [INFO] [1789383755.758062607] [amr_7_spawner]: Waiting messages on topic [amr_7/robot_description].
[rh_node-56] [INFO] [1789383755.844767310] [amr_1.rh_node]: [amr_1] Loaded custom grid from /home/raghav/Downloads/NRDAS_Antigravity_Project_Starter/antigravity_amr_project/config/maps/warehouse_m9_v2.yaml (64x64)
[INFO] [create-17]: process has finished cleanly [pid 244229]
[gazebo-1] [1;33mWarning [Utils.cc:132][0m [/sdf/model[@name="amr"]/link[@name="amr_2/base_footprint"]/sensor[@name="amr_2_lidar"]/gz_frame_id:<urdf-string>:L0]: XML Element[gz_frame_id], child of element[sensor], not defined in SDF. Copying[gz_frame_id] as children of [sensor].
[rh_node-57] [INFO] [1789383756.037346274] [amr_2.rh_node]: Rolling-Horizon Planner initialized for amr_2 (h=10, w=4, heuristic=PRIORITY_FIRST)
[create-25] [INFO] [1789383756.097501108] [amr_5_spawner]: Entity creation successful.
[rh_node-64] [INFO] [1789383756.117953866] [amr_9.rh_node]: [amr_9] Loaded custom grid from /home/raghav/Downloads/NRDAS_Antigravity_Project_Starter/antigravity_amr_project/config/maps/warehouse_m9_v2.yaml (64x64)
[cbba_node-54] [INFO] [1789383756.234489204] [amr_9.cbba_node]: CBBA Node initialized for amr_9 (bundle cap: 8)
[gazebo-1] [1;33mWarning [Utils.cc:132][0m [/sdf/model[@name="amr"]/link[@name="amr_5/base_footprint"]/sensor[@name="amr_5_lidar"]/gz_frame_id:<urdf-string>:L0]: XML Element[gz_frame_id], child of element[sensor], not defined in SDF. Copying[gz_frame_id] as children of [sensor].
[rh_node-59] [INFO] [1789383756.284957250] [amr_4.rh_node]: [amr_4] Loaded custom grid from /home/raghav/Downloads/NRDAS_Antigravity_Project_Starter/antigravity_amr_project/config/maps/warehouse_m9_v2.yaml (64x64)
[create-37] [INFO] [1789383756.292412845] [amr_8_spawner]: Entity creation successful.
[create-33] [INFO] [1789383756.305487865] [amr_7_spawner]: Entity creation successful.
[rh_node-55] [INFO] [1789383756.312308254] [amr_0.rh_node]: [amr_0] Loaded custom grid from /home/raghav/Downloads/NRDAS_Antigravity_Project_Starter/antigravity_amr_project/config/maps/warehouse_m9_v2.yaml (64x64)
[cbba_node-53] [INFO] [1789383756.326040072] [amr_8.cbba_node]: CBBA Node initialized for amr_8 (bundle cap: 8)
[INFO] [create-13]: process has finished cleanly [pid 244225]
[rh_node-62] [INFO] [1789383756.419105648] [amr_7.rh_node]: Rolling-Horizon Planner initialized for amr_7 (h=10, w=4, heuristic=PRIORITY_FIRST)
[rh_node-60] [INFO] [1789383756.435357555] [amr_5.rh_node]: Rolling-Horizon Planner initialized for amr_5 (h=10, w=4, heuristic=PRIORITY_FIRST)
[gazebo-1] [1;33mWarning [Utils.cc:132][0m [/sdf/model[@name="amr"]/link[@name="amr_8/base_footprint"]/sensor[@name="amr_8_lidar"]/gz_frame_id:<urdf-string>:L0]: XML Element[gz_frame_id], child of element[sensor], not defined in SDF. Copying[gz_frame_id] as children of [sensor].
[INFO] [create-25]: process has finished cleanly [pid 244293]
[gazebo-1] [1;33mWarning [Utils.cc:132][0m [/sdf/model[@name="amr"]/link[@name="amr_7/base_footprint"]/sensor[@name="amr_7_lidar"]/gz_frame_id:<urdf-string>:L0]: XML Element[gz_frame_id], child of element[sensor], not defined in SDF. Copying[gz_frame_id] as children of [sensor].
[cbba_node-47] [INFO] [1789383756.567614248] [amr_2.cbba_node]: CBBA Node initialized for amr_2 (bundle cap: 8)
[create-41] [INFO] [1789383756.617251426] [amr_9_spawner]: Waiting messages on topic [amr_9/robot_description].
[rh_node-64] [INFO] [1789383756.650016436] [amr_9.rh_node]: Rolling-Horizon Planner initialized for amr_9 (h=10, w=4, heuristic=PRIORITY_FIRST)
[create-29] [INFO] [1789383756.650400550] [amr_6_spawner]: Entity creation successful.
[INFO] [create-33]: process has finished cleanly [pid 244358]
[cbba_node-45] [INFO] [1789383756.705908978] [amr_0.cbba_node]: CBBA Node initialized for amr_0 (bundle cap: 8)
[gazebo-1] [1;33mWarning [Utils.cc:132][0m [/sdf/model[@name="amr"]/link[@name="amr_6/base_footprint"]/sensor[@name="amr_6_lidar"]/gz_frame_id:<urdf-string>:L0]: XML Element[gz_frame_id], child of element[sensor], not defined in SDF. Copying[gz_frame_id] as children of [sensor].
[rh_node-59] [INFO] [1789383756.712448342] [amr_4.rh_node]: Rolling-Horizon Planner initialized for amr_4 (h=10, w=4, heuristic=PRIORITY_FIRST)
[INFO] [create-37]: process has finished cleanly [pid 244405]
[rh_node-56] [INFO] [1789383756.752254185] [amr_1.rh_node]: Rolling-Horizon Planner initialized for amr_1 (h=10, w=4, heuristic=PRIORITY_FIRST)
[cbba_node-48] [INFO] [1789383756.774313976] [amr_3.cbba_node]: CBBA Node initialized for amr_3 (bundle cap: 8)
[INFO] [create-29]: process has finished cleanly [pid 244321]
[rh_node-55] [INFO] [1789383756.899820569] [amr_0.rh_node]: Rolling-Horizon Planner initialized for amr_0 (h=10, w=4, heuristic=PRIORITY_FIRST)
[cbba_node-46] [INFO] [1789383757.088267574] [amr_1.cbba_node]: CBBA Node initialized for amr_1 (bundle cap: 8)
[rh_node-61] [INFO] [1789383757.087086386] [amr_6.rh_node]: [amr_6] Adaptive Compute Mode switched to COMPUTE_MODE_LOW: HOST_CPU_SATURATION (trigger: cpu_utilization_pct=97.70, thresh=85.00)
[cbba_node-49] [INFO] [1789383757.142764472] [amr_4.cbba_node]: CBBA Node initialized for amr_4 (bundle cap: 8)
[rh_node-58] [INFO] [1789383757.150263090] [amr_3.rh_node]: [amr_3] Adaptive Compute Mode switched to COMPUTE_MODE_LOW: HOST_CPU_SATURATION (trigger: cpu_utilization_pct=97.60, thresh=85.00)
[rh_node-63] [INFO] [1789383757.257867777] [amr_8.rh_node]: [amr_8] Adaptive Compute Mode switched to COMPUTE_MODE_LOW: HOST_CPU_SATURATION (trigger: cpu_utilization_pct=97.90, thresh=85.00)
[parameter_bridge-34] [INFO] [1789383757.425230084] [amr_7_bridge]: Passing message from ROS geometry_msgs/msg/Twist to Gazebo gz.msgs.Twist (showing msg only once per type)
[parameter_bridge-14] [INFO] [1789383757.449114159] [amr_2_bridge]: Passing message from ROS geometry_msgs/msg/Twist to Gazebo gz.msgs.Twist (showing msg only once per type)
[create-41] [INFO] [1789383757.506401721] [amr_9_spawner]: Entity creation successful.
[parameter_bridge-26] [INFO] [1789383757.525727418] [amr_5_bridge]: Passing message from ROS geometry_msgs/msg/Twist to Gazebo gz.msgs.Twist (showing msg only once per type)
[parameter_bridge-38] [INFO] [1789383757.574974547] [amr_8_bridge]: Passing message from ROS geometry_msgs/msg/Twist to Gazebo gz.msgs.Twist (showing msg only once per type)
[rh_node-57] [INFO] [1789383757.586949157] [amr_2.rh_node]: [amr_2] Adaptive Compute Mode switched to COMPUTE_MODE_LOW: HOST_CPU_SATURATION (trigger: cpu_utilization_pct=97.80, thresh=85.00)
[cbba_node-47] [INFO] [1789383757.593124629] [amr_2.cbba_node]: [amr_2] CBBA consensus rate updated to 2.0 Hz (COMPUTE_MODE_LOW)
[gazebo-1] [1;33mWarning [Utils.cc:132][0m [/sdf/model[@name="amr"]/link[@name="amr_9/base_footprint"]/sensor[@name="amr_9_lidar"]/gz_frame_id:<urdf-string>:L0]: XML Element[gz_frame_id], child of element[sensor], not defined in SDF. Copying[gz_frame_id] as children of [sensor].
[parameter_bridge-30] [INFO] [1789383757.749256711] [amr_6_bridge]: Passing message from ROS geometry_msgs/msg/Twist to Gazebo gz.msgs.Twist (showing msg only once per type)
[INFO] [create-41]: process has finished cleanly [pid 244418]
[parameter_bridge-18] [INFO] [1789383757.840285396] [amr_3_bridge]: Passing message from ROS geometry_msgs/msg/Twist to Gazebo gz.msgs.Twist (showing msg only once per type)
[parameter_bridge-22] [INFO] [1789383757.910734145] [amr_4_bridge]: Passing message from ROS geometry_msgs/msg/Twist to Gazebo gz.msgs.Twist (showing msg only once per type)
[cbba_node-52] [INFO] [1789383757.922353354] [amr_7.cbba_node]: [amr_7] CBBA consensus rate updated to 2.0 Hz (COMPUTE_MODE_LOW)
[rh_node-62] [INFO] [1789383757.922426590] [amr_7.rh_node]: [amr_7] Adaptive Compute Mode switched to COMPUTE_MODE_LOW: HOST_CPU_SATURATION (trigger: cpu_utilization_pct=97.80, thresh=85.00)
[cbba_node-50] [INFO] [1789383757.929161413] [amr_5.cbba_node]: [amr_5] CBBA consensus rate updated to 2.0 Hz (COMPUTE_MODE_LOW)
[rh_node-60] [INFO] [1789383757.931520734] [amr_5.rh_node]: [amr_5] Adaptive Compute Mode switched to COMPUTE_MODE_LOW: HOST_CPU_SATURATION (trigger: cpu_utilization_pct=97.80, thresh=85.00)
[parameter_bridge-10] [INFO] [1789383757.950108350] [amr_1_bridge]: Passing message from ROS geometry_msgs/msg/Twist to Gazebo gz.msgs.Twist (showing msg only once per type)
[parameter_bridge-6] [INFO] [1789383758.208967220] [amr_0_bridge]: Passing message from ROS geometry_msgs/msg/Twist to Gazebo gz.msgs.Twist (showing msg only once per type)
[parameter_bridge-42] [INFO] [1789383758.259776572] [amr_9_bridge]: Passing message from ROS geometry_msgs/msg/Twist to Gazebo gz.msgs.Twist (showing msg only once per type)
[rh_node-63] [INFO] [1789383761.245695913] [amr_8.rh_node]: [amr_8] Reached pickup for task 'task_m9_v2_w30_0027'. Moving to dropoff.
[task_manager-44] [INFO] [1789383761.247521360] [amr_task_manager]: Task 'task_m9_v2_w30_0027' transitioned to IN_PROGRESS
[rh_node-61] [INFO] [1789383762.087569128] [amr_6.rh_node]: [amr_6] Reached pickup for task 'task_m9_v2_w30_0016'. Moving to dropoff.
[task_manager-44] [INFO] [1789383762.089346399] [amr_task_manager]: Task 'task_m9_v2_w30_0016' transitioned to IN_PROGRESS
[cbba_node-51] [INFO] [1789383762.092937354] [amr_6.cbba_node]: [amr_6] CBBA consensus rate updated to 5.0 Hz (COMPUTE_MODE_NORMAL)
[rh_node-61] [INFO] [1789383762.092982146] [amr_6.rh_node]: [amr_6] Adaptive Compute Mode switched to COMPUTE_MODE_NORMAL: COMMUNICATION_AND_CPU_RECOVERED_TO_NOMINAL (trigger: comm_and_cpu_recovered=0.00, thresh=0.80)
[cbba_node-48] [INFO] [1789383762.154640247] [amr_3.cbba_node]: [amr_3] CBBA consensus rate updated to 5.0 Hz (COMPUTE_MODE_NORMAL)
[rh_node-58] [INFO] [1789383762.156551561] [amr_3.rh_node]: [amr_3] Adaptive Compute Mode switched to COMPUTE_MODE_NORMAL: COMMUNICATION_AND_CPU_RECOVERED_TO_NOMINAL (trigger: comm_and_cpu_recovered=0.00, thresh=0.80)
[rh_node-63] [INFO] [1789383762.249544466] [amr_8.rh_node]: [amr_8] Adaptive Compute Mode switched to COMPUTE_MODE_NORMAL: COMMUNICATION_AND_CPU_RECOVERED_TO_NOMINAL (trigger: comm_and_cpu_recovered=0.00, thresh=0.80)
[cbba_node-53] [INFO] [1789383762.249581717] [amr_8.cbba_node]: [amr_8] CBBA consensus rate updated to 5.0 Hz (COMPUTE_MODE_NORMAL)
[rh_node-57] [INFO] [1789383762.579419298] [amr_2.rh_node]: [amr_2] Adaptive Compute Mode switched to COMPUTE_MODE_NORMAL: COMMUNICATION_AND_CPU_RECOVERED_TO_NOMINAL (trigger: comm_and_cpu_recovered=0.00, thresh=0.80)
[cbba_node-47] [INFO] [1789383762.579942290] [amr_2.cbba_node]: [amr_2] CBBA consensus rate updated to 5.0 Hz (COMPUTE_MODE_NORMAL)
[cbba_node-52] [INFO] [1789383762.926784252] [amr_7.cbba_node]: [amr_7] CBBA consensus rate updated to 5.0 Hz (COMPUTE_MODE_NORMAL)
[rh_node-62] [INFO] [1789383762.927144328] [amr_7.rh_node]: [amr_7] Adaptive Compute Mode switched to COMPUTE_MODE_NORMAL: COMMUNICATION_AND_CPU_RECOVERED_TO_NOMINAL (trigger: comm_and_cpu_recovered=0.00, thresh=0.80)
[rh_node-60] [INFO] [1789383762.934357331] [amr_5.rh_node]: [amr_5] Adaptive Compute Mode switched to COMPUTE_MODE_NORMAL: COMMUNICATION_AND_CPU_RECOVERED_TO_NOMINAL (trigger: comm_and_cpu_recovered=0.00, thresh=0.80)
[cbba_node-50] [INFO] [1789383762.934584644] [amr_5.cbba_node]: [amr_5] CBBA consensus rate updated to 5.0 Hz (COMPUTE_MODE_NORMAL)
[rh_node-61] [INFO] [1789383763.591542139] [amr_6.rh_node]: [amr_6] Reached pickup for task 'task_m9_v2_w30_0016'. Moving to dropoff.
[cbba_node-45] [INFO] [1789383764.258098958] [amr_0.cbba_node]: Committed task task_m9_v2_w30_0001 assignment to amr_0
[cbba_node-45] [INFO] [1789383764.259169431] [amr_0.cbba_node]: Committed task task_m9_v2_w30_0010 assignment to amr_0
[cbba_node-45] [INFO] [1789383764.259999495] [amr_0.cbba_node]: Committed task task_m9_v2_w30_0021 assignment to amr_0
[task_manager-44] [INFO] [1789383764.261507921] [amr_task_manager]: Task 'task_m9_v2_w30_0001' transitioned to ASSIGNED
[task_manager-44] [INFO] [1789383764.263004183] [amr_task_manager]: Task 'task_m9_v2_w30_0010' transitioned to ASSIGNED
[task_manager-44] [INFO] [1789383764.265030256] [amr_task_manager]: Task 'task_m9_v2_w30_0021' transitioned to ASSIGNED
[cbba_node-54] [INFO] [1789383764.269910377] [amr_9.cbba_node]: Committed task task_m9_v2_w30_0009 assignment to amr_9
[task_manager-44] [INFO] [1789383764.270904502] [amr_task_manager]: Task 'task_m9_v2_w30_0009' transitioned to ASSIGNED
[cbba_node-54] [INFO] [1789383764.271309218] [amr_9.cbba_node]: Committed task task_m9_v2_w30_0020 assignment to amr_9
[task_manager-44] [INFO] [1789383764.272318783] [amr_task_manager]: Task 'task_m9_v2_w30_0020' transitioned to ASSIGNED
[cbba_node-51] [INFO] [1789383764.294146532] [amr_6.cbba_node]: Committed task task_m9_v2_w30_0006 assignment to amr_6
[cbba_node-51] [INFO] [1789383764.295046452] [amr_6.cbba_node]: Committed task task_m9_v2_w30_0016 assignment to amr_6
[task_manager-44] [INFO] [1789383764.295141431] [amr_task_manager]: Task 'task_m9_v2_w30_0006' transitioned to ASSIGNED
[cbba_node-51] [INFO] [1789383764.295853131] [amr_6.cbba_node]: Committed task task_m9_v2_w30_0028 assignment to amr_6
[task_manager-44] [ERROR] [1789383764.296293892] [amr_task_manager]: Rejected transition for task 'task_m9_v2_w30_0016': Invalid task transition from IN_PROGRESS to ASSIGNED for task 'task_m9_v2_w30_0016'
[task_manager-44] [INFO] [1789383764.297214069] [amr_task_manager]: Task 'task_m9_v2_w30_0028' transitioned to ASSIGNED
[cbba_node-52] [INFO] [1789383764.330874129] [amr_7.cbba_node]: Committed task task_m9_v2_w30_0007 assignment to amr_7
[task_manager-44] [INFO] [1789383764.331213871] [amr_task_manager]: Task 'task_m9_v2_w30_0007' transitioned to ASSIGNED
[cbba_node-52] [INFO] [1789383764.332167035] [amr_7.cbba_node]: Committed task task_m9_v2_w30_0018 assignment to amr_7
[task_manager-44] [INFO] [1789383764.332503971] [amr_task_manager]: Task 'task_m9_v2_w30_0018' transitioned to ASSIGNED
[cbba_node-52] [INFO] [1789383764.333034818] [amr_7.cbba_node]: Committed task task_m9_v2_w30_0029 assignment to amr_7
[task_manager-44] [INFO] [1789383764.333519048] [amr_task_manager]: Task 'task_m9_v2_w30_0029' transitioned to ASSIGNED
[cbba_node-50] [INFO] [1789383764.336451635] [amr_5.cbba_node]: Committed task task_m9_v2_w30_0005 assignment to amr_5
[cbba_node-50] [INFO] [1789383764.338183431] [amr_5.cbba_node]: Committed task task_m9_v2_w30_0015 assignment to amr_5
[cbba_node-50] [INFO] [1789383764.339438734] [amr_5.cbba_node]: Committed task task_m9_v2_w30_0026 assignment to amr_5
[task_manager-44] [INFO] [1789383764.340419271] [amr_task_manager]: Task 'task_m9_v2_w30_0005' transitioned to ASSIGNED
[task_manager-44] [INFO] [1789383764.342250314] [amr_task_manager]: Task 'task_m9_v2_w30_0015' transitioned to ASSIGNED
[task_manager-44] [INFO] [1789383764.343246374] [amr_task_manager]: Task 'task_m9_v2_w30_0026' transitioned to ASSIGNED
[cbba_node-48] [INFO] [1789383764.356278978] [amr_3.cbba_node]: Committed task task_m9_v2_w30_0017 assignment to amr_3
[cbba_node-48] [INFO] [1789383764.357170177] [amr_3.cbba_node]: Committed task task_m9_v2_w30_0013 assignment to amr_3
[task_manager-44] [INFO] [1789383764.356536568] [amr_task_manager]: Task 'task_m9_v2_w30_0017' transitioned to ASSIGNED
[task_manager-44] [INFO] [1789383764.357903006] [amr_task_manager]: Task 'task_m9_v2_w30_0013' transitioned to ASSIGNED
[task_manager-44] [INFO] [1789383764.359160965] [amr_task_manager]: Task 'task_m9_v2_w30_0024' transitioned to ASSIGNED
[cbba_node-48] [INFO] [1789383764.359691845] [amr_3.cbba_node]: Committed task task_m9_v2_w30_0024 assignment to amr_3
[cbba_node-47] [INFO] [1789383764.380748060] [amr_2.cbba_node]: Committed task task_m9_v2_w30_0003 assignment to amr_2
[task_manager-44] [INFO] [1789383764.381181565] [amr_task_manager]: Task 'task_m9_v2_w30_0003' transitioned to ASSIGNED
[cbba_node-47] [INFO] [1789383764.382011003] [amr_2.cbba_node]: Committed task task_m9_v2_w30_0012 assignment to amr_2
[task_manager-44] [INFO] [1789383764.382263293] [amr_task_manager]: Task 'task_m9_v2_w30_0012' transitioned to ASSIGNED
[cbba_node-47] [INFO] [1789383764.383359409] [amr_2.cbba_node]: Committed task task_m9_v2_w30_0023 assignment to amr_2
[task_manager-44] [INFO] [1789383764.384846711] [amr_task_manager]: Task 'task_m9_v2_w30_0023' transitioned to ASSIGNED
[cbba_node-49] [INFO] [1789383764.445913123] [amr_4.cbba_node]: Committed task task_m9_v2_w30_0004 assignment to amr_4
[task_manager-44] [INFO] [1789383764.446171107] [amr_task_manager]: Task 'task_m9_v2_w30_0004' transitioned to ASSIGNED
[cbba_node-49] [INFO] [1789383764.446823268] [amr_4.cbba_node]: Committed task task_m9_v2_w30_0014 assignment to amr_4
[cbba_node-49] [INFO] [1789383764.447710651] [amr_4.cbba_node]: Committed task task_m9_v2_w30_0025 assignment to amr_4
[task_manager-44] [INFO] [1789383764.447322891] [amr_task_manager]: Task 'task_m9_v2_w30_0014' transitioned to ASSIGNED
[task_manager-44] [INFO] [1789383764.448588142] [amr_task_manager]: Task 'task_m9_v2_w30_0025' transitioned to ASSIGNED
[cbba_node-53] [INFO] [1789383764.452327800] [amr_8.cbba_node]: Committed task task_m9_v2_w30_0008 assignment to amr_8
[cbba_node-46] [INFO] [1789383764.452991613] [amr_1.cbba_node]: Committed task task_m9_v2_w30_0002 assignment to amr_1
[cbba_node-53] [INFO] [1789383764.454329238] [amr_8.cbba_node]: Committed task task_m9_v2_w30_0019 assignment to amr_8
[task_manager-44] [INFO] [1789383764.454455879] [amr_task_manager]: Task 'task_m9_v2_w30_0008' transitioned to ASSIGNED
[cbba_node-46] [INFO] [1789383764.454688272] [amr_1.cbba_node]: Committed task task_m9_v2_w30_0011 assignment to amr_1
[cbba_node-53] [INFO] [1789383764.455883249] [amr_8.cbba_node]: Committed task task_m9_v2_w30_0030 assignment to amr_8
[task_manager-44] [INFO] [1789383764.455928524] [amr_task_manager]: Task 'task_m9_v2_w30_0002' transitioned to ASSIGNED
[task_manager-44] [INFO] [1789383764.457450343] [amr_task_manager]: Task 'task_m9_v2_w30_0019' transitioned to ASSIGNED
[cbba_node-46] [INFO] [1789383764.458115262] [amr_1.cbba_node]: Committed task task_m9_v2_w30_0022 assignment to amr_1
[task_manager-44] [INFO] [1789383764.459038311] [amr_task_manager]: Task 'task_m9_v2_w30_0011' transitioned to ASSIGNED
[task_manager-44] [INFO] [1789383764.461261719] [amr_task_manager]: Task 'task_m9_v2_w30_0030' transitioned to ASSIGNED
[task_manager-44] [INFO] [1789383764.463133422] [amr_task_manager]: Task 'task_m9_v2_w30_0022' transitioned to ASSIGNED
[rh_node-55] [INFO] [1789383788.899314372] [amr_0.rh_node]: [amr_0] Reached pickup for task 'task_m9_v2_w30_0021'. Moving to dropoff.
[task_manager-44] [INFO] [1789383788.901653821] [amr_task_manager]: Task 'task_m9_v2_w30_0021' transitioned to IN_PROGRESS
[rh_node-59] [INFO] [1789383794.211084405] [amr_4.rh_node]: [amr_4] Reached pickup for task 'task_m9_v2_w30_0025'. Moving to dropoff.
[task_manager-44] [INFO] [1789383794.212862846] [amr_task_manager]: Task 'task_m9_v2_w30_0025' transitioned to IN_PROGRESS
[rh_node-58] [INFO] [1789383866.155314374] [amr_3.rh_node]: [amr_3] Adaptive Compute Mode switched to COMPUTE_MODE_HIGH: SPACE_TIME_CONFLICTS_IN_LOCAL_WINDOW (trigger: active_conflicts=2.00, thresh=2.00)
[cbba_node-48] [INFO] [1789383866.159405897] [amr_3.cbba_node]: [amr_3] CBBA consensus rate updated to 10.0 Hz (COMPUTE_MODE_HIGH)
[cbba_node-49] [INFO] [1789383866.213639138] [amr_4.cbba_node]: [amr_4] CBBA consensus rate updated to 10.0 Hz (COMPUTE_MODE_HIGH)
[rh_node-59] [INFO] [1789383866.214566014] [amr_4.rh_node]: [amr_4] Adaptive Compute Mode switched to COMPUTE_MODE_HIGH: SPACE_TIME_CONFLICTS_IN_LOCAL_WINDOW (trigger: active_conflicts=2.00, thresh=2.00)
[rh_node-56] [INFO] [1789383866.258284308] [amr_1.rh_node]: [amr_1] Adaptive Compute Mode switched to COMPUTE_MODE_HIGH: SPACE_TIME_CONFLICTS_IN_LOCAL_WINDOW (trigger: active_conflicts=2.00, thresh=2.00)
[cbba_node-46] [INFO] [1789383866.258779335] [amr_1.cbba_node]: [amr_1] CBBA consensus rate updated to 10.0 Hz (COMPUTE_MODE_HIGH)
[rh_node-63] [INFO] [1789383866.260738061] [amr_8.rh_node]: [amr_8] Adaptive Compute Mode switched to COMPUTE_MODE_HIGH: SPACE_TIME_CONFLICTS_IN_LOCAL_WINDOW (trigger: active_conflicts=2.00, thresh=2.00)
[cbba_node-53] [INFO] [1789383866.260967452] [amr_8.cbba_node]: [amr_8] CBBA consensus rate updated to 10.0 Hz (COMPUTE_MODE_HIGH)
[cbba_node-45] [INFO] [1789383866.400833672] [amr_0.cbba_node]: [amr_0] CBBA consensus rate updated to 10.0 Hz (COMPUTE_MODE_HIGH)
[rh_node-55] [INFO] [1789383866.401224361] [amr_0.rh_node]: [amr_0] Adaptive Compute Mode switched to COMPUTE_MODE_HIGH: SPACE_TIME_CONFLICTS_IN_LOCAL_WINDOW (trigger: active_conflicts=2.00, thresh=2.00)
[rh_node-62] [INFO] [1789383866.430748601] [amr_7.rh_node]: [amr_7] Adaptive Compute Mode switched to COMPUTE_MODE_HIGH: SPACE_TIME_CONFLICTS_IN_LOCAL_WINDOW (trigger: active_conflicts=2.00, thresh=2.00)
[cbba_node-52] [INFO] [1789383866.430931219] [amr_7.cbba_node]: [amr_7] CBBA consensus rate updated to 10.0 Hz (COMPUTE_MODE_HIGH)
[cbba_node-50] [INFO] [1789383866.436755721] [amr_5.cbba_node]: [amr_5] CBBA consensus rate updated to 10.0 Hz (COMPUTE_MODE_HIGH)
[rh_node-60] [INFO] [1789383866.437100408] [amr_5.rh_node]: [amr_5] Adaptive Compute Mode switched to COMPUTE_MODE_HIGH: SPACE_TIME_CONFLICTS_IN_LOCAL_WINDOW (trigger: active_conflicts=2.00, thresh=2.00)
[rh_node-57] [INFO] [1789383866.581721661] [amr_2.rh_node]: [amr_2] Adaptive Compute Mode switched to COMPUTE_MODE_HIGH: SPACE_TIME_CONFLICTS_IN_LOCAL_WINDOW (trigger: active_conflicts=2.00, thresh=2.00)
[cbba_node-47] [INFO] [1789383866.586153569] [amr_2.cbba_node]: [amr_2] CBBA consensus rate updated to 10.0 Hz (COMPUTE_MODE_HIGH)
[cbba_node-51] [INFO] [1789383866.596032074] [amr_6.cbba_node]: [amr_6] CBBA consensus rate updated to 10.0 Hz (COMPUTE_MODE_HIGH)
[rh_node-61] [INFO] [1789383866.597223474] [amr_6.rh_node]: [amr_6] Adaptive Compute Mode switched to COMPUTE_MODE_HIGH: SPACE_TIME_CONFLICTS_IN_LOCAL_WINDOW (trigger: active_conflicts=2.00, thresh=2.00)
[rh_node-64] [INFO] [1789383866.651878788] [amr_9.rh_node]: [amr_9] Adaptive Compute Mode switched to COMPUTE_MODE_HIGH: SPACE_TIME_CONFLICTS_IN_LOCAL_WINDOW (trigger: active_conflicts=2.00, thresh=2.00)
[cbba_node-54] [INFO] [1789383866.652655914] [amr_9.cbba_node]: [amr_9] CBBA consensus rate updated to 10.0 Hz (COMPUTE_MODE_HIGH)
[rh_node-58] [INFO] [1789383869.661362810] [amr_3.rh_node]: [amr_3] Adaptive Compute Mode switched to COMPUTE_MODE_NORMAL: SPATIAL_CONTENTION_RESOLVED (trigger: active_conflicts=0.00, thresh=0.00)
[cbba_node-48] [INFO] [1789383869.662327431] [amr_3.cbba_node]: [amr_3] CBBA consensus rate updated to 5.0 Hz (COMPUTE_MODE_NORMAL)
[cbba_node-49] [INFO] [1789383869.718828825] [amr_4.cbba_node]: [amr_4] CBBA consensus rate updated to 5.0 Hz (COMPUTE_MODE_NORMAL)
[rh_node-59] [INFO] [1789383869.719838035] [amr_4.rh_node]: [amr_4] Adaptive Compute Mode switched to COMPUTE_MODE_NORMAL: SPATIAL_CONTENTION_RESOLVED (trigger: active_conflicts=0.00, thresh=0.00)
[cbba_node-46] [INFO] [1789383869.757473643] [amr_1.cbba_node]: [amr_1] CBBA consensus rate updated to 5.0 Hz (COMPUTE_MODE_NORMAL)
[rh_node-56] [INFO] [1789383869.762302153] [amr_1.rh_node]: [amr_1] Adaptive Compute Mode switched to COMPUTE_MODE_NORMAL: SPATIAL_CONTENTION_RESOLVED (trigger: active_conflicts=0.00, thresh=0.00)
[cbba_node-53] [INFO] [1789383869.774484820] [amr_8.cbba_node]: [amr_8] CBBA consensus rate updated to 5.0 Hz (COMPUTE_MODE_NORMAL)
[rh_node-63] [INFO] [1789383869.774550700] [amr_8.rh_node]: [amr_8] Adaptive Compute Mode switched to COMPUTE_MODE_NORMAL: SPATIAL_CONTENTION_RESOLVED (trigger: active_conflicts=0.00, thresh=0.00)
[rh_node-55] [INFO] [1789383869.903227443] [amr_0.rh_node]: [amr_0] Adaptive Compute Mode switched to COMPUTE_MODE_NORMAL: SPATIAL_CONTENTION_RESOLVED (trigger: active_conflicts=0.00, thresh=0.00)
[cbba_node-45] [INFO] [1789383869.903909671] [amr_0.cbba_node]: [amr_0] CBBA consensus rate updated to 5.0 Hz (COMPUTE_MODE_NORMAL)
[rh_node-62] [INFO] [1789383869.936956528] [amr_7.rh_node]: [amr_7] Adaptive Compute Mode switched to COMPUTE_MODE_NORMAL: SPATIAL_CONTENTION_RESOLVED (trigger: active_conflicts=0.00, thresh=0.00)
[cbba_node-52] [INFO] [1789383869.938490111] [amr_7.cbba_node]: [amr_7] CBBA consensus rate updated to 5.0 Hz (COMPUTE_MODE_NORMAL)
[cbba_node-50] [INFO] [1789383869.939908551] [amr_5.cbba_node]: [amr_5] CBBA consensus rate updated to 5.0 Hz (COMPUTE_MODE_NORMAL)
[rh_node-60] [INFO] [1789383869.940590844] [amr_5.rh_node]: [amr_5] Adaptive Compute Mode switched to COMPUTE_MODE_NORMAL: SPATIAL_CONTENTION_RESOLVED (trigger: active_conflicts=0.00, thresh=0.00)
[cbba_node-47] [INFO] [1789383870.082700959] [amr_2.cbba_node]: [amr_2] CBBA consensus rate updated to 5.0 Hz (COMPUTE_MODE_NORMAL)
[rh_node-57] [INFO] [1789383870.082814478] [amr_2.rh_node]: [amr_2] Adaptive Compute Mode switched to COMPUTE_MODE_NORMAL: SPATIAL_CONTENTION_RESOLVED (trigger: active_conflicts=0.00, thresh=0.00)
[cbba_node-51] [INFO] [1789383870.103674764] [amr_6.cbba_node]: [amr_6] CBBA consensus rate updated to 5.0 Hz (COMPUTE_MODE_NORMAL)
[rh_node-61] [INFO] [1789383870.104669795] [amr_6.rh_node]: [amr_6] Adaptive Compute Mode switched to COMPUTE_MODE_NORMAL: SPATIAL_CONTENTION_RESOLVED (trigger: active_conflicts=0.00, thresh=0.00)
[cbba_node-54] [INFO] [1789383870.155716300] [amr_9.cbba_node]: [amr_9] CBBA consensus rate updated to 5.0 Hz (COMPUTE_MODE_NORMAL)
[rh_node-64] [INFO] [1789383870.155872350] [amr_9.rh_node]: [amr_9] Adaptive Compute Mode switched to COMPUTE_MODE_NORMAL: SPATIAL_CONTENTION_RESOLVED (trigger: active_conflicts=0.00, thresh=0.00)
[cbba_node-48] [INFO] [1789383888.163790761] [amr_3.cbba_node]: [amr_3] CBBA consensus rate updated to 10.0 Hz (COMPUTE_MODE_HIGH)
[rh_node-58] [INFO] [1789383888.166766714] [amr_3.rh_node]: [amr_3] Adaptive Compute Mode switched to COMPUTE_MODE_HIGH: SPACE_TIME_CONFLICTS_IN_LOCAL_WINDOW (trigger: active_conflicts=2.00, thresh=2.00)
[cbba_node-49] [INFO] [1789383888.228227696] [amr_4.cbba_node]: [amr_4] CBBA consensus rate updated to 10.0 Hz (COMPUTE_MODE_HIGH)
[rh_node-59] [INFO] [1789383888.228760370] [amr_4.rh_node]: [amr_4] Adaptive Compute Mode switched to COMPUTE_MODE_HIGH: SPACE_TIME_CONFLICTS_IN_LOCAL_WINDOW (trigger: active_conflicts=2.00, thresh=2.00)
[cbba_node-46] [INFO] [1789383888.257021247] [amr_1.cbba_node]: [amr_1] CBBA consensus rate updated to 10.0 Hz (COMPUTE_MODE_HIGH)
[rh_node-56] [INFO] [1789383888.257932559] [amr_1.rh_node]: [amr_1] Adaptive Compute Mode switched to COMPUTE_MODE_HIGH: SPACE_TIME_CONFLICTS_IN_LOCAL_WINDOW (trigger: active_conflicts=2.00, thresh=2.00)
[rh_node-63] [INFO] [1789383888.278038183] [amr_8.rh_node]: [amr_8] Adaptive Compute Mode switched to COMPUTE_MODE_HIGH: SPACE_TIME_CONFLICTS_IN_LOCAL_WINDOW (trigger: active_conflicts=2.00, thresh=2.00)
[cbba_node-53] [INFO] [1789383888.278213276] [amr_8.cbba_node]: [amr_8] CBBA consensus rate updated to 10.0 Hz (COMPUTE_MODE_HIGH)
[cbba_node-45] [INFO] [1789383888.404983857] [amr_0.cbba_node]: [amr_0] CBBA consensus rate updated to 10.0 Hz (COMPUTE_MODE_HIGH)
[rh_node-55] [INFO] [1789383888.405636751] [amr_0.rh_node]: [amr_0] Adaptive Compute Mode switched to COMPUTE_MODE_HIGH: SPACE_TIME_CONFLICTS_IN_LOCAL_WINDOW (trigger: active_conflicts=2.00, thresh=2.00)
[rh_node-62] [INFO] [1789383888.440904025] [amr_7.rh_node]: [amr_7] Adaptive Compute Mode switched to COMPUTE_MODE_HIGH: SPACE_TIME_CONFLICTS_IN_LOCAL_WINDOW (trigger: active_conflicts=2.00, thresh=2.00)
[cbba_node-52] [INFO] [1789383888.441887209] [amr_7.cbba_node]: [amr_7] CBBA consensus rate updated to 10.0 Hz (COMPUTE_MODE_HIGH)
[cbba_node-50] [INFO] [1789383888.442403916] [amr_5.cbba_node]: [amr_5] CBBA consensus rate updated to 10.0 Hz (COMPUTE_MODE_HIGH)
[rh_node-60] [INFO] [1789383888.443494367] [amr_5.rh_node]: [amr_5] Adaptive Compute Mode switched to COMPUTE_MODE_HIGH: SPACE_TIME_CONFLICTS_IN_LOCAL_WINDOW (trigger: active_conflicts=2.00, thresh=2.00)
[cbba_node-47] [INFO] [1789383888.586185945] [amr_2.cbba_node]: [amr_2] CBBA consensus rate updated to 10.0 Hz (COMPUTE_MODE_HIGH)
[rh_node-57] [INFO] [1789383888.587192780] [amr_2.rh_node]: [amr_2] Adaptive Compute Mode switched to COMPUTE_MODE_HIGH: SPACE_TIME_CONFLICTS_IN_LOCAL_WINDOW (trigger: active_conflicts=2.00, thresh=2.00)
[cbba_node-51] [INFO] [1789383888.606560485] [amr_6.cbba_node]: [amr_6] CBBA consensus rate updated to 10.0 Hz (COMPUTE_MODE_HIGH)
[rh_node-61] [INFO] [1789383888.607067189] [amr_6.rh_node]: [amr_6] Adaptive Compute Mode switched to COMPUTE_MODE_HIGH: SPACE_TIME_CONFLICTS_IN_LOCAL_WINDOW (trigger: active_conflicts=2.00, thresh=2.00)
[cbba_node-54] [INFO] [1789383888.656703468] [amr_9.cbba_node]: [amr_9] CBBA consensus rate updated to 10.0 Hz (COMPUTE_MODE_HIGH)
[rh_node-64] [INFO] [1789383888.657126740] [amr_9.rh_node]: [amr_9] Adaptive Compute Mode switched to COMPUTE_MODE_HIGH: SPACE_TIME_CONFLICTS_IN_LOCAL_WINDOW (trigger: active_conflicts=2.00, thresh=2.00)
[rh_node-56] [INFO] [1789383889.257272754] [amr_1.rh_node]: [amr_1] Reached pickup for task 'task_m9_v2_w30_0022'. Moving to dropoff.
[task_manager-44] [INFO] [1789383889.261754454] [amr_task_manager]: Task 'task_m9_v2_w30_0022' transitioned to IN_PROGRESS
[rh_node-58] [INFO] [1789383891.668775578] [amr_3.rh_node]: [amr_3] Adaptive Compute Mode switched to COMPUTE_MODE_NORMAL: SPATIAL_CONTENTION_RESOLVED (trigger: active_conflicts=0.00, thresh=0.00)
[cbba_node-48] [INFO] [1789383891.669644355] [amr_3.cbba_node]: [amr_3] CBBA consensus rate updated to 5.0 Hz (COMPUTE_MODE_NORMAL)
[rh_node-59] [INFO] [1789383891.731004556] [amr_4.rh_node]: [amr_4] Adaptive Compute Mode switched to COMPUTE_MODE_NORMAL: SPATIAL_CONTENTION_RESOLVED (trigger: active_conflicts=0.00, thresh=0.00)
[cbba_node-49] [INFO] [1789383891.731898622] [amr_4.cbba_node]: [amr_4] CBBA consensus rate updated to 5.0 Hz (COMPUTE_MODE_NORMAL)
[cbba_node-46] [INFO] [1789383891.761414088] [amr_1.cbba_node]: [amr_1] CBBA consensus rate updated to 5.0 Hz (COMPUTE_MODE_NORMAL)
[rh_node-56] [INFO] [1789383891.762130374] [amr_1.rh_node]: [amr_1] Adaptive Compute Mode switched to COMPUTE_MODE_NORMAL: SPATIAL_CONTENTION_RESOLVED (trigger: active_conflicts=0.00, thresh=0.00)
[cbba_node-53] [INFO] [1789383891.784883538] [amr_8.cbba_node]: [amr_8] CBBA consensus rate updated to 5.0 Hz (COMPUTE_MODE_NORMAL)
[rh_node-63] [INFO] [1789383891.786001821] [amr_8.rh_node]: [amr_8] Adaptive Compute Mode switched to COMPUTE_MODE_NORMAL: SPATIAL_CONTENTION_RESOLVED (trigger: active_conflicts=0.00, thresh=0.00)
[cbba_node-45] [INFO] [1789383891.908213766] [amr_0.cbba_node]: [amr_0] CBBA consensus rate updated to 5.0 Hz (COMPUTE_MODE_NORMAL)
[rh_node-55] [INFO] [1789383891.909888704] [amr_0.rh_node]: [amr_0] Adaptive Compute Mode switched to COMPUTE_MODE_NORMAL: SPATIAL_CONTENTION_RESOLVED (trigger: active_conflicts=0.00, thresh=0.00)
[cbba_node-52] [INFO] [1789383891.946287552] [amr_7.cbba_node]: [amr_7] CBBA consensus rate updated to 5.0 Hz (COMPUTE_MODE_NORMAL)
[cbba_node-50] [INFO] [1789383891.947122957] [amr_5.cbba_node]: [amr_5] CBBA consensus rate updated to 5.0 Hz (COMPUTE_MODE_NORMAL)
[rh_node-60] [INFO] [1789383891.949874920] [amr_5.rh_node]: [amr_5] Adaptive Compute Mode switched to COMPUTE_MODE_NORMAL: SPATIAL_CONTENTION_RESOLVED (trigger: active_conflicts=0.00, thresh=0.00)
[rh_node-62] [INFO] [1789383891.950589489] [amr_7.rh_node]: [amr_7] Adaptive Compute Mode switched to COMPUTE_MODE_NORMAL: SPATIAL_CONTENTION_RESOLVED (trigger: active_conflicts=0.00, thresh=0.00)
[rh_node-57] [INFO] [1789383892.088309729] [amr_2.rh_node]: [amr_2] Adaptive Compute Mode switched to COMPUTE_MODE_NORMAL: SPATIAL_CONTENTION_RESOLVED (trigger: active_conflicts=0.00, thresh=0.00)
[cbba_node-47] [INFO] [1789383892.088341447] [amr_2.cbba_node]: [amr_2] CBBA consensus rate updated to 5.0 Hz (COMPUTE_MODE_NORMAL)
[rh_node-61] [INFO] [1789383892.110279703] [amr_6.rh_node]: [amr_6] Adaptive Compute Mode switched to COMPUTE_MODE_NORMAL: SPATIAL_CONTENTION_RESOLVED (trigger: active_conflicts=0.00, thresh=0.00)
[cbba_node-51] [INFO] [1789383892.112766295] [amr_6.cbba_node]: [amr_6] CBBA consensus rate updated to 5.0 Hz (COMPUTE_MODE_NORMAL)
[rh_node-64] [INFO] [1789383892.161050478] [amr_9.rh_node]: [amr_9] Adaptive Compute Mode switched to COMPUTE_MODE_NORMAL: SPATIAL_CONTENTION_RESOLVED (trigger: active_conflicts=0.00, thresh=0.00)
[cbba_node-54] [INFO] [1789383892.161552968] [amr_9.cbba_node]: [amr_9] CBBA consensus rate updated to 5.0 Hz (COMPUTE_MODE_NORMAL)
[rh_node-55] [INFO] [1789383892.908374081] [amr_0.rh_node]: [amr_0] Completed task 'task_m9_v2_w30_0021'. Advancing to next task.
[task_manager-44] [INFO] [1789383892.910142520] [amr_task_manager]: Task 'task_m9_v2_w30_0021' transitioned to COMPLETED
[cbba_node-48] [INFO] [1789383909.168035353] [amr_3.cbba_node]: [amr_3] CBBA consensus rate updated to 10.0 Hz (COMPUTE_MODE_HIGH)
[rh_node-58] [INFO] [1789383909.168553129] [amr_3.rh_node]: [amr_3] Adaptive Compute Mode switched to COMPUTE_MODE_HIGH: SPACE_TIME_CONFLICTS_IN_LOCAL_WINDOW (trigger: active_conflicts=2.00, thresh=2.00)
[cbba_node-49] [INFO] [1789383909.233139142] [amr_4.cbba_node]: [amr_4] CBBA consensus rate updated to 10.0 Hz (COMPUTE_MODE_HIGH)
[rh_node-59] [INFO] [1789383909.233171979] [amr_4.rh_node]: [amr_4] Adaptive Compute Mode switched to COMPUTE_MODE_HIGH: SPACE_TIME_CONFLICTS_IN_LOCAL_WINDOW (trigger: active_conflicts=2.00, thresh=2.00)
[cbba_node-46] [INFO] [1789383909.267398178] [amr_1.cbba_node]: [amr_1] CBBA consensus rate updated to 10.0 Hz (COMPUTE_MODE_HIGH)
[rh_node-56] [INFO] [1789383909.269197164] [amr_1.rh_node]: [amr_1] Adaptive Compute Mode switched to COMPUTE_MODE_HIGH: SPACE_TIME_CONFLICTS_IN_LOCAL_WINDOW (trigger: active_conflicts=2.00, thresh=2.00)
[cbba_node-53] [INFO] [1789383909.296673529] [amr_8.cbba_node]: [amr_8] CBBA consensus rate updated to 10.0 Hz (COMPUTE_MODE_HIGH)
[rh_node-63] [INFO] [1789383909.297929043] [amr_8.rh_node]: [amr_8] Adaptive Compute Mode switched to COMPUTE_MODE_HIGH: SPACE_TIME_CONFLICTS_IN_LOCAL_WINDOW (trigger: active_conflicts=2.00, thresh=2.00)
[cbba_node-45] [INFO] [1789383909.411155631] [amr_0.cbba_node]: [amr_0] CBBA consensus rate updated to 10.0 Hz (COMPUTE_MODE_HIGH)
[rh_node-55] [INFO] [1789383909.412167600] [amr_0.rh_node]: [amr_0] Adaptive Compute Mode switched to COMPUTE_MODE_HIGH: SPACE_TIME_CONFLICTS_IN_LOCAL_WINDOW (trigger: active_conflicts=2.00, thresh=2.00)
[rh_node-60] [INFO] [1789383909.449896499] [amr_5.rh_node]: [amr_5] Adaptive Compute Mode switched to COMPUTE_MODE_HIGH: SPACE_TIME_CONFLICTS_IN_LOCAL_WINDOW (trigger: active_conflicts=2.00, thresh=2.00)
[cbba_node-50] [INFO] [1789383909.451892739] [amr_5.cbba_node]: [amr_5] CBBA consensus rate updated to 10.0 Hz (COMPUTE_MODE_HIGH)
[cbba_node-52] [INFO] [1789383909.452546170] [amr_7.cbba_node]: [amr_7] CBBA consensus rate updated to 10.0 Hz (COMPUTE_MODE_HIGH)
[rh_node-62] [INFO] [1789383909.452798855] [amr_7.rh_node]: [amr_7] Adaptive Compute Mode switched to COMPUTE_MODE_HIGH: SPACE_TIME_CONFLICTS_IN_LOCAL_WINDOW (trigger: active_conflicts=2.00, thresh=2.00)
[cbba_node-47] [INFO] [1789383909.590318834] [amr_2.cbba_node]: [amr_2] CBBA consensus rate updated to 10.0 Hz (COMPUTE_MODE_HIGH)
[rh_node-57] [INFO] [1789383909.591241765] [amr_2.rh_node]: [amr_2] Adaptive Compute Mode switched to COMPUTE_MODE_HIGH: SPACE_TIME_CONFLICTS_IN_LOCAL_WINDOW (trigger: active_conflicts=2.00, thresh=2.00)
[cbba_node-51] [INFO] [1789383909.613602451] [amr_6.cbba_node]: [amr_6] CBBA consensus rate updated to 10.0 Hz (COMPUTE_MODE_HIGH)
[rh_node-61] [INFO] [1789383909.616815672] [amr_6.rh_node]: [amr_6] Adaptive Compute Mode switched to COMPUTE_MODE_HIGH: SPACE_TIME_CONFLICTS_IN_LOCAL_WINDOW (trigger: active_conflicts=2.00, thresh=2.00)
[cbba_node-54] [INFO] [1789383909.662611541] [amr_9.cbba_node]: [amr_9] CBBA consensus rate updated to 10.0 Hz (COMPUTE_MODE_HIGH)
[rh_node-64] [INFO] [1789383909.663737400] [amr_9.rh_node]: [amr_9] Adaptive Compute Mode switched to COMPUTE_MODE_HIGH: SPACE_TIME_CONFLICTS_IN_LOCAL_WINDOW (trigger: active_conflicts=2.00, thresh=2.00)
[rh_node-58] [INFO] [1789383912.673932255] [amr_3.rh_node]: [amr_3] Adaptive Compute Mode switched to COMPUTE_MODE_NORMAL: SPATIAL_CONTENTION_RESOLVED (trigger: active_conflicts=0.00, thresh=0.00)
[cbba_node-48] [INFO] [1789383912.675740647] [amr_3.cbba_node]: [amr_3] CBBA consensus rate updated to 5.0 Hz (COMPUTE_MODE_NORMAL)
[rh_node-59] [INFO] [1789383912.736796941] [amr_4.rh_node]: [amr_4] Adaptive Compute Mode switched to COMPUTE_MODE_NORMAL: SPATIAL_CONTENTION_RESOLVED (trigger: active_conflicts=0.00, thresh=0.00)
[cbba_node-49] [INFO] [1789383912.737800783] [amr_4.cbba_node]: [amr_4] CBBA consensus rate updated to 5.0 Hz (COMPUTE_MODE_NORMAL)
[rh_node-56] [INFO] [1789383912.770249583] [amr_1.rh_node]: [amr_1] Adaptive Compute Mode switched to COMPUTE_MODE_NORMAL: SPATIAL_CONTENTION_RESOLVED (trigger: active_conflicts=0.00, thresh=0.00)
[cbba_node-46] [INFO] [1789383912.775785377] [amr_1.cbba_node]: [amr_1] CBBA consensus rate updated to 5.0 Hz (COMPUTE_MODE_NORMAL)
[rh_node-63] [INFO] [1789383912.801669060] [amr_8.rh_node]: [amr_8] Adaptive Compute Mode switched to COMPUTE_MODE_NORMAL: SPATIAL_CONTENTION_RESOLVED (trigger: active_conflicts=0.00, thresh=0.00)
[cbba_node-53] [INFO] [1789383912.804614189] [amr_8.cbba_node]: [amr_8] CBBA consensus rate updated to 5.0 Hz (COMPUTE_MODE_NORMAL)
[rh_node-55] [INFO] [1789383912.914615791] [amr_0.rh_node]: [amr_0] Adaptive Compute Mode switched to COMPUTE_MODE_NORMAL: SPATIAL_CONTENTION_RESOLVED (trigger: active_conflicts=0.00, thresh=0.00)
[cbba_node-45] [INFO] [1789383912.916295919] [amr_0.cbba_node]: [amr_0] CBBA consensus rate updated to 5.0 Hz (COMPUTE_MODE_NORMAL)
[rh_node-60] [INFO] [1789383912.951932049] [amr_5.rh_node]: [amr_5] Adaptive Compute Mode switched to COMPUTE_MODE_NORMAL: SPATIAL_CONTENTION_RESOLVED (trigger: active_conflicts=0.00, thresh=0.00)
[cbba_node-50] [INFO] [1789383912.955718773] [amr_5.cbba_node]: [amr_5] CBBA consensus rate updated to 5.0 Hz (COMPUTE_MODE_NORMAL)
[cbba_node-52] [INFO] [1789383912.959111671] [amr_7.cbba_node]: [amr_7] CBBA consensus rate updated to 5.0 Hz (COMPUTE_MODE_NORMAL)
[rh_node-62] [INFO] [1789383912.959662981] [amr_7.rh_node]: [amr_7] Adaptive Compute Mode switched to COMPUTE_MODE_NORMAL: SPATIAL_CONTENTION_RESOLVED (trigger: active_conflicts=0.00, thresh=0.00)
[cbba_node-47] [INFO] [1789383913.092206115] [amr_2.cbba_node]: [amr_2] CBBA consensus rate updated to 5.0 Hz (COMPUTE_MODE_NORMAL)
[rh_node-57] [INFO] [1789383913.092408603] [amr_2.rh_node]: [amr_2] Adaptive Compute Mode switched to COMPUTE_MODE_NORMAL: SPATIAL_CONTENTION_RESOLVED (trigger: active_conflicts=0.00, thresh=0.00)
[rh_node-61] [INFO] [1789383913.120884684] [amr_6.rh_node]: [amr_6] Adaptive Compute Mode switched to COMPUTE_MODE_NORMAL: SPATIAL_CONTENTION_RESOLVED (trigger: active_conflicts=0.00, thresh=0.00)
[cbba_node-51] [INFO] [1789383913.123009595] [amr_6.cbba_node]: [amr_6] CBBA consensus rate updated to 5.0 Hz (COMPUTE_MODE_NORMAL)
[rh_node-64] [INFO] [1789383913.165227721] [amr_9.rh_node]: [amr_9] Adaptive Compute Mode switched to COMPUTE_MODE_NORMAL: SPATIAL_CONTENTION_RESOLVED (trigger: active_conflicts=0.00, thresh=0.00)
[cbba_node-54] [INFO] [1789383913.166497215] [amr_9.cbba_node]: [amr_9] CBBA consensus rate updated to 5.0 Hz (COMPUTE_MODE_NORMAL)
[cbba_node-48] [INFO] [1789383932.174245848] [amr_3.cbba_node]: [amr_3] CBBA consensus rate updated to 10.0 Hz (COMPUTE_MODE_HIGH)
[rh_node-58] [INFO] [1789383932.174973296] [amr_3.rh_node]: [amr_3] Adaptive Compute Mode switched to COMPUTE_MODE_HIGH: SPACE_TIME_CONFLICTS_IN_LOCAL_WINDOW (trigger: active_conflicts=2.00, thresh=2.00)
[cbba_node-49] [INFO] [1789383932.238372458] [amr_4.cbba_node]: [amr_4] CBBA consensus rate updated to 10.0 Hz (COMPUTE_MODE_HIGH)
[rh_node-59] [INFO] [1789383932.238714661] [amr_4.rh_node]: [amr_4] Adaptive Compute Mode switched to COMPUTE_MODE_HIGH: SPACE_TIME_CONFLICTS_IN_LOCAL_WINDOW (trigger: active_conflicts=2.00, thresh=2.00)
[cbba_node-46] [INFO] [1789383932.273843240] [amr_1.cbba_node]: [amr_1] CBBA consensus rate updated to 10.0 Hz (COMPUTE_MODE_HIGH)
[rh_node-56] [INFO] [1789383932.275281239] [amr_1.rh_node]: [amr_1] Adaptive Compute Mode switched to COMPUTE_MODE_HIGH: SPACE_TIME_CONFLICTS_IN_LOCAL_WINDOW (trigger: active_conflicts=2.00, thresh=2.00)
[cbba_node-53] [INFO] [1789383932.305125240] [amr_8.cbba_node]: [amr_8] CBBA consensus rate updated to 10.0 Hz (COMPUTE_MODE_HIGH)
[rh_node-63] [INFO] [1789383932.305518721] [amr_8.rh_node]: [amr_8] Adaptive Compute Mode switched to COMPUTE_MODE_HIGH: SPACE_TIME_CONFLICTS_IN_LOCAL_WINDOW (trigger: active_conflicts=2.00, thresh=2.00)
[cbba_node-45] [INFO] [1789383932.420389524] [amr_0.cbba_node]: [amr_0] CBBA consensus rate updated to 10.0 Hz (COMPUTE_MODE_HIGH)
[rh_node-55] [INFO] [1789383932.420853491] [amr_0.rh_node]: [amr_0] Adaptive Compute Mode switched to COMPUTE_MODE_HIGH: SPACE_TIME_CONFLICTS_IN_LOCAL_WINDOW (trigger: active_conflicts=2.00, thresh=2.00)
[cbba_node-50] [INFO] [1789383932.454178720] [amr_5.cbba_node]: [amr_5] CBBA consensus rate updated to 10.0 Hz (COMPUTE_MODE_HIGH)
[rh_node-60] [INFO] [1789383932.461642845] [amr_5.rh_node]: [amr_5] Adaptive Compute Mode switched to COMPUTE_MODE_HIGH: SPACE_TIME_CONFLICTS_IN_LOCAL_WINDOW (trigger: active_conflicts=2.00, thresh=2.00)
[cbba_node-52] [INFO] [1789383932.469203247] [amr_7.cbba_node]: [amr_7] CBBA consensus rate updated to 10.0 Hz (COMPUTE_MODE_HIGH)
[rh_node-62] [INFO] [1789383932.471283969] [amr_7.rh_node]: [amr_7] Adaptive Compute Mode switched to COMPUTE_MODE_HIGH: SPACE_TIME_CONFLICTS_IN_LOCAL_WINDOW (trigger: active_conflicts=2.00, thresh=2.00)
[cbba_node-47] [INFO] [1789383932.594473047] [amr_2.cbba_node]: [amr_2] CBBA consensus rate updated to 10.0 Hz (COMPUTE_MODE_HIGH)
[rh_node-57] [INFO] [1789383932.595035487] [amr_2.rh_node]: [amr_2] Adaptive Compute Mode switched to COMPUTE_MODE_HIGH: SPACE_TIME_CONFLICTS_IN_LOCAL_WINDOW (trigger: active_conflicts=2.00, thresh=2.00)
[cbba_node-51] [INFO] [1789383932.621051891] [amr_6.cbba_node]: [amr_6] CBBA consensus rate updated to 10.0 Hz (COMPUTE_MODE_HIGH)
[rh_node-61] [INFO] [1789383932.621473080] [amr_6.rh_node]: [amr_6] Adaptive Compute Mode switched to COMPUTE_MODE_HIGH: SPACE_TIME_CONFLICTS_IN_LOCAL_WINDOW (trigger: active_conflicts=2.00, thresh=2.00)
[cbba_node-54] [INFO] [1789383932.666383476] [amr_9.cbba_node]: [amr_9] CBBA consensus rate updated to 10.0 Hz (COMPUTE_MODE_HIGH)
[rh_node-64] [INFO] [1789383932.666928601] [amr_9.rh_node]: [amr_9] Adaptive Compute Mode switched to COMPUTE_MODE_HIGH: SPACE_TIME_CONFLICTS_IN_LOCAL_WINDOW (trigger: active_conflicts=2.00, thresh=2.00)
[cbba_node-48] [INFO] [1789383935.679817509] [amr_3.cbba_node]: [amr_3] CBBA consensus rate updated to 5.0 Hz (COMPUTE_MODE_NORMAL)
[rh_node-58] [INFO] [1789383935.680002476] [amr_3.rh_node]: [amr_3] Adaptive Compute Mode switched to COMPUTE_MODE_NORMAL: SPATIAL_CONTENTION_RESOLVED (trigger: active_conflicts=0.00, thresh=0.00)
[rh_node-59] [INFO] [1789383935.744484001] [amr_4.rh_node]: [amr_4] Adaptive Compute Mode switched to COMPUTE_MODE_NORMAL: SPATIAL_CONTENTION_RESOLVED (trigger: active_conflicts=0.00, thresh=0.00)
[cbba_node-49] [INFO] [1789383935.745472980] [amr_4.cbba_node]: [amr_4] CBBA consensus rate updated to 5.0 Hz (COMPUTE_MODE_NORMAL)
[cbba_node-46] [INFO] [1789383935.776438262] [amr_1.cbba_node]: [amr_1] CBBA consensus rate updated to 5.0 Hz (COMPUTE_MODE_NORMAL)
[rh_node-56] [INFO] [1789383935.776871246] [amr_1.rh_node]: [amr_1] Adaptive Compute Mode switched to COMPUTE_MODE_NORMAL: SPATIAL_CONTENTION_RESOLVED (trigger: active_conflicts=0.00, thresh=0.00)
[cbba_node-53] [INFO] [1789383935.808657812] [amr_8.cbba_node]: [amr_8] CBBA consensus rate updated to 5.0 Hz (COMPUTE_MODE_NORMAL)
[rh_node-63] [INFO] [1789383935.808786024] [amr_8.rh_node]: [amr_8] Adaptive Compute Mode switched to COMPUTE_MODE_NORMAL: SPATIAL_CONTENTION_RESOLVED (trigger: active_conflicts=0.00, thresh=0.00)
[cbba_node-45] [INFO] [1789383935.923316001] [amr_0.cbba_node]: [amr_0] CBBA consensus rate updated to 5.0 Hz (COMPUTE_MODE_NORMAL)
[rh_node-55] [INFO] [1789383935.924605226] [amr_0.rh_node]: [amr_0] Adaptive Compute Mode switched to COMPUTE_MODE_NORMAL: SPATIAL_CONTENTION_RESOLVED (trigger: active_conflicts=0.00, thresh=0.00)
[rh_node-60] [INFO] [1789383935.956681240] [amr_5.rh_node]: [amr_5] Adaptive Compute Mode switched to COMPUTE_MODE_NORMAL: SPATIAL_CONTENTION_RESOLVED (trigger: active_conflicts=0.00, thresh=0.00)
[cbba_node-50] [INFO] [1789383935.957492471] [amr_5.cbba_node]: [amr_5] CBBA consensus rate updated to 5.0 Hz (COMPUTE_MODE_NORMAL)
[cbba_node-52] [INFO] [1789383935.974906575] [amr_7.cbba_node]: [amr_7] CBBA consensus rate updated to 5.0 Hz (COMPUTE_MODE_NORMAL)
[rh_node-62] [INFO] [1789383935.975698767] [amr_7.rh_node]: [amr_7] Adaptive Compute Mode switched to COMPUTE_MODE_NORMAL: SPATIAL_CONTENTION_RESOLVED (trigger: active_conflicts=0.00, thresh=0.00)
[cbba_node-47] [INFO] [1789383936.098761558] [amr_2.cbba_node]: [amr_2] CBBA consensus rate updated to 5.0 Hz (COMPUTE_MODE_NORMAL)
[rh_node-57] [INFO] [1789383936.099747378] [amr_2.rh_node]: [amr_2] Adaptive Compute Mode switched to COMPUTE_MODE_NORMAL: SPATIAL_CONTENTION_RESOLVED (trigger: active_conflicts=0.00, thresh=0.00)
[cbba_node-51] [INFO] [1789383936.124186600] [amr_6.cbba_node]: [amr_6] CBBA consensus rate updated to 5.0 Hz (COMPUTE_MODE_NORMAL)
[rh_node-61] [INFO] [1789383936.124193363] [amr_6.rh_node]: [amr_6] Adaptive Compute Mode switched to COMPUTE_MODE_NORMAL: SPATIAL_CONTENTION_RESOLVED (trigger: active_conflicts=0.00, thresh=0.00)
[rh_node-64] [INFO] [1789383936.169279798] [amr_9.rh_node]: [amr_9] Adaptive Compute Mode switched to COMPUTE_MODE_NORMAL: SPATIAL_CONTENTION_RESOLVED (trigger: active_conflicts=0.00, thresh=0.00)
[cbba_node-54] [INFO] [1789383936.170634974] [amr_9.cbba_node]: [amr_9] CBBA consensus rate updated to 5.0 Hz (COMPUTE_MODE_NORMAL)
