[INFO] [launch]: All log files can be found below /home/raghav/.ros/log/2026-09-15-01-33-34-634313-Raze-305648
[INFO] [launch]: Default logging verbosity is set to INFO
[INFO] [launch.user]: [FLEET] Spawning 1 robots into world "warehouse_m9_v2" (headless=True)
[INFO] [launch.user]: [M8B Fleet Bringup] Starting 1 CBBA nodes (bundle cap: 4, profile: NORMAL, compute_mode: ADAPTIVE)
[INFO] [launch.user]: [M8B Fleet Bringup] Starting 1 M8B RH nodes (compute_mode: ADAPTIVE, adaptive: True, h=10, w=4, replan_rate=2.0Hz)
[INFO] [gazebo-1]: process started with pid [305678]
[INFO] [parameter_bridge-2]: process started with pid [305679]
[INFO] [warehouse_visualizer-3]: process started with pid [305680]
[INFO] [task_manager-4]: process started with pid [305682]
[INFO] [cbba_node-5]: process started with pid [305683]
[INFO] [rh_node-6]: process started with pid [305684]
[parameter_bridge-2] [INFO] [1789416214.926480901] [clock_bridge]: Creating GZ->ROS Bridge: [/clock (gz.msgs.Clock) -> /clock (rosgraph_msgs/msg/Clock)] (Lazy 0)
[task_manager-4] [INFO] [1789416215.211563398] [amr_task_manager]: Loaded 1 tasks from workload: /home/raghav/SIH26123AMR/config/workloads/workload_1_tasks_m9_v3_a_smoke.yaml
[warehouse_visualizer-3] [INFO] [1789416215.241547932] [warehouse_visualizer]: WarehouseVisualizerNode started with config: /home/raghav/SIH26123AMR/config/maps/warehouse_m9_v2.yaml. Publishing to /warehouse_markers.
[task_manager-4] [INFO] [1789416215.243281039] [amr_task_manager]: Task Manager Node initialized.
[rh_node-6] [INFO] [1789416215.248723668] [amr_0.rh_node]: [amr_0] Loaded custom grid from /home/raghav/SIH26123AMR/config/maps/warehouse_m9_v2.yaml (64x64)
[cbba_node-5] [INFO] [1789416215.263299461] [amr_0.cbba_node]: CBBA Node initialized for amr_0 (bundle cap: 4)
[rh_node-6] [INFO] [1789416215.288677877] [amr_0.rh_node]: Rolling-Horizon Planner initialized for amr_0 (h=10, w=4, heuristic=PRIORITY_FIRST)
[cbba_node-5] [INFO] [1789416216.852948581] [amr_0.cbba_node]: Committed task task_smoke_0 assignment to amr_0
[task_manager-4] [INFO] [1789416216.853004475] [amr_task_manager]: Task 'task_smoke_0' transitioned to ASSIGNED
[INFO] [robot_state_publisher-7]: process started with pid [305769]
[INFO] [create-8]: process started with pid [305770]
[INFO] [parameter_bridge-9]: process started with pid [305771]
[INFO] [static_transform_publisher-10]: process started with pid [305772]
[static_transform_publisher-10] [INFO] [1789416216.979566873] [amr_0_map_to_odom]: Spinning until stopped - publishing transform
[static_transform_publisher-10] translation: ('1.500000', '4.500000', '0.000000')
[static_transform_publisher-10] rotation: ('0.000000', '0.000000', '0.000000', '1.000000')
[static_transform_publisher-10] from 'map' to 'amr_0/odom'
[create-8] [INFO] [1789416216.993283844] [amr_0_spawner]: Waiting messages on topic [amr_0/robot_description].
[parameter_bridge-9] [INFO] [1789416216.998071970] [amr_0_bridge]: Creating ROS->GZ Bridge: [/amr_0/cmd_vel (geometry_msgs/msg/Twist) -> /amr_0/cmd_vel (gz.msgs.Twist)] (Lazy 0)
[parameter_bridge-9] [INFO] [1789416216.999451934] [amr_0_bridge]: Creating GZ->ROS Bridge: [/amr_0/odom (gz.msgs.Odometry) -> /amr_0/odom (nav_msgs/msg/Odometry)] (Lazy 0)
[parameter_bridge-9] [INFO] [1789416217.000574344] [amr_0_bridge]: Creating GZ->ROS Bridge: [/amr_0/scan (gz.msgs.LaserScan) -> /amr_0/scan (sensor_msgs/msg/LaserScan)] (Lazy 0)
[parameter_bridge-9] [INFO] [1789416217.001598007] [amr_0_bridge]: Creating GZ->ROS Bridge: [/amr_0/tf (gz.msgs.Pose_V) -> /amr_0/tf (tf2_msgs/msg/TFMessage)] (Lazy 0)
[parameter_bridge-9] [INFO] [1789416217.002563222] [amr_0_bridge]: Creating GZ->ROS Bridge: [/amr_0/joint_states (gz.msgs.Model) -> /amr_0/joint_states (sensor_msgs/msg/JointState)] (Lazy 0)
[robot_state_publisher-7] [INFO] [1789416217.005090990] [amr_0.robot_state_publisher]: Robot initialized
[create-8] [INFO] [1789416217.206994475] [amr_0_spawner]: Entity creation successful.
[gazebo-1] [1;33mWarning [Utils.cc:132][0m [/sdf/model[@name="amr"]/link[@name="amr_0/base_footprint"]/sensor[@name="amr_0_lidar"]/gz_frame_id:<urdf-string>:L0]: XML Element[gz_frame_id], child of element[sensor], not defined in SDF. Copying[gz_frame_id] as children of [sensor].
[parameter_bridge-9] [INFO] [1789416217.276760997] [amr_0_bridge]: Passing message from ROS geometry_msgs/msg/Twist to Gazebo gz.msgs.Twist (showing msg only once per type)
[rh_node-6] [INFO] [1789416217.288642009] [amr_0.rh_node]: [amr_0] Reached pickup for task 'task_smoke_0'. Moving to dropoff.
[task_manager-4] [INFO] [1789416217.289614620] [amr_task_manager]: Task 'task_smoke_0' transitioned to IN_PROGRESS
[INFO] [create-8]: process has finished cleanly [pid 305770]
[task_manager-4] [INFO] [1789416217.419181644] [amr_task_manager]: Mission clock anchored at t=1789416217.42s
[task_manager-4] [INFO] [1789416217.419800354] [amr_task_manager]: Mission clock anchored at t=1789416217.42s
[rh_node-6] [INFO] [1789416227.709926397] [amr_0.rh_node]: [amr_0] Aisle blockage 'blockage_aisle_1_south' applied: 12 cells added as obstacles.
[rh_node-6] [INFO] [1789416227.710552952] [amr_0.rh_node]: [amr_0] Active path intersects dynamic blockage 'blockage_aisle_1_south'. Invalidating cached path and replanning diversion.
[rh_node-6] [INFO] [1789416242.740422016] [amr_0.rh_node]: [amr_0] Aisle blockage 'blockage_aisle_1_south' cleared: 12 cells restored to traversable.
[gazebo-1] [1;31m[Err] [UserCommands.cc:1120] [0m[1;31mEntity named [[0m[1;31mdynamic_aisle_blocker[0m[1;31m] of type [[0m[1;31m2[0m[1;31m] not found, so not removed.[0m[1;31m[0m
