[INFO] [launch]: All log files can be found below /home/raghav/.ros/log/2026-09-15-01-28-55-517891-Raze-305085
[INFO] [launch]: Default logging verbosity is set to INFO
[INFO] [launch.user]: [FLEET] Spawning 1 robots into world "warehouse_m9_v2" (headless=True)
[INFO] [launch.user]: [M8B Fleet Bringup] Starting 1 CBBA nodes (bundle cap: 4, profile: NORMAL, compute_mode: ADAPTIVE)
[INFO] [launch.user]: [M8B Fleet Bringup] Starting 1 M8B RH nodes (compute_mode: ADAPTIVE, adaptive: True, h=10, w=4, replan_rate=2.0Hz)
[INFO] [gazebo-1]: process started with pid [305115]
[INFO] [parameter_bridge-2]: process started with pid [305116]
[INFO] [warehouse_visualizer-3]: process started with pid [305117]
[INFO] [task_manager-4]: process started with pid [305119]
[INFO] [cbba_node-5]: process started with pid [305120]
[INFO] [rh_node-6]: process started with pid [305121]
[parameter_bridge-2] [INFO] [1789415935.812637506] [clock_bridge]: Creating GZ->ROS Bridge: [/clock (gz.msgs.Clock) -> /clock (rosgraph_msgs/msg/Clock)] (Lazy 0)
[warehouse_visualizer-3] [INFO] [1789415936.118260541] [warehouse_visualizer]: WarehouseVisualizerNode started with config: /home/raghav/Downloads/NRDAS_Antigravity_Project_Starter/antigravity_amr_project/config/maps/warehouse_m9_v2.yaml. Publishing to /warehouse_markers.
[rh_node-6] [INFO] [1789415936.130607869] [amr_0.rh_node]: [amr_0] Loaded custom grid from /home/raghav/Downloads/NRDAS_Antigravity_Project_Starter/antigravity_amr_project/config/maps/warehouse_m9_v2.yaml (64x64)
[task_manager-4] [INFO] [1789415936.130998425] [amr_task_manager]: Loaded 1 tasks from workload: /home/raghav/Downloads/NRDAS_Antigravity_Project_Starter/antigravity_amr_project/config/workloads/workload_1_tasks_m9_v3_a_smoke.yaml
[task_manager-4] [INFO] [1789415936.162217418] [amr_task_manager]: Task Manager Node initialized.
[cbba_node-5] [INFO] [1789415936.169150499] [amr_0.cbba_node]: CBBA Node initialized for amr_0 (bundle cap: 4)
[rh_node-6] [INFO] [1789415936.170766824] [amr_0.rh_node]: Rolling-Horizon Planner initialized for amr_0 (h=10, w=4, heuristic=PRIORITY_FIRST)
[cbba_node-5] [INFO] [1789415937.757073916] [amr_0.cbba_node]: Committed task task_smoke_0 assignment to amr_0
[task_manager-4] [INFO] [1789415937.757352112] [amr_task_manager]: Task 'task_smoke_0' transitioned to ASSIGNED
[INFO] [robot_state_publisher-7]: process started with pid [305208]
[INFO] [create-8]: process started with pid [305209]
[INFO] [parameter_bridge-9]: process started with pid [305210]
[INFO] [static_transform_publisher-10]: process started with pid [305211]
[static_transform_publisher-10] [INFO] [1789415937.874199407] [amr_0_map_to_odom]: Spinning until stopped - publishing transform
[static_transform_publisher-10] translation: ('1.500000', '4.500000', '0.000000')
[static_transform_publisher-10] rotation: ('0.000000', '0.000000', '0.000000', '1.000000')
[static_transform_publisher-10] from 'map' to 'amr_0/odom'
[robot_state_publisher-7] [INFO] [1789415937.875231477] [amr_0.robot_state_publisher]: Robot initialized
[create-8] [INFO] [1789415937.882879082] [amr_0_spawner]: Waiting messages on topic [amr_0/robot_description].
[parameter_bridge-9] [INFO] [1789415937.888354228] [amr_0_bridge]: Creating ROS->GZ Bridge: [/amr_0/cmd_vel (geometry_msgs/msg/Twist) -> /amr_0/cmd_vel (gz.msgs.Twist)] (Lazy 0)
[parameter_bridge-9] [INFO] [1789415937.889623795] [amr_0_bridge]: Creating GZ->ROS Bridge: [/amr_0/odom (gz.msgs.Odometry) -> /amr_0/odom (nav_msgs/msg/Odometry)] (Lazy 0)
[parameter_bridge-9] [INFO] [1789415937.890612848] [amr_0_bridge]: Creating GZ->ROS Bridge: [/amr_0/scan (gz.msgs.LaserScan) -> /amr_0/scan (sensor_msgs/msg/LaserScan)] (Lazy 0)
[parameter_bridge-9] [INFO] [1789415937.891517143] [amr_0_bridge]: Creating GZ->ROS Bridge: [/amr_0/tf (gz.msgs.Pose_V) -> /amr_0/tf (tf2_msgs/msg/TFMessage)] (Lazy 0)
[parameter_bridge-9] [INFO] [1789415937.892380671] [amr_0_bridge]: Creating GZ->ROS Bridge: [/amr_0/joint_states (gz.msgs.Model) -> /amr_0/joint_states (sensor_msgs/msg/JointState)] (Lazy 0)
[create-8] [INFO] [1789415938.883041672] [amr_0_spawner]: Waiting messages on topic [amr_0/robot_description].
[create-8] [INFO] [1789415939.150431985] [amr_0_spawner]: Entity creation successful.
[gazebo-1] [1;33mWarning [Utils.cc:132][0m [/sdf/model[@name="amr"]/link[@name="amr_0/base_footprint"]/sensor[@name="amr_0_lidar"]/gz_frame_id:<urdf-string>:L0]: XML Element[gz_frame_id], child of element[sensor], not defined in SDF. Copying[gz_frame_id] as children of [sensor].
[task_manager-4] [INFO] [1789415939.362768514] [amr_task_manager]: Mission clock anchored at t=1789415939.36s
[task_manager-4] [INFO] [1789415939.363408186] [amr_task_manager]: Mission clock anchored at t=1789415939.36s
[INFO] [create-8]: process has finished cleanly [pid 305209]
[parameter_bridge-9] [INFO] [1789415939.809826042] [amr_0_bridge]: Passing message from ROS geometry_msgs/msg/Twist to Gazebo gz.msgs.Twist (showing msg only once per type)
[rh_node-6] [INFO] [1789415949.928932400] [amr_0.rh_node]: [amr_0] Aisle blockage 'blockage_aisle_1_south' applied: 12 cells added as obstacles.
[rh_node-6] [INFO] [1789415964.700522643] [amr_0.rh_node]: [amr_0] Aisle blockage 'blockage_aisle_1_south' cleared: 12 cells restored to traversable.
[gazebo-1] [1;31m[Err] [UserCommands.cc:1120] [0m[1;31mEntity named [[0m[1;31mdynamic_aisle_blocker[0m[1;31m] of type [[0m[1;31m2[0m[1;31m] not found, so not removed.[0m[1;31m[0m
